******************************************************************************
            TI ARM Clang Linker PC v5.1.1                      
******************************************************************************
>> Linked Tue Jun 30 18:22:39 2026

OUTPUT FILE NAME:   <gpio_toggle_output.out>
ENTRY POINT SYMBOL: "_c_int00_noargs"  address: 00004d81


MEMORY CONFIGURATION

         name            origin    length      used     unused   attr    fill
----------------------  --------  ---------  --------  --------  ----  --------
  FLASH                 00000000   00020000  00005640  0001a9c0  R  X
  SRAM                  20200000   00008000  00000632  000079ce  RW X
  BCR_CONFIG            41c00000   000000ff  00000000  000000ff  R   
  BSL_CONFIG            41c00100   00000080  00000000  00000080  R   


SEGMENT ALLOCATION MAP

run origin  load origin   length   init length attrs members
----------  ----------- ---------- ----------- ----- -------
00000000    00000000    00005640   00005640    r-x
  00000000    00000000    000000c0   000000c0    r-- .intvecs
  000000c0    000000c0    00005020   00005020    r-x .text
  000050e0    000050e0    00000530   00000530    r-- .rodata
  00005610    00005610    00000030   00000030    r-- .cinit
20200000    20200000    00000434   00000000    rw-
  20200000    20200000    0000042e   00000000    rw- .bss
  20200430    20200430    00000004   00000000    rw- .data
20207e00    20207e00    00000200   00000000    rw-
  20207e00    20207e00    00000200   00000000    rw- .stack


SECTION ALLOCATION MAP

 output                                  attributes/
section   page    origin      length       input sections
--------  ----  ----------  ----------   ----------------
.intvecs   0    00000000    000000c0     
                  00000000    000000c0     startup_mspm0g350x_ticlang.o (.intvecs)

.text      0    000000c0    00005020     
                  000000c0    00000c88     libc.a : _scanfi.c.obj (.text.__TI_scanfi)
                  00000d48    000008dc            : _printfi.c.obj (.text:__TI_printfi_nofloat)
                  00001624    000006cc     app_car_control.o (.text.app_car_control_process_command)
                  00001cf0    000003b0     libc.a : strtod.c.obj (.text.strtod)
                  000020a0    00000350            : strtof.c.obj (.text.strtof)
                  000023f0    00000310     app_car_control.o (.text.app_car_control_update)
                  00002700    000002dc     libc.a : divdf3_fast.c.obj (.text.__divdf3_fast)
                  000029dc    000001dc            : strtoll.c.obj (.text.strtoll)
                  00002bb8    000001d8            : muldf3_fast.c.obj (.text.__muldf3_fast)
                  00002d90    000001c8     app_car_control.o (.text.app_car_control_send_telemetry)
                  00002f58    000001c8     app_car_control.o (.text.send_status)
                  00003120    00000192     libclang_rt.builtins.a : adddf3.S.obj (.text)
                  000032b2    00000002     startup_mspm0g350x_ticlang.o (.text.Default_Handler)
                  000032b4    00000168     libc.a : strtoull.c.obj (.text.strtoull)
                  0000341c    00000144            : strtol.c.obj (.text.strtol)
                  00003560    0000012c            : strtoul.c.obj (.text.strtoul)
                  0000368c    00000114     hw_uart.o (.text.uart_debug_read_line)
                  000037a0    00000104     driverlib.a : dl_timer.o (.text.DL_Timer_initFourCCPWMMode)
                  000038a4    000000ec     gpio_toggle_output.o (.text.main)
                  00003990    000000dc     libc.a : s_scalbn.c.obj (.text.scalbn)
                  00003a6c    000000d8     libclang_rt.builtins.a : addsf3.S.obj (.text)
                  00003b44    000000c4     app_car_control.o (.text.set_motor_duty)
                  00003c08    000000bc     libc.a : s_scalbnf.c.obj (.text.scalbnf)
                  00003cc4    000000ac     ti_msp_dl_config.o (.text.SYSCFG_DL_GPIO_init)
                  00003d70    000000a4     mid_pid.o (.text.pid_calc)
                  00003e14    000000a2     libclang_rt.builtins.a : udivmoddi4.S.obj (.text)
                  00003eb6    0000009a     libc.a : memcpy16.S.obj (.text:memcpy)
                  00003f50    00000094     ti_msp_dl_config.o (.text.SYSCFG_DL_PWM_MOTORS_init)
                  00003fe4    00000094     hw_encoder.o (.text.encoder_handle_gpio_irq)
                  00004078    0000008c     gpio_toggle_output.o (.text.SysTick_Handler)
                  00004104    0000008c     libclang_rt.builtins.a : comparesf2.S.obj (.text)
                  00004190    0000008c                            : mulsf3.S.obj (.text)
                  0000421c    00000004     libsysbm.a : hostexit.c.obj (.text.HOSTexit)
                  00004220    00000088     libc.a : strcmp-armv6m.S.obj (.text:strcmp)
                  000042a8    00000082     libclang_rt.builtins.a : divsf3.S.obj (.text)
                  0000432a    00000002                            : aeabi_div0.c.obj (.text.__aeabi_idiv0)
                  0000432c    0000007c     ti_msp_dl_config.o (.text.SYSCFG_DL_UART_DEBUG_init)
                  000043a8    0000007c     libc.a : copy_decompress_lzss.c.obj (.text:decompress:lzss)
                  00004424    00000074     libclang_rt.builtins.a : comparedf2.c.obj (.text.__gedf2)
                  00004498    00000074     libc.a : sscanf.c.obj (.text._chkmbc)
                  0000450c    00000004            : pre_init.c.obj (.text._system_pre_init)
                  00004510    00000074     libclang_rt.builtins.a : truncdfsf2.S.obj (.text)
                  00004584    00000070     hw_uart.o (.text.uart_debug_handle_irq)
                  000045f4    00000068     libclang_rt.builtins.a : comparedf2.c.obj (.text.__ledf2)
                  0000465c    00000062     libc.a : memset16.S.obj (.text:memset)
                  000046be    00000002     libclang_rt.builtins.a : aeabi_div0.c.obj (.text.__aeabi_ldiv0)
                  000046c0    00000060     bsp_tb6612.o (.text.BO_Control)
                  00004720    00000060     app_car_control.o (.text.app_car_control_init)
                  00004780    0000005a     libclang_rt.builtins.a : aeabi_dcmp.S.obj (.text)
                  000047da    00000002     --HOLE-- [fill = 0]
                  000047dc    0000005a                            : aeabi_fcmp.S.obj (.text)
                  00004836    00000002     --HOLE-- [fill = 0]
                  00004838    00000058     bsp_tb6612.o (.text.AO_Control)
                  00004890    00000054     bsp_tb6612.o (.text.TB6612_Init)
                  000048e4    0000004c     hw_uart.o (.text.uart_debug_service_tx)
                  00004930    0000004c     hw_uart.o (.text.uart_debug_write_string)
                  0000497c    00000048     driverlib.a : dl_uart.o (.text.DL_UART_init)
                  000049c4    00000048     bsp_tb6612.o (.text.TB6612_Motor_Stop)
                  00004a0c    00000048     hw_encoder.o (.text.encoder_init)
                  00004a54    00000048     libc.a : snprintf.c.obj (.text.snprintf)
                  00004a9c    00000044     app_car_control.o (.text.app_car_control_send_heartbeat)
                  00004ae0    00000044     libc.a : atoi.c.obj (.text.atoi)
                  00004b24    00000040     ti_msp_dl_config.o (.text.SYSCFG_DL_SYSCTL_init)
                  00004b64    00000040     ti_msp_dl_config.o (.text.SYSCFG_DL_initPower)
                  00004ba4    00000040     libclang_rt.builtins.a : aeabi_uidivmod.S.obj (.text)
                  00004be4    0000003c     libc.a : autoinit.c.obj (.text:__TI_auto_init_nobinit_nopinit)
                  00004c20    0000003a     libclang_rt.builtins.a : muldsi3.S.obj (.text)
                  00004c5a    00000002     --HOLE-- [fill = 0]
                  00004c5c    00000038                            : fixsfsi.S.obj (.text)
                  00004c94    00000032     libc.a : snprintf.c.obj (.text._outs)
                  00004cc6    00000002     --HOLE-- [fill = 0]
                  00004cc8    00000032     libclang_rt.builtins.a : fixunssfsi.S.obj (.text)
                  00004cfa    00000002     --HOLE-- [fill = 0]
                  00004cfc    00000030     libc.a : sscanf.c.obj (.text.sscanf)
                  00004d2c    0000002c     app_car_control.o (.text.send_unknown_command)
                  00004d58    00000028     hw_uart.o (.text.uart_debug_init)
                  00004d80    00000028     libc.a : boot_cortex_m.c.obj (.text:_c_int00_noargs)
                  00004da8    00000028     libclang_rt.builtins.a : floatunsisf.S.obj (.text)
                  00004dd0    00000024     ti_msp_dl_config.o (.text.SYSCFG_DL_init)
                  00004df4    00000024     libclang_rt.builtins.a : muldi3.S.obj (.text)
                  00004e18    00000022     libc.a : memccpy.c.obj (.text.memccpy)
                  00004e3a    00000022     app_car_control.o (.text.strlen)
                  00004e5c    0000001e     libclang_rt.builtins.a : ashldi3.S.obj (.text)
                  00004e7a    00000002     --HOLE-- [fill = 0]
                  00004e7c    0000001c     driverlib.a : dl_timer.o (.text.DL_Timer_setCaptCompUpdateMethod)
                  00004e98    0000001c                 : dl_timer.o (.text.DL_Timer_setClockConfig)
                  00004eb4    0000001c                 : dl_uart.o (.text.DL_UART_receiveDataCheck)
                  00004ed0    0000001c                 : dl_uart.o (.text.DL_UART_transmitDataCheck)
                  00004eec    0000001a     libclang_rt.builtins.a : aeabi_memset.S.obj (.text)
                  00004f06    00000002     --HOLE-- [fill = 0]
                  00004f08    00000018     driverlib.a : dl_timer.o (.text.DL_Timer_setCaptureCompareOutCtl)
                  00004f20    00000018     libc.a : snprintf.c.obj (.text._outc)
                  00004f38    00000018     hw_encoder.o (.text.encoder_get_counts)
                  00004f50    00000018     hw_encoder.o (.text.encoder_reset)
                  00004f68    00000018     mid_pid.o (.text.pid_init)
                  00004f80    00000014     libc.a : sscanf.c.obj (.text._inpchar)
                  00004f94    00000014     libclang_rt.builtins.a : aeabi_uldivmod.S.obj (.text)
                  00004fa8    00000012     driverlib.a : dl_uart.o (.text.DL_UART_setClockConfig)
                  00004fba    00000012     libc.a : copy_decompress_none.c.obj (.text:decompress:none)
                  00004fcc    00000010     driverlib.a : dl_timer.o (.text.DL_Timer_setCaptureCompareValue)
                  00004fdc    00000010     app_car_control.o (.text.app_car_control_toggle_status_led)
                  00004fec    00000010     libc.a : wcslen.c.obj (.text.wcslen)
                  00004ffc    00000010            : copy_zero_init.c.obj (.text:decompress:ZI)
                  0000500c    0000000e            : _printfi.c.obj (.text.strlen)
                  0000501a    0000000c     mid_pid.o (.text.pid_reset)
                  00005026    00000002     --HOLE-- [fill = 0]
                  00005028    0000000c     hw_uart.o (.text.uart_debug_get_rx_dropped_bytes)
                  00005034    0000000c     hw_uart.o (.text.uart_debug_get_tx_dropped_bytes)
                  00005040    0000000a     driverlib.a : dl_common.o (.text.DL_Common_delayCycles)
                  0000504a    0000000a     libc.a : _scanfi.c.obj (.text.OUTLINED_FUNCTION_0)
                  00005054    00000008     gpio_toggle_output.o (.text.GROUP1_IRQHandler)
                  0000505c    00000008     libc.a : strtod.c.obj (.text.OUTLINED_FUNCTION_0)
                  00005064    00000008            : strtof.c.obj (.text.OUTLINED_FUNCTION_0)
                  0000506c    00000008            : _scanfi.c.obj (.text.OUTLINED_FUNCTION_1)
                  00005074    00000008            : strtod.c.obj (.text.OUTLINED_FUNCTION_1)
                  0000507c    00000010     libclang_rt.builtins.a : aeabi_dcmp.S.obj (.tramp.__aeabi_dcmpeq.1)
                  0000508c    00000008     libc.a : _scanfi.c.obj (.text.OUTLINED_FUNCTION_2)
                  00005094    00000008     gpio_toggle_output.o (.text.UART0_IRQHandler)
                  0000509c    00000008     libclang_rt.builtins.a : aeabi_ddiv.c.obj (.text.__aeabi_ddiv_fast)
                  000050a4    00000008                            : aeabi_dmul.c.obj (.text.__aeabi_dmul_fast)
                  000050ac    00000008     libc.a : aeabi_portable.c.obj (.text.__aeabi_errno_addr)
                  000050b4    00000008            : sscanf.c.obj (.text._uninpchar)
                  000050bc    00000008     libclang_rt.builtins.a : aeabi_memcpy.S.obj (.text)
                  000050c4    00000006     libc.a : _scanfi.c.obj (.text.OUTLINED_FUNCTION_3)
                  000050ca    00000006            : _scanfi.c.obj (.text.OUTLINED_FUNCTION_4)
                  000050d0    00000006            : exit.c.obj (.text:abort)
                  000050d6    00000004     startup_mspm0g350x_ticlang.o (.text.Reset_Handler)
                  000050da    00000006     --HOLE-- [fill = 0]

.cinit     0    00005610    00000030     
                  00005610    0000000c     (__TI_handler_table)
                  0000561c    00000008     (.cinit..bss.load) [load image, compression = zero_init]
                  00005624    00000007     (.cinit..data.load) [load image, compression = lzss]
                  0000562b    00000001     --HOLE-- [fill = 0]
                  0000562c    00000010     (__TI_cinit_table)
                  0000563c    00000004     --HOLE-- [fill = 0]

.rodata    0    000050e0    00000530     
                  000050e0    00000101     libc.a : aeabi_ctype.S.obj (.rodata:__aeabi_ctype_table_)
                  000051e1    00000007            : _scanfi.c.obj (.rodata._sproc_int.flit)
                  000051e8    00000080            : strtod.c.obj (.rodata.digits)
                  00005268    00000077     app_car_control.o (.rodata.str1.11820653816532915241.1)
                  000052df    00000058     app_car_control.o (.rodata.str1.11272716704398869594.1)
                  00005337    0000004f     app_car_control.o (.rodata.str1.5964142759088803818.1)
                  00005386    00000002     ti_msp_dl_config.o (.rodata.gUART_DEBUGClockConfig)
                  00005388    00000048     libc.a : strtod.c.obj (.rodata.powerof10)
                  000053d0    00000042     app_car_control.o (.rodata.str1.5259596890075649042.1)
                  00005412    00000002     --HOLE-- [fill = 0]
                  00005414    00000040     libc.a : strtof.c.obj (.rodata.digits)
                  00005454    0000001b     app_car_control.o (.rodata.str1.1822894261428252022.1)
                  0000546f    0000001b     app_car_control.o (.rodata.str1.26950527303777515.1)
                  0000548a    00000002     --HOLE-- [fill = 0]
                  0000548c    00000018     libc.a : strtof.c.obj (.rodata.powerof10)
                  000054a4    00000017     app_car_control.o (.rodata.str1.18415326926820213635.1)
                  000054bb    00000016     app_car_control.o (.rodata.str1.14718060586108094866.1)
                  000054d1    00000014     app_car_control.o (.rodata.str1.10785656375763943663.1)
                  000054e5    00000012     app_car_control.o (.rodata.str1.14175076128169481003.1)
                  000054f7    00000012     hw_uart.o (.rodata.str1.2093199925178161188.1)
                  00005509    00000011     libc.a : _printfi.c.obj (.rodata.str1.10348868589481759720.1)
                  0000551a    00000011            : _printfi.c.obj (.rodata.str1.15363888844622738466.1)
                  0000552b    0000000d     app_car_control.o (.rodata.str1.12234416300867838885.1)
                  00005538    0000000d     app_car_control.o (.rodata.str1.4874208870431229975.1)
                  00005545    0000000d     app_car_control.o (.rodata.str1.8458072553269070646.1)
                  00005552    0000000c     app_car_control.o (.rodata.str1.13032410439314695910.1)
                  0000555e    0000000c     app_car_control.o (.rodata.str1.13457320192366762034.1)
                  0000556a    0000000c     app_car_control.o (.rodata.str1.16566837512891204500.1)
                  00005576    0000000c     app_car_control.o (.rodata.str1.8744075128382595577.1)
                  00005582    0000000a     ti_msp_dl_config.o (.rodata.gUART_DEBUGConfig)
                  0000558c    0000000a     app_car_control.o (.rodata.str1.14880763104044842744.1)
                  00005596    0000000a     app_car_control.o (.rodata.str1.15166278393745209195.1)
                  000055a0    0000000a     app_car_control.o (.rodata.str1.1972896047161163948.1)
                  000055aa    0000000a     app_car_control.o (.rodata.str1.9984945524575007645.1)
                  000055b4    00000009     app_car_control.o (.rodata.str1.12633054847172960412.1)
                  000055bd    00000009     libc.a : _scanfi.c.obj (.rodata.str1.12964984209033246150.1)
                  000055c6    00000009     app_car_control.o (.rodata.str1.8898464879457977813.1)
                  000055cf    00000001     --HOLE-- [fill = 0]
                  000055d0    00000008     ti_msp_dl_config.o (.rodata.gPWM_MOTORSConfig)
                  000055d8    00000008     app_car_control.o (.rodata.str1.15872741239078135150.1)
                  000055e0    00000007     app_car_control.o (.rodata.str1.14501594903016426906.1)
                  000055e7    00000006     libc.a : _scanfi.c.obj (.rodata._sproc_int.barr)
                  000055ed    00000006     app_car_control.o (.rodata.str1.2882403439750828858.1)
                  000055f3    00000005     app_car_control.o (.rodata.str1.10986280395233754576.1)
                  000055f8    00000005     app_car_control.o (.rodata.str1.8401931975872996981.1)
                  000055fd    00000004     app_car_control.o (.rodata.str1.12484813675258476528.1)
                  00005601    00000004     libc.a : _scanfi.c.obj (.rodata.str1.3403580589742030990.1)
                  00005605    00000004     app_car_control.o (.rodata.str1.9822639397776744045.1)
                  00005609    00000003     ti_msp_dl_config.o (.rodata.gPWM_MOTORSClockConfig)
                  0000560c    00000004     --HOLE-- [fill = 0]

.init_array 
*          0    00000000    00000000     UNINITIALIZED

.binit     0    00000000    00000000     

.bss       0    20200000    0000042e     UNINITIALIZED
                  20200000    00000200     hw_uart.o (.bss.gUartTxBuffer)
                  20200200    000000bc     (.common:gPWM_MOTORSBackup)
                  202002bc    00000080     hw_uart.o (.bss.gUartRxBuffer)
                  2020033c    00000040     hw_uart.o (.bss.uart_debug_read_line.rxLine)
                  2020037c    00000024     app_car_control.o (.bss.gLeftSpeedPid)
                  202003a0    00000024     app_car_control.o (.bss.gRightSpeedPid)
                  202003c4    00000004     app_car_control.o (.bss.gFilteredLeftSpeed)
                  202003c8    00000004     app_car_control.o (.bss.gFilteredRightSpeed)
                  202003cc    00000004     app_car_control.o (.bss.gLastLeftDelta)
                  202003d0    00000004     app_car_control.o (.bss.gLastLeftOutput)
                  202003d4    00000004     app_car_control.o (.bss.gLastPidError)
                  202003d8    00000004     app_car_control.o (.bss.gLastRightDelta)
                  202003dc    00000004     app_car_control.o (.bss.gLastRightOutput)
                  202003e0    00000004     app_car_control.o (.bss.gLastUpdateMs)
                  202003e4    00000004     hw_encoder.o (.bss.gLeftEncoderCount)
                  202003e8    00000004     app_car_control.o (.bss.gManualLeftDutyPercent)
                  202003ec    00000004     app_car_control.o (.bss.gManualPulseStopMs)
                  202003f0    00000004     app_car_control.o (.bss.gManualRightDutyPercent)
                  202003f4    00000004     app_car_control.o (.bss.gPreviousLeftCount)
                  202003f8    00000004     app_car_control.o (.bss.gPreviousRightCount)
                  202003fc    00000004     hw_encoder.o (.bss.gRightEncoderCount)
                  20200400    00000004     app_car_control.o (.bss.gSpeedTargetCounts)
                  20200404    00000004     gpio_toggle_output.o (.bss.gSysTickMs)
                  20200408    00000004     app_car_control.o (.bss.gTargetManualLeftDutyPercent)
                  2020040c    00000004     app_car_control.o (.bss.gTargetManualRightDutyPercent)
                  20200410    00000004     app_car_control.o (.bss.gTargetSpeedCounts)
                  20200414    00000004     hw_uart.o (.bss.gUartRxDroppedBytes)
                  20200418    00000004     hw_uart.o (.bss.gUartTxDroppedBytes)
                  2020041c    00000004     hw_uart.o (.bss.uart_debug_read_line.rxIndex)
                  20200420    00000002     hw_uart.o (.bss.gUartRxHead)
                  20200422    00000002     hw_uart.o (.bss.gUartRxTail)
                  20200424    00000002     hw_uart.o (.bss.gUartTxHead)
                  20200426    00000002     hw_uart.o (.bss.gUartTxTail)
                  20200428    00000001     gpio_toggle_output.o (.bss.gControlUpdatePending)
                  20200429    00000001     gpio_toggle_output.o (.bss.gHeartbeatUpdatePending)
                  2020042a    00000001     app_car_control.o (.bss.gManualMotorMode)
                  2020042b    00000001     gpio_toggle_output.o (.bss.gStatusLedUpdatePending)
                  2020042c    00000001     app_car_control.o (.bss.gTelemetryEnabled)
                  2020042d    00000001     gpio_toggle_output.o (.bss.gTelemetryUpdatePending)

.data      0    20200430    00000004     UNINITIALIZED
                  20200430    00000004     libc.a : aeabi_portable.c.obj (.data.__aeabi_errno)

.stack     0    20207e00    00000200     UNINITIALIZED
                  20207e00    00000004     libc.a : boot_cortex_m.c.obj (.stack)
                  20207e04    000001fc     --HOLE--

__llvm_prf_cnts 
*          0    20200000    00000000     UNINITIALIZED

__llvm_prf_bits 
*          0    20200000    00000000     UNINITIALIZED

MODULE SUMMARY

       Module                         code    ro data   rw data
       ------                         ----    -------   -------
    .\
       app_car_control.o              3890    673       142    
       hw_uart.o                      604     18        724    
       ti_msp_dl_config.o             608     23        188    
       gpio_toggle_output.o           392     0         8      
       bsp_tb6612.o                   340     0         0      
       hw_encoder.o                   268     0         8      
       mid_pid.o                      200     0         0      
       startup_mspm0g350x_ticlang.o   6       192       0      
    +--+------------------------------+-------+---------+---------+
       Total:                         6308    906       1070   
                                                               
    C:/TI/mspm0_sdk_2_10_00_04/source/ti/driverlib/lib/ticlang/m0p/mspm0g1x0x_g3x0x/driverlib.a
       dl_timer.o                     356     0         0      
       dl_uart.o                      146     0         0      
       dl_common.o                    10      0         0      
    +--+------------------------------+-------+---------+---------+
       Total:                         512     0         0      
                                                               
    F:\yingyong\ccs\ccs\tools\compiler\ti-cgt-armllvm_5.1.1.LTS\lib\armv6m-ti-none-eabi/c/libc.a
       _scanfi.c.obj                  3246    26        0      
       _printfi.c.obj                 2282    34        0      
       strtod.c.obj                   960     200       0      
       strtof.c.obj                   856     88        0      
       divdf3_fast.c.obj              732     0         0      
       strtoll.c.obj                  476     0         0      
       muldf3_fast.c.obj              472     0         0      
       strtoull.c.obj                 360     0         0      
       strtol.c.obj                   324     0         0      
       strtoul.c.obj                  300     0         0      
       aeabi_ctype.S.obj              0       257       0      
       s_scalbn.c.obj                 220     0         0      
       sscanf.c.obj                   192     0         0      
       s_scalbnf.c.obj                188     0         0      
       memcpy16.S.obj                 154     0         0      
       snprintf.c.obj                 146     0         0      
       strcmp-armv6m.S.obj            136     0         0      
       copy_decompress_lzss.c.obj     124     0         0      
       memset16.S.obj                 98      0         0      
       atoi.c.obj                     68      0         0      
       autoinit.c.obj                 60      0         0      
       boot_cortex_m.c.obj            40      0         0      
       memccpy.c.obj                  34      0         0      
       copy_decompress_none.c.obj     18      0         0      
       copy_zero_init.c.obj           16      0         0      
       wcslen.c.obj                   16      0         0      
       aeabi_portable.c.obj           8       0         4      
       exit.c.obj                     6       0         0      
       pre_init.c.obj                 4       0         0      
    +--+------------------------------+-------+---------+---------+
       Total:                         11536   605       4      
                                                               
    F:\yingyong\ccs\ccs\tools\compiler\ti-cgt-armllvm_5.1.1.LTS\lib\armv6m-ti-none-eabi/c/libsysbm.a
       hostexit.c.obj                 4       0         0      
    +--+------------------------------+-------+---------+---------+
       Total:                         4       0         0      
                                                               
    F:\yingyong\ccs\ccs\tools\compiler\ti-cgt-armllvm_5.1.1.LTS\lib\armv6m-ti-none-eabi/libclang_rt.builtins.a
       adddf3.S.obj                   402     0         0      
       comparedf2.c.obj               220     0         0      
       addsf3.S.obj                   216     0         0      
       udivmoddi4.S.obj               162     0         0      
       comparesf2.S.obj               140     0         0      
       mulsf3.S.obj                   140     0         0      
       divsf3.S.obj                   130     0         0      
       truncdfsf2.S.obj               116     0         0      
       aeabi_dcmp.S.obj               106     0         0      
       aeabi_fcmp.S.obj               90      0         0      
       aeabi_uidivmod.S.obj           64      0         0      
       muldsi3.S.obj                  58      0         0      
       fixsfsi.S.obj                  56      0         0      
       fixunssfsi.S.obj               50      0         0      
       floatunsisf.S.obj              40      0         0      
       muldi3.S.obj                   36      0         0      
       ashldi3.S.obj                  30      0         0      
       aeabi_memset.S.obj             26      0         0      
       aeabi_uldivmod.S.obj           20      0         0      
       aeabi_ddiv.c.obj               8       0         0      
       aeabi_dmul.c.obj               8       0         0      
       aeabi_memcpy.S.obj             8       0         0      
       aeabi_div0.c.obj               4       0         0      
    +--+------------------------------+-------+---------+---------+
       Total:                         2130    0         0      
                                                               
       Stack:                         0       0         512    
       Linker Generated:              0       43        0      
    +--+------------------------------+-------+---------+---------+
       Grand Total:                   20490   1554      1586   


LINKER GENERATED COPY TABLES

__TI_cinit_table @ 0000562c records: 2, size/record: 8, table size: 16
	.bss: load addr=0000561c, load size=00000008 bytes, run addr=20200000, run size=0000042e bytes, compression=zero_init
	.data: load addr=00005624, load size=00000007 bytes, run addr=20200430, run size=00000004 bytes, compression=lzss


LINKER GENERATED HANDLER TABLE

__TI_handler_table @ 00005610 records: 3, size/record: 4, table size: 12
	index: 0, handler: __TI_decompress_lzss
	index: 1, handler: __TI_decompress_none
	index: 2, handler: __TI_zero_init


FAR CALL TRAMPOLINES

callee name               trampoline name
   callee addr  tramp addr   call addr  call info
--------------  -----------  ---------  ----------------
__aeabi_dcmpeq            $Tramp$TT$L$PI$$__aeabi_dcmpeq
   00004781     0000507c     0000507a   libc.a : strtod.c.obj (.text.OUTLINED_FUNCTION_1)

[1 trampolines]
[1 trampoline calls]


GLOBAL SYMBOLS: SORTED ALPHABETICALLY BY Name 

address   name                             
-------   ----                             
000032b3  ADC0_IRQHandler                  
000032b3  ADC1_IRQHandler                  
000032b3  AES_IRQHandler                   
00004839  AO_Control                       
000046c1  BO_Control                       
0000421c  C$$EXIT                          
000032b3  CANFD0_IRQHandler                
000032b3  DAC0_IRQHandler                  
00005041  DL_Common_delayCycles            
000037a1  DL_Timer_initFourCCPWMMode       
00004e7d  DL_Timer_setCaptCompUpdateMethod 
00004f09  DL_Timer_setCaptureCompareOutCtl 
00004fcd  DL_Timer_setCaptureCompareValue  
00004e99  DL_Timer_setClockConfig          
0000497d  DL_UART_init                     
00004eb5  DL_UART_receiveDataCheck         
00004fa9  DL_UART_setClockConfig           
00004ed1  DL_UART_transmitDataCheck        
000032b3  DMA_IRQHandler                   
000032b3  Default_Handler                  
000032b3  GROUP0_IRQHandler                
00005055  GROUP1_IRQHandler                
0000421d  HOSTexit                         
000032b3  HardFault_Handler                
000032b3  I2C0_IRQHandler                  
000032b3  I2C1_IRQHandler                  
000032b3  NMI_Handler                      
000032b3  PendSV_Handler                   
000032b3  RTC_IRQHandler                   
000050d7  Reset_Handler                    
000032b3  SPI0_IRQHandler                  
000032b3  SPI1_IRQHandler                  
000032b3  SVC_Handler                      
00003cc5  SYSCFG_DL_GPIO_init              
00003f51  SYSCFG_DL_PWM_MOTORS_init        
00004b25  SYSCFG_DL_SYSCTL_init            
0000432d  SYSCFG_DL_UART_DEBUG_init        
00004dd1  SYSCFG_DL_init                   
00004b65  SYSCFG_DL_initPower              
00004079  SysTick_Handler                  
00004891  TB6612_Init                      
000049c5  TB6612_Motor_Stop                
000032b3  TIMA0_IRQHandler                 
000032b3  TIMA1_IRQHandler                 
000032b3  TIMG0_IRQHandler                 
000032b3  TIMG12_IRQHandler                
000032b3  TIMG6_IRQHandler                 
000032b3  TIMG7_IRQHandler                 
000032b3  TIMG8_IRQHandler                 
00005095  UART0_IRQHandler                 
000032b3  UART1_IRQHandler                 
000032b3  UART2_IRQHandler                 
000032b3  UART3_IRQHandler                 
20208000  __STACK_END                      
00000200  __STACK_SIZE                     
00000000  __TI_ATRegion0_region_sz         
00000000  __TI_ATRegion0_src_addr          
00000000  __TI_ATRegion0_trg_addr          
00000000  __TI_ATRegion1_region_sz         
00000000  __TI_ATRegion1_src_addr          
00000000  __TI_ATRegion1_trg_addr          
00000000  __TI_ATRegion2_region_sz         
00000000  __TI_ATRegion2_src_addr          
00000000  __TI_ATRegion2_trg_addr          
0000562c  __TI_CINIT_Base                  
0000563c  __TI_CINIT_Limit                 
0000563c  __TI_CINIT_Warm                  
00005610  __TI_Handler_Table_Base          
0000561c  __TI_Handler_Table_Limit         
00004be5  __TI_auto_init_nobinit_nopinit   
000043a9  __TI_decompress_lzss             
00004fbb  __TI_decompress_none             
ffffffff  __TI_pprof_out_hndl              
00000d49  __TI_printfi_nofloat             
ffffffff  __TI_prof_data_size              
ffffffff  __TI_prof_data_start             
000000c1  __TI_scanfi                      
00000000  __TI_static_base__               
00004ffd  __TI_zero_init                   
0000312b  __adddf3                         
00003a77  __addsf3                         
000050e0  __aeabi_ctype_table_             
000050e0  __aeabi_ctype_table_C            
00004511  __aeabi_d2f                      
0000312b  __aeabi_dadd                     
00004781  __aeabi_dcmpeq                   
000047b7  __aeabi_dcmpge                   
000047c9  __aeabi_dcmpgt                   
000047a5  __aeabi_dcmple                   
00004793  __aeabi_dcmplt                   
0000509d  __aeabi_ddiv_fast                
000050a5  __aeabi_dmul_fast                
00003121  __aeabi_dsub                     
20200430  __aeabi_errno                    
000050ad  __aeabi_errno_addr               
00004c5d  __aeabi_f2iz                     
00004cc9  __aeabi_f2uiz                    
00003a77  __aeabi_fadd                     
000047dd  __aeabi_fcmpeq                   
00004813  __aeabi_fcmpge                   
00004825  __aeabi_fcmpgt                   
00004801  __aeabi_fcmple                   
000047ef  __aeabi_fcmplt                   
0000417b  __aeabi_fcmpun                   
000042a9  __aeabi_fdiv                     
00004191  __aeabi_fmul                     
00003a6d  __aeabi_fsub                     
0000432b  __aeabi_idiv0                    
000046bf  __aeabi_ldiv0                    
00004e5d  __aeabi_llsl                     
00004df5  __aeabi_lmul                     
00004efb  __aeabi_memclr                   
00004efb  __aeabi_memclr4                  
00004efb  __aeabi_memclr8                  
000050bd  __aeabi_memcpy                   
000050bd  __aeabi_memcpy4                  
000050bd  __aeabi_memcpy8                  
00004eed  __aeabi_memset                   
00004eed  __aeabi_memset4                  
00004eed  __aeabi_memset8                  
00004da9  __aeabi_ui2f                     
00004ba5  __aeabi_uidiv                    
00004ba5  __aeabi_uidivmod                 
00004f95  __aeabi_uldivmod                 
00004e5d  __ashldi3                        
ffffffff  __binit__                        
000045f5  __cmpdf2                         
00004105  __cmpsf2                         
00002701  __divdf3_fast                    
000042a9  __divsf3                         
000045f5  __eqdf2                          
00004105  __eqsf2                          
00004c5d  __fixsfsi                        
00004cc9  __fixunssfsi                     
00004da9  __floatunsisf                    
00004425  __gedf2                          
0000413f  __gesf2                          
00004425  __gtdf2                          
0000413f  __gtsf2                          
000045f5  __ledf2                          
00004105  __lesf2                          
000045f5  __ltdf2                          
00004105  __ltsf2                          
UNDEFED   __mpu_init                       
00002bb9  __muldf3_fast                    
00004df5  __muldi3                         
00004c21  __muldsi3                        
00004191  __mulsf3                         
000045f5  __nedf2                          
00004105  __nesf2                          
20207e00  __stack                          
20200000  __start___llvm_prf_bits          
20200000  __start___llvm_prf_cnts          
20200000  __stop___llvm_prf_bits           
20200000  __stop___llvm_prf_cnts           
00003121  __subdf3                         
00003a6d  __subsf3                         
00004511  __truncdfsf2                     
00003e15  __udivmoddi4                     
0000417b  __unordsf2                       
00004d81  _c_int00_noargs                  
UNDEFED   _system_post_cinit               
0000450d  _system_pre_init                 
000050d1  abort                            
00004721  app_car_control_init             
00001625  app_car_control_process_command  
00004a9d  app_car_control_send_heartbeat   
00002d91  app_car_control_send_telemetry   
00004fdd  app_car_control_toggle_status_led
000023f1  app_car_control_update           
00004ae1  atoi                             
ffffffff  binit                            
00004f39  encoder_get_counts               
00003fe5  encoder_handle_gpio_irq          
00004a0d  encoder_init                     
00004f51  encoder_reset                    
20200200  gPWM_MOTORSBackup                
00000000  interruptVectors                 
00003991  ldexp                            
00003c09  ldexpf                           
00003991  ldexpl                           
000038a5  main                             
00004e19  memccpy                          
00003eb7  memcpy                           
0000465d  memset                           
00003d71  pid_calc                         
00004f69  pid_init                         
0000501b  pid_reset                        
00003991  scalbn                           
00003c09  scalbnf                          
00003991  scalbnl                          
00004a55  snprintf                         
00004cfd  sscanf                           
00004221  strcmp                           
00001cf1  strtod                           
000020a1  strtof                           
0000341d  strtol                           
00001cf1  strtold                          
000029dd  strtoll                          
00003561  strtoul                          
000032b5  strtoull                         
00005029  uart_debug_get_rx_dropped_bytes  
00005035  uart_debug_get_tx_dropped_bytes  
00004585  uart_debug_handle_irq            
00004d59  uart_debug_init                  
0000368d  uart_debug_read_line             
000048e5  uart_debug_service_tx            
00004931  uart_debug_write_string          
00004fed  wcslen                           


GLOBAL SYMBOLS: SORTED BY Symbol Address 

address   name                             
-------   ----                             
00000000  __TI_ATRegion0_region_sz         
00000000  __TI_ATRegion0_src_addr          
00000000  __TI_ATRegion0_trg_addr          
00000000  __TI_ATRegion1_region_sz         
00000000  __TI_ATRegion1_src_addr          
00000000  __TI_ATRegion1_trg_addr          
00000000  __TI_ATRegion2_region_sz         
00000000  __TI_ATRegion2_src_addr          
00000000  __TI_ATRegion2_trg_addr          
00000000  __TI_static_base__               
00000000  interruptVectors                 
000000c1  __TI_scanfi                      
00000200  __STACK_SIZE                     
00000d49  __TI_printfi_nofloat             
00001625  app_car_control_process_command  
00001cf1  strtod                           
00001cf1  strtold                          
000020a1  strtof                           
000023f1  app_car_control_update           
00002701  __divdf3_fast                    
000029dd  strtoll                          
00002bb9  __muldf3_fast                    
00002d91  app_car_control_send_telemetry   
00003121  __aeabi_dsub                     
00003121  __subdf3                         
0000312b  __adddf3                         
0000312b  __aeabi_dadd                     
000032b3  ADC0_IRQHandler                  
000032b3  ADC1_IRQHandler                  
000032b3  AES_IRQHandler                   
000032b3  CANFD0_IRQHandler                
000032b3  DAC0_IRQHandler                  
000032b3  DMA_IRQHandler                   
000032b3  Default_Handler                  
000032b3  GROUP0_IRQHandler                
000032b3  HardFault_Handler                
000032b3  I2C0_IRQHandler                  
000032b3  I2C1_IRQHandler                  
000032b3  NMI_Handler                      
000032b3  PendSV_Handler                   
000032b3  RTC_IRQHandler                   
000032b3  SPI0_IRQHandler                  
000032b3  SPI1_IRQHandler                  
000032b3  SVC_Handler                      
000032b3  TIMA0_IRQHandler                 
000032b3  TIMA1_IRQHandler                 
000032b3  TIMG0_IRQHandler                 
000032b3  TIMG12_IRQHandler                
000032b3  TIMG6_IRQHandler                 
000032b3  TIMG7_IRQHandler                 
000032b3  TIMG8_IRQHandler                 
000032b3  UART1_IRQHandler                 
000032b3  UART2_IRQHandler                 
000032b3  UART3_IRQHandler                 
000032b5  strtoull                         
0000341d  strtol                           
00003561  strtoul                          
0000368d  uart_debug_read_line             
000037a1  DL_Timer_initFourCCPWMMode       
000038a5  main                             
00003991  ldexp                            
00003991  ldexpl                           
00003991  scalbn                           
00003991  scalbnl                          
00003a6d  __aeabi_fsub                     
00003a6d  __subsf3                         
00003a77  __addsf3                         
00003a77  __aeabi_fadd                     
00003c09  ldexpf                           
00003c09  scalbnf                          
00003cc5  SYSCFG_DL_GPIO_init              
00003d71  pid_calc                         
00003e15  __udivmoddi4                     
00003eb7  memcpy                           
00003f51  SYSCFG_DL_PWM_MOTORS_init        
00003fe5  encoder_handle_gpio_irq          
00004079  SysTick_Handler                  
00004105  __cmpsf2                         
00004105  __eqsf2                          
00004105  __lesf2                          
00004105  __ltsf2                          
00004105  __nesf2                          
0000413f  __gesf2                          
0000413f  __gtsf2                          
0000417b  __aeabi_fcmpun                   
0000417b  __unordsf2                       
00004191  __aeabi_fmul                     
00004191  __mulsf3                         
0000421c  C$$EXIT                          
0000421d  HOSTexit                         
00004221  strcmp                           
000042a9  __aeabi_fdiv                     
000042a9  __divsf3                         
0000432b  __aeabi_idiv0                    
0000432d  SYSCFG_DL_UART_DEBUG_init        
000043a9  __TI_decompress_lzss             
00004425  __gedf2                          
00004425  __gtdf2                          
0000450d  _system_pre_init                 
00004511  __aeabi_d2f                      
00004511  __truncdfsf2                     
00004585  uart_debug_handle_irq            
000045f5  __cmpdf2                         
000045f5  __eqdf2                          
000045f5  __ledf2                          
000045f5  __ltdf2                          
000045f5  __nedf2                          
0000465d  memset                           
000046bf  __aeabi_ldiv0                    
000046c1  BO_Control                       
00004721  app_car_control_init             
00004781  __aeabi_dcmpeq                   
00004793  __aeabi_dcmplt                   
000047a5  __aeabi_dcmple                   
000047b7  __aeabi_dcmpge                   
000047c9  __aeabi_dcmpgt                   
000047dd  __aeabi_fcmpeq                   
000047ef  __aeabi_fcmplt                   
00004801  __aeabi_fcmple                   
00004813  __aeabi_fcmpge                   
00004825  __aeabi_fcmpgt                   
00004839  AO_Control                       
00004891  TB6612_Init                      
000048e5  uart_debug_service_tx            
00004931  uart_debug_write_string          
0000497d  DL_UART_init                     
000049c5  TB6612_Motor_Stop                
00004a0d  encoder_init                     
00004a55  snprintf                         
00004a9d  app_car_control_send_heartbeat   
00004ae1  atoi                             
00004b25  SYSCFG_DL_SYSCTL_init            
00004b65  SYSCFG_DL_initPower              
00004ba5  __aeabi_uidiv                    
00004ba5  __aeabi_uidivmod                 
00004be5  __TI_auto_init_nobinit_nopinit   
00004c21  __muldsi3                        
00004c5d  __aeabi_f2iz                     
00004c5d  __fixsfsi                        
00004cc9  __aeabi_f2uiz                    
00004cc9  __fixunssfsi                     
00004cfd  sscanf                           
00004d59  uart_debug_init                  
00004d81  _c_int00_noargs                  
00004da9  __aeabi_ui2f                     
00004da9  __floatunsisf                    
00004dd1  SYSCFG_DL_init                   
00004df5  __aeabi_lmul                     
00004df5  __muldi3                         
00004e19  memccpy                          
00004e5d  __aeabi_llsl                     
00004e5d  __ashldi3                        
00004e7d  DL_Timer_setCaptCompUpdateMethod 
00004e99  DL_Timer_setClockConfig          
00004eb5  DL_UART_receiveDataCheck         
00004ed1  DL_UART_transmitDataCheck        
00004eed  __aeabi_memset                   
00004eed  __aeabi_memset4                  
00004eed  __aeabi_memset8                  
00004efb  __aeabi_memclr                   
00004efb  __aeabi_memclr4                  
00004efb  __aeabi_memclr8                  
00004f09  DL_Timer_setCaptureCompareOutCtl 
00004f39  encoder_get_counts               
00004f51  encoder_reset                    
00004f69  pid_init                         
00004f95  __aeabi_uldivmod                 
00004fa9  DL_UART_setClockConfig           
00004fbb  __TI_decompress_none             
00004fcd  DL_Timer_setCaptureCompareValue  
00004fdd  app_car_control_toggle_status_led
00004fed  wcslen                           
00004ffd  __TI_zero_init                   
0000501b  pid_reset                        
00005029  uart_debug_get_rx_dropped_bytes  
00005035  uart_debug_get_tx_dropped_bytes  
00005041  DL_Common_delayCycles            
00005055  GROUP1_IRQHandler                
00005095  UART0_IRQHandler                 
0000509d  __aeabi_ddiv_fast                
000050a5  __aeabi_dmul_fast                
000050ad  __aeabi_errno_addr               
000050bd  __aeabi_memcpy                   
000050bd  __aeabi_memcpy4                  
000050bd  __aeabi_memcpy8                  
000050d1  abort                            
000050d7  Reset_Handler                    
000050e0  __aeabi_ctype_table_             
000050e0  __aeabi_ctype_table_C            
00005610  __TI_Handler_Table_Base          
0000561c  __TI_Handler_Table_Limit         
0000562c  __TI_CINIT_Base                  
0000563c  __TI_CINIT_Limit                 
0000563c  __TI_CINIT_Warm                  
20200000  __start___llvm_prf_bits          
20200000  __start___llvm_prf_cnts          
20200000  __stop___llvm_prf_bits           
20200000  __stop___llvm_prf_cnts           
20200200  gPWM_MOTORSBackup                
20200430  __aeabi_errno                    
20207e00  __stack                          
20208000  __STACK_END                      
ffffffff  __TI_pprof_out_hndl              
ffffffff  __TI_prof_data_size              
ffffffff  __TI_prof_data_start             
ffffffff  __binit__                        
ffffffff  binit                            
UNDEFED   __mpu_init                       
UNDEFED   _system_post_cinit               

[209 symbols]
