******************************************************************************
            TI ARM Clang Linker PC v5.1.1                      
******************************************************************************
>> Linked Sat Jul 11 20:12:13 2026

OUTPUT FILE NAME:   <gpio_toggle_output.out>
ENTRY POINT SYMBOL: "_c_int00_noargs"  address: 0000e531


MEMORY CONFIGURATION

         name            origin    length      used     unused   attr    fill
----------------------  --------  ---------  --------  --------  ----  --------
  FLASH                 00000000   00020000  000132e8  0000cd18  R  X
  SRAM                  20200000   00008000  000035bd  00004a43  RW X
  BCR_CONFIG            41c00000   000000ff  00000000  000000ff  R   
  BSL_CONFIG            41c00100   00000080  00000000  00000080  R   


SEGMENT ALLOCATION MAP

run origin  load origin   length   init length attrs members
----------  ----------- ---------- ----------- ----- -------
00000000    00000000    000132e8   000132e8    r-x
  00000000    00000000    000000c0   000000c0    r-- .intvecs
  000000c0    000000c0    0000e9c0   0000e9c0    r-x .text
  0000ea80    0000ea80    00004830   00004830    r-- .rodata
  000132b0    000132b0    00000038   00000038    r-- .cinit
20200000    20200000    000033c0   00000000    rw-
  20200000    20200000    000033b1   00000000    rw- .bss
  202033b4    202033b4    0000000c   00000000    rw- .data
20207e00    20207e00    00000200   00000000    rw-
  20207e00    20207e00    00000200   00000000    rw- .stack


SECTION ALLOCATION MAP

 output                                  attributes/
section   page    origin      length       input sections
--------  ----  ----------  ----------   ----------------
.intvecs   0    00000000    000000c0     
                  00000000    000000c0     startup_mspm0g350x_ticlang.o (.intvecs)

.text      0    000000c0    0000e9c0     
                  000000c0    00000cfc     app_image_store.o (.text.app_image_store_process_command)
                  00000dbc    00000c88     libc.a : _scanfi.c.obj (.text.__TI_scanfi)
                  00001a44    00000b04     app_attitude.o (.text.app_attitude_send)
                  00002548    000008dc     libc.a : _printfi.c.obj (.text:__TI_printfi_nofloat)
                  00002e24    00000704     app_car_control.o (.text.app_car_control_process_command)
                  00003528    00000678     libc.a : k_rem_pio2.c.obj (.text.__kernel_rem_pio2)
                  00003ba0    0000061c     app_image_store.o (.text.start_image_write)
                  000041bc    00000610     app_image_store.o (.text.app_image_store_service)
                  000047cc    000005f4     app_car_control.o (.text.app_car_control_update)
                  00004dc0    000004f4     hw_w25q64.o (.text.w25q64_read_jedec_id_probe)
                  000052b4    00000468     hw_w25q64.o (.text.w25q64_read_jedec_id)
                  0000571c    0000043c     app_menu.o (.text.render_menu)
                  00005b58    00000424     app_menu.o (.text.app_menu_update)
                  00005f7c    000003f0     app_motion_control.o (.text.motion_control_parse_command)
                  0000636c    000003b0     libc.a : strtod.c.obj (.text.strtod)
                  0000671c    0000039c     hw_w25q64.o (.text.w25q64_write)
                  00006ab8    00000380     hw_lcd.o (.text.LCD_ShowString)
                  00006e38    00000354     hw_w25q64.o (.text.w25q64_send_address)
                  0000718c    00000350     libc.a : strtof.c.obj (.text.strtof)
                  000074dc    00000328     hw_lcd.o (.text.lcd_init)
                  00007804    0000031c     app_attitude.o (.text.app_attitude_process_command)
                  00007b20    000002dc     libc.a : divdf3_fast.c.obj (.text.__divdf3_fast)
                  00007dfc    000002cc     app_motion_control.o (.text.motion_control_update)
                  000080c8    000002c8     hw_w25q64.o (.text.w25q64_init)
                  00008390    000002ac     bsp_jy61.o (.text.jy61_probe_baudrate)
                  0000863c    000002ac     hw_lcd.o (.text.lcd_service)
                  000088e8    0000026c     hw_w25q64.o (.text.w25q64_read)
                  00008b54    00000268     app_car_control.o (.text.app_car_control_send_telemetry)
                  00008dbc    00000228     app_car_control.o (.text.update_lturn)
                  00008fe4    00000208     hw_w25q64.o (.text.w25q64_erase_sector)
                  000091ec    00000208     hw_w25q64.o (.text.w25q64_wait_ready)
                  000093f4    000001f4     main.o (.text.main)
                  000095e8    000001e0     app_image_store.o (.text.rewrite_index_entries)
                  000097c8    000001dc     libc.a : strtoll.c.obj (.text.strtoll)
                  000099a4    000001d8            : muldf3_fast.c.obj (.text.__muldf3_fast)
                  00009b7c    000001d8            : s_cosf.c.obj (.text.cosf)
                  00009d54    000001cc            : s_sinf.c.obj (.text.sinf)
                  00009f20    000001c8            : s_atanf.c.obj (.text.atanf)
                  0000a0e8    000001c8     app_car_control.o (.text.send_status)
                  0000a2b0    000001b0     app_image_store.o (.text.app_image_store_get_file_count)
                  0000a460    00000192     libclang_rt.builtins.a : adddf3.S.obj (.text)
                  0000a5f2    00000002     startup_mspm0g350x_ticlang.o (.text.Default_Handler)
                  0000a5f4    0000017c     app_image_store.o (.text.ensure_index)
                  0000a770    00000174     libc.a : e_sqrt.c.obj (.text.sqrt)
                  0000a8e4    00000168            : strtoull.c.obj (.text.strtoull)
                  0000aa4c    00000164     app_image_store.o (.text.delete_image_id)
                  0000abb0    00000160     libc.a : e_asinf.c.obj (.text.asinf)
                  0000ad10    0000015c     bsp_jy61.o (.text.process_byte)
                  0000ae6c    00000148     libc.a : s_floor.c.obj (.text.floor)
                  0000afb4    00000144     app_attitude.o (.text.send_jy61_status)
                  0000b0f8    00000144     libc.a : strtol.c.obj (.text.strtol)
                  0000b23c    00000138     bsp_jy61.o (.text.jy61_set_baudrate)
                  0000b374    00000134     hw_uart.o (.text.uart_debug_read_line)
                  0000b4a8    0000012c     libc.a : strtoul.c.obj (.text.strtoul)
                  0000b5d4    00000120     app_image_store.o (.text.display_image)
                  0000b6f4    00000118     libc.a : e_atan2f.c.obj (.text.atan2f)
                  0000b80c    00000108     app_car_control.o (.text.set_motor_duty)
                  0000b914    00000104     driverlib.a : dl_timer.o (.text.DL_Timer_initFourCCPWMMode)
                  0000ba18    00000100     bsp_jy61.o (.text.jy61_configure_output)
                  0000bb18    000000f8     ti_msp_dl_config.o (.text.SYSCFG_DL_GPIO_init)
                  0000bc10    000000e4     app_image_store.o (.text.app_image_store_get_file_by_index)
                  0000bcf4    000000dc     libc.a : s_scalbn.c.obj (.text.scalbn)
                  0000bdd0    000000d8     main.o (.text.SysTick_Handler)
                  0000bea8    000000d8     hw_openmv_uart.o (.text.uart_openmv_write_string)
                  0000bf80    000000d8     libclang_rt.builtins.a : addsf3.S.obj (.text)
                  0000c058    000000c4     bsp_jy61.o (.text.jy61_read_debug)
                  0000c11c    000000bc     libc.a : s_scalbnf.c.obj (.text.scalbnf)
                  0000c1d8    000000b0     bsp_jy61.o (.text.jy61_init)
                  0000c288    000000ac     libc.a : s_cosf.c.obj (.text.__kernel_sindf)
                  0000c334    000000ac            : s_sinf.c.obj (.text.__kernel_sindf)
                  0000c3e0    000000ac     hw_lcd.o (.text.lcd_address_set_sync)
                  0000c48c    000000a8     app_image_store.o (.text.show_image_id)
                  0000c534    000000a4     mid_pid.o (.text.pid_calc)
                  0000c5d8    000000a4     hw_openmv_uart.o (.text.uart_openmv_read_line)
                  0000c67c    000000a2     libclang_rt.builtins.a : udivmoddi4.S.obj (.text)
                  0000c71e    00000002                            : aeabi_div0.c.obj (.text.__aeabi_idiv0)
                  0000c720    000000a0     bsp_jy61.o (.text.jy61_zero_yaw)
                  0000c7c0    0000009c     libc.a : s_cosf.c.obj (.text.__kernel_cosdf)
                  0000c85c    0000009c            : s_sinf.c.obj (.text.__kernel_cosdf)
                  0000c8f8    0000009c     app_line_follow.o (.text.line_follow_parse_command)
                  0000c994    0000009c     app_attitude.o (.text.process_jy61_baud_command)
                  0000ca30    0000009c     app_attitude.o (.text.scan_jy61_baudrate)
                  0000cacc    0000009a     libc.a : memcpy16.S.obj (.text:memcpy)
                  0000cb66    00000002     libclang_rt.builtins.a : aeabi_div0.c.obj (.text.__aeabi_ldiv0)
                  0000cb68    00000098     app_attitude.o (.text.app_attitude_init)
                  0000cc00    00000094     hw_encoder.o (.text.encoder_handle_gpio_irq)
                  0000cc94    00000090     app_car_control.o (.text.send_motor_ack)
                  0000cd24    0000008c     libclang_rt.builtins.a : comparesf2.S.obj (.text)
                  0000cdb0    0000008c                            : mulsf3.S.obj (.text)
                  0000ce3c    00000088     app_image_store.o (.text.app_image_store_show_image)
                  0000cec4    0000000c     app_image_store.o (.text.app_image_store_is_receiving)
                  0000ced0    00000088     libc.a : strcmp-armv6m.S.obj (.text:strcmp)
                  0000cf58    00000082     libclang_rt.builtins.a : divsf3.S.obj (.text)
                  0000cfda    00000002     --HOLE-- [fill = 0]
                  0000cfdc    0000007c     ti_msp_dl_config.o (.text.SYSCFG_DL_UART_DEBUG_init)
                  0000d058    0000007c     ti_msp_dl_config.o (.text.SYSCFG_DL_UART_JY61P_init)
                  0000d0d4    0000007c     ti_msp_dl_config.o (.text.SYSCFG_DL_UART_OPENMV_init)
                  0000d150    0000007c     app_menu.o (.text.app_menu_init)
                  0000d1cc    0000007c     bsp_jy61.o (.text.jy61_read_angles)
                  0000d248    0000007c     libc.a : copy_decompress_lzss.c.obj (.text:decompress:lzss)
                  0000d2c4    00000078     app_line_follow.o (.text.line_follow_get_turn_adjust)
                  0000d33c    00000078     app_image_store.o (.text.sanitize_name)
                  0000d3b4    00000074     libclang_rt.builtins.a : comparedf2.c.obj (.text.__gedf2)
                  0000d428    00000074     libc.a : sscanf.c.obj (.text._chkmbc)
                  0000d49c    00000004     libsysbm.a : hostexit.c.obj (.text.HOSTexit)
                  0000d4a0    00000074     libclang_rt.builtins.a : truncdfsf2.S.obj (.text)
                  0000d514    00000070     ti_msp_dl_config.o (.text.SYSCFG_DL_initPower)
                  0000d584    00000070     bsp_jy61.o (.text.jy61_poll)
                  0000d5f4    00000070     hw_uart.o (.text.uart_debug_handle_irq)
                  0000d664    00000070     hw_openmv_uart.o (.text.uart_openmv_handle_irq)
                  0000d6d4    0000006c     hw_lcd.o (.text.LCD_Fill)
                  0000d740    0000006c     ti_msp_dl_config.o (.text.SYSCFG_DL_PWM_LEFT_init)
                  0000d7ac    0000006c     ti_msp_dl_config.o (.text.SYSCFG_DL_PWM_RIGHT_init)
                  0000d818    0000006c     app_car_control.o (.text.app_car_control_init)
                  0000d884    0000006c     bsp_jy61.o (.text.jy61_handle_irq)
                  0000d8f0    0000006c     hw_w25q64.o (.text.w25q64_probe_jedec_ids)
                  0000d95c    00000068     libclang_rt.builtins.a : comparedf2.c.obj (.text.__ledf2)
                  0000d9c4    00000068     bsp_jy61.o (.text.jy61_read_quaternion)
                  0000da2c    00000064     bsp_tb6612.o (.text.TB6612_Init)
                  0000da90    00000062     libc.a : memset16.S.obj (.text:memset)
                  0000daf2    00000002     --HOLE-- [fill = 0]
                  0000daf4    00000060     bsp_tb6612.o (.text.BO_Control)
                  0000db54    0000005a     libclang_rt.builtins.a : aeabi_dcmp.S.obj (.text)
                  0000dbae    00000002     --HOLE-- [fill = 0]
                  0000dbb0    0000005a                            : aeabi_fcmp.S.obj (.text)
                  0000dc0a    00000002     --HOLE-- [fill = 0]
                  0000dc0c    00000058     bsp_tb6612.o (.text.AO_Control)
                  0000dc64    00000056     libclang_rt.builtins.a : aeabi_idivmod.S.obj (.text)
                  0000dcba    00000002     --HOLE-- [fill = 0]
                  0000dcbc    00000054     app_motion_control.o (.text.motion_control_init)
                  0000dd10    00000054     app_car_control.o (.text.send_pulse_ack)
                  0000dd64    0000004c     bsp_tb6612.o (.text.TB6612_Motor_Stop)
                  0000ddb0    0000004c     hw_uart.o (.text.uart_debug_service_tx)
                  0000ddfc    0000004c     hw_uart.o (.text.uart_debug_write_string)
                  0000de48    0000004c     hw_w25q64.o (.text.w25q64_read_gpio_levels)
                  0000de94    0000004a     libclang_rt.builtins.a : fixdfsi.S.obj (.text)
                  0000dede    00000002     --HOLE-- [fill = 0]
                  0000dee0    00000048     driverlib.a : dl_uart.o (.text.DL_UART_init)
                  0000df28    00000048     ti_msp_dl_config.o (.text.SYSCFG_DL_SPI_LCD_init)
                  0000df70    00000048     ti_msp_dl_config.o (.text.SYSCFG_DL_init)
                  0000dfb8    00000048     hw_encoder.o (.text.encoder_init)
                  0000e000    00000048     libc.a : snprintf.c.obj (.text.snprintf)
                  0000e048    00000044     driverlib.a : dl_spi.o (.text.DL_SPI_init)
                  0000e08c    00000044     app_car_control.o (.text.app_car_control_send_heartbeat)
                  0000e0d0    00000044     libc.a : atoi.c.obj (.text.atoi)
                  0000e114    00000040     ti_msp_dl_config.o (.text.SYSCFG_DL_SYSCTL_init)
                  0000e154    00000040     app_car_control.o (.text.app_car_control_send_odometry)
                  0000e194    00000040     libclang_rt.builtins.a : aeabi_uidivmod.S.obj (.text)
                  0000e1d4    00000040                            : extendsfdf2.S.obj (.text)
                  0000e214    0000003c     libc.a : autoinit.c.obj (.text:__TI_auto_init_nobinit_nopinit)
                  0000e250    0000003c     libclang_rt.builtins.a : floatsisf.S.obj (.text)
                  0000e28c    0000003a                            : muldsi3.S.obj (.text)
                  0000e2c6    00000002     --HOLE-- [fill = 0]
                  0000e2c8    00000038     hw_uart.o (.text.uart_debug_read_byte)
                  0000e300    00000038     libclang_rt.builtins.a : fixsfsi.S.obj (.text)
                  0000e338    00000032     libc.a : snprintf.c.obj (.text._outs)
                  0000e36a    00000002     --HOLE-- [fill = 0]
                  0000e36c    00000032     libclang_rt.builtins.a : fixunssfsi.S.obj (.text)
                  0000e39e    00000002     --HOLE-- [fill = 0]
                  0000e3a0    00000030     driverlib.a : dl_uart.o (.text.DL_UART_transmitDataBlocking)
                  0000e3d0    00000030     app_line_follow.o (.text.line_follow_is_valid)
                  0000e400    00000030     app_car_control.o (.text.send_unknown_command)
                  0000e430    00000030     libc.a : sscanf.c.obj (.text.sscanf)
                  0000e460    0000002c     app_image_store.o (.text.show_legacy_slot)
                  0000e48c    0000002c     libclang_rt.builtins.a : floatsidf.S.obj (.text)
                  0000e4b8    00000028     app_line_follow.o (.text.line_follow_is_active)
                  0000e4e0    00000028     hw_uart.o (.text.uart_debug_init)
                  0000e508    00000028     hw_openmv_uart.o (.text.uart_openmv_init)
                  0000e530    00000028     libc.a : boot_cortex_m.c.obj (.text:_c_int00_noargs)
                  0000e558    00000028     libclang_rt.builtins.a : floatunsisf.S.obj (.text)
                  0000e580    00000024     app_attitude.o (.text.app_attitude_read_yaw)
                  0000e5a4    00000024     app_line_follow.o (.text.line_follow_init)
                  0000e5c8    00000024     hw_w25q64.o (.text.w25q64_is_valid_jedec_id)
                  0000e5ec    00000024     libclang_rt.builtins.a : muldi3.S.obj (.text)
                  0000e610    00000022     libc.a : memccpy.c.obj (.text.memccpy)
                  0000e632    00000022     app_car_control.o (.text.strlen)
                  0000e654    0000001e     libclang_rt.builtins.a : ashldi3.S.obj (.text)
                  0000e672    00000002     --HOLE-- [fill = 0]
                  0000e674    0000001c     driverlib.a : dl_timer.o (.text.DL_Timer_setCaptCompUpdateMethod)
                  0000e690    0000001c                 : dl_timer.o (.text.DL_Timer_setClockConfig)
                  0000e6ac    0000001c                 : dl_uart.o (.text.DL_UART_receiveDataCheck)
                  0000e6c8    0000001c                 : dl_uart.o (.text.DL_UART_transmitDataCheck)
                  0000e6e4    0000001c     hw_spi.o (.text.spi_write_bus)
                  0000e700    0000001a     libclang_rt.builtins.a : aeabi_memset.S.obj (.text)
                  0000e71a    00000002     --HOLE-- [fill = 0]
                  0000e71c    00000018     driverlib.a : dl_timer.o (.text.DL_Timer_setCaptureCompareOutCtl)
                  0000e734    00000018     hw_lcd.o (.text.LCD_WR_DATA8)
                  0000e74c    00000018     libc.a : snprintf.c.obj (.text._outc)
                  0000e764    00000018     hw_encoder.o (.text.encoder_get_counts)
                  0000e77c    00000018     hw_encoder.o (.text.encoder_reset)
                  0000e794    00000018     mid_pid.o (.text.pid_init)
                  0000e7ac    00000014     libc.a : k_rem_pio2.c.obj (.text.OUTLINED_FUNCTION_0)
                  0000e7c0    00000010     libclang_rt.builtins.a : adddf3.S.obj (.tramp.__aeabi_dadd.1)
                  0000e7d0    00000014     libc.a : sscanf.c.obj (.text._inpchar)
                  0000e7e4    00000014     app_attitude.o (.text.app_attitude_poll)
                  0000e7f8    00000014     libclang_rt.builtins.a : aeabi_uldivmod.S.obj (.text)
                  0000e80c    00000012     driverlib.a : dl_spi.o (.text.DL_SPI_setClockConfig)
                  0000e81e    00000012                 : dl_uart.o (.text.DL_UART_setClockConfig)
                  0000e830    00000012     libc.a : copy_decompress_none.c.obj (.text:decompress:none)
                  0000e842    00000002     --HOLE-- [fill = 0]
                  0000e844    00000010     driverlib.a : dl_timer.o (.text.DL_Timer_setCaptureCompareValue)
                  0000e854    00000010     app_car_control.o (.text.app_car_control_toggle_status_led)
                  0000e864    00000010     app_motion_control.o (.text.motion_control_get_target_deg_s)
                  0000e874    00000010     app_motion_control.o (.text.motion_control_get_target_mm_s)
                  0000e884    00000010     app_motion_control.o (.text.motion_control_is_active)
                  0000e894    00000010     libc.a : wcslen.c.obj (.text.wcslen)
                  0000e8a4    00000010            : copy_zero_init.c.obj (.text:decompress:ZI)
                  0000e8b4    0000000e            : _printfi.c.obj (.text.strlen)
                  0000e8c2    00000002     --HOLE-- [fill = 0]
                  0000e8c4    0000000c     bsp_jy61.o (.text.jy61_get_baudrate)
                  0000e8d0    0000000c     app_line_follow.o (.text.line_follow_get_error)
                  0000e8dc    0000000c     app_motion_control.o (.text.motion_control_get_mode)
                  0000e8e8    0000000c     app_motion_control.o (.text.motion_control_is_busy)
                  0000e8f4    0000000c     mid_pid.o (.text.pid_reset)
                  0000e900    0000000c     hw_uart.o (.text.uart_debug_get_rx_dropped_bytes)
                  0000e90c    0000000c     hw_uart.o (.text.uart_debug_get_tx_dropped_bytes)
                  0000e918    0000000c     hw_w25q64.o (.text.w25q64_read_jedec_id_atomic)
                  0000e924    0000000a     driverlib.a : dl_common.o (.text.DL_Common_delayCycles)
                  0000e92e    0000000a     libc.a : _scanfi.c.obj (.text.OUTLINED_FUNCTION_0)
                  0000e938    0000000a            : k_rem_pio2.c.obj (.text.OUTLINED_FUNCTION_1)
                  0000e942    0000000a            : s_cosf.c.obj (.text.OUTLINED_FUNCTION_3)
                  0000e94c    0000000a            : s_sinf.c.obj (.text.OUTLINED_FUNCTION_3)
                  0000e956    00000008     main.o (.text.GROUP1_IRQHandler)
                  0000e95e    00000008     hw_lcd.o (.text.LCD_Address_Set)
                  0000e966    00000008     libc.a : strtod.c.obj (.text.OUTLINED_FUNCTION_0)
                  0000e96e    00000008            : strtof.c.obj (.text.OUTLINED_FUNCTION_0)
                  0000e976    00000008            : _scanfi.c.obj (.text.OUTLINED_FUNCTION_1)
                  0000e97e    00000008            : strtod.c.obj (.text.OUTLINED_FUNCTION_1)
                  0000e986    00000002     --HOLE-- [fill = 0]
                  0000e988    00000010     libclang_rt.builtins.a : aeabi_dcmp.S.obj (.tramp.__aeabi_dcmpeq.1)
                  0000e998    00000008     libc.a : _scanfi.c.obj (.text.OUTLINED_FUNCTION_2)
                  0000e9a0    00000008     main.o (.text.UART0_IRQHandler)
                  0000e9a8    00000008     main.o (.text.UART1_IRQHandler)
                  0000e9b0    00000008     main.o (.text.UART2_IRQHandler)
                  0000e9b8    00000008     libclang_rt.builtins.a : aeabi_ddiv.c.obj (.text.__aeabi_ddiv_fast)
                  0000e9c0    00000008                            : aeabi_dmul.c.obj (.text.__aeabi_dmul_fast)
                  0000e9c8    00000008     libc.a : aeabi_portable.c.obj (.text.__aeabi_errno_addr)
                  0000e9d0    00000008            : sscanf.c.obj (.text._uninpchar)
                  0000e9d8    00000008     app_image_store.o (.text.app_image_store_init)
                  0000e9e0    00000008     libclang_rt.builtins.a : aeabi_memcpy.S.obj (.text)
                  0000e9e8    00000006     libc.a : e_asinf.c.obj (.text.OUTLINED_FUNCTION_0)
                  0000e9ee    00000002     --HOLE-- [fill = 0]
                  0000e9f0    00000010     libclang_rt.builtins.a : mulsf3.S.obj (.tramp.__aeabi_fmul.1)
                  0000ea00    00000006     libc.a : s_atanf.c.obj (.text.OUTLINED_FUNCTION_0)
                  0000ea06    00000002     --HOLE-- [fill = 0]
                  0000ea08    00000010     libclang_rt.builtins.a : divsf3.S.obj (.tramp.__aeabi_fdiv.1)
                  0000ea18    00000006     libc.a : s_cosf.c.obj (.text.OUTLINED_FUNCTION_0)
                  0000ea1e    00000006            : s_sinf.c.obj (.text.OUTLINED_FUNCTION_0)
                  0000ea24    00000006            : s_cosf.c.obj (.text.OUTLINED_FUNCTION_1)
                  0000ea2a    00000006            : s_sinf.c.obj (.text.OUTLINED_FUNCTION_1)
                  0000ea30    00000006            : _scanfi.c.obj (.text.OUTLINED_FUNCTION_3)
                  0000ea36    00000006            : _scanfi.c.obj (.text.OUTLINED_FUNCTION_4)
                  0000ea3c    00000006            : exit.c.obj (.text:abort)
                  0000ea42    00000004            : s_atanf.c.obj (.text.OUTLINED_FUNCTION_1)
                  0000ea46    00000002     --HOLE-- [fill = 0]
                  0000ea48    00000010     libclang_rt.builtins.a : addsf3.S.obj (.tramp.__aeabi_fadd.1)
                  0000ea58    00000004     libc.a : s_cosf.c.obj (.text.OUTLINED_FUNCTION_2)
                  0000ea5c    00000010     libclang_rt.builtins.a : extendsfdf2.S.obj (.tramp.__aeabi_f2d.1)
                  0000ea6c    00000004     libc.a : s_sinf.c.obj (.text.OUTLINED_FUNCTION_2)
                  0000ea70    00000004     startup_mspm0g350x_ticlang.o (.text.Reset_Handler)
                  0000ea74    00000004     libc.a : pre_init.c.obj (.text._system_pre_init)
                  0000ea78    00000008     --HOLE-- [fill = 0]

.cinit     0    000132b0    00000038     
                  000132b0    0000000d     (.cinit..data.load) [load image, compression = lzss]
                  000132bd    00000003     --HOLE-- [fill = 0]
                  000132c0    0000000c     (__TI_handler_table)
                  000132cc    00000008     (.cinit..bss.load) [load image, compression = zero_init]
                  000132d4    00000010     (__TI_cinit_table)
                  000132e4    00000004     --HOLE-- [fill = 0]

.rodata    0    0000ea80    00004830     
                  0000ea80    000017c0     hw_lcd.o (.rodata.ascii_3216)
                  00010240    000011d0     hw_lcd.o (.rodata.ascii_2412)
                  00011410    000005f0     hw_lcd.o (.rodata.ascii_1608)
                  00011a00    00000474     hw_lcd.o (.rodata.ascii_1206)
                  00011e74    0000000c     app_menu.o (.rodata..Lswitch.table.render_menu.34)
                  00011e80    00000400     app_image_store.o (.rodata..L.crctable)
                  00012280    00000108     libc.a : k_rem_pio2.c.obj (.rodata.ipio2)
                  00012388    00000008     ti_msp_dl_config.o (.rodata.gPWM_LEFTConfig)
                  00012390    00000101     libc.a : aeabi_ctype.S.obj (.rodata:__aeabi_ctype_table_)
                  00012491    000000aa     app_attitude.o (.rodata.str1.12678294702289295633.1)
                  0001253b    00000090     app_car_control.o (.rodata.str1.5259596890075649042.1)
                  000125cb    00000005     app_menu.o (.rodata.str1.12774373472051410650.1)
                  000125d0    00000080     libc.a : strtod.c.obj (.rodata.digits)
                  00012650    00000077     app_car_control.o (.rodata.str1.14718060586108094866.1)
                  000126c7    00000064     app_attitude.o (.rodata.str1.7524948951623268457.1)
                  0001272b    0000004f     app_car_control.o (.rodata.str1.5964142759088803818.1)
                  0001277a    00000049     app_attitude.o (.rodata.str1.8768218251077458445.1)
                  000127c3    00000005     app_car_control.o (.rodata.str1.14187085924937509073.1)
                  000127c8    00000048     libc.a : strtod.c.obj (.rodata.powerof10)
                  00012810    00000041     app_image_store.o (.rodata.str1.14325169853327357086.1)
                  00012851    00000007     libc.a : _scanfi.c.obj (.rodata._sproc_int.flit)
                  00012858    00000040            : k_rem_pio2.c.obj (.rodata.PIo2)
                  00012898    00000040            : strtof.c.obj (.rodata.digits)
                  000128d8    0000003e     app_image_store.o (.rodata.str1.18255799002341319570.1)
                  00012916    00000038     app_car_control.o (.rodata.str1.18415326926820213635.1)
                  0001294e    00000002     ti_msp_dl_config.o (.rodata.gSPI_LCD_clockConfig)
                  00012950    00000030     app_menu.o (.rodata.gControlActions)
                  00012980    00000030     app_image_store.o (.rodata.str1.13682143935461223164.1)
                  000129b0    0000002d     app_attitude.o (.rodata.str1.6752101502054803375.1)
                  000129dd    0000002c     app_image_store.o (.rodata.str1.4463156681709531536.1)
                  00012a09    00000028     app_attitude.o (.rodata.str1.10552932612988208341.1)
                  00012a31    00000027     app_image_store.o (.rodata.str1.12518459513636896009.1)
                  00012a58    00000025     app_image_store.o (.rodata.str1.3315526320607120612.1)
                  00012a7d    00000003     ti_msp_dl_config.o (.rodata.gPWM_LEFTClockConfig)
                  00012a80    00000020     libc.a : s_atanf.c.obj (.rodata.cst16)
                  00012aa0    00000020     app_car_control.o (.rodata.str1.11820653816532915241.1)
                  00012ac0    0000001c     app_image_store.o (.rodata.str1.10771746842938527832.1)
                  00012adc    0000001b     app_car_control.o (.rodata.str1.3663651136879122161.1)
                  00012af7    0000001b     app_car_control.o (.rodata.str1.7412545083657853309.1)
                  00012b12    00000019     app_attitude.o (.rodata.str1.13118626032209432180.1)
                  00012b2b    00000019     app_image_store.o (.rodata.str1.16827420483122395448.1)
                  00012b44    00000018     libc.a : strtof.c.obj (.rodata.powerof10)
                  00012b5c    00000018     app_attitude.o (.rodata.str1.2432380418576062097.1)
                  00012b74    00000018     app_image_store.o (.rodata.str1.88736359541321483.1)
                  00012b8c    00000017     app_car_control.o (.rodata.str1.11441606736553431316.1)
                  00012ba3    00000017     app_image_store.o (.rodata.str1.3333276576617639139.1)
                  00012bba    00000017     app_image_store.o (.rodata.str1.966381243394337003.1)
                  00012bd1    00000016     app_image_store.o (.rodata.str1.10239964167124003547.1)
                  00012be7    00000016     app_image_store.o (.rodata.str1.1278989015151488701.1)
                  00012bfd    00000016     app_image_store.o (.rodata.str1.12885907591546219065.1)
                  00012c13    00000016     app_car_control.o (.rodata.str1.13623210523040911423.1)
                  00012c29    00000016     app_image_store.o (.rodata.str1.4896484217139496724.1)
                  00012c3f    00000016     app_image_store.o (.rodata.str1.5801145984756859009.1)
                  00012c55    00000016     app_image_store.o (.rodata.str1.6236586835251264547.1)
                  00012c6b    00000016     app_image_store.o (.rodata.str1.6896973632456159792.1)
                  00012c81    00000015     app_image_store.o (.rodata.str1.7232703196782369634.1)
                  00012c96    00000015     app_image_store.o (.rodata.str1.8001765060508804488.1)
                  00012cab    00000014     app_car_control.o (.rodata.str1.11767702346173402250.1)
                  00012cbf    00000014     app_image_store.o (.rodata.str1.13084668532165399662.1)
                  00012cd3    00000014     app_image_store.o (.rodata.str1.7116285585965412896.1)
                  00012ce7    00000014     app_image_store.o (.rodata.str1.8525903574466771165.1)
                  00012cfb    00000013     app_image_store.o (.rodata.str1.13682038726605492326.1)
                  00012d0e    00000013     app_menu.o (.rodata.str1.14599295487868770485.1)
                  00012d21    00000013     app_image_store.o (.rodata.str1.15302995582985116374.1)
                  00012d34    00000013     app_attitude.o (.rodata.str1.8728343829806117875.1)
                  00012d47    00000012     hw_uart.o (.rodata.str1.2093199925178161188.1)
                  00012d59    00000012     app_image_store.o (.rodata.str1.4953579345119954976.1)
                  00012d6b    00000012     app_car_control.o (.rodata.str1.5648599197474771290.1)
                  00012d7d    00000011     app_image_store.o (.rodata.str1.10030303806669008466.1)
                  00012d8e    00000011     libc.a : _printfi.c.obj (.rodata.str1.10348868589481759720.1)
                  00012d9f    00000011     app_menu.o (.rodata.str1.13291200952344795083.1)
                  00012db0    00000011     app_image_store.o (.rodata.str1.15089797052171653355.1)
                  00012dc1    00000011     libc.a : _printfi.c.obj (.rodata.str1.15363888844622738466.1)
                  00012dd2    00000011     app_image_store.o (.rodata.str1.1633866612525549658.1)
                  00012de3    00000011     app_image_store.o (.rodata.str1.17058307470283294006.1)
                  00012df4    00000011     app_image_store.o (.rodata.str1.17298955117559882846.1)
                  00012e05    00000011     app_menu.o (.rodata.str1.2502805813946034081.1)
                  00012e16    00000011     app_image_store.o (.rodata.str1.7208172818732810984.1)
                  00012e27    00000001     --HOLE-- [fill = 0]
                  00012e28    00000010     libc.a : k_rem_pio2.c.obj (.rodata.cst16)
                  00012e38    00000010     app_menu.o (.rodata.str1.10179918132242277246.1)
                  00012e48    00000010     app_menu.o (.rodata.str1.14126570398133045751.1)
                  00012e58    00000010     app_image_store.o (.rodata.str1.14140011708520654533.1)
                  00012e68    00000010     app_menu.o (.rodata.str1.17019962864983933259.1)
                  00012e78    00000010     app_attitude.o (.rodata.str1.17537195037462092868.1)
                  00012e88    00000010     app_image_store.o (.rodata.str1.17701700798736101906.1)
                  00012e98    00000010     app_menu.o (.rodata.str1.2963573859074234144.1)
                  00012ea8    00000010     app_attitude.o (.rodata.str1.401295218559232509.1)
                  00012eb8    00000010     app_attitude.o (.rodata.str1.6782492159512457147.1)
                  00012ec8    00000010     app_image_store.o (.rodata.str1.922866183752400037.1)
                  00012ed8    0000000f     app_image_store.o (.rodata.str1.10719668412084469107.1)
                  00012ee7    0000000f     app_attitude.o (.rodata.str1.12375382654845902287.1)
                  00012ef6    0000000f     app_menu.o (.rodata.str1.15264288196382591912.1)
                  00012f05    0000000f     app_attitude.o (.rodata.str1.15499469300449287954.1)
                  00012f14    0000000f     app_image_store.o (.rodata.str1.192982350882974882.1)
                  00012f23    0000000f     app_image_store.o (.rodata.str1.2451013434895191930.1)
                  00012f32    0000000f     app_image_store.o (.rodata.str1.453317182575259710.1)
                  00012f41    0000000f     app_image_store.o (.rodata.str1.499212061291446025.1)
                  00012f50    0000000f     app_image_store.o (.rodata.str1.5298027731853985607.1)
                  00012f5f    0000000f     app_menu.o (.rodata.str1.5646529578594857381.1)
                  00012f6e    0000000f     app_menu.o (.rodata.str1.7531628254874797983.1)
                  00012f7d    0000000f     app_image_store.o (.rodata.str1.7788371886631451480.1)
                  00012f8c    0000000f     app_attitude.o (.rodata.str1.8165882371521057139.1)
                  00012f9b    0000000e     app_image_store.o (.rodata.str1.1022218113181972255.1)
                  00012fa9    0000000e     app_menu.o (.rodata.str1.16205392958640528880.1)
                  00012fb7    0000000e     app_image_store.o (.rodata.str1.3943128210769034708.1)
                  00012fc5    0000000e     app_menu.o (.rodata.str1.8587423524971408815.1)
                  00012fd3    0000000d     app_car_control.o (.rodata.str1.11272716704398869594.1)
                  00012fe0    0000000d     app_menu.o (.rodata.str1.11932593214074061278.1)
                  00012fed    0000000d     app_image_store.o (.rodata.str1.12600685386380521834.1)
                  00012ffa    0000000d     app_menu.o (.rodata.str1.13024445473359218120.1)
                  00013007    0000000d     app_car_control.o (.rodata.str1.4874208870431229975.1)
                  00013014    0000000d     app_car_control.o (.rodata.str1.7569317419661685027.1)
                  00013021    0000000d     app_menu.o (.rodata.str1.8374456079885623809.1)
                  0001302e    0000000d     app_menu.o (.rodata.str1.888971180331502718.1)
                  0001303b    00000001     --HOLE-- [fill = 0]
                  0001303c    0000000c     app_menu.o (.rodata..Lswitch.table.render_menu)
                  00013048    0000000c     app_menu.o (.rodata.gRootItems)
                  00013054    0000000c     app_car_control.o (.rodata.str1.10416396766295915984.1)
                  00013060    0000000c     app_car_control.o (.rodata.str1.10986280395233754576.1)
                  0001306c    0000000c     app_car_control.o (.rodata.str1.16566837512891204500.1)
                  00013078    0000000c     app_menu.o (.rodata.str1.17370931082652322430.1)
                  00013084    0000000c     app_car_control.o (.rodata.str1.1822894261428252022.1)
                  00013090    0000000c     app_menu.o (.rodata.str1.236204657446602858.1)
                  0001309c    0000000c     app_car_control.o (.rodata.str1.2882403439750828858.1)
                  000130a8    0000000c     app_car_control.o (.rodata.str1.6493979626155181994.1)
                  000130b4    0000000c     app_image_store.o (.rodata.str1.675336549761521282.1)
                  000130c0    0000000b     app_image_store.o (.rodata.str1.12458800325358982136.1)
                  000130cb    0000000b     app_image_store.o (.rodata.str1.13100746637483118525.1)
                  000130d6    0000000b     app_car_control.o (.rodata.str1.14175076128169481003.1)
                  000130e1    0000000b     main.o (.rodata.str1.17100691992556644108.1)
                  000130ec    0000000b     app_image_store.o (.rodata.str1.17518596821781156186.1)
                  000130f7    00000001     --HOLE-- [fill = 0]
                  000130f8    0000000a     ti_msp_dl_config.o (.rodata.gSPI_LCD_config)
                  00013102    0000000a     ti_msp_dl_config.o (.rodata.gUART_DEBUGConfig)
                  0001310c    0000000a     ti_msp_dl_config.o (.rodata.gUART_JY61PConfig)
                  00013116    0000000a     ti_msp_dl_config.o (.rodata.gUART_OPENMVConfig)
                  00013120    0000000a     app_image_store.o (.rodata.str1.10509079851279419267.1)
                  0001312a    0000000a     app_car_control.o (.rodata.str1.12484813675258476528.1)
                  00013134    0000000a     app_menu.o (.rodata.str1.14486978520946485314.1)
                  0001313e    0000000a     app_image_store.o (.rodata.str1.14924896683467369587.1)
                  00013148    0000000a     main.o (.rodata.str1.15159059442110792349.1)
                  00013152    0000000a     app_car_control.o (.rodata.str1.2972993705525450585.1)
                  0001315c    0000000a     app_car_control.o (.rodata.str1.6044509230432320655.1)
                  00013166    0000000a     app_menu.o (.rodata.str1.8365603212124221852.1)
                  00013170    0000000a     app_car_control.o (.rodata.str1.9822639397776744045.1)
                  0001317a    00000009     libc.a : _scanfi.c.obj (.rodata.str1.12964984209033246150.1)
                  00013183    00000009     app_image_store.o (.rodata.str1.14597090408004562942.1)
                  0001318c    00000009     app_image_store.o (.rodata.str1.16994630871187842618.1)
                  00013195    00000009     app_image_store.o (.rodata.str1.18007641529385435886.1)
                  0001319e    00000009     app_menu.o (.rodata.str1.7729255960333412300.1)
                  000131a7    00000009     app_car_control.o (.rodata.str1.8898464879457977813.1)
                  000131b0    00000009     app_car_control.o (.rodata.str1.9984945524575007645.1)
                  000131b9    00000003     ti_msp_dl_config.o (.rodata.gPWM_RIGHTClockConfig)
                  000131bc    00000008     ti_msp_dl_config.o (.rodata.gPWM_RIGHTConfig)
                  000131c4    00000008     app_car_control.o (.rodata.str1.12234416300867838885.1)
                  000131cc    00000008     app_attitude.o (.rodata.str1.17338460916662203045.1)
                  000131d4    00000008     app_image_store.o (.rodata.str1.6032708027505727261.1)
                  000131dc    00000008     app_menu.o (.rodata.str1.7701684975333963447.1)
                  000131e4    00000008     app_menu.o (.rodata.str1.9507348189867938020.1)
                  000131ec    00000008     app_attitude.o (.rodata.str1.9874728349693388622.1)
                  000131f4    00000007     app_menu.o (.rodata.str1.1152731303948041579.1)
                  000131fb    00000007     app_car_control.o (.rodata.str1.13032410439314695910.1)
                  00013202    00000007     app_attitude.o (.rodata.str1.13831501240740541083.1)
                  00013209    00000007     app_menu.o (.rodata.str1.14706561077188554416.1)
                  00013210    00000007     app_menu.o (.rodata.str1.1551400316678538729.1)
                  00013217    00000007     app_image_store.o (.rodata.str1.16276858914226573060.1)
                  0001321e    00000007     app_attitude.o (.rodata.str1.16607386373136019299.1)
                  00013225    00000007     app_attitude.o (.rodata.str1.3445491599604826322.1)
                  0001322c    00000007     app_menu.o (.rodata.str1.5986042308352981742.1)
                  00013233    00000007     app_attitude.o (.rodata.str1.7011054452338935499.1)
                  0001323a    00000007     app_menu.o (.rodata.str1.7877668351663821929.1)
                  00013241    00000007     main.o (.rodata.str1.8154729771448623357.1)
                  00013248    00000006     libc.a : _scanfi.c.obj (.rodata._sproc_int.barr)
                  0001324e    00000006     app_car_control.o (.rodata.str1.10099187617512664200.1)
                  00013254    00000006     app_line_follow.o (.rodata.str1.13577393985823711167.1)
                  0001325a    00000006     app_motion_control.o (.rodata.str1.15845094093975241062.1)
                  00013260    00000006     app_menu.o (.rodata.str1.2227258521325309534.1)
                  00013266    00000006     app_attitude.o (.rodata.str1.3919908913252114906.1)
                  0001326c    00000006     app_motion_control.o (.rodata.str1.4383496431151190140.1)
                  00013272    00000006     app_attitude.o (.rodata.str1.8499773590557895145.1)
                  00013278    00000006     app_menu.o (.rodata.str1.8778062457141544432.1)
                  0001327e    00000005     app_attitude.o (.rodata.str1.14362554010302191111.1)
                  00013283    00000005     app_car_control.o (.rodata.str1.14880763104044842744.1)
                  00013288    00000005     app_menu.o (.rodata.str1.5248584222339851319.1)
                  0001328d    00000004     app_car_control.o (.rodata.str1.15872741239078135150.1)
                  00013291    00000004     app_car_control.o (.rodata.str1.1972896047161163948.1)
                  00013295    00000004     libc.a : _scanfi.c.obj (.rodata.str1.3403580589742030990.1)
                  00013299    00000004     app_attitude.o (.rodata.str1.4164992248460084130.1)
                  0001329d    00000003     app_image_store.o (.rodata.str1.15254584463968736402.1)
                  000132a0    00000003     app_car_control.o (.rodata.str1.26950527303777515.1)
                  000132a3    00000003     app_motion_control.o (.rodata.str1.825203759767528237.1)
                  000132a6    00000002     ti_msp_dl_config.o (.rodata.gUART_DEBUGClockConfig)
                  000132a8    00000002     ti_msp_dl_config.o (.rodata.gUART_JY61PClockConfig)
                  000132aa    00000002     ti_msp_dl_config.o (.rodata.gUART_OPENMVClockConfig)
                  000132ac    00000004     --HOLE-- [fill = 0]

.init_array 
*          0    00000000    00000000     UNINITIALIZED

.binit     0    00000000    00000000     

.bss       0    20200000    000033b1     UNINITIALIZED
                  20200000    00001680     app_image_store.o (.bss.gIndexCompactEntries)
                  20201680    00000a80     hw_lcd.o (.bss.gQueue)
                  20202100    00000800     hw_uart.o (.bss.gUartTxBuffer)
                  20202900    00000400     hw_uart.o (.bss.gUartRxBuffer)
                  20202d00    00000100     app_image_store.o (.bss.gDisplayBuffer)
                  20202e00    00000100     app_image_store.o (.bss.gRxBuffer)
                  20202f00    000000bc     (.common:gPWM_LEFTBackup)
                  20202fbc    000000bc     (.common:gPWM_RIGHTBackup)
                  20203078    00000080     hw_openmv_uart.o (.bss.gOpenmvRxBuffer)
                  202030f8    00000050     hw_lcd.o (.bss.gDraw)
                  20203148    00000040     hw_uart.o (.bss.uart_debug_read_line.rxLine)
                  20203188    00000028     (.common:gSPI_LCDBackup)
                  202031b0    00000024     app_car_control.o (.bss.gLeftSpeedPid)
                  202031d4    00000024     app_car_control.o (.bss.gRightSpeedPid)
                  202031f8    00000020     app_menu.o (.bss.gMessage)
                  20203218    00000020     hw_openmv_uart.o (.bss.uart_openmv_read_line.rxLine)
                  20203238    00000010     app_image_store.o (.bss.gFileName)
                  20203248    0000000b     bsp_jy61.o (.bss.gLastFrame)
                  20203253    00000001     app_menu.o (.bss.app_menu_update.previousDownPressed)
                  20203254    00000009     bsp_jy61.o (.bss.gPayload)
                  2020325d    00000001     app_menu.o (.bss.app_menu_update.previousUpPressed)
                  2020325e    00000008     bsp_jy61.o (.bss.gQuatRaw)
                  20203266    00000002     app_image_store.o (.bss.gHeight)
                  20203268    00000004     bsp_jy61.o (.bss.gAngleFrameCount)
                  2020326c    00000004     app_motion_control.o (.bss.gAngularSpeedDegS)
                  20203270    00000004     app_attitude.o (.bss.gAttitudeZeroMatrix.0)
                  20203274    00000004     app_attitude.o (.bss.gAttitudeZeroMatrix.1)
                  20203278    00000004     app_attitude.o (.bss.gAttitudeZeroMatrix.2)
                  2020327c    00000004     app_attitude.o (.bss.gAttitudeZeroMatrix.3)
                  20203280    00000004     app_attitude.o (.bss.gAttitudeZeroMatrix.4)
                  20203284    00000004     app_attitude.o (.bss.gAttitudeZeroMatrix.5)
                  20203288    00000004     app_attitude.o (.bss.gAttitudeZeroMatrix.6)
                  2020328c    00000004     app_attitude.o (.bss.gAttitudeZeroMatrix.7)
                  20203290    00000004     app_attitude.o (.bss.gAttitudeZeroMatrix.8)
                  20203294    00000004     app_menu.o (.bss.gBackOkKey.2)
                  20203298    00000004     app_attitude.o (.bss.gBodyAngles.2)
                  2020329c    00000004     bsp_jy61.o (.bss.gByteCount)
                  202032a0    00000004     bsp_jy61.o (.bss.gChecksumFailCount)
                  202032a4    00000004     app_image_store.o (.bss.gDataAddress)
                  202032a8    00000004     app_image_store.o (.bss.gExpectedCrc)
                  202032ac    00000004     app_image_store.o (.bss.gExpectedSize)
                  202032b0    00000004     app_car_control.o (.bss.gFilteredLeftSpeed)
                  202032b4    00000004     app_car_control.o (.bss.gFilteredRightSpeed)
                  202032b8    00000004     app_attitude.o (.bss.gFilteredYawDeg)
                  202032bc    00000004     bsp_jy61.o (.bss.gIrqCount)
                  202032c0    00000004     app_car_control.o (.bss.gLTurnDirection)
                  202032c4    00000004     app_car_control.o (.bss.gLTurnStartLeftCount)
                  202032c8    00000004     app_car_control.o (.bss.gLTurnStartRightCount)
                  202032cc    00000004     app_car_control.o (.bss.gLTurnStartYawDeg)
                  202032d0    00000004     app_car_control.o (.bss.gLTurnTargetDeg)
                  202032d4    00000004     app_car_control.o (.bss.gLastLeftDelta)
                  202032d8    00000004     app_car_control.o (.bss.gLastLeftOutput)
                  202032dc    00000004     app_car_control.o (.bss.gLastLeftTargetSpeed)
                  202032e0    00000004     app_line_follow.o (.bss.gLastLineMs)
                  202032e4    00000004     app_car_control.o (.bss.gLastPidError)
                  202032e8    00000004     app_car_control.o (.bss.gLastRightDelta)
                  202032ec    00000004     app_car_control.o (.bss.gLastRightOutput)
                  202032f0    00000004     app_car_control.o (.bss.gLastRightTargetSpeed)
                  202032f4    00000004     app_menu.o (.bss.gLastStatusRefreshMs)
                  202032f8    00000004     app_car_control.o (.bss.gLastUpdateMs)
                  202032fc    00000004     hw_encoder.o (.bss.gLeftEncoderCount)
                  20203300    00000004     app_line_follow.o (.bss.gLineError)
                  20203304    00000004     app_car_control.o (.bss.gLineFollowResumeMs)
                  20203308    00000004     app_motion_control.o (.bss.gLinearSpeedMmS)
                  2020330c    00000004     app_car_control.o (.bss.gManualLeftDutyPercent)
                  20203310    00000004     app_car_control.o (.bss.gManualPulseStopMs)
                  20203314    00000004     app_car_control.o (.bss.gManualRightDutyPercent)
                  20203318    00000004     hw_openmv_uart.o (.bss.gOpenmvRxDroppedBytes)
                  2020331c    00000004     bsp_jy61.o (.bss.gPollCount)
                  20203320    00000004     app_car_control.o (.bss.gPreviousLeftCount)
                  20203324    00000004     app_car_control.o (.bss.gPreviousRightCount)
                  20203328    00000004     bsp_jy61.o (.bss.gQuatFrameCount)
                  2020332c    00000004     app_image_store.o (.bss.gReceivedSize)
                  20203330    00000004     hw_encoder.o (.bss.gRightEncoderCount)
                  20203334    00000004     app_image_store.o (.bss.gRunningCrc)
                  20203338    00000004     app_image_store.o (.bss.gRxLength)
                  2020333c    00000004     app_car_control.o (.bss.gSpeedTargetCounts)
                  20203340    00000004     app_motion_control.o (.bss.gStartLeftCount)
                  20203344    00000004     app_motion_control.o (.bss.gStartRightCount)
                  20203348    00000004     app_motion_control.o (.bss.gStartYawDeg)
                  2020334c    00000004     main.o (.bss.gSysTickMs)
                  20203350    00000004     app_motion_control.o (.bss.gTargetAngleDeg)
                  20203354    00000004     app_motion_control.o (.bss.gTargetCounts)
                  20203358    00000004     app_car_control.o (.bss.gTargetManualLeftDutyPercent)
                  2020335c    00000004     app_car_control.o (.bss.gTargetManualRightDutyPercent)
                  20203360    00000004     app_car_control.o (.bss.gTargetSpeedCounts)
                  20203364    00000004     hw_uart.o (.bss.gUartRxDroppedBytes)
                  20203368    00000004     hw_uart.o (.bss.gUartTxDroppedBytes)
                  2020336c    00000004     app_image_store.o (.bss.gWriteAddress)
                  20203370    00000004     hw_uart.o (.bss.uart_debug_read_line.rxIndex)
                  20203374    00000004     hw_openmv_uart.o (.bss.uart_openmv_read_line.rxIndex)
                  20203378    00000002     hw_openmv_uart.o (.bss.gOpenmvRxHead)
                  2020337a    00000002     hw_openmv_uart.o (.bss.gOpenmvRxTail)
                  2020337c    00000002     bsp_jy61.o (.bss.gPitchRaw)
                  2020337e    00000002     bsp_jy61.o (.bss.gRollRaw)
                  20203380    00000002     hw_uart.o (.bss.gUartRxHead)
                  20203382    00000002     hw_uart.o (.bss.gUartRxTail)
                  20203384    00000002     hw_uart.o (.bss.gUartTxHead)
                  20203386    00000002     hw_uart.o (.bss.gUartTxTail)
                  20203388    00000002     app_image_store.o (.bss.gWidth)
                  2020338a    00000002     bsp_jy61.o (.bss.gYawRaw)
                  2020338c    00000001     bsp_jy61.o (.bss.gAngleValid)
                  2020338d    00000001     main.o (.bss.gAttitudeUpdatePending)
                  2020338e    00000001     app_attitude.o (.bss.gAttitudeZeroValid)
                  2020338f    00000001     app_menu.o (.bss.gBackOkKey.1)
                  20203390    00000001     app_menu.o (.bss.gBackOkKey.0)
                  20203391    00000001     app_attitude.o (.bss.gBodyAnglesValid)
                  20203392    00000001     app_motion_control.o (.bss.gBusy)
                  20203393    00000001     app_menu.o (.bss.gControlSelected)
                  20203394    00000001     main.o (.bss.gControlUpdatePending)
                  20203395    00000001     app_image_store.o (.bss.gFileId)
                  20203396    00000001     app_menu.o (.bss.gFileSelected)
                  20203397    00000001     app_attitude.o (.bss.gFilteredYawValid)
                  20203398    00000001     bsp_jy61.o (.bss.gFrameType)
                  20203399    00000001     main.o (.bss.gHeartbeatUpdatePending)
                  2020339a    00000001     app_attitude.o (.bss.gJy61Ready)
                  2020339b    00000001     app_car_control.o (.bss.gLTurnActive)
                  2020339c    00000001     app_car_control.o (.bss.gLTurnYawValid)
                  2020339d    00000001     bsp_jy61.o (.bss.gLastFrameType)
                  2020339e    00000001     app_line_follow.o (.bss.gLineEnabled)
                  2020339f    00000001     app_line_follow.o (.bss.gLineValid)
                  202033a0    00000001     app_car_control.o (.bss.gManualMotorMode)
                  202033a1    00000001     main.o (.bss.gMenuUpdatePending)
                  202033a2    00000001     app_motion_control.o (.bss.gMode)
                  202033a3    00000001     main.o (.bss.gOdometryUpdatePending)
                  202033a4    00000001     bsp_jy61.o (.bss.gPayloadIndex)
                  202033a5    00000001     bsp_jy61.o (.bss.gQuatValid)
                  202033a6    00000001     hw_lcd.o (.bss.gQueueHead)
                  202033a7    00000001     hw_lcd.o (.bss.gQueueTail)
                  202033a8    00000001     app_image_store.o (.bss.gReceiving)
                  202033a9    00000001     app_menu.o (.bss.gRenderActive)
                  202033aa    00000001     app_menu.o (.bss.gRenderStep)
                  202033ab    00000001     app_menu.o (.bss.gRootSelected)
                  202033ac    00000001     bsp_jy61.o (.bss.gRxState)
                  202033ad    00000001     main.o (.bss.gStatusLedUpdatePending)
                  202033ae    00000001     app_car_control.o (.bss.gTelemetryEnabled)
                  202033af    00000001     main.o (.bss.gTelemetryUpdatePending)
                  202033b0    00000001     app_motion_control.o (.bss.gTurnYawValid)

.data      0    202033b4    0000000c     UNINITIALIZED
                  202033b4    00000004     libc.a : aeabi_portable.c.obj (.data.__aeabi_errno)
                  202033b8    00000004     bsp_jy61.o (.data.gBaudRate)
                  202033bc    00000001     app_menu.o (.data.gDirty)
                  202033bd    00000001     app_menu.o (.data.gPage)
                  202033be    00000001     app_menu.o (.data.gRenderPage)
                  202033bf    00000001     app_menu.o (.data.gReturnPage)

.stack     0    20207e00    00000200     UNINITIALIZED
                  20207e00    00000004     libc.a : boot_cortex_m.c.obj (.stack)
                  20207e04    000001fc     --HOLE--

__llvm_prf_cnts 
*          0    20200000    00000000     UNINITIALIZED

__llvm_prf_bits 
*          0    20200000    00000000     UNINITIALIZED

MODULE SUMMARY

       Module                         code    ro data   rw data
       ------                         ----    -------   -------
    .\
       ti_msp_dl_config.o             1156    70        416    
       main.o                         748     28        11     
       startup_mspm0g350x_ticlang.o   6       192       0      
    +--+------------------------------+-------+---------+---------+
       Total:                         1910    290       427    
                                                               
    .\app\
       app_image_store.o              9092    2160      6322   
       app_car_control.o              5774    789       176    
       app_attitude.o                 4460    654       48     
       app_menu.o                     2268    452       53     
       app_motion_control.o           1880    15        31     
       app_line_follow.o              412     6         10     
    +--+------------------------------+-------+---------+---------+
       Total:                         23886   4076      6640   
                                                               
    .\bsp\
       bsp_tb6612.o                   360     0         0      
    +--+------------------------------+-------+---------+---------+
       Total:                         360     0         0      
                                                               
    .\bsp\jy61\
       bsp_jy61.o                     2592    0         68     
    +--+------------------------------+-------+---------+---------+
       Total:                         2592    0         68     
                                                               
    .\hw\
       hw_lcd.o                       2700    13300     2770   
       hw_w25q64.o                    6776    0         0      
       hw_uart.o                      692     18        3156   
       hw_openmv_uart.o               532     0         172    
       hw_encoder.o                   268     0         8      
       hw_spi.o                       28      0         0      
    +--+------------------------------+-------+---------+---------+
       Total:                         10996   13318     6106   
                                                               
    .\mid\
       mid_pid.o                      200     0         0      
    +--+------------------------------+-------+---------+---------+
       Total:                         200     0         0      
                                                               
    C:/TI/mspm0_sdk_2_10_00_04/source/ti/driverlib/lib/ticlang/m0p/mspm0g1x0x_g3x0x/driverlib.a
       dl_timer.o                     356     0         0      
       dl_uart.o                      194     0         0      
       dl_spi.o                       86      0         0      
       dl_common.o                    10      0         0      
    +--+------------------------------+-------+---------+---------+
       Total:                         646     0         0      
                                                               
    F:\yingyong\ccs\ccs\tools\compiler\ti-cgt-armllvm_5.1.1.LTS\lib\armv6m-ti-none-eabi/c/libc.a
       _scanfi.c.obj                  3246    26        0      
       _printfi.c.obj                 2282    34        0      
       k_rem_pio2.c.obj               1686    344       0      
       strtod.c.obj                   960     200       0      
       strtof.c.obj                   856     88        0      
       s_cosf.c.obj                   826     0         0      
       s_sinf.c.obj                   814     0         0      
       divdf3_fast.c.obj              732     0         0      
       s_atanf.c.obj                  466     32        0      
       strtoll.c.obj                  476     0         0      
       muldf3_fast.c.obj              472     0         0      
       e_sqrt.c.obj                   372     0         0      
       strtoull.c.obj                 360     0         0      
       e_asinf.c.obj                  358     0         0      
       s_floor.c.obj                  328     0         0      
       strtol.c.obj                   324     0         0      
       strtoul.c.obj                  300     0         0      
       e_atan2f.c.obj                 280     0         0      
       aeabi_ctype.S.obj              0       257       0      
       s_scalbn.c.obj                 220     0         0      
       sscanf.c.obj                   192     0         0      
       s_scalbnf.c.obj                188     0         0      
       memcpy16.S.obj                 154     0         0      
       snprintf.c.obj                 146     0         0      
       strcmp-armv6m.S.obj            136     0         0      
       copy_decompress_lzss.c.obj     124     0         0      
       memset16.S.obj                 98      0         0      
       atoi.c.obj                     68      0         0      
       autoinit.c.obj                 60      0         0      
       boot_cortex_m.c.obj            40      0         0      
       memccpy.c.obj                  34      0         0      
       copy_decompress_none.c.obj     18      0         0      
       copy_zero_init.c.obj           16      0         0      
       wcslen.c.obj                   16      0         0      
       aeabi_portable.c.obj           8       0         4      
       exit.c.obj                     6       0         0      
       pre_init.c.obj                 4       0         0      
    +--+------------------------------+-------+---------+---------+
       Total:                         16666   981       4      
                                                               
    F:\yingyong\ccs\ccs\tools\compiler\ti-cgt-armllvm_5.1.1.LTS\lib\armv6m-ti-none-eabi/c/libsysbm.a
       hostexit.c.obj                 4       0         0      
    +--+------------------------------+-------+---------+---------+
       Total:                         4       0         0      
                                                               
    F:\yingyong\ccs\ccs\tools\compiler\ti-cgt-armllvm_5.1.1.LTS\lib\armv6m-ti-none-eabi/libclang_rt.builtins.a
       adddf3.S.obj                   418     0         0      
       addsf3.S.obj                   232     0         0      
       comparedf2.c.obj               220     0         0      
       udivmoddi4.S.obj               162     0         0      
       mulsf3.S.obj                   156     0         0      
       divsf3.S.obj                   146     0         0      
       comparesf2.S.obj               140     0         0      
       truncdfsf2.S.obj               116     0         0      
       aeabi_dcmp.S.obj               106     0         0      
       aeabi_fcmp.S.obj               90      0         0      
       aeabi_idivmod.S.obj            86      0         0      
       extendsfdf2.S.obj              80      0         0      
       fixdfsi.S.obj                  74      0         0      
       aeabi_uidivmod.S.obj           64      0         0      
       floatsisf.S.obj                60      0         0      
       muldsi3.S.obj                  58      0         0      
       fixsfsi.S.obj                  56      0         0      
       fixunssfsi.S.obj               50      0         0      
       floatsidf.S.obj                44      0         0      
       floatunsisf.S.obj              40      0         0      
       muldi3.S.obj                   36      0         0      
       ashldi3.S.obj                  30      0         0      
       aeabi_memset.S.obj             26      0         0      
       aeabi_uldivmod.S.obj           20      0         0      
       aeabi_ddiv.c.obj               8       0         0      
       aeabi_dmul.c.obj               8       0         0      
       aeabi_memcpy.S.obj             8       0         0      
       aeabi_div0.c.obj               4       0         0      
    +--+------------------------------+-------+---------+---------+
       Total:                         2538    0         0      
                                                               
       Stack:                         0       0         512    
       Linker Generated:              0       49        0      
    +--+------------------------------+-------+---------+---------+
       Grand Total:                   59798   18714     13757  


LINKER GENERATED COPY TABLES

__TI_cinit_table @ 000132d4 records: 2, size/record: 8, table size: 16
	.data: load addr=000132b0, load size=0000000d bytes, run addr=202033b4, run size=0000000c bytes, compression=lzss
	.bss: load addr=000132cc, load size=00000008 bytes, run addr=20200000, run size=000033b1 bytes, compression=zero_init


LINKER GENERATED HANDLER TABLE

__TI_handler_table @ 000132c0 records: 3, size/record: 4, table size: 12
	index: 0, handler: __TI_decompress_lzss
	index: 1, handler: __TI_decompress_none
	index: 2, handler: __TI_zero_init


FAR CALL TRAMPOLINES

callee name               trampoline name
   callee addr  tramp addr   call addr  call info
--------------  -----------  ---------  ----------------
__aeabi_dadd              $Tramp$TT$L$PI$$__aeabi_dadd
   0000a46b     0000e7c0     0000e7be   libc.a : k_rem_pio2.c.obj (.text.OUTLINED_FUNCTION_0)
                             0000e940          : k_rem_pio2.c.obj (.text.OUTLINED_FUNCTION_1)
                             0000e94a          : s_cosf.c.obj (.text.OUTLINED_FUNCTION_3)
                             0000e954          : s_sinf.c.obj (.text.OUTLINED_FUNCTION_3)
__aeabi_dcmpeq            $Tramp$TT$L$PI$$__aeabi_dcmpeq
   0000db55     0000e988     0000e984   libc.a : strtod.c.obj (.text.OUTLINED_FUNCTION_1)
__aeabi_fmul              $Tramp$TT$L$PI$$__aeabi_fmul
   0000cdb1     0000e9f0     0000e9ec   libc.a : e_asinf.c.obj (.text.OUTLINED_FUNCTION_0)
__aeabi_fdiv              $Tramp$TT$L$PI$$__aeabi_fdiv
   0000cf59     0000ea08     0000ea04   libc.a : s_atanf.c.obj (.text.OUTLINED_FUNCTION_0)
__aeabi_fadd              $Tramp$TT$L$PI$$__aeabi_fadd
   0000bf8b     0000ea48     0000ea44   libc.a : s_atanf.c.obj (.text.OUTLINED_FUNCTION_1)
__aeabi_f2d               $Tramp$TT$L$PI$$__aeabi_f2d
   0000e1d5     0000ea5c     0000ea5a   libc.a : s_cosf.c.obj (.text.OUTLINED_FUNCTION_2)
                             0000ea6e          : s_sinf.c.obj (.text.OUTLINED_FUNCTION_2)

[6 trampolines]
[10 trampoline calls]


GLOBAL SYMBOLS: SORTED ALPHABETICALLY BY Name 

address   name                             
-------   ----                             
0000a5f3  ADC0_IRQHandler                  
0000a5f3  ADC1_IRQHandler                  
0000a5f3  AES_IRQHandler                   
0000dc0d  AO_Control                       
0000daf5  BO_Control                       
0000d49c  C$$EXIT                          
0000a5f3  CANFD0_IRQHandler                
0000a5f3  DAC0_IRQHandler                  
0000e925  DL_Common_delayCycles            
0000e049  DL_SPI_init                      
0000e80d  DL_SPI_setClockConfig            
0000b915  DL_Timer_initFourCCPWMMode       
0000e675  DL_Timer_setCaptCompUpdateMethod 
0000e71d  DL_Timer_setCaptureCompareOutCtl 
0000e845  DL_Timer_setCaptureCompareValue  
0000e691  DL_Timer_setClockConfig          
0000dee1  DL_UART_init                     
0000e6ad  DL_UART_receiveDataCheck         
0000e81f  DL_UART_setClockConfig           
0000e3a1  DL_UART_transmitDataBlocking     
0000e6c9  DL_UART_transmitDataCheck        
0000a5f3  DMA_IRQHandler                   
0000a5f3  Default_Handler                  
0000a5f3  GROUP0_IRQHandler                
0000e957  GROUP1_IRQHandler                
0000d49d  HOSTexit                         
0000a5f3  HardFault_Handler                
0000a5f3  I2C0_IRQHandler                  
0000a5f3  I2C1_IRQHandler                  
0000e95f  LCD_Address_Set                  
0000d6d5  LCD_Fill                         
00006ab9  LCD_ShowString                   
0000e735  LCD_WR_DATA8                     
0000a5f3  NMI_Handler                      
0000a5f3  PendSV_Handler                   
0000a5f3  RTC_IRQHandler                   
0000ea71  Reset_Handler                    
0000a5f3  SPI0_IRQHandler                  
0000a5f3  SPI1_IRQHandler                  
0000a5f3  SVC_Handler                      
0000bb19  SYSCFG_DL_GPIO_init              
0000d741  SYSCFG_DL_PWM_LEFT_init          
0000d7ad  SYSCFG_DL_PWM_RIGHT_init         
0000df29  SYSCFG_DL_SPI_LCD_init           
0000e115  SYSCFG_DL_SYSCTL_init            
0000cfdd  SYSCFG_DL_UART_DEBUG_init        
0000d059  SYSCFG_DL_UART_JY61P_init        
0000d0d5  SYSCFG_DL_UART_OPENMV_init       
0000df71  SYSCFG_DL_init                   
0000d515  SYSCFG_DL_initPower              
0000bdd1  SysTick_Handler                  
0000da2d  TB6612_Init                      
0000dd65  TB6612_Motor_Stop                
0000a5f3  TIMA0_IRQHandler                 
0000a5f3  TIMA1_IRQHandler                 
0000a5f3  TIMG0_IRQHandler                 
0000a5f3  TIMG12_IRQHandler                
0000a5f3  TIMG6_IRQHandler                 
0000a5f3  TIMG7_IRQHandler                 
0000a5f3  TIMG8_IRQHandler                 
0000e9a1  UART0_IRQHandler                 
0000e9a9  UART1_IRQHandler                 
0000e9b1  UART2_IRQHandler                 
0000a5f3  UART3_IRQHandler                 
20208000  __STACK_END                      
00000200  __STACK_SIZE                     
00000000  __TI_ATRegion0_region_sz         
00000000  __TI_ATRegion0_src_addr          
00000000  __TI_ATRegion0_trg_addr          
00000000  __TI_ATRegion1_region_sz         
00000000  __TI_ATRegion1_src_addr          
00000000  __TI_ATRegion1_trg_addr          
00000000  __TI_ATRegion2_region_sz         
00000000  __TI_ATRegion2_src_addr          
00000000  __TI_ATRegion2_trg_addr          
000132d4  __TI_CINIT_Base                  
000132e4  __TI_CINIT_Limit                 
000132e4  __TI_CINIT_Warm                  
000132c0  __TI_Handler_Table_Base          
000132cc  __TI_Handler_Table_Limit         
0000e215  __TI_auto_init_nobinit_nopinit   
0000d249  __TI_decompress_lzss             
0000e831  __TI_decompress_none             
ffffffff  __TI_pprof_out_hndl              
00002549  __TI_printfi_nofloat             
ffffffff  __TI_prof_data_size              
ffffffff  __TI_prof_data_start             
00000dbd  __TI_scanfi                      
00000000  __TI_static_base__               
0000e8a5  __TI_zero_init                   
0000a46b  __adddf3                         
0000bf8b  __addsf3                         
00012390  __aeabi_ctype_table_             
00012390  __aeabi_ctype_table_C            
0000d4a1  __aeabi_d2f                      
0000de95  __aeabi_d2iz                     
0000a46b  __aeabi_dadd                     
0000db55  __aeabi_dcmpeq                   
0000db8b  __aeabi_dcmpge                   
0000db9d  __aeabi_dcmpgt                   
0000db79  __aeabi_dcmple                   
0000db67  __aeabi_dcmplt                   
0000e9b9  __aeabi_ddiv_fast                
0000e9c1  __aeabi_dmul_fast                
0000a461  __aeabi_dsub                     
202033b4  __aeabi_errno                    
0000e9c9  __aeabi_errno_addr               
0000e1d5  __aeabi_f2d                      
0000e301  __aeabi_f2iz                     
0000e36d  __aeabi_f2uiz                    
0000bf8b  __aeabi_fadd                     
0000dbb1  __aeabi_fcmpeq                   
0000dbe7  __aeabi_fcmpge                   
0000dbf9  __aeabi_fcmpgt                   
0000dbd5  __aeabi_fcmple                   
0000dbc3  __aeabi_fcmplt                   
0000cd9b  __aeabi_fcmpun                   
0000cf59  __aeabi_fdiv                     
0000cdb1  __aeabi_fmul                     
0000bf81  __aeabi_fsub                     
0000e48d  __aeabi_i2d                      
0000e251  __aeabi_i2f                      
0000dc65  __aeabi_idiv                     
0000c71f  __aeabi_idiv0                    
0000dc65  __aeabi_idivmod                  
0000cb67  __aeabi_ldiv0                    
0000e655  __aeabi_llsl                     
0000e5ed  __aeabi_lmul                     
0000e70f  __aeabi_memclr                   
0000e70f  __aeabi_memclr4                  
0000e70f  __aeabi_memclr8                  
0000e9e1  __aeabi_memcpy                   
0000e9e1  __aeabi_memcpy4                  
0000e9e1  __aeabi_memcpy8                  
0000e701  __aeabi_memset                   
0000e701  __aeabi_memset4                  
0000e701  __aeabi_memset8                  
0000e559  __aeabi_ui2f                     
0000e195  __aeabi_uidiv                    
0000e195  __aeabi_uidivmod                 
0000e7f9  __aeabi_uldivmod                 
0000e655  __ashldi3                        
ffffffff  __binit__                        
0000d95d  __cmpdf2                         
0000cd25  __cmpsf2                         
00007b21  __divdf3_fast                    
0000cf59  __divsf3                         
0000d95d  __eqdf2                          
0000cd25  __eqsf2                          
0000e1d5  __extendsfdf2                    
0000de95  __fixdfsi                        
0000e301  __fixsfsi                        
0000e36d  __fixunssfsi                     
0000e48d  __floatsidf                      
0000e251  __floatsisf                      
0000e559  __floatunsisf                    
0000d3b5  __gedf2                          
0000cd5f  __gesf2                          
0000d3b5  __gtdf2                          
0000cd5f  __gtsf2                          
00003529  __kernel_rem_pio2                
0000d95d  __ledf2                          
0000cd25  __lesf2                          
0000d95d  __ltdf2                          
0000cd25  __ltsf2                          
UNDEFED   __mpu_init                       
000099a5  __muldf3_fast                    
0000e5ed  __muldi3                         
0000e28d  __muldsi3                        
0000cdb1  __mulsf3                         
0000d95d  __nedf2                          
0000cd25  __nesf2                          
20207e00  __stack                          
20200000  __start___llvm_prf_bits          
20200000  __start___llvm_prf_cnts          
20200000  __stop___llvm_prf_bits           
20200000  __stop___llvm_prf_cnts           
0000a461  __subdf3                         
0000bf81  __subsf3                         
0000d4a1  __truncdfsf2                     
0000c67d  __udivmoddi4                     
0000cd9b  __unordsf2                       
0000e531  _c_int00_noargs                  
UNDEFED   _system_post_cinit               
0000ea75  _system_pre_init                 
0000ea3d  abort                            
0000cb69  app_attitude_init                
0000e7e5  app_attitude_poll                
00007805  app_attitude_process_command     
0000e581  app_attitude_read_yaw            
00001a45  app_attitude_send                
0000d819  app_car_control_init             
00002e25  app_car_control_process_command  
0000e08d  app_car_control_send_heartbeat   
0000e155  app_car_control_send_odometry    
00008b55  app_car_control_send_telemetry   
0000e855  app_car_control_toggle_status_led
000047cd  app_car_control_update           
0000bc11  app_image_store_get_file_by_index
0000a2b1  app_image_store_get_file_count   
0000e9d9  app_image_store_init             
0000cec5  app_image_store_is_receiving     
000000c1  app_image_store_process_command  
000041bd  app_image_store_service          
0000ce3d  app_image_store_show_image       
0000d151  app_menu_init                    
00005b59  app_menu_update                  
00011a00  ascii_1206                       
00011410  ascii_1608                       
00010240  ascii_2412                       
0000ea80  ascii_3216                       
0000abb1  asinf                            
0000b6f5  atan2f                           
00009f21  atanf                            
0000e0d1  atoi                             
ffffffff  binit                            
00009b7d  cosf                             
0000e765  encoder_get_counts               
0000cc01  encoder_handle_gpio_irq          
0000dfb9  encoder_init                     
0000e77d  encoder_reset                    
0000ae6d  floor                            
0000ae6d  floorl                           
20202f00  gPWM_LEFTBackup                  
20202fbc  gPWM_RIGHTBackup                 
20203188  gSPI_LCDBackup                   
00000000  interruptVectors                 
0000ba19  jy61_configure_output            
0000e8c5  jy61_get_baudrate                
0000d885  jy61_handle_irq                  
0000c1d9  jy61_init                        
0000d585  jy61_poll                        
00008391  jy61_probe_baudrate              
0000d1cd  jy61_read_angles                 
0000c059  jy61_read_debug                  
0000d9c5  jy61_read_quaternion             
0000b23d  jy61_set_baudrate                
0000c721  jy61_zero_yaw                    
000074dd  lcd_init                         
0000863d  lcd_service                      
0000bcf5  ldexp                            
0000c11d  ldexpf                           
0000bcf5  ldexpl                           
0000e8d1  line_follow_get_error            
0000d2c5  line_follow_get_turn_adjust      
0000e5a5  line_follow_init                 
0000e4b9  line_follow_is_active            
0000e3d1  line_follow_is_valid             
0000c8f9  line_follow_parse_command        
000093f5  main                             
0000e611  memccpy                          
0000cacd  memcpy                           
0000da91  memset                           
0000e8dd  motion_control_get_mode          
0000e865  motion_control_get_target_deg_s  
0000e875  motion_control_get_target_mm_s   
0000dcbd  motion_control_init              
0000e885  motion_control_is_active         
0000e8e9  motion_control_is_busy           
00005f7d  motion_control_parse_command     
00007dfd  motion_control_update            
0000c535  pid_calc                         
0000e795  pid_init                         
0000e8f5  pid_reset                        
0000bcf5  scalbn                           
0000c11d  scalbnf                          
0000bcf5  scalbnl                          
00009d55  sinf                             
0000e001  snprintf                         
0000e6e5  spi_write_bus                    
0000a771  sqrt                             
0000a771  sqrtl                            
0000e431  sscanf                           
0000ced1  strcmp                           
0000636d  strtod                           
0000718d  strtof                           
0000b0f9  strtol                           
0000636d  strtold                          
000097c9  strtoll                          
0000b4a9  strtoul                          
0000a8e5  strtoull                         
0000e901  uart_debug_get_rx_dropped_bytes  
0000e90d  uart_debug_get_tx_dropped_bytes  
0000d5f5  uart_debug_handle_irq            
0000e4e1  uart_debug_init                  
0000e2c9  uart_debug_read_byte             
0000b375  uart_debug_read_line             
0000ddb1  uart_debug_service_tx            
0000ddfd  uart_debug_write_string          
0000d665  uart_openmv_handle_irq           
0000e509  uart_openmv_init                 
0000c5d9  uart_openmv_read_line            
0000bea9  uart_openmv_write_string         
00008fe5  w25q64_erase_sector              
000080c9  w25q64_init                      
0000e5c9  w25q64_is_valid_jedec_id         
0000d8f1  w25q64_probe_jedec_ids           
000088e9  w25q64_read                      
0000de49  w25q64_read_gpio_levels          
000052b5  w25q64_read_jedec_id             
0000e919  w25q64_read_jedec_id_atomic      
0000671d  w25q64_write                     
0000e895  wcslen                           


GLOBAL SYMBOLS: SORTED BY Symbol Address 

address   name                             
-------   ----                             
00000000  __TI_ATRegion0_region_sz         
00000000  __TI_ATRegion0_src_addr          
00000000  __TI_ATRegion0_trg_addr          
00000000  __TI_ATRegion1_region_sz         
00000000  __TI_ATRegion1_src_addr          
00000000  __TI_ATRegion1_trg_addr          
00000000  __TI_ATRegion2_region_sz         
00000000  __TI_ATRegion2_src_addr          
00000000  __TI_ATRegion2_trg_addr          
00000000  __TI_static_base__               
00000000  interruptVectors                 
000000c1  app_image_store_process_command  
00000200  __STACK_SIZE                     
00000dbd  __TI_scanfi                      
00001a45  app_attitude_send                
00002549  __TI_printfi_nofloat             
00002e25  app_car_control_process_command  
00003529  __kernel_rem_pio2                
000041bd  app_image_store_service          
000047cd  app_car_control_update           
000052b5  w25q64_read_jedec_id             
00005b59  app_menu_update                  
00005f7d  motion_control_parse_command     
0000636d  strtod                           
0000636d  strtold                          
0000671d  w25q64_write                     
00006ab9  LCD_ShowString                   
0000718d  strtof                           
000074dd  lcd_init                         
00007805  app_attitude_process_command     
00007b21  __divdf3_fast                    
00007dfd  motion_control_update            
000080c9  w25q64_init                      
00008391  jy61_probe_baudrate              
0000863d  lcd_service                      
000088e9  w25q64_read                      
00008b55  app_car_control_send_telemetry   
00008fe5  w25q64_erase_sector              
000093f5  main                             
000097c9  strtoll                          
000099a5  __muldf3_fast                    
00009b7d  cosf                             
00009d55  sinf                             
00009f21  atanf                            
0000a2b1  app_image_store_get_file_count   
0000a461  __aeabi_dsub                     
0000a461  __subdf3                         
0000a46b  __adddf3                         
0000a46b  __aeabi_dadd                     
0000a5f3  ADC0_IRQHandler                  
0000a5f3  ADC1_IRQHandler                  
0000a5f3  AES_IRQHandler                   
0000a5f3  CANFD0_IRQHandler                
0000a5f3  DAC0_IRQHandler                  
0000a5f3  DMA_IRQHandler                   
0000a5f3  Default_Handler                  
0000a5f3  GROUP0_IRQHandler                
0000a5f3  HardFault_Handler                
0000a5f3  I2C0_IRQHandler                  
0000a5f3  I2C1_IRQHandler                  
0000a5f3  NMI_Handler                      
0000a5f3  PendSV_Handler                   
0000a5f3  RTC_IRQHandler                   
0000a5f3  SPI0_IRQHandler                  
0000a5f3  SPI1_IRQHandler                  
0000a5f3  SVC_Handler                      
0000a5f3  TIMA0_IRQHandler                 
0000a5f3  TIMA1_IRQHandler                 
0000a5f3  TIMG0_IRQHandler                 
0000a5f3  TIMG12_IRQHandler                
0000a5f3  TIMG6_IRQHandler                 
0000a5f3  TIMG7_IRQHandler                 
0000a5f3  TIMG8_IRQHandler                 
0000a5f3  UART3_IRQHandler                 
0000a771  sqrt                             
0000a771  sqrtl                            
0000a8e5  strtoull                         
0000abb1  asinf                            
0000ae6d  floor                            
0000ae6d  floorl                           
0000b0f9  strtol                           
0000b23d  jy61_set_baudrate                
0000b375  uart_debug_read_line             
0000b4a9  strtoul                          
0000b6f5  atan2f                           
0000b915  DL_Timer_initFourCCPWMMode       
0000ba19  jy61_configure_output            
0000bb19  SYSCFG_DL_GPIO_init              
0000bc11  app_image_store_get_file_by_index
0000bcf5  ldexp                            
0000bcf5  ldexpl                           
0000bcf5  scalbn                           
0000bcf5  scalbnl                          
0000bdd1  SysTick_Handler                  
0000bea9  uart_openmv_write_string         
0000bf81  __aeabi_fsub                     
0000bf81  __subsf3                         
0000bf8b  __addsf3                         
0000bf8b  __aeabi_fadd                     
0000c059  jy61_read_debug                  
0000c11d  ldexpf                           
0000c11d  scalbnf                          
0000c1d9  jy61_init                        
0000c535  pid_calc                         
0000c5d9  uart_openmv_read_line            
0000c67d  __udivmoddi4                     
0000c71f  __aeabi_idiv0                    
0000c721  jy61_zero_yaw                    
0000c8f9  line_follow_parse_command        
0000cacd  memcpy                           
0000cb67  __aeabi_ldiv0                    
0000cb69  app_attitude_init                
0000cc01  encoder_handle_gpio_irq          
0000cd25  __cmpsf2                         
0000cd25  __eqsf2                          
0000cd25  __lesf2                          
0000cd25  __ltsf2                          
0000cd25  __nesf2                          
0000cd5f  __gesf2                          
0000cd5f  __gtsf2                          
0000cd9b  __aeabi_fcmpun                   
0000cd9b  __unordsf2                       
0000cdb1  __aeabi_fmul                     
0000cdb1  __mulsf3                         
0000ce3d  app_image_store_show_image       
0000cec5  app_image_store_is_receiving     
0000ced1  strcmp                           
0000cf59  __aeabi_fdiv                     
0000cf59  __divsf3                         
0000cfdd  SYSCFG_DL_UART_DEBUG_init        
0000d059  SYSCFG_DL_UART_JY61P_init        
0000d0d5  SYSCFG_DL_UART_OPENMV_init       
0000d151  app_menu_init                    
0000d1cd  jy61_read_angles                 
0000d249  __TI_decompress_lzss             
0000d2c5  line_follow_get_turn_adjust      
0000d3b5  __gedf2                          
0000d3b5  __gtdf2                          
0000d49c  C$$EXIT                          
0000d49d  HOSTexit                         
0000d4a1  __aeabi_d2f                      
0000d4a1  __truncdfsf2                     
0000d515  SYSCFG_DL_initPower              
0000d585  jy61_poll                        
0000d5f5  uart_debug_handle_irq            
0000d665  uart_openmv_handle_irq           
0000d6d5  LCD_Fill                         
0000d741  SYSCFG_DL_PWM_LEFT_init          
0000d7ad  SYSCFG_DL_PWM_RIGHT_init         
0000d819  app_car_control_init             
0000d885  jy61_handle_irq                  
0000d8f1  w25q64_probe_jedec_ids           
0000d95d  __cmpdf2                         
0000d95d  __eqdf2                          
0000d95d  __ledf2                          
0000d95d  __ltdf2                          
0000d95d  __nedf2                          
0000d9c5  jy61_read_quaternion             
0000da2d  TB6612_Init                      
0000da91  memset                           
0000daf5  BO_Control                       
0000db55  __aeabi_dcmpeq                   
0000db67  __aeabi_dcmplt                   
0000db79  __aeabi_dcmple                   
0000db8b  __aeabi_dcmpge                   
0000db9d  __aeabi_dcmpgt                   
0000dbb1  __aeabi_fcmpeq                   
0000dbc3  __aeabi_fcmplt                   
0000dbd5  __aeabi_fcmple                   
0000dbe7  __aeabi_fcmpge                   
0000dbf9  __aeabi_fcmpgt                   
0000dc0d  AO_Control                       
0000dc65  __aeabi_idiv                     
0000dc65  __aeabi_idivmod                  
0000dcbd  motion_control_init              
0000dd65  TB6612_Motor_Stop                
0000ddb1  uart_debug_service_tx            
0000ddfd  uart_debug_write_string          
0000de49  w25q64_read_gpio_levels          
0000de95  __aeabi_d2iz                     
0000de95  __fixdfsi                        
0000dee1  DL_UART_init                     
0000df29  SYSCFG_DL_SPI_LCD_init           
0000df71  SYSCFG_DL_init                   
0000dfb9  encoder_init                     
0000e001  snprintf                         
0000e049  DL_SPI_init                      
0000e08d  app_car_control_send_heartbeat   
0000e0d1  atoi                             
0000e115  SYSCFG_DL_SYSCTL_init            
0000e155  app_car_control_send_odometry    
0000e195  __aeabi_uidiv                    
0000e195  __aeabi_uidivmod                 
0000e1d5  __aeabi_f2d                      
0000e1d5  __extendsfdf2                    
0000e215  __TI_auto_init_nobinit_nopinit   
0000e251  __aeabi_i2f                      
0000e251  __floatsisf                      
0000e28d  __muldsi3                        
0000e2c9  uart_debug_read_byte             
0000e301  __aeabi_f2iz                     
0000e301  __fixsfsi                        
0000e36d  __aeabi_f2uiz                    
0000e36d  __fixunssfsi                     
0000e3a1  DL_UART_transmitDataBlocking     
0000e3d1  line_follow_is_valid             
0000e431  sscanf                           
0000e48d  __aeabi_i2d                      
0000e48d  __floatsidf                      
0000e4b9  line_follow_is_active            
0000e4e1  uart_debug_init                  
0000e509  uart_openmv_init                 
0000e531  _c_int00_noargs                  
0000e559  __aeabi_ui2f                     
0000e559  __floatunsisf                    
0000e581  app_attitude_read_yaw            
0000e5a5  line_follow_init                 
0000e5c9  w25q64_is_valid_jedec_id         
0000e5ed  __aeabi_lmul                     
0000e5ed  __muldi3                         
0000e611  memccpy                          
0000e655  __aeabi_llsl                     
0000e655  __ashldi3                        
0000e675  DL_Timer_setCaptCompUpdateMethod 
0000e691  DL_Timer_setClockConfig          
0000e6ad  DL_UART_receiveDataCheck         
0000e6c9  DL_UART_transmitDataCheck        
0000e6e5  spi_write_bus                    
0000e701  __aeabi_memset                   
0000e701  __aeabi_memset4                  
0000e701  __aeabi_memset8                  
0000e70f  __aeabi_memclr                   
0000e70f  __aeabi_memclr4                  
0000e70f  __aeabi_memclr8                  
0000e71d  DL_Timer_setCaptureCompareOutCtl 
0000e735  LCD_WR_DATA8                     
0000e765  encoder_get_counts               
0000e77d  encoder_reset                    
0000e795  pid_init                         
0000e7e5  app_attitude_poll                
0000e7f9  __aeabi_uldivmod                 
0000e80d  DL_SPI_setClockConfig            
0000e81f  DL_UART_setClockConfig           
0000e831  __TI_decompress_none             
0000e845  DL_Timer_setCaptureCompareValue  
0000e855  app_car_control_toggle_status_led
0000e865  motion_control_get_target_deg_s  
0000e875  motion_control_get_target_mm_s   
0000e885  motion_control_is_active         
0000e895  wcslen                           
0000e8a5  __TI_zero_init                   
0000e8c5  jy61_get_baudrate                
0000e8d1  line_follow_get_error            
0000e8dd  motion_control_get_mode          
0000e8e9  motion_control_is_busy           
0000e8f5  pid_reset                        
0000e901  uart_debug_get_rx_dropped_bytes  
0000e90d  uart_debug_get_tx_dropped_bytes  
0000e919  w25q64_read_jedec_id_atomic      
0000e925  DL_Common_delayCycles            
0000e957  GROUP1_IRQHandler                
0000e95f  LCD_Address_Set                  
0000e9a1  UART0_IRQHandler                 
0000e9a9  UART1_IRQHandler                 
0000e9b1  UART2_IRQHandler                 
0000e9b9  __aeabi_ddiv_fast                
0000e9c1  __aeabi_dmul_fast                
0000e9c9  __aeabi_errno_addr               
0000e9d9  app_image_store_init             
0000e9e1  __aeabi_memcpy                   
0000e9e1  __aeabi_memcpy4                  
0000e9e1  __aeabi_memcpy8                  
0000ea3d  abort                            
0000ea71  Reset_Handler                    
0000ea75  _system_pre_init                 
0000ea80  ascii_3216                       
00010240  ascii_2412                       
00011410  ascii_1608                       
00011a00  ascii_1206                       
00012390  __aeabi_ctype_table_             
00012390  __aeabi_ctype_table_C            
000132c0  __TI_Handler_Table_Base          
000132cc  __TI_Handler_Table_Limit         
000132d4  __TI_CINIT_Base                  
000132e4  __TI_CINIT_Limit                 
000132e4  __TI_CINIT_Warm                  
20200000  __start___llvm_prf_bits          
20200000  __start___llvm_prf_cnts          
20200000  __stop___llvm_prf_bits           
20200000  __stop___llvm_prf_cnts           
20202f00  gPWM_LEFTBackup                  
20202fbc  gPWM_RIGHTBackup                 
20203188  gSPI_LCDBackup                   
202033b4  __aeabi_errno                    
20207e00  __stack                          
20208000  __STACK_END                      
ffffffff  __TI_pprof_out_hndl              
ffffffff  __TI_prof_data_size              
ffffffff  __TI_prof_data_start             
ffffffff  __binit__                        
ffffffff  binit                            
UNDEFED   __mpu_init                       
UNDEFED   _system_post_cinit               

[303 symbols]
