<?xml version="1.0" encoding="ISO-8859-1" ?>
<link_info>
   <banner>TI ARM Clang Linker PC v5.1.1.LTS</banner>
   <copyright>Copyright (c) 1996-2018 Texas Instruments Incorporated</copyright>
   <command_line>F:\yingyong\ccs\ccs\tools\compiler\ti-cgt-armllvm_5.1.1.LTS\bin\tiarmlnk -IF:\yingyong\ccs\ccs\tools\compiler\ti-cgt-armllvm_5.1.1.LTS\lib -o gpio_toggle_output.out --cg_opt_level=2 -mgpio_toggle_output.map -iC:/TI/mspm0_sdk_2_10_00_04/source -iC:/Users/14166/workspace_ccstheia/gpio_toggle_output -iC:/Users/14166/workspace_ccstheia/gpio_toggle_output/Debug/syscfg -iF:/yingyong/ccs/ccs/tools/compiler/ti-cgt-armllvm_5.1.1.LTS/lib --diag_wrap=off --display_error_number --warn_sections --xml_link_info=gpio_toggle_output_linkInfo.xml --rom_model ./ti_msp_dl_config.o ./startup_mspm0g350x_ticlang.o ./main.o ./app/app_attitude.o ./app/app_car_control.o ./app/app_image_store.o ./app/app_line_follow.o ./app/app_menu.o ./app/app_motion_control.o ./bsp/bsp_tb6612.o ./bsp/jy61/bsp_jy61.o ./hw/hw_encoder.o ./hw/hw_lcd.o ./hw/hw_openmv_uart.o ./hw/hw_spi.o ./hw/hw_uart.o ./hw/hw_w25q64.o ./mid/mid_pid.o -l./device_linker.cmd -ldevice.cmd.genlibs -llibc.a --start-group -llibc++.a -llibc++abi.a -llibc.a -llibsys.a -llibsysbm.a -llibclang_rt.builtins.a -llibclang_rt.profile.a --end-group</command_line>
   <link_time>0x6a4dbf7e</link_time>
   <link_errors>0x0</link_errors>
   <output_file>C:\Users\14166\workspace_ccstheia\gpio_toggle_output\Debug\gpio_toggle_output.out</output_file>
   <entry_point>
      <name>_c_int00_noargs</name>
      <address>0xd865</address>
   </entry_point>
   <input_file_list>
      <input_file id="fl-1">
         <path>C:\Users\14166\workspace_ccstheia\gpio_toggle_output\Debug\.\</path>
         <kind>object</kind>
         <file>ti_msp_dl_config.o</file>
         <name>ti_msp_dl_config.o</name>
      </input_file>
      <input_file id="fl-2">
         <path>C:\Users\14166\workspace_ccstheia\gpio_toggle_output\Debug\.\</path>
         <kind>object</kind>
         <file>startup_mspm0g350x_ticlang.o</file>
         <name>startup_mspm0g350x_ticlang.o</name>
      </input_file>
      <input_file id="fl-3">
         <path>C:\Users\14166\workspace_ccstheia\gpio_toggle_output\Debug\.\</path>
         <kind>object</kind>
         <file>main.o</file>
         <name>main.o</name>
      </input_file>
      <input_file id="fl-4">
         <path>C:\Users\14166\workspace_ccstheia\gpio_toggle_output\Debug\.\app\</path>
         <kind>object</kind>
         <file>app_attitude.o</file>
         <name>app_attitude.o</name>
      </input_file>
      <input_file id="fl-5">
         <path>C:\Users\14166\workspace_ccstheia\gpio_toggle_output\Debug\.\app\</path>
         <kind>object</kind>
         <file>app_car_control.o</file>
         <name>app_car_control.o</name>
      </input_file>
      <input_file id="fl-6">
         <path>C:\Users\14166\workspace_ccstheia\gpio_toggle_output\Debug\.\app\</path>
         <kind>object</kind>
         <file>app_image_store.o</file>
         <name>app_image_store.o</name>
      </input_file>
      <input_file id="fl-7">
         <path>C:\Users\14166\workspace_ccstheia\gpio_toggle_output\Debug\.\app\</path>
         <kind>object</kind>
         <file>app_line_follow.o</file>
         <name>app_line_follow.o</name>
      </input_file>
      <input_file id="fl-8">
         <path>C:\Users\14166\workspace_ccstheia\gpio_toggle_output\Debug\.\app\</path>
         <kind>object</kind>
         <file>app_menu.o</file>
         <name>app_menu.o</name>
      </input_file>
      <input_file id="fl-9">
         <path>C:\Users\14166\workspace_ccstheia\gpio_toggle_output\Debug\.\app\</path>
         <kind>object</kind>
         <file>app_motion_control.o</file>
         <name>app_motion_control.o</name>
      </input_file>
      <input_file id="fl-a">
         <path>C:\Users\14166\workspace_ccstheia\gpio_toggle_output\Debug\.\bsp\</path>
         <kind>object</kind>
         <file>bsp_tb6612.o</file>
         <name>bsp_tb6612.o</name>
      </input_file>
      <input_file id="fl-b">
         <path>C:\Users\14166\workspace_ccstheia\gpio_toggle_output\Debug\.\bsp\jy61\</path>
         <kind>object</kind>
         <file>bsp_jy61.o</file>
         <name>bsp_jy61.o</name>
      </input_file>
      <input_file id="fl-c">
         <path>C:\Users\14166\workspace_ccstheia\gpio_toggle_output\Debug\.\hw\</path>
         <kind>object</kind>
         <file>hw_encoder.o</file>
         <name>hw_encoder.o</name>
      </input_file>
      <input_file id="fl-d">
         <path>C:\Users\14166\workspace_ccstheia\gpio_toggle_output\Debug\.\hw\</path>
         <kind>object</kind>
         <file>hw_lcd.o</file>
         <name>hw_lcd.o</name>
      </input_file>
      <input_file id="fl-e">
         <path>C:\Users\14166\workspace_ccstheia\gpio_toggle_output\Debug\.\hw\</path>
         <kind>object</kind>
         <file>hw_openmv_uart.o</file>
         <name>hw_openmv_uart.o</name>
      </input_file>
      <input_file id="fl-f">
         <path>C:\Users\14166\workspace_ccstheia\gpio_toggle_output\Debug\.\hw\</path>
         <kind>object</kind>
         <file>hw_spi.o</file>
         <name>hw_spi.o</name>
      </input_file>
      <input_file id="fl-10">
         <path>C:\Users\14166\workspace_ccstheia\gpio_toggle_output\Debug\.\hw\</path>
         <kind>object</kind>
         <file>hw_uart.o</file>
         <name>hw_uart.o</name>
      </input_file>
      <input_file id="fl-11">
         <path>C:\Users\14166\workspace_ccstheia\gpio_toggle_output\Debug\.\hw\</path>
         <kind>object</kind>
         <file>hw_w25q64.o</file>
         <name>hw_w25q64.o</name>
      </input_file>
      <input_file id="fl-12">
         <path>C:\Users\14166\workspace_ccstheia\gpio_toggle_output\Debug\.\mid\</path>
         <kind>object</kind>
         <file>mid_pid.o</file>
         <name>mid_pid.o</name>
      </input_file>
      <input_file id="fl-1f">
         <path>C:\Users\14166\workspace_ccstheia\gpio_toggle_output\Debug\</path>
         <kind>object</kind>
         <file>&lt;internal&gt;</file>
         <name>&lt;internal&gt;</name>
      </input_file>
      <input_file id="fl-20">
         <path>C:\TI\mspm0_sdk_2_10_00_04\source\ti\driverlib\lib\ticlang\m0p\mspm0g1x0x_g3x0x\</path>
         <kind>archive</kind>
         <file>driverlib.a</file>
         <name>dl_common.o</name>
      </input_file>
      <input_file id="fl-21">
         <path>C:\TI\mspm0_sdk_2_10_00_04\source\ti\driverlib\lib\ticlang\m0p\mspm0g1x0x_g3x0x\</path>
         <kind>archive</kind>
         <file>driverlib.a</file>
         <name>dl_spi.o</name>
      </input_file>
      <input_file id="fl-22">
         <path>C:\TI\mspm0_sdk_2_10_00_04\source\ti\driverlib\lib\ticlang\m0p\mspm0g1x0x_g3x0x\</path>
         <kind>archive</kind>
         <file>driverlib.a</file>
         <name>dl_timer.o</name>
      </input_file>
      <input_file id="fl-23">
         <path>C:\TI\mspm0_sdk_2_10_00_04\source\ti\driverlib\lib\ticlang\m0p\mspm0g1x0x_g3x0x\</path>
         <kind>archive</kind>
         <file>driverlib.a</file>
         <name>dl_uart.o</name>
      </input_file>
      <input_file id="fl-40">
         <path>F:\yingyong\ccs\ccs\tools\compiler\ti-cgt-armllvm_5.1.1.LTS\lib\armv6m-ti-none-eabi\c\</path>
         <kind>archive</kind>
         <file>libc.a</file>
         <name>e_asinf.c.obj</name>
      </input_file>
      <input_file id="fl-41">
         <path>F:\yingyong\ccs\ccs\tools\compiler\ti-cgt-armllvm_5.1.1.LTS\lib\armv6m-ti-none-eabi\c\</path>
         <kind>archive</kind>
         <file>libc.a</file>
         <name>e_atan2f.c.obj</name>
      </input_file>
      <input_file id="fl-42">
         <path>F:\yingyong\ccs\ccs\tools\compiler\ti-cgt-armllvm_5.1.1.LTS\lib\armv6m-ti-none-eabi\c\</path>
         <kind>archive</kind>
         <file>libc.a</file>
         <name>s_atanf.c.obj</name>
      </input_file>
      <input_file id="fl-43">
         <path>F:\yingyong\ccs\ccs\tools\compiler\ti-cgt-armllvm_5.1.1.LTS\lib\armv6m-ti-none-eabi\c\</path>
         <kind>archive</kind>
         <file>libc.a</file>
         <name>s_cosf.c.obj</name>
      </input_file>
      <input_file id="fl-44">
         <path>F:\yingyong\ccs\ccs\tools\compiler\ti-cgt-armllvm_5.1.1.LTS\lib\armv6m-ti-none-eabi\c\</path>
         <kind>archive</kind>
         <file>libc.a</file>
         <name>s_sinf.c.obj</name>
      </input_file>
      <input_file id="fl-45">
         <path>F:\yingyong\ccs\ccs\tools\compiler\ti-cgt-armllvm_5.1.1.LTS\lib\armv6m-ti-none-eabi\c\</path>
         <kind>archive</kind>
         <file>libc.a</file>
         <name>e_sqrt.c.obj</name>
      </input_file>
      <input_file id="fl-46">
         <path>F:\yingyong\ccs\ccs\tools\compiler\ti-cgt-armllvm_5.1.1.LTS\lib\armv6m-ti-none-eabi\c\</path>
         <kind>archive</kind>
         <file>libc.a</file>
         <name>snprintf.c.obj</name>
      </input_file>
      <input_file id="fl-47">
         <path>F:\yingyong\ccs\ccs\tools\compiler\ti-cgt-armllvm_5.1.1.LTS\lib\armv6m-ti-none-eabi\c\</path>
         <kind>archive</kind>
         <file>libc.a</file>
         <name>sscanf.c.obj</name>
      </input_file>
      <input_file id="fl-48">
         <path>F:\yingyong\ccs\ccs\tools\compiler\ti-cgt-armllvm_5.1.1.LTS\lib\armv6m-ti-none-eabi\c\</path>
         <kind>archive</kind>
         <file>libc.a</file>
         <name>aeabi_ctype.S.obj</name>
      </input_file>
      <input_file id="fl-49">
         <path>F:\yingyong\ccs\ccs\tools\compiler\ti-cgt-armllvm_5.1.1.LTS\lib\armv6m-ti-none-eabi\c\</path>
         <kind>archive</kind>
         <file>libc.a</file>
         <name>strcmp-armv6m.S.obj</name>
      </input_file>
      <input_file id="fl-4a">
         <path>F:\yingyong\ccs\ccs\tools\compiler\ti-cgt-armllvm_5.1.1.LTS\lib\armv6m-ti-none-eabi\c\</path>
         <kind>archive</kind>
         <file>libc.a</file>
         <name>aeabi_portable.c.obj</name>
      </input_file>
      <input_file id="fl-4b">
         <path>F:\yingyong\ccs\ccs\tools\compiler\ti-cgt-armllvm_5.1.1.LTS\lib\armv6m-ti-none-eabi\c\</path>
         <kind>archive</kind>
         <file>libc.a</file>
         <name>k_rem_pio2.c.obj</name>
      </input_file>
      <input_file id="fl-4c">
         <path>F:\yingyong\ccs\ccs\tools\compiler\ti-cgt-armllvm_5.1.1.LTS\lib\armv6m-ti-none-eabi\c\</path>
         <kind>archive</kind>
         <file>libc.a</file>
         <name>assert.c.obj</name>
      </input_file>
      <input_file id="fl-4d">
         <path>F:\yingyong\ccs\ccs\tools\compiler\ti-cgt-armllvm_5.1.1.LTS\lib\armv6m-ti-none-eabi\c\</path>
         <kind>archive</kind>
         <file>libc.a</file>
         <name>defs.c.obj</name>
      </input_file>
      <input_file id="fl-4e">
         <path>F:\yingyong\ccs\ccs\tools\compiler\ti-cgt-armllvm_5.1.1.LTS\lib\armv6m-ti-none-eabi\c\</path>
         <kind>archive</kind>
         <file>libc.a</file>
         <name>memory.c.obj</name>
      </input_file>
      <input_file id="fl-4f">
         <path>F:\yingyong\ccs\ccs\tools\compiler\ti-cgt-armllvm_5.1.1.LTS\lib\armv6m-ti-none-eabi\c\</path>
         <kind>archive</kind>
         <file>libc.a</file>
         <name>strtof.c.obj</name>
      </input_file>
      <input_file id="fl-50">
         <path>F:\yingyong\ccs\ccs\tools\compiler\ti-cgt-armllvm_5.1.1.LTS\lib\armv6m-ti-none-eabi\c\</path>
         <kind>archive</kind>
         <file>libc.a</file>
         <name>strtol.c.obj</name>
      </input_file>
      <input_file id="fl-51">
         <path>F:\yingyong\ccs\ccs\tools\compiler\ti-cgt-armllvm_5.1.1.LTS\lib\armv6m-ti-none-eabi\c\</path>
         <kind>archive</kind>
         <file>libc.a</file>
         <name>strtoul.c.obj</name>
      </input_file>
      <input_file id="fl-52">
         <path>F:\yingyong\ccs\ccs\tools\compiler\ti-cgt-armllvm_5.1.1.LTS\lib\armv6m-ti-none-eabi\c\</path>
         <kind>archive</kind>
         <file>libc.a</file>
         <name>boot_cortex_m.c.obj</name>
      </input_file>
      <input_file id="fl-53">
         <path>F:\yingyong\ccs\ccs\tools\compiler\ti-cgt-armllvm_5.1.1.LTS\lib\armv6m-ti-none-eabi\c\</path>
         <kind>archive</kind>
         <file>libc.a</file>
         <name>mathacl_init.c.obj</name>
      </input_file>
      <input_file id="fl-54">
         <path>F:\yingyong\ccs\ccs\tools\compiler\ti-cgt-armllvm_5.1.1.LTS\lib\armv6m-ti-none-eabi\c\</path>
         <kind>archive</kind>
         <file>libc.a</file>
         <name>autoinit.c.obj</name>
      </input_file>
      <input_file id="fl-55">
         <path>F:\yingyong\ccs\ccs\tools\compiler\ti-cgt-armllvm_5.1.1.LTS\lib\armv6m-ti-none-eabi\c\</path>
         <kind>archive</kind>
         <file>libc.a</file>
         <name>pre_init.c.obj</name>
      </input_file>
      <input_file id="fl-56">
         <path>F:\yingyong\ccs\ccs\tools\compiler\ti-cgt-armllvm_5.1.1.LTS\lib\armv6m-ti-none-eabi\c\</path>
         <kind>archive</kind>
         <file>libc.a</file>
         <name>cpy_tbl.c.obj</name>
      </input_file>
      <input_file id="fl-57">
         <path>F:\yingyong\ccs\ccs\tools\compiler\ti-cgt-armllvm_5.1.1.LTS\lib\armv6m-ti-none-eabi\c\</path>
         <kind>archive</kind>
         <file>libc.a</file>
         <name>copy_zero_init.c.obj</name>
      </input_file>
      <input_file id="fl-58">
         <path>F:\yingyong\ccs\ccs\tools\compiler\ti-cgt-armllvm_5.1.1.LTS\lib\armv6m-ti-none-eabi\c\</path>
         <kind>archive</kind>
         <file>libc.a</file>
         <name>copy_decompress_none.c.obj</name>
      </input_file>
      <input_file id="fl-59">
         <path>F:\yingyong\ccs\ccs\tools\compiler\ti-cgt-armllvm_5.1.1.LTS\lib\armv6m-ti-none-eabi\c\</path>
         <kind>archive</kind>
         <file>libc.a</file>
         <name>copy_decompress_lzss.c.obj</name>
      </input_file>
      <input_file id="fl-5a">
         <path>F:\yingyong\ccs\ccs\tools\compiler\ti-cgt-armllvm_5.1.1.LTS\lib\armv6m-ti-none-eabi\c\</path>
         <kind>archive</kind>
         <file>libc.a</file>
         <name>s_scalbnf.c.obj</name>
      </input_file>
      <input_file id="fl-5b">
         <path>F:\yingyong\ccs\ccs\tools\compiler\ti-cgt-armllvm_5.1.1.LTS\lib\armv6m-ti-none-eabi\c\</path>
         <kind>archive</kind>
         <file>libc.a</file>
         <name>s_floor.c.obj</name>
      </input_file>
      <input_file id="fl-5c">
         <path>F:\yingyong\ccs\ccs\tools\compiler\ti-cgt-armllvm_5.1.1.LTS\lib\armv6m-ti-none-eabi\c\</path>
         <kind>archive</kind>
         <file>libc.a</file>
         <name>s_scalbn.c.obj</name>
      </input_file>
      <input_file id="fl-5d">
         <path>F:\yingyong\ccs\ccs\tools\compiler\ti-cgt-armllvm_5.1.1.LTS\lib\armv6m-ti-none-eabi\c\</path>
         <kind>archive</kind>
         <file>libc.a</file>
         <name>_printfi.c.obj</name>
      </input_file>
      <input_file id="fl-5e">
         <path>F:\yingyong\ccs\ccs\tools\compiler\ti-cgt-armllvm_5.1.1.LTS\lib\armv6m-ti-none-eabi\c\</path>
         <kind>archive</kind>
         <file>libc.a</file>
         <name>sprintf.c.obj</name>
      </input_file>
      <input_file id="fl-5f">
         <path>F:\yingyong\ccs\ccs\tools\compiler\ti-cgt-armllvm_5.1.1.LTS\lib\armv6m-ti-none-eabi\c\</path>
         <kind>archive</kind>
         <file>libc.a</file>
         <name>_scanfi.c.obj</name>
      </input_file>
      <input_file id="fl-60">
         <path>F:\yingyong\ccs\ccs\tools\compiler\ti-cgt-armllvm_5.1.1.LTS\lib\armv6m-ti-none-eabi\c\</path>
         <kind>archive</kind>
         <file>libc.a</file>
         <name>fflush.c.obj</name>
      </input_file>
      <input_file id="fl-61">
         <path>F:\yingyong\ccs\ccs\tools\compiler\ti-cgt-armllvm_5.1.1.LTS\lib\armv6m-ti-none-eabi\c\</path>
         <kind>archive</kind>
         <file>libc.a</file>
         <name>fputs.c.obj</name>
      </input_file>
      <input_file id="fl-62">
         <path>F:\yingyong\ccs\ccs\tools\compiler\ti-cgt-armllvm_5.1.1.LTS\lib\armv6m-ti-none-eabi\c\</path>
         <kind>archive</kind>
         <file>libc.a</file>
         <name>_io_perm.c.obj</name>
      </input_file>
      <input_file id="fl-63">
         <path>F:\yingyong\ccs\ccs\tools\compiler\ti-cgt-armllvm_5.1.1.LTS\lib\armv6m-ti-none-eabi\c\</path>
         <kind>archive</kind>
         <file>libc.a</file>
         <name>setvbuf.c.obj</name>
      </input_file>
      <input_file id="fl-64">
         <path>F:\yingyong\ccs\ccs\tools\compiler\ti-cgt-armllvm_5.1.1.LTS\lib\armv6m-ti-none-eabi\c\</path>
         <kind>archive</kind>
         <file>libc.a</file>
         <name>exit.c.obj</name>
      </input_file>
      <input_file id="fl-65">
         <path>F:\yingyong\ccs\ccs\tools\compiler\ti-cgt-armllvm_5.1.1.LTS\lib\armv6m-ti-none-eabi\c\</path>
         <kind>archive</kind>
         <file>libc.a</file>
         <name>_lock.c.obj</name>
      </input_file>
      <input_file id="fl-66">
         <path>F:\yingyong\ccs\ccs\tools\compiler\ti-cgt-armllvm_5.1.1.LTS\lib\armv6m-ti-none-eabi\c\</path>
         <kind>archive</kind>
         <file>libc.a</file>
         <name>_ltoa.c.obj</name>
      </input_file>
      <input_file id="fl-67">
         <path>F:\yingyong\ccs\ccs\tools\compiler\ti-cgt-armllvm_5.1.1.LTS\lib\armv6m-ti-none-eabi\c\</path>
         <kind>archive</kind>
         <file>libc.a</file>
         <name>args_main.c.obj</name>
      </input_file>
      <input_file id="fl-68">
         <path>F:\yingyong\ccs\ccs\tools\compiler\ti-cgt-armllvm_5.1.1.LTS\lib\armv6m-ti-none-eabi\c\</path>
         <kind>archive</kind>
         <file>libc.a</file>
         <name>atoi.c.obj</name>
      </input_file>
      <input_file id="fl-69">
         <path>F:\yingyong\ccs\ccs\tools\compiler\ti-cgt-armllvm_5.1.1.LTS\lib\armv6m-ti-none-eabi\c\</path>
         <kind>archive</kind>
         <file>libc.a</file>
         <name>memccpy.c.obj</name>
      </input_file>
      <input_file id="fl-6a">
         <path>F:\yingyong\ccs\ccs\tools\compiler\ti-cgt-armllvm_5.1.1.LTS\lib\armv6m-ti-none-eabi\c\</path>
         <kind>archive</kind>
         <file>libc.a</file>
         <name>strtod.c.obj</name>
      </input_file>
      <input_file id="fl-6b">
         <path>F:\yingyong\ccs\ccs\tools\compiler\ti-cgt-armllvm_5.1.1.LTS\lib\armv6m-ti-none-eabi\c\</path>
         <kind>archive</kind>
         <file>libc.a</file>
         <name>strtoll.c.obj</name>
      </input_file>
      <input_file id="fl-6c">
         <path>F:\yingyong\ccs\ccs\tools\compiler\ti-cgt-armllvm_5.1.1.LTS\lib\armv6m-ti-none-eabi\c\</path>
         <kind>archive</kind>
         <file>libc.a</file>
         <name>strtoull.c.obj</name>
      </input_file>
      <input_file id="fl-6d">
         <path>F:\yingyong\ccs\ccs\tools\compiler\ti-cgt-armllvm_5.1.1.LTS\lib\armv6m-ti-none-eabi\c\</path>
         <kind>archive</kind>
         <file>libc.a</file>
         <name>s_frexp.c.obj</name>
      </input_file>
      <input_file id="fl-6e">
         <path>F:\yingyong\ccs\ccs\tools\compiler\ti-cgt-armllvm_5.1.1.LTS\lib\armv6m-ti-none-eabi\c\</path>
         <kind>archive</kind>
         <file>libc.a</file>
         <name>wcslen.c.obj</name>
      </input_file>
      <input_file id="fl-6f">
         <path>F:\yingyong\ccs\ccs\tools\compiler\ti-cgt-armllvm_5.1.1.LTS\lib\armv6m-ti-none-eabi\c\</path>
         <kind>archive</kind>
         <file>libc.a</file>
         <name>fopen.c.obj</name>
      </input_file>
      <input_file id="fl-70">
         <path>F:\yingyong\ccs\ccs\tools\compiler\ti-cgt-armllvm_5.1.1.LTS\lib\armv6m-ti-none-eabi\c\</path>
         <kind>archive</kind>
         <file>libc.a</file>
         <name>fseek.c.obj</name>
      </input_file>
      <input_file id="fl-71">
         <path>F:\yingyong\ccs\ccs\tools\compiler\ti-cgt-armllvm_5.1.1.LTS\lib\armv6m-ti-none-eabi\c\</path>
         <kind>archive</kind>
         <file>libc.a</file>
         <name>fclose.c.obj</name>
      </input_file>
      <input_file id="fl-165">
         <path>F:\yingyong\ccs\ccs\tools\compiler\ti-cgt-armllvm_5.1.1.LTS\lib\armv6m-ti-none-eabi\c\</path>
         <kind>archive</kind>
         <file>libsysbm.a</file>
         <name>hostexit.c.obj</name>
      </input_file>
      <input_file id="fl-166">
         <path>F:\yingyong\ccs\ccs\tools\compiler\ti-cgt-armllvm_5.1.1.LTS\lib\armv6m-ti-none-eabi\c\</path>
         <kind>archive</kind>
         <file>libsysbm.a</file>
         <name>write.c.obj</name>
      </input_file>
      <input_file id="fl-167">
         <path>F:\yingyong\ccs\ccs\tools\compiler\ti-cgt-armllvm_5.1.1.LTS\lib\armv6m-ti-none-eabi\c\</path>
         <kind>archive</kind>
         <file>libsysbm.a</file>
         <name>host_device.c.obj</name>
      </input_file>
      <input_file id="fl-168">
         <path>F:\yingyong\ccs\ccs\tools\compiler\ti-cgt-armllvm_5.1.1.LTS\lib\armv6m-ti-none-eabi\c\</path>
         <kind>archive</kind>
         <file>libsysbm.a</file>
         <name>remove.c.obj</name>
      </input_file>
      <input_file id="fl-169">
         <path>F:\yingyong\ccs\ccs\tools\compiler\ti-cgt-armllvm_5.1.1.LTS\lib\armv6m-ti-none-eabi\c\</path>
         <kind>archive</kind>
         <file>libsysbm.a</file>
         <name>open.c.obj</name>
      </input_file>
      <input_file id="fl-16a">
         <path>F:\yingyong\ccs\ccs\tools\compiler\ti-cgt-armllvm_5.1.1.LTS\lib\armv6m-ti-none-eabi\c\</path>
         <kind>archive</kind>
         <file>libsysbm.a</file>
         <name>lseek.c.obj</name>
      </input_file>
      <input_file id="fl-16b">
         <path>F:\yingyong\ccs\ccs\tools\compiler\ti-cgt-armllvm_5.1.1.LTS\lib\armv6m-ti-none-eabi\c\</path>
         <kind>archive</kind>
         <file>libsysbm.a</file>
         <name>close.c.obj</name>
      </input_file>
      <input_file id="fl-16c">
         <path>F:\yingyong\ccs\ccs\tools\compiler\ti-cgt-armllvm_5.1.1.LTS\lib\armv6m-ti-none-eabi\c\</path>
         <kind>archive</kind>
         <file>libsysbm.a</file>
         <name>unlink.c.obj</name>
      </input_file>
      <input_file id="fl-16d">
         <path>F:\yingyong\ccs\ccs\tools\compiler\ti-cgt-armllvm_5.1.1.LTS\lib\armv6m-ti-none-eabi\c\</path>
         <kind>archive</kind>
         <file>libsysbm.a</file>
         <name>hostclose.c.obj</name>
      </input_file>
      <input_file id="fl-16e">
         <path>F:\yingyong\ccs\ccs\tools\compiler\ti-cgt-armllvm_5.1.1.LTS\lib\armv6m-ti-none-eabi\c\</path>
         <kind>archive</kind>
         <file>libsysbm.a</file>
         <name>hostlseek.c.obj</name>
      </input_file>
      <input_file id="fl-16f">
         <path>F:\yingyong\ccs\ccs\tools\compiler\ti-cgt-armllvm_5.1.1.LTS\lib\armv6m-ti-none-eabi\c\</path>
         <kind>archive</kind>
         <file>libsysbm.a</file>
         <name>hostopen.c.obj</name>
      </input_file>
      <input_file id="fl-170">
         <path>F:\yingyong\ccs\ccs\tools\compiler\ti-cgt-armllvm_5.1.1.LTS\lib\armv6m-ti-none-eabi\c\</path>
         <kind>archive</kind>
         <file>libsysbm.a</file>
         <name>hostread.c.obj</name>
      </input_file>
      <input_file id="fl-171">
         <path>F:\yingyong\ccs\ccs\tools\compiler\ti-cgt-armllvm_5.1.1.LTS\lib\armv6m-ti-none-eabi\c\</path>
         <kind>archive</kind>
         <file>libsysbm.a</file>
         <name>hostrename.c.obj</name>
      </input_file>
      <input_file id="fl-172">
         <path>F:\yingyong\ccs\ccs\tools\compiler\ti-cgt-armllvm_5.1.1.LTS\lib\armv6m-ti-none-eabi\c\</path>
         <kind>archive</kind>
         <file>libsysbm.a</file>
         <name>hostunlink.c.obj</name>
      </input_file>
      <input_file id="fl-173">
         <path>F:\yingyong\ccs\ccs\tools\compiler\ti-cgt-armllvm_5.1.1.LTS\lib\armv6m-ti-none-eabi\c\</path>
         <kind>archive</kind>
         <file>libsysbm.a</file>
         <name>hostwrite.c.obj</name>
      </input_file>
      <input_file id="fl-174">
         <path>F:\yingyong\ccs\ccs\tools\compiler\ti-cgt-armllvm_5.1.1.LTS\lib\armv6m-ti-none-eabi\c\</path>
         <kind>archive</kind>
         <file>libsysbm.a</file>
         <name>trgmsg.c.obj</name>
      </input_file>
      <input_file id="fl-175">
         <path>F:\yingyong\ccs\ccs\tools\compiler\ti-cgt-armllvm_5.1.1.LTS\lib\armv6m-ti-none-eabi\</path>
         <kind>archive</kind>
         <file>libclang_rt.builtins.a</file>
         <name>addsf3.S.obj</name>
      </input_file>
      <input_file id="fl-176">
         <path>F:\yingyong\ccs\ccs\tools\compiler\ti-cgt-armllvm_5.1.1.LTS\lib\armv6m-ti-none-eabi\</path>
         <kind>archive</kind>
         <file>libclang_rt.builtins.a</file>
         <name>adddf3.S.obj</name>
      </input_file>
      <input_file id="fl-177">
         <path>F:\yingyong\ccs\ccs\tools\compiler\ti-cgt-armllvm_5.1.1.LTS\lib\armv6m-ti-none-eabi\</path>
         <kind>archive</kind>
         <file>libclang_rt.builtins.a</file>
         <name>mulsf3.S.obj</name>
      </input_file>
      <input_file id="fl-178">
         <path>F:\yingyong\ccs\ccs\tools\compiler\ti-cgt-armllvm_5.1.1.LTS\lib\armv6m-ti-none-eabi\</path>
         <kind>archive</kind>
         <file>libclang_rt.builtins.a</file>
         <name>divsf3.S.obj</name>
      </input_file>
      <input_file id="fl-179">
         <path>F:\yingyong\ccs\ccs\tools\compiler\ti-cgt-armllvm_5.1.1.LTS\lib\armv6m-ti-none-eabi\</path>
         <kind>archive</kind>
         <file>libclang_rt.builtins.a</file>
         <name>extendsfdf2.S.obj</name>
      </input_file>
      <input_file id="fl-17a">
         <path>F:\yingyong\ccs\ccs\tools\compiler\ti-cgt-armllvm_5.1.1.LTS\lib\armv6m-ti-none-eabi\</path>
         <kind>archive</kind>
         <file>libclang_rt.builtins.a</file>
         <name>fixdfsi.S.obj</name>
      </input_file>
      <input_file id="fl-17b">
         <path>F:\yingyong\ccs\ccs\tools\compiler\ti-cgt-armllvm_5.1.1.LTS\lib\armv6m-ti-none-eabi\</path>
         <kind>archive</kind>
         <file>libclang_rt.builtins.a</file>
         <name>fixsfsi.S.obj</name>
      </input_file>
      <input_file id="fl-17c">
         <path>F:\yingyong\ccs\ccs\tools\compiler\ti-cgt-armllvm_5.1.1.LTS\lib\armv6m-ti-none-eabi\</path>
         <kind>archive</kind>
         <file>libclang_rt.builtins.a</file>
         <name>fixunssfsi.S.obj</name>
      </input_file>
      <input_file id="fl-17d">
         <path>F:\yingyong\ccs\ccs\tools\compiler\ti-cgt-armllvm_5.1.1.LTS\lib\armv6m-ti-none-eabi\</path>
         <kind>archive</kind>
         <file>libclang_rt.builtins.a</file>
         <name>floatsidf.S.obj</name>
      </input_file>
      <input_file id="fl-17e">
         <path>F:\yingyong\ccs\ccs\tools\compiler\ti-cgt-armllvm_5.1.1.LTS\lib\armv6m-ti-none-eabi\</path>
         <kind>archive</kind>
         <file>libclang_rt.builtins.a</file>
         <name>floatsisf.S.obj</name>
      </input_file>
      <input_file id="fl-17f">
         <path>F:\yingyong\ccs\ccs\tools\compiler\ti-cgt-armllvm_5.1.1.LTS\lib\armv6m-ti-none-eabi\</path>
         <kind>archive</kind>
         <file>libclang_rt.builtins.a</file>
         <name>floatunsidf.S.obj</name>
      </input_file>
      <input_file id="fl-180">
         <path>F:\yingyong\ccs\ccs\tools\compiler\ti-cgt-armllvm_5.1.1.LTS\lib\armv6m-ti-none-eabi\</path>
         <kind>archive</kind>
         <file>libclang_rt.builtins.a</file>
         <name>floatunsisf.S.obj</name>
      </input_file>
      <input_file id="fl-181">
         <path>F:\yingyong\ccs\ccs\tools\compiler\ti-cgt-armllvm_5.1.1.LTS\lib\armv6m-ti-none-eabi\</path>
         <kind>archive</kind>
         <file>libclang_rt.builtins.a</file>
         <name>muldi3.S.obj</name>
      </input_file>
      <input_file id="fl-182">
         <path>F:\yingyong\ccs\ccs\tools\compiler\ti-cgt-armllvm_5.1.1.LTS\lib\armv6m-ti-none-eabi\</path>
         <kind>archive</kind>
         <file>libclang_rt.builtins.a</file>
         <name>truncdfsf2.S.obj</name>
      </input_file>
      <input_file id="fl-183">
         <path>F:\yingyong\ccs\ccs\tools\compiler\ti-cgt-armllvm_5.1.1.LTS\lib\armv6m-ti-none-eabi\</path>
         <kind>archive</kind>
         <file>libclang_rt.builtins.a</file>
         <name>comparedf2.c.obj</name>
      </input_file>
      <input_file id="fl-184">
         <path>F:\yingyong\ccs\ccs\tools\compiler\ti-cgt-armllvm_5.1.1.LTS\lib\armv6m-ti-none-eabi\</path>
         <kind>archive</kind>
         <file>libclang_rt.builtins.a</file>
         <name>aeabi_dcmp.S.obj</name>
      </input_file>
      <input_file id="fl-185">
         <path>F:\yingyong\ccs\ccs\tools\compiler\ti-cgt-armllvm_5.1.1.LTS\lib\armv6m-ti-none-eabi\</path>
         <kind>archive</kind>
         <file>libclang_rt.builtins.a</file>
         <name>aeabi_ddiv.c.obj</name>
      </input_file>
      <input_file id="fl-186">
         <path>F:\yingyong\ccs\ccs\tools\compiler\ti-cgt-armllvm_5.1.1.LTS\lib\armv6m-ti-none-eabi\</path>
         <kind>archive</kind>
         <file>libclang_rt.builtins.a</file>
         <name>aeabi_dmul.c.obj</name>
      </input_file>
      <input_file id="fl-187">
         <path>F:\yingyong\ccs\ccs\tools\compiler\ti-cgt-armllvm_5.1.1.LTS\lib\armv6m-ti-none-eabi\</path>
         <kind>archive</kind>
         <file>libclang_rt.builtins.a</file>
         <name>aeabi_fcmp.S.obj</name>
      </input_file>
      <input_file id="fl-188">
         <path>F:\yingyong\ccs\ccs\tools\compiler\ti-cgt-armllvm_5.1.1.LTS\lib\armv6m-ti-none-eabi\</path>
         <kind>archive</kind>
         <file>libclang_rt.builtins.a</file>
         <name>aeabi_idivmod.S.obj</name>
      </input_file>
      <input_file id="fl-189">
         <path>F:\yingyong\ccs\ccs\tools\compiler\ti-cgt-armllvm_5.1.1.LTS\lib\armv6m-ti-none-eabi\</path>
         <kind>archive</kind>
         <file>libclang_rt.builtins.a</file>
         <name>aeabi_uidivmod.S.obj</name>
      </input_file>
      <input_file id="fl-18a">
         <path>F:\yingyong\ccs\ccs\tools\compiler\ti-cgt-armllvm_5.1.1.LTS\lib\armv6m-ti-none-eabi\</path>
         <kind>archive</kind>
         <file>libclang_rt.builtins.a</file>
         <name>aeabi_uldivmod.S.obj</name>
      </input_file>
      <input_file id="fl-18b">
         <path>F:\yingyong\ccs\ccs\tools\compiler\ti-cgt-armllvm_5.1.1.LTS\lib\armv6m-ti-none-eabi\</path>
         <kind>archive</kind>
         <file>libclang_rt.builtins.a</file>
         <name>aeabi_memcpy.S.obj</name>
      </input_file>
      <input_file id="fl-18c">
         <path>F:\yingyong\ccs\ccs\tools\compiler\ti-cgt-armllvm_5.1.1.LTS\lib\armv6m-ti-none-eabi\</path>
         <kind>archive</kind>
         <file>libclang_rt.builtins.a</file>
         <name>aeabi_memset.S.obj</name>
      </input_file>
      <input_file id="fl-18d">
         <path>F:\yingyong\ccs\ccs\tools\compiler\ti-cgt-armllvm_5.1.1.LTS\lib\armv6m-ti-none-eabi\</path>
         <kind>archive</kind>
         <file>libclang_rt.builtins.a</file>
         <name>comparesf2.S.obj</name>
      </input_file>
      <input_file id="fl-18e">
         <path>F:\yingyong\ccs\ccs\tools\compiler\ti-cgt-armllvm_5.1.1.LTS\lib\armv6m-ti-none-eabi\</path>
         <kind>archive</kind>
         <file>libclang_rt.builtins.a</file>
         <name>udivmoddi4.S.obj</name>
      </input_file>
      <input_file id="fl-18f">
         <path>F:\yingyong\ccs\ccs\tools\compiler\ti-cgt-armllvm_5.1.1.LTS\lib\armv6m-ti-none-eabi\</path>
         <kind>archive</kind>
         <file>libclang_rt.builtins.a</file>
         <name>muldf3.S.obj</name>
      </input_file>
      <input_file id="fl-190">
         <path>F:\yingyong\ccs\ccs\tools\compiler\ti-cgt-armllvm_5.1.1.LTS\lib\armv6m-ti-none-eabi\</path>
         <kind>archive</kind>
         <file>libclang_rt.builtins.a</file>
         <name>muldsi3.S.obj</name>
      </input_file>
      <input_file id="fl-191">
         <path>F:\yingyong\ccs\ccs\tools\compiler\ti-cgt-armllvm_5.1.1.LTS\lib\armv6m-ti-none-eabi\</path>
         <kind>archive</kind>
         <file>libclang_rt.builtins.a</file>
         <name>ashldi3.S.obj</name>
      </input_file>
      <input_file id="fl-192">
         <path>F:\yingyong\ccs\ccs\tools\compiler\ti-cgt-armllvm_5.1.1.LTS\lib\armv6m-ti-none-eabi\</path>
         <kind>archive</kind>
         <file>libclang_rt.builtins.a</file>
         <name>divdf3.S.obj</name>
      </input_file>
      <input_file id="fl-193">
         <path>F:\yingyong\ccs\ccs\tools\compiler\ti-cgt-armllvm_5.1.1.LTS\lib\armv6m-ti-none-eabi\</path>
         <kind>archive</kind>
         <file>libclang_rt.builtins.a</file>
         <name>aeabi_div0.c.obj</name>
      </input_file>
      <input_file id="fl-194">
         <path>F:\yingyong\ccs\ccs\tools\compiler\ti-cgt-armllvm_5.1.1.LTS\lib\armv6m-ti-none-eabi\c\</path>
         <kind>archive</kind>
         <file>libc.a</file>
         <name>divdf3_fast.c.obj</name>
      </input_file>
      <input_file id="fl-195">
         <path>F:\yingyong\ccs\ccs\tools\compiler\ti-cgt-armllvm_5.1.1.LTS\lib\armv6m-ti-none-eabi\c\</path>
         <kind>archive</kind>
         <file>libc.a</file>
         <name>muldf3_fast.c.obj</name>
      </input_file>
      <input_file id="fl-196">
         <path>F:\yingyong\ccs\ccs\tools\compiler\ti-cgt-armllvm_5.1.1.LTS\lib\armv6m-ti-none-eabi\c\</path>
         <kind>archive</kind>
         <file>libc.a</file>
         <name>getdevice.c.obj</name>
      </input_file>
      <input_file id="fl-197">
         <path>F:\yingyong\ccs\ccs\tools\compiler\ti-cgt-armllvm_5.1.1.LTS\lib\armv6m-ti-none-eabi\c\</path>
         <kind>archive</kind>
         <file>libc.a</file>
         <name>memcpy16.S.obj</name>
      </input_file>
      <input_file id="fl-198">
         <path>F:\yingyong\ccs\ccs\tools\compiler\ti-cgt-armllvm_5.1.1.LTS\lib\armv6m-ti-none-eabi\c\</path>
         <kind>archive</kind>
         <file>libc.a</file>
         <name>memset16.S.obj</name>
      </input_file>
   </input_file_list>
   <object_component_list>
      <object_component id="oc-18">
         <name>.intvecs</name>
         <load_address>0x0</load_address>
         <readonly>true</readonly>
         <run_address>0x0</run_address>
         <size>0xc0</size>
         <alignment>0x4</alignment>
         <input_file_ref idref="fl-2"/>
      </object_component>
      <object_component id="oc-303">
         <name>.text.__TI_scanfi</name>
         <load_address>0xc0</load_address>
         <readonly>true</readonly>
         <executable>true</executable>
         <run_address>0xc0</run_address>
         <size>0xc88</size>
         <alignment>0x4</alignment>
         <input_file_ref idref="fl-5f"/>
      </object_component>
      <object_component id="oc-f1">
         <name>.text.app_attitude_send</name>
         <load_address>0xd48</load_address>
         <readonly>true</readonly>
         <executable>true</executable>
         <run_address>0xd48</run_address>
         <size>0x98c</size>
         <alignment>0x4</alignment>
         <input_file_ref idref="fl-4"/>
      </object_component>
      <object_component id="oc-3b5">
         <name>.text:__TI_printfi_nofloat</name>
         <load_address>0x16d4</load_address>
         <readonly>true</readonly>
         <executable>true</executable>
         <run_address>0x16d4</run_address>
         <size>0x8dc</size>
         <alignment>0x4</alignment>
         <input_file_ref idref="fl-5d"/>
      </object_component>
      <object_component id="oc-170">
         <name>.text.render_menu</name>
         <load_address>0x1fb0</load_address>
         <readonly>true</readonly>
         <executable>true</executable>
         <run_address>0x1fb0</run_address>
         <size>0x7fc</size>
         <alignment>0x4</alignment>
         <input_file_ref idref="fl-8"/>
      </object_component>
      <object_component id="oc-e9">
         <name>.text.app_image_store_process_command</name>
         <load_address>0x27ac</load_address>
         <readonly>true</readonly>
         <executable>true</executable>
         <run_address>0x27ac</run_address>
         <size>0x760</size>
         <alignment>0x4</alignment>
         <input_file_ref idref="fl-6"/>
      </object_component>
      <object_component id="oc-e4">
         <name>.text.app_image_store_service</name>
         <load_address>0x2f0c</load_address>
         <readonly>true</readonly>
         <executable>true</executable>
         <run_address>0x2f0c</run_address>
         <size>0x724</size>
         <alignment>0x4</alignment>
         <input_file_ref idref="fl-6"/>
      </object_component>
      <object_component id="oc-ec">
         <name>.text.app_car_control_process_command</name>
         <load_address>0x3630</load_address>
         <readonly>true</readonly>
         <executable>true</executable>
         <run_address>0x3630</run_address>
         <size>0x704</size>
         <alignment>0x4</alignment>
         <input_file_ref idref="fl-5"/>
      </object_component>
      <object_component id="oc-36f">
         <name>.text.__kernel_rem_pio2</name>
         <load_address>0x3d34</load_address>
         <readonly>true</readonly>
         <executable>true</executable>
         <run_address>0x3d34</run_address>
         <size>0x678</size>
         <alignment>0x4</alignment>
         <input_file_ref idref="fl-4b"/>
      </object_component>
      <object_component id="oc-1d7">
         <name>.text.start_image_write</name>
         <load_address>0x43ac</load_address>
         <readonly>true</readonly>
         <executable>true</executable>
         <run_address>0x43ac</run_address>
         <size>0x61c</size>
         <alignment>0x4</alignment>
         <input_file_ref idref="fl-6"/>
      </object_component>
      <object_component id="oc-f0">
         <name>.text.app_car_control_update</name>
         <load_address>0x49c8</load_address>
         <readonly>true</readonly>
         <executable>true</executable>
         <run_address>0x49c8</run_address>
         <size>0x5f8</size>
         <alignment>0x4</alignment>
         <input_file_ref idref="fl-5"/>
      </object_component>
      <object_component id="oc-159">
         <name>.text.LCD_ShowChar</name>
         <load_address>0x4fc0</load_address>
         <readonly>true</readonly>
         <executable>true</executable>
         <run_address>0x4fc0</run_address>
         <size>0x4e0</size>
         <alignment>0x4</alignment>
         <input_file_ref idref="fl-d"/>
      </object_component>
      <object_component id="oc-d2">
         <name>.text.LCD_Fill</name>
         <load_address>0x54a0</load_address>
         <readonly>true</readonly>
         <executable>true</executable>
         <run_address>0x54a0</run_address>
         <size>0x494</size>
         <alignment>0x4</alignment>
         <input_file_ref idref="fl-d"/>
      </object_component>
      <object_component id="oc-1bf">
         <name>.text.w25q64_read_jedec_id</name>
         <load_address>0x5934</load_address>
         <readonly>true</readonly>
         <executable>true</executable>
         <run_address>0x5934</run_address>
         <size>0x438</size>
         <alignment>0x4</alignment>
         <input_file_ref idref="fl-11"/>
      </object_component>
      <object_component id="oc-f5">
         <name>.text.app_menu_update</name>
         <load_address>0x5d6c</load_address>
         <readonly>true</readonly>
         <executable>true</executable>
         <run_address>0x5d6c</run_address>
         <size>0x408</size>
         <alignment>0x4</alignment>
         <input_file_ref idref="fl-8"/>
      </object_component>
      <object_component id="oc-211">
         <name>.text.motion_control_parse_command</name>
         <load_address>0x6174</load_address>
         <readonly>true</readonly>
         <executable>true</executable>
         <run_address>0x6174</run_address>
         <size>0x3f0</size>
         <alignment>0x4</alignment>
         <input_file_ref idref="fl-9"/>
      </object_component>
      <object_component id="oc-3c3">
         <name>.text.strtod</name>
         <load_address>0x6564</load_address>
         <readonly>true</readonly>
         <executable>true</executable>
         <run_address>0x6564</run_address>
         <size>0x3b0</size>
         <alignment>0x4</alignment>
         <input_file_ref idref="fl-6a"/>
      </object_component>
      <object_component id="oc-192">
         <name>.text.w25q64_write</name>
         <load_address>0x6914</load_address>
         <readonly>true</readonly>
         <executable>true</executable>
         <run_address>0x6914</run_address>
         <size>0x35c</size>
         <alignment>0x4</alignment>
         <input_file_ref idref="fl-11"/>
      </object_component>
      <object_component id="oc-2fa">
         <name>.text.w25q64_send_address</name>
         <load_address>0x6c70</load_address>
         <readonly>true</readonly>
         <executable>true</executable>
         <run_address>0x6c70</run_address>
         <size>0x354</size>
         <alignment>0x4</alignment>
         <input_file_ref idref="fl-11"/>
      </object_component>
      <object_component id="oc-213">
         <name>.text.strtof</name>
         <load_address>0x6fc4</load_address>
         <readonly>true</readonly>
         <executable>true</executable>
         <run_address>0x6fc4</run_address>
         <size>0x350</size>
         <alignment>0x4</alignment>
         <input_file_ref idref="fl-4f"/>
      </object_component>
      <object_component id="oc-ea">
         <name>.text.app_attitude_process_command</name>
         <load_address>0x7314</load_address>
         <readonly>true</readonly>
         <executable>true</executable>
         <run_address>0x7314</run_address>
         <size>0x310</size>
         <alignment>0x4</alignment>
         <input_file_ref idref="fl-4"/>
      </object_component>
      <object_component id="oc-cc">
         <name>.text.lcd_init</name>
         <load_address>0x7624</load_address>
         <readonly>true</readonly>
         <executable>true</executable>
         <run_address>0x7624</run_address>
         <size>0x30c</size>
         <alignment>0x4</alignment>
         <input_file_ref idref="fl-d"/>
      </object_component>
      <object_component id="oc-490">
         <name>.text.__divdf3_fast</name>
         <load_address>0x7930</load_address>
         <readonly>true</readonly>
         <executable>true</executable>
         <run_address>0x7930</run_address>
         <size>0x2dc</size>
         <alignment>0x4</alignment>
         <input_file_ref idref="fl-194"/>
      </object_component>
      <object_component id="oc-259">
         <name>.text.motion_control_update</name>
         <load_address>0x7c0c</load_address>
         <readonly>true</readonly>
         <executable>true</executable>
         <run_address>0x7c0c</run_address>
         <size>0x2b0</size>
         <alignment>0x4</alignment>
         <input_file_ref idref="fl-9"/>
      </object_component>
      <object_component id="oc-331">
         <name>.text.jy61_probe_baudrate</name>
         <load_address>0x7ebc</load_address>
         <readonly>true</readonly>
         <executable>true</executable>
         <run_address>0x7ebc</run_address>
         <size>0x2ac</size>
         <alignment>0x4</alignment>
         <input_file_ref idref="fl-b"/>
      </object_component>
      <object_component id="oc-f2">
         <name>.text.app_car_control_send_telemetry</name>
         <load_address>0x8168</load_address>
         <readonly>true</readonly>
         <executable>true</executable>
         <run_address>0x8168</run_address>
         <size>0x268</size>
         <alignment>0x4</alignment>
         <input_file_ref idref="fl-5"/>
      </object_component>
      <object_component id="oc-19a">
         <name>.text.w25q64_read</name>
         <load_address>0x83d0</load_address>
         <readonly>true</readonly>
         <executable>true</executable>
         <run_address>0x83d0</run_address>
         <size>0x240</size>
         <alignment>0x4</alignment>
         <input_file_ref idref="fl-11"/>
      </object_component>
      <object_component id="oc-258">
         <name>.text.update_lturn</name>
         <load_address>0x8610</load_address>
         <readonly>true</readonly>
         <executable>true</executable>
         <run_address>0x8610</run_address>
         <size>0x208</size>
         <alignment>0x4</alignment>
         <input_file_ref idref="fl-5"/>
      </object_component>
      <object_component id="oc-2f9">
         <name>.text.w25q64_wait_ready</name>
         <load_address>0x8818</load_address>
         <readonly>true</readonly>
         <executable>true</executable>
         <run_address>0x8818</run_address>
         <size>0x208</size>
         <alignment>0x4</alignment>
         <input_file_ref idref="fl-11"/>
      </object_component>
      <object_component id="oc-3cd">
         <name>.text.strtoll</name>
         <load_address>0x8a20</load_address>
         <readonly>true</readonly>
         <executable>true</executable>
         <run_address>0x8a20</run_address>
         <size>0x1dc</size>
         <alignment>0x4</alignment>
         <input_file_ref idref="fl-6b"/>
      </object_component>
      <object_component id="oc-447">
         <name>.text.__muldf3_fast</name>
         <load_address>0x8bfc</load_address>
         <readonly>true</readonly>
         <executable>true</executable>
         <run_address>0x8bfc</run_address>
         <size>0x1d8</size>
         <alignment>0x4</alignment>
         <input_file_ref idref="fl-195"/>
      </object_component>
      <object_component id="oc-269">
         <name>.text.cosf</name>
         <load_address>0x8dd4</load_address>
         <readonly>true</readonly>
         <executable>true</executable>
         <run_address>0x8dd4</run_address>
         <size>0x1d8</size>
         <alignment>0x4</alignment>
         <input_file_ref idref="fl-43"/>
      </object_component>
      <object_component id="oc-8a">
         <name>.text.main</name>
         <load_address>0x8fac</load_address>
         <readonly>true</readonly>
         <executable>true</executable>
         <run_address>0x8fac</run_address>
         <size>0x1d8</size>
         <alignment>0x4</alignment>
         <input_file_ref idref="fl-3"/>
      </object_component>
      <object_component id="oc-1a9">
         <name>.text.w25q64_erase_sector</name>
         <load_address>0x9184</load_address>
         <readonly>true</readonly>
         <executable>true</executable>
         <run_address>0x9184</run_address>
         <size>0x1d0</size>
         <alignment>0x4</alignment>
         <input_file_ref idref="fl-11"/>
      </object_component>
      <object_component id="oc-26f">
         <name>.text.sinf</name>
         <load_address>0x9354</load_address>
         <readonly>true</readonly>
         <executable>true</executable>
         <run_address>0x9354</run_address>
         <size>0x1cc</size>
         <alignment>0x4</alignment>
         <input_file_ref idref="fl-44"/>
      </object_component>
      <object_component id="oc-38a">
         <name>.text.atanf</name>
         <load_address>0x9520</load_address>
         <readonly>true</readonly>
         <executable>true</executable>
         <run_address>0x9520</run_address>
         <size>0x1c8</size>
         <alignment>0x4</alignment>
         <input_file_ref idref="fl-42"/>
      </object_component>
      <object_component id="oc-232">
         <name>.text.send_status</name>
         <load_address>0x96e8</load_address>
         <readonly>true</readonly>
         <executable>true</executable>
         <run_address>0x96e8</run_address>
         <size>0x1c8</size>
         <alignment>0x4</alignment>
         <input_file_ref idref="fl-5"/>
      </object_component>
      <object_component id="oc-28a">
         <name>.text.app_image_store_get_file_count</name>
         <load_address>0x98b0</load_address>
         <readonly>true</readonly>
         <executable>true</executable>
         <run_address>0x98b0</run_address>
         <size>0x1b0</size>
         <alignment>0x4</alignment>
         <input_file_ref idref="fl-6"/>
      </object_component>
      <object_component id="oc-361">
         <name>.text</name>
         <load_address>0x9a60</load_address>
         <readonly>true</readonly>
         <executable>true</executable>
         <run_address>0x9a60</run_address>
         <size>0x192</size>
         <alignment>0x4</alignment>
         <input_file_ref idref="fl-176"/>
      </object_component>
      <object_component id="oc-33">
         <name>.text.Default_Handler</name>
         <load_address>0x9bf2</load_address>
         <readonly>true</readonly>
         <executable>true</executable>
         <run_address>0x9bf2</run_address>
         <size>0x2</size>
         <alignment>0x2</alignment>
         <input_file_ref idref="fl-2"/>
      </object_component>
      <object_component id="oc-1c1">
         <name>.text.ensure_index</name>
         <load_address>0x9bf4</load_address>
         <readonly>true</readonly>
         <executable>true</executable>
         <run_address>0x9bf4</run_address>
         <size>0x17c</size>
         <alignment>0x4</alignment>
         <input_file_ref idref="fl-6"/>
      </object_component>
      <object_component id="oc-384">
         <name>.text.sqrt</name>
         <load_address>0x9d70</load_address>
         <readonly>true</readonly>
         <executable>true</executable>
         <run_address>0x9d70</run_address>
         <size>0x174</size>
         <alignment>0x4</alignment>
         <input_file_ref idref="fl-45"/>
      </object_component>
      <object_component id="oc-3c9">
         <name>.text.strtoull</name>
         <load_address>0x9ee4</load_address>
         <readonly>true</readonly>
         <executable>true</executable>
         <run_address>0x9ee4</run_address>
         <size>0x168</size>
         <alignment>0x4</alignment>
         <input_file_ref idref="fl-6c"/>
      </object_component>
      <object_component id="oc-1c8">
         <name>.text.delete_image_id</name>
         <load_address>0xa04c</load_address>
         <readonly>true</readonly>
         <executable>true</executable>
         <run_address>0xa04c</run_address>
         <size>0x164</size>
         <alignment>0x4</alignment>
         <input_file_ref idref="fl-6"/>
      </object_component>
      <object_component id="oc-275">
         <name>.text.asinf</name>
         <load_address>0xa1b0</load_address>
         <readonly>true</readonly>
         <executable>true</executable>
         <run_address>0xa1b0</run_address>
         <size>0x160</size>
         <alignment>0x4</alignment>
         <input_file_ref idref="fl-40"/>
      </object_component>
      <object_component id="oc-9f">
         <name>.text.process_byte</name>
         <load_address>0xa310</load_address>
         <readonly>true</readonly>
         <executable>true</executable>
         <run_address>0xa310</run_address>
         <size>0x15c</size>
         <alignment>0x4</alignment>
         <input_file_ref idref="fl-b"/>
      </object_component>
      <object_component id="oc-3fa">
         <name>.text.floor</name>
         <load_address>0xa46c</load_address>
         <readonly>true</readonly>
         <executable>true</executable>
         <run_address>0xa46c</run_address>
         <size>0x148</size>
         <alignment>0x4</alignment>
         <input_file_ref idref="fl-5b"/>
      </object_component>
      <object_component id="oc-1e5">
         <name>.text.send_jy61_status</name>
         <load_address>0xa5b4</load_address>
         <readonly>true</readonly>
         <executable>true</executable>
         <run_address>0xa5b4</run_address>
         <size>0x144</size>
         <alignment>0x4</alignment>
         <input_file_ref idref="fl-4"/>
      </object_component>
      <object_component id="oc-22d">
         <name>.text.strtol</name>
         <load_address>0xa6f8</load_address>
         <readonly>true</readonly>
         <executable>true</executable>
         <run_address>0xa6f8</run_address>
         <size>0x144</size>
         <alignment>0x4</alignment>
         <input_file_ref idref="fl-50"/>
      </object_component>
      <object_component id="oc-320">
         <name>.text.jy61_set_baudrate</name>
         <load_address>0xa83c</load_address>
         <readonly>true</readonly>
         <executable>true</executable>
         <run_address>0xa83c</run_address>
         <size>0x138</size>
         <alignment>0x4</alignment>
         <input_file_ref idref="fl-b"/>
      </object_component>
      <object_component id="oc-e8">
         <name>.text.uart_debug_read_line</name>
         <load_address>0xa974</load_address>
         <readonly>true</readonly>
         <executable>true</executable>
         <run_address>0xa974</run_address>
         <size>0x134</size>
         <alignment>0x4</alignment>
         <input_file_ref idref="fl-10"/>
      </object_component>
      <object_component id="oc-31c">
         <name>.text.strtoul</name>
         <load_address>0xaaa8</load_address>
         <readonly>true</readonly>
         <executable>true</executable>
         <run_address>0xaaa8</run_address>
         <size>0x12c</size>
         <alignment>0x4</alignment>
         <input_file_ref idref="fl-51"/>
      </object_component>
      <object_component id="oc-1c9">
         <name>.text.display_image</name>
         <load_address>0xabd4</load_address>
         <readonly>true</readonly>
         <executable>true</executable>
         <run_address>0xabd4</run_address>
         <size>0x120</size>
         <alignment>0x4</alignment>
         <input_file_ref idref="fl-6"/>
      </object_component>
      <object_component id="oc-27b">
         <name>.text.atan2f</name>
         <load_address>0xacf4</load_address>
         <readonly>true</readonly>
         <executable>true</executable>
         <run_address>0xacf4</run_address>
         <size>0x118</size>
         <alignment>0x4</alignment>
         <input_file_ref idref="fl-41"/>
      </object_component>
      <object_component id="oc-25d">
         <name>.text.set_motor_duty</name>
         <load_address>0xae0c</load_address>
         <readonly>true</readonly>
         <executable>true</executable>
         <run_address>0xae0c</run_address>
         <size>0x108</size>
         <alignment>0x4</alignment>
         <input_file_ref idref="fl-5"/>
      </object_component>
      <object_component id="oc-2a3">
         <name>.text.DL_Timer_initFourCCPWMMode</name>
         <load_address>0xaf14</load_address>
         <readonly>true</readonly>
         <executable>true</executable>
         <run_address>0xaf14</run_address>
         <size>0x104</size>
         <alignment>0x4</alignment>
         <input_file_ref idref="fl-22"/>
      </object_component>
      <object_component id="oc-180">
         <name>.text.jy61_configure_output</name>
         <load_address>0xb018</load_address>
         <readonly>true</readonly>
         <executable>true</executable>
         <run_address>0xb018</run_address>
         <size>0x100</size>
         <alignment>0x4</alignment>
         <input_file_ref idref="fl-b"/>
      </object_component>
      <object_component id="oc-12d">
         <name>.text.SYSCFG_DL_GPIO_init</name>
         <load_address>0xb118</load_address>
         <readonly>true</readonly>
         <executable>true</executable>
         <run_address>0xb118</run_address>
         <size>0xf8</size>
         <alignment>0x4</alignment>
         <input_file_ref idref="fl-1"/>
      </object_component>
      <object_component id="oc-28b">
         <name>.text.app_image_store_get_file_by_index</name>
         <load_address>0xb210</load_address>
         <readonly>true</readonly>
         <executable>true</executable>
         <run_address>0xb210</run_address>
         <size>0xe4</size>
         <alignment>0x4</alignment>
         <input_file_ref idref="fl-6"/>
      </object_component>
      <object_component id="oc-3f6">
         <name>.text.scalbn</name>
         <load_address>0xb2f4</load_address>
         <readonly>true</readonly>
         <executable>true</executable>
         <run_address>0xb2f4</run_address>
         <size>0xdc</size>
         <alignment>0x4</alignment>
         <input_file_ref idref="fl-5c"/>
      </object_component>
      <object_component id="oc-1ef">
         <name>.text</name>
         <load_address>0xb3d0</load_address>
         <readonly>true</readonly>
         <executable>true</executable>
         <run_address>0xb3d0</run_address>
         <size>0xd8</size>
         <alignment>0x4</alignment>
         <input_file_ref idref="fl-175"/>
      </object_component>
      <object_component id="oc-34">
         <name>.text.SysTick_Handler</name>
         <load_address>0xb4a8</load_address>
         <readonly>true</readonly>
         <executable>true</executable>
         <run_address>0xb4a8</run_address>
         <size>0xc4</size>
         <alignment>0x4</alignment>
         <input_file_ref idref="fl-3"/>
      </object_component>
      <object_component id="oc-1f7">
         <name>.text.jy61_read_debug</name>
         <load_address>0xb56c</load_address>
         <readonly>true</readonly>
         <executable>true</executable>
         <run_address>0xb56c</run_address>
         <size>0xc4</size>
         <alignment>0x4</alignment>
         <input_file_ref idref="fl-b"/>
      </object_component>
      <object_component id="oc-342">
         <name>.text.scalbnf</name>
         <load_address>0xb630</load_address>
         <readonly>true</readonly>
         <executable>true</executable>
         <run_address>0xb630</run_address>
         <size>0xbc</size>
         <alignment>0x4</alignment>
         <input_file_ref idref="fl-5a"/>
      </object_component>
      <object_component id="oc-17f">
         <name>.text.jy61_init</name>
         <load_address>0xb6ec</load_address>
         <readonly>true</readonly>
         <executable>true</executable>
         <run_address>0xb6ec</run_address>
         <size>0xb0</size>
         <alignment>0x4</alignment>
         <input_file_ref idref="fl-b"/>
      </object_component>
      <object_component id="oc-154">
         <name>.text.LCD_Address_Set</name>
         <load_address>0xb79c</load_address>
         <readonly>true</readonly>
         <executable>true</executable>
         <run_address>0xb79c</run_address>
         <size>0xac</size>
         <alignment>0x4</alignment>
         <input_file_ref idref="fl-d"/>
      </object_component>
      <object_component id="oc-376">
         <name>.text.__kernel_sindf</name>
         <load_address>0xb848</load_address>
         <readonly>true</readonly>
         <executable>true</executable>
         <run_address>0xb848</run_address>
         <size>0xac</size>
         <alignment>0x4</alignment>
         <input_file_ref idref="fl-43"/>
      </object_component>
      <object_component id="oc-37c">
         <name>.text.__kernel_sindf</name>
         <load_address>0xb8f4</load_address>
         <readonly>true</readonly>
         <executable>true</executable>
         <run_address>0xb8f4</run_address>
         <size>0xac</size>
         <alignment>0x4</alignment>
         <input_file_ref idref="fl-44"/>
      </object_component>
      <object_component id="oc-264">
         <name>.text.pid_calc</name>
         <load_address>0xb9a0</load_address>
         <readonly>true</readonly>
         <executable>true</executable>
         <run_address>0xb9a0</run_address>
         <size>0xa4</size>
         <alignment>0x2</alignment>
         <input_file_ref idref="fl-12"/>
      </object_component>
      <object_component id="oc-ee">
         <name>.text.uart_openmv_read_line</name>
         <load_address>0xba44</load_address>
         <readonly>true</readonly>
         <executable>true</executable>
         <run_address>0xba44</run_address>
         <size>0xa4</size>
         <alignment>0x4</alignment>
         <input_file_ref idref="fl-e"/>
      </object_component>
      <object_component id="oc-463">
         <name>.text</name>
         <load_address>0xbae8</load_address>
         <readonly>true</readonly>
         <executable>true</executable>
         <run_address>0xbae8</run_address>
         <size>0xa2</size>
         <alignment>0x4</alignment>
         <input_file_ref idref="fl-18e"/>
      </object_component>
      <object_component id="oc-2c6">
         <name>.text.__aeabi_idiv0</name>
         <load_address>0xbb8a</load_address>
         <readonly>true</readonly>
         <executable>true</executable>
         <run_address>0xbb8a</run_address>
         <size>0x2</size>
         <alignment>0x2</alignment>
         <input_file_ref idref="fl-193"/>
      </object_component>
      <object_component id="oc-1fa">
         <name>.text.jy61_zero_yaw</name>
         <load_address>0xbb8c</load_address>
         <readonly>true</readonly>
         <executable>true</executable>
         <run_address>0xbb8c</run_address>
         <size>0xa0</size>
         <alignment>0x4</alignment>
         <input_file_ref idref="fl-b"/>
      </object_component>
      <object_component id="oc-375">
         <name>.text.__kernel_cosdf</name>
         <load_address>0xbc2c</load_address>
         <readonly>true</readonly>
         <executable>true</executable>
         <run_address>0xbc2c</run_address>
         <size>0x9c</size>
         <alignment>0x4</alignment>
         <input_file_ref idref="fl-43"/>
      </object_component>
      <object_component id="oc-37b">
         <name>.text.__kernel_cosdf</name>
         <load_address>0xbcc8</load_address>
         <readonly>true</readonly>
         <executable>true</executable>
         <run_address>0xbcc8</run_address>
         <size>0x9c</size>
         <alignment>0x4</alignment>
         <input_file_ref idref="fl-44"/>
      </object_component>
      <object_component id="oc-20f">
         <name>.text.line_follow_parse_command</name>
         <load_address>0xbd64</load_address>
         <readonly>true</readonly>
         <executable>true</executable>
         <run_address>0xbd64</run_address>
         <size>0x9c</size>
         <alignment>0x4</alignment>
         <input_file_ref idref="fl-7"/>
      </object_component>
      <object_component id="oc-1e4">
         <name>.text.process_jy61_baud_command</name>
         <load_address>0xbe00</load_address>
         <readonly>true</readonly>
         <executable>true</executable>
         <run_address>0xbe00</run_address>
         <size>0x9c</size>
         <alignment>0x4</alignment>
         <input_file_ref idref="fl-4"/>
      </object_component>
      <object_component id="oc-1f9">
         <name>.text.scan_jy61_baudrate</name>
         <load_address>0xbe9c</load_address>
         <readonly>true</readonly>
         <executable>true</executable>
         <run_address>0xbe9c</run_address>
         <size>0x9c</size>
         <alignment>0x4</alignment>
         <input_file_ref idref="fl-4"/>
      </object_component>
      <object_component id="oc-b5">
         <name>.text:memcpy</name>
         <load_address>0xbf38</load_address>
         <readonly>true</readonly>
         <executable>true</executable>
         <run_address>0xbf38</run_address>
         <size>0x9a</size>
         <alignment>0x1</alignment>
         <input_file_ref idref="fl-197"/>
      </object_component>
      <object_component id="oc-484">
         <name>.text.__aeabi_ldiv0</name>
         <load_address>0xbfd2</load_address>
         <readonly>true</readonly>
         <executable>true</executable>
         <run_address>0xbfd2</run_address>
         <size>0x2</size>
         <alignment>0x2</alignment>
         <input_file_ref idref="fl-193"/>
      </object_component>
      <object_component id="oc-68">
         <name>.text.encoder_handle_gpio_irq</name>
         <load_address>0xbfd4</load_address>
         <readonly>true</readonly>
         <executable>true</executable>
         <run_address>0xbfd4</run_address>
         <size>0x94</size>
         <alignment>0x4</alignment>
         <input_file_ref idref="fl-c"/>
      </object_component>
      <object_component id="oc-df">
         <name>.text.app_attitude_init</name>
         <load_address>0xc068</load_address>
         <readonly>true</readonly>
         <executable>true</executable>
         <run_address>0xc068</run_address>
         <size>0x90</size>
         <alignment>0x4</alignment>
         <input_file_ref idref="fl-4"/>
      </object_component>
      <object_component id="oc-21a">
         <name>.text.send_motor_ack</name>
         <load_address>0xc0f8</load_address>
         <readonly>true</readonly>
         <executable>true</executable>
         <run_address>0xc0f8</run_address>
         <size>0x90</size>
         <alignment>0x4</alignment>
         <input_file_ref idref="fl-5"/>
      </object_component>
      <object_component id="oc-324">
         <name>.text</name>
         <load_address>0xc188</load_address>
         <readonly>true</readonly>
         <executable>true</executable>
         <run_address>0xc188</run_address>
         <size>0x8c</size>
         <alignment>0x4</alignment>
         <input_file_ref idref="fl-18d"/>
      </object_component>
      <object_component id="oc-1eb">
         <name>.text</name>
         <load_address>0xc214</load_address>
         <readonly>true</readonly>
         <executable>true</executable>
         <run_address>0xc214</run_address>
         <size>0x8c</size>
         <alignment>0x4</alignment>
         <input_file_ref idref="fl-177"/>
      </object_component>
      <object_component id="oc-28c">
         <name>.text.app_image_store_show_image</name>
         <load_address>0xc2a0</load_address>
         <readonly>true</readonly>
         <executable>true</executable>
         <run_address>0xc2a0</run_address>
         <size>0x88</size>
         <alignment>0x4</alignment>
         <input_file_ref idref="fl-6"/>
      </object_component>
      <object_component id="oc-39">
         <name>.text.GROUP1_IRQHandler</name>
         <load_address>0xc328</load_address>
         <readonly>true</readonly>
         <executable>true</executable>
         <run_address>0xc328</run_address>
         <size>0x8</size>
         <alignment>0x2</alignment>
         <input_file_ref idref="fl-3"/>
      </object_component>
      <object_component id="oc-1bb">
         <name>.text:strcmp</name>
         <load_address>0xc330</load_address>
         <readonly>true</readonly>
         <executable>true</executable>
         <run_address>0xc330</run_address>
         <size>0x88</size>
         <alignment>0x10</alignment>
         <input_file_ref idref="fl-49"/>
      </object_component>
      <object_component id="oc-335">
         <name>.text</name>
         <load_address>0xc3b8</load_address>
         <readonly>true</readonly>
         <executable>true</executable>
         <run_address>0xc3b8</run_address>
         <size>0x82</size>
         <alignment>0x4</alignment>
         <input_file_ref idref="fl-178"/>
      </object_component>
      <object_component id="oc-131">
         <name>.text.SYSCFG_DL_UART_DEBUG_init</name>
         <load_address>0xc43c</load_address>
         <readonly>true</readonly>
         <executable>true</executable>
         <run_address>0xc43c</run_address>
         <size>0x7c</size>
         <alignment>0x4</alignment>
         <input_file_ref idref="fl-1"/>
      </object_component>
      <object_component id="oc-133">
         <name>.text.SYSCFG_DL_UART_JY61P_init</name>
         <load_address>0xc4b8</load_address>
         <readonly>true</readonly>
         <executable>true</executable>
         <run_address>0xc4b8</run_address>
         <size>0x7c</size>
         <alignment>0x4</alignment>
         <input_file_ref idref="fl-1"/>
      </object_component>
      <object_component id="oc-132">
         <name>.text.SYSCFG_DL_UART_OPENMV_init</name>
         <load_address>0xc534</load_address>
         <readonly>true</readonly>
         <executable>true</executable>
         <run_address>0xc534</run_address>
         <size>0x7c</size>
         <alignment>0x4</alignment>
         <input_file_ref idref="fl-1"/>
      </object_component>
      <object_component id="oc-268">
         <name>.text.jy61_read_angles</name>
         <load_address>0xc5b0</load_address>
         <readonly>true</readonly>
         <executable>true</executable>
         <run_address>0xc5b0</run_address>
         <size>0x7c</size>
         <alignment>0x4</alignment>
         <input_file_ref idref="fl-b"/>
      </object_component>
      <object_component id="oc-1c">
         <name>.text:decompress:lzss</name>
         <load_address>0xc62c</load_address>
         <readonly>true</readonly>
         <executable>true</executable>
         <run_address>0xc62c</run_address>
         <size>0x7c</size>
         <alignment>0x4</alignment>
         <input_file_ref idref="fl-59"/>
      </object_component>
      <object_component id="oc-257">
         <name>.text.line_follow_get_turn_adjust</name>
         <load_address>0xc6a8</load_address>
         <readonly>true</readonly>
         <executable>true</executable>
         <run_address>0xc6a8</run_address>
         <size>0x78</size>
         <alignment>0x4</alignment>
         <input_file_ref idref="fl-7"/>
      </object_component>
      <object_component id="oc-317">
         <name>.text.sanitize_name</name>
         <load_address>0xc720</load_address>
         <readonly>true</readonly>
         <executable>true</executable>
         <run_address>0xc720</run_address>
         <size>0x78</size>
         <alignment>0x2</alignment>
         <input_file_ref idref="fl-6"/>
      </object_component>
      <object_component id="oc-45a">
         <name>.text.__gedf2</name>
         <load_address>0xc798</load_address>
         <readonly>true</readonly>
         <executable>true</executable>
         <run_address>0xc798</run_address>
         <size>0x74</size>
         <alignment>0x4</alignment>
         <input_file_ref idref="fl-183"/>
      </object_component>
      <object_component id="oc-30b">
         <name>.text._chkmbc</name>
         <load_address>0xc80c</load_address>
         <readonly>true</readonly>
         <executable>true</executable>
         <run_address>0xc80c</run_address>
         <size>0x74</size>
         <alignment>0x4</alignment>
         <input_file_ref idref="fl-47"/>
      </object_component>
      <object_component id="oc-37f">
         <name>.text</name>
         <load_address>0xc880</load_address>
         <readonly>true</readonly>
         <executable>true</executable>
         <run_address>0xc880</run_address>
         <size>0x74</size>
         <alignment>0x10</alignment>
         <input_file_ref idref="fl-182"/>
      </object_component>
      <object_component id="oc-12b">
         <name>.text.SYSCFG_DL_initPower</name>
         <load_address>0xc8f4</load_address>
         <readonly>true</readonly>
         <executable>true</executable>
         <run_address>0xc8f4</run_address>
         <size>0x70</size>
         <alignment>0x4</alignment>
         <input_file_ref idref="fl-1"/>
      </object_component>
      <object_component id="oc-252">
         <name>.text.jy61_poll</name>
         <load_address>0xc964</load_address>
         <readonly>true</readonly>
         <executable>true</executable>
         <run_address>0xc964</run_address>
         <size>0x70</size>
         <alignment>0x4</alignment>
         <input_file_ref idref="fl-b"/>
      </object_component>
      <object_component id="oc-78">
         <name>.text.uart_debug_handle_irq</name>
         <load_address>0xc9d4</load_address>
         <readonly>true</readonly>
         <executable>true</executable>
         <run_address>0xc9d4</run_address>
         <size>0x70</size>
         <alignment>0x4</alignment>
         <input_file_ref idref="fl-10"/>
      </object_component>
      <object_component id="oc-72">
         <name>.text.uart_openmv_handle_irq</name>
         <load_address>0xca44</load_address>
         <readonly>true</readonly>
         <executable>true</executable>
         <run_address>0xca44</run_address>
         <size>0x70</size>
         <alignment>0x4</alignment>
         <input_file_ref idref="fl-e"/>
      </object_component>
      <object_component id="oc-12f">
         <name>.text.SYSCFG_DL_PWM_LEFT_init</name>
         <load_address>0xcab4</load_address>
         <readonly>true</readonly>
         <executable>true</executable>
         <run_address>0xcab4</run_address>
         <size>0x6c</size>
         <alignment>0x4</alignment>
         <input_file_ref idref="fl-1"/>
      </object_component>
      <object_component id="oc-130">
         <name>.text.SYSCFG_DL_PWM_RIGHT_init</name>
         <load_address>0xcb20</load_address>
         <readonly>true</readonly>
         <executable>true</executable>
         <run_address>0xcb20</run_address>
         <size>0x6c</size>
         <alignment>0x4</alignment>
         <input_file_ref idref="fl-1"/>
      </object_component>
      <object_component id="oc-d4">
         <name>.text.app_car_control_init</name>
         <load_address>0xcb8c</load_address>
         <readonly>true</readonly>
         <executable>true</executable>
         <run_address>0xcb8c</run_address>
         <size>0x6c</size>
         <alignment>0x4</alignment>
         <input_file_ref idref="fl-5"/>
      </object_component>
      <object_component id="oc-d9">
         <name>.text.app_menu_init</name>
         <load_address>0xcbf8</load_address>
         <readonly>true</readonly>
         <executable>true</executable>
         <run_address>0xcbf8</run_address>
         <size>0x6c</size>
         <alignment>0x4</alignment>
         <input_file_ref idref="fl-8"/>
      </object_component>
      <object_component id="oc-6d">
         <name>.text.jy61_handle_irq</name>
         <load_address>0xcc64</load_address>
         <readonly>true</readonly>
         <executable>true</executable>
         <run_address>0xcc64</run_address>
         <size>0x6c</size>
         <alignment>0x4</alignment>
         <input_file_ref idref="fl-b"/>
      </object_component>
      <object_component id="oc-459">
         <name>.text.__ledf2</name>
         <load_address>0xccd0</load_address>
         <readonly>true</readonly>
         <executable>true</executable>
         <run_address>0xccd0</run_address>
         <size>0x68</size>
         <alignment>0x4</alignment>
         <input_file_ref idref="fl-183"/>
      </object_component>
      <object_component id="oc-1e6">
         <name>.text.jy61_read_quaternion</name>
         <load_address>0xcd38</load_address>
         <readonly>true</readonly>
         <executable>true</executable>
         <run_address>0xcd38</run_address>
         <size>0x68</size>
         <alignment>0x4</alignment>
         <input_file_ref idref="fl-b"/>
      </object_component>
      <object_component id="oc-c7">
         <name>.text.TB6612_Init</name>
         <load_address>0xcda0</load_address>
         <readonly>true</readonly>
         <executable>true</executable>
         <run_address>0xcda0</run_address>
         <size>0x64</size>
         <alignment>0x4</alignment>
         <input_file_ref idref="fl-a"/>
      </object_component>
      <object_component id="oc-12a">
         <name>.text:memset</name>
         <load_address>0xce04</load_address>
         <readonly>true</readonly>
         <executable>true</executable>
         <run_address>0xce04</run_address>
         <size>0x62</size>
         <alignment>0x1</alignment>
         <input_file_ref idref="fl-198"/>
      </object_component>
      <object_component id="oc-35f">
         <name>.text.BO_Control</name>
         <load_address>0xce68</load_address>
         <readonly>true</readonly>
         <executable>true</executable>
         <run_address>0xce68</run_address>
         <size>0x60</size>
         <alignment>0x4</alignment>
         <input_file_ref idref="fl-a"/>
      </object_component>
      <object_component id="oc-3fe">
         <name>.text</name>
         <load_address>0xcec8</load_address>
         <readonly>true</readonly>
         <executable>true</executable>
         <run_address>0xcec8</run_address>
         <size>0x5a</size>
         <alignment>0x4</alignment>
         <input_file_ref idref="fl-184"/>
      </object_component>
      <object_component id="oc-1e7">
         <name>.text</name>
         <load_address>0xcf24</load_address>
         <readonly>true</readonly>
         <executable>true</executable>
         <run_address>0xcf24</run_address>
         <size>0x5a</size>
         <alignment>0x4</alignment>
         <input_file_ref idref="fl-187"/>
      </object_component>
      <object_component id="oc-35e">
         <name>.text.AO_Control</name>
         <load_address>0xcf80</load_address>
         <readonly>true</readonly>
         <executable>true</executable>
         <run_address>0xcf80</run_address>
         <size>0x58</size>
         <alignment>0x4</alignment>
         <input_file_ref idref="fl-a"/>
      </object_component>
      <object_component id="oc-3ee">
         <name>.text</name>
         <load_address>0xcfd8</load_address>
         <readonly>true</readonly>
         <executable>true</executable>
         <run_address>0xcfd8</run_address>
         <size>0x56</size>
         <alignment>0x4</alignment>
         <input_file_ref idref="fl-188"/>
      </object_component>
      <object_component id="oc-165">
         <name>.text.motion_control_init</name>
         <load_address>0xd030</load_address>
         <readonly>true</readonly>
         <executable>true</executable>
         <run_address>0xd030</run_address>
         <size>0x54</size>
         <alignment>0x4</alignment>
         <input_file_ref idref="fl-9"/>
      </object_component>
      <object_component id="oc-21b">
         <name>.text.send_pulse_ack</name>
         <load_address>0xd084</load_address>
         <readonly>true</readonly>
         <executable>true</executable>
         <run_address>0xd084</run_address>
         <size>0x54</size>
         <alignment>0x4</alignment>
         <input_file_ref idref="fl-5"/>
      </object_component>
      <object_component id="oc-219">
         <name>.text.TB6612_Motor_Stop</name>
         <load_address>0xd0d8</load_address>
         <readonly>true</readonly>
         <executable>true</executable>
         <run_address>0xd0d8</run_address>
         <size>0x4c</size>
         <alignment>0x4</alignment>
         <input_file_ref idref="fl-a"/>
      </object_component>
      <object_component id="oc-e6">
         <name>.text.uart_debug_service_tx</name>
         <load_address>0xd124</load_address>
         <readonly>true</readonly>
         <executable>true</executable>
         <run_address>0xd124</run_address>
         <size>0x4c</size>
         <alignment>0x4</alignment>
         <input_file_ref idref="fl-10"/>
      </object_component>
      <object_component id="oc-16a">
         <name>.text.uart_debug_write_string</name>
         <load_address>0xd170</load_address>
         <readonly>true</readonly>
         <executable>true</executable>
         <run_address>0xd170</run_address>
         <size>0x4c</size>
         <alignment>0x4</alignment>
         <input_file_ref idref="fl-10"/>
      </object_component>
      <object_component id="oc-d3">
         <name>.text.LCD_ShowString</name>
         <load_address>0xd1bc</load_address>
         <readonly>true</readonly>
         <executable>true</executable>
         <run_address>0xd1bc</run_address>
         <size>0x4a</size>
         <alignment>0x2</alignment>
         <input_file_ref idref="fl-d"/>
      </object_component>
      <object_component id="oc-366">
         <name>.text</name>
         <load_address>0xd208</load_address>
         <readonly>true</readonly>
         <executable>true</executable>
         <run_address>0xd208</run_address>
         <size>0x4a</size>
         <alignment>0x4</alignment>
         <input_file_ref idref="fl-17a"/>
      </object_component>
      <object_component id="oc-2ab">
         <name>.text.DL_UART_init</name>
         <load_address>0xd254</load_address>
         <readonly>true</readonly>
[...]
         <name>atan2f</name>
         <value>0xacf5</value>
         <object_component_ref idref="oc-27b"/>
      </symbol>
      <symbol id="sm-4e9">
         <name>atanf</name>
         <value>0x9521</value>
         <object_component_ref idref="oc-38a"/>
      </symbol>
      <symbol id="sm-50a">
         <name>cosf</name>
         <value>0x8dd5</value>
         <object_component_ref idref="oc-269"/>
      </symbol>
      <symbol id="sm-52b">
         <name>sinf</name>
         <value>0x9355</value>
         <object_component_ref idref="oc-26f"/>
      </symbol>
      <symbol id="sm-535">
         <name>sqrt</name>
         <value>0x9d71</value>
         <object_component_ref idref="oc-384"/>
      </symbol>
      <symbol id="sm-536">
         <name>sqrtl</name>
         <value>0x9d71</value>
         <object_component_ref idref="oc-384"/>
      </symbol>
      <symbol id="sm-547">
         <name>snprintf</name>
         <value>0xd375</value>
         <object_component_ref idref="oc-194"/>
      </symbol>
      <symbol id="sm-55c">
         <name>sscanf</name>
         <value>0xd765</value>
         <object_component_ref idref="oc-1c2"/>
      </symbol>
      <symbol id="sm-55d">
         <name>__aeabi_ctype_table_</name>
         <value>0x116d0</value>
         <object_component_ref idref="oc-346"/>
      </symbol>
      <symbol id="sm-55e">
         <name>__aeabi_ctype_table_C</name>
         <value>0x116d0</value>
         <object_component_ref idref="oc-346"/>
      </symbol>
      <symbol id="sm-566">
         <name>strcmp</name>
         <value>0xc331</value>
         <object_component_ref idref="oc-1bb"/>
      </symbol>
      <symbol id="sm-571">
         <name>__aeabi_errno_addr</name>
         <value>0xdd09</value>
         <object_component_ref idref="oc-33d"/>
      </symbol>
      <symbol id="sm-572">
         <name>__aeabi_errno</name>
         <value>0x202028d8</value>
         <object_component_ref idref="oc-3db"/>
      </symbol>
      <symbol id="sm-58b">
         <name>__kernel_rem_pio2</name>
         <value>0x3d35</value>
         <object_component_ref idref="oc-36f"/>
      </symbol>
      <symbol id="sm-5a0">
         <name>strtof</name>
         <value>0x6fc5</value>
         <object_component_ref idref="oc-213"/>
      </symbol>
      <symbol id="sm-5ab">
         <name>strtol</name>
         <value>0xa6f9</value>
         <object_component_ref idref="oc-22d"/>
      </symbol>
      <symbol id="sm-5b6">
         <name>strtoul</name>
         <value>0xaaa9</value>
         <object_component_ref idref="oc-31c"/>
      </symbol>
      <symbol id="sm-5c1">
         <name>_c_int00_noargs</name>
         <value>0xd865</value>
         <object_component_ref idref="oc-58"/>
      </symbol>
      <symbol id="sm-5c2">
         <name>__stack</name>
         <value>0x20207e00</value>
         <object_component_ref idref="oc-1a"/>
      </symbol>
      <symbol id="sm-5ce">
         <name>__TI_auto_init_nobinit_nopinit</name>
         <value>0xd549</value>
         <object_component_ref idref="oc-100"/>
      </symbol>
      <symbol id="sm-5d6">
         <name>_system_pre_init</name>
         <value>0xddb9</value>
         <object_component_ref idref="oc-86"/>
      </symbol>
      <symbol id="sm-5e1">
         <name>__TI_zero_init</name>
         <value>0xdbf5</value>
         <object_component_ref idref="oc-55"/>
      </symbol>
      <symbol id="sm-5ea">
         <name>__TI_decompress_none</name>
         <value>0xdb81</value>
         <object_component_ref idref="oc-20"/>
      </symbol>
      <symbol id="sm-5f5">
         <name>__TI_decompress_lzss</name>
         <value>0xc62d</value>
         <object_component_ref idref="oc-1c"/>
      </symbol>
      <symbol id="sm-5ff">
         <name>scalbnf</name>
         <value>0xb631</value>
         <object_component_ref idref="oc-342"/>
      </symbol>
      <symbol id="sm-600">
         <name>ldexpf</name>
         <value>0xb631</value>
         <object_component_ref idref="oc-342"/>
      </symbol>
      <symbol id="sm-60a">
         <name>floor</name>
         <value>0xa46d</value>
         <object_component_ref idref="oc-3fa"/>
      </symbol>
      <symbol id="sm-60b">
         <name>floorl</name>
         <value>0xa46d</value>
         <object_component_ref idref="oc-3fa"/>
      </symbol>
      <symbol id="sm-615">
         <name>scalbn</name>
         <value>0xb2f5</value>
         <object_component_ref idref="oc-3f6"/>
      </symbol>
      <symbol id="sm-616">
         <name>ldexp</name>
         <value>0xb2f5</value>
         <object_component_ref idref="oc-3f6"/>
      </symbol>
      <symbol id="sm-617">
         <name>scalbnl</name>
         <value>0xb2f5</value>
         <object_component_ref idref="oc-3f6"/>
      </symbol>
      <symbol id="sm-618">
         <name>ldexpl</name>
         <value>0xb2f5</value>
         <object_component_ref idref="oc-3f6"/>
      </symbol>
      <symbol id="sm-63e">
         <name>__TI_printfi_nofloat</name>
         <value>0x16d5</value>
         <object_component_ref idref="oc-3b5"/>
      </symbol>
      <symbol id="sm-66f">
         <name>__TI_scanfi</name>
         <value>0xc1</value>
         <object_component_ref idref="oc-303"/>
      </symbol>
      <symbol id="sm-67d">
         <name>abort</name>
         <value>0xdd7d</value>
         <object_component_ref idref="oc-f9"/>
      </symbol>
      <symbol id="sm-68a">
         <name>atoi</name>
         <value>0xd445</value>
         <object_component_ref idref="oc-3ba"/>
      </symbol>
      <symbol id="sm-693">
         <name>memccpy</name>
         <value>0xd945</value>
         <object_component_ref idref="oc-417"/>
      </symbol>
      <symbol id="sm-6a8">
         <name>strtod</name>
         <value>0x6565</value>
         <object_component_ref idref="oc-3c3"/>
      </symbol>
      <symbol id="sm-6a9">
         <name>strtold</name>
         <value>0x6565</value>
         <object_component_ref idref="oc-3c3"/>
      </symbol>
      <symbol id="sm-6b4">
         <name>strtoll</name>
         <value>0x8a21</value>
         <object_component_ref idref="oc-3cd"/>
      </symbol>
      <symbol id="sm-6bf">
         <name>strtoull</name>
         <value>0x9ee5</value>
         <object_component_ref idref="oc-3c9"/>
      </symbol>
      <symbol id="sm-6c9">
         <name>wcslen</name>
         <value>0xdbe5</value>
         <object_component_ref idref="oc-41e"/>
      </symbol>
      <symbol id="sm-6d4">
         <name>HOSTexit</name>
         <value>0xdd83</value>
         <object_component_ref idref="oc-291"/>
      </symbol>
      <symbol id="sm-6d5">
         <name>C$$EXIT</name>
         <value>0xdd82</value>
         <object_component_ref idref="oc-291"/>
      </symbol>
      <symbol id="sm-6ea">
         <name>__aeabi_fadd</name>
         <value>0xb3db</value>
         <object_component_ref idref="oc-1ef"/>
      </symbol>
      <symbol id="sm-6eb">
         <name>__addsf3</name>
         <value>0xb3db</value>
         <object_component_ref idref="oc-1ef"/>
      </symbol>
      <symbol id="sm-6ec">
         <name>__aeabi_fsub</name>
         <value>0xb3d1</value>
         <object_component_ref idref="oc-1ef"/>
      </symbol>
      <symbol id="sm-6ed">
         <name>__subsf3</name>
         <value>0xb3d1</value>
         <object_component_ref idref="oc-1ef"/>
      </symbol>
      <symbol id="sm-6f6">
         <name>__aeabi_dadd</name>
         <value>0x9a6b</value>
         <object_component_ref idref="oc-361"/>
      </symbol>
      <symbol id="sm-6f7">
         <name>__adddf3</name>
         <value>0x9a6b</value>
         <object_component_ref idref="oc-361"/>
      </symbol>
      <symbol id="sm-6f8">
         <name>__aeabi_dsub</name>
         <value>0x9a61</value>
         <object_component_ref idref="oc-361"/>
      </symbol>
      <symbol id="sm-6f9">
         <name>__subdf3</name>
         <value>0x9a61</value>
         <object_component_ref idref="oc-361"/>
      </symbol>
      <symbol id="sm-702">
         <name>__aeabi_fmul</name>
         <value>0xc215</value>
         <object_component_ref idref="oc-1eb"/>
      </symbol>
      <symbol id="sm-703">
         <name>__mulsf3</name>
         <value>0xc215</value>
         <object_component_ref idref="oc-1eb"/>
      </symbol>
      <symbol id="sm-70c">
         <name>__aeabi_fdiv</name>
         <value>0xc3b9</value>
         <object_component_ref idref="oc-335"/>
      </symbol>
      <symbol id="sm-70d">
         <name>__divsf3</name>
         <value>0xc3b9</value>
         <object_component_ref idref="oc-335"/>
      </symbol>
      <symbol id="sm-716">
         <name>__aeabi_f2d</name>
         <value>0xd509</value>
         <object_component_ref idref="oc-36b"/>
      </symbol>
      <symbol id="sm-717">
         <name>__extendsfdf2</name>
         <value>0xd509</value>
         <object_component_ref idref="oc-36b"/>
      </symbol>
      <symbol id="sm-720">
         <name>__aeabi_d2iz</name>
         <value>0xd209</value>
         <object_component_ref idref="oc-366"/>
      </symbol>
      <symbol id="sm-721">
         <name>__fixdfsi</name>
         <value>0xd209</value>
         <object_component_ref idref="oc-366"/>
      </symbol>
      <symbol id="sm-727">
         <name>__aeabi_f2iz</name>
         <value>0xd635</value>
         <object_component_ref idref="oc-1f3"/>
      </symbol>
      <symbol id="sm-728">
         <name>__fixsfsi</name>
         <value>0xd635</value>
         <object_component_ref idref="oc-1f3"/>
      </symbol>
      <symbol id="sm-72e">
         <name>__aeabi_f2uiz</name>
         <value>0xd6a1</value>
         <object_component_ref idref="oc-35a"/>
      </symbol>
      <symbol id="sm-72f">
         <name>__fixunssfsi</name>
         <value>0xd6a1</value>
         <object_component_ref idref="oc-35a"/>
      </symbol>
      <symbol id="sm-735">
         <name>__aeabi_i2d</name>
         <value>0xd7c1</value>
         <object_component_ref idref="oc-3f2"/>
      </symbol>
      <symbol id="sm-736">
         <name>__floatsidf</name>
         <value>0xd7c1</value>
         <object_component_ref idref="oc-3f2"/>
      </symbol>
      <symbol id="sm-73c">
         <name>__aeabi_i2f</name>
         <value>0xd585</value>
         <object_component_ref idref="oc-253"/>
      </symbol>
      <symbol id="sm-73d">
         <name>__floatsisf</name>
         <value>0xd585</value>
         <object_component_ref idref="oc-253"/>
      </symbol>
      <symbol id="sm-743">
         <name>__aeabi_ui2f</name>
         <value>0xd88d</value>
         <object_component_ref idref="oc-356"/>
      </symbol>
      <symbol id="sm-744">
         <name>__floatunsisf</name>
         <value>0xd88d</value>
         <object_component_ref idref="oc-356"/>
      </symbol>
      <symbol id="sm-74a">
         <name>__aeabi_lmul</name>
         <value>0xd921</value>
         <object_component_ref idref="oc-422"/>
      </symbol>
      <symbol id="sm-74b">
         <name>__muldi3</name>
         <value>0xd921</value>
         <object_component_ref idref="oc-422"/>
      </symbol>
      <symbol id="sm-752">
         <name>__aeabi_d2f</name>
         <value>0xc881</value>
         <object_component_ref idref="oc-37f"/>
      </symbol>
      <symbol id="sm-753">
         <name>__truncdfsf2</name>
         <value>0xc881</value>
         <object_component_ref idref="oc-37f"/>
      </symbol>
      <symbol id="sm-761">
         <name>__ledf2</name>
         <value>0xccd1</value>
         <object_component_ref idref="oc-459"/>
      </symbol>
      <symbol id="sm-762">
         <name>__gedf2</name>
         <value>0xc799</value>
         <object_component_ref idref="oc-45a"/>
      </symbol>
      <symbol id="sm-763">
         <name>__cmpdf2</name>
         <value>0xccd1</value>
         <object_component_ref idref="oc-459"/>
      </symbol>
      <symbol id="sm-764">
         <name>__eqdf2</name>
         <value>0xccd1</value>
         <object_component_ref idref="oc-459"/>
      </symbol>
      <symbol id="sm-765">
         <name>__ltdf2</name>
         <value>0xccd1</value>
         <object_component_ref idref="oc-459"/>
      </symbol>
      <symbol id="sm-766">
         <name>__nedf2</name>
         <value>0xccd1</value>
         <object_component_ref idref="oc-459"/>
      </symbol>
      <symbol id="sm-767">
         <name>__gtdf2</name>
         <value>0xc799</value>
         <object_component_ref idref="oc-45a"/>
      </symbol>
      <symbol id="sm-76d">
         <name>__aeabi_dcmpeq</name>
         <value>0xcec9</value>
         <object_component_ref idref="oc-3fe"/>
      </symbol>
      <symbol id="sm-76e">
         <name>__aeabi_dcmplt</name>
         <value>0xcedb</value>
         <object_component_ref idref="oc-3fe"/>
      </symbol>
      <symbol id="sm-76f">
         <name>__aeabi_dcmple</name>
         <value>0xceed</value>
         <object_component_ref idref="oc-3fe"/>
      </symbol>
      <symbol id="sm-770">
         <name>__aeabi_dcmpge</name>
         <value>0xceff</value>
         <object_component_ref idref="oc-3fe"/>
      </symbol>
      <symbol id="sm-771">
         <name>__aeabi_dcmpgt</name>
         <value>0xcf11</value>
         <object_component_ref idref="oc-3fe"/>
      </symbol>
      <symbol id="sm-77e">
         <name>__aeabi_ddiv_fast</name>
         <value>0xdcf9</value>
         <object_component_ref idref="oc-479"/>
      </symbol>
      <symbol id="sm-788">
         <name>__aeabi_dmul_fast</name>
         <value>0xdd01</value>
         <object_component_ref idref="oc-3e5"/>
      </symbol>
      <symbol id="sm-78e">
         <name>__aeabi_fcmpeq</name>
         <value>0xcf25</value>
         <object_component_ref idref="oc-1e7"/>
      </symbol>
      <symbol id="sm-78f">
         <name>__aeabi_fcmplt</name>
         <value>0xcf37</value>
         <object_component_ref idref="oc-1e7"/>
      </symbol>
      <symbol id="sm-790">
         <name>__aeabi_fcmple</name>
         <value>0xcf49</value>
         <object_component_ref idref="oc-1e7"/>
      </symbol>
      <symbol id="sm-791">
         <name>__aeabi_fcmpge</name>
         <value>0xcf5b</value>
         <object_component_ref idref="oc-1e7"/>
      </symbol>
      <symbol id="sm-792">
         <name>__aeabi_fcmpgt</name>
         <value>0xcf6d</value>
         <object_component_ref idref="oc-1e7"/>
      </symbol>
      <symbol id="sm-798">
         <name>__aeabi_idiv</name>
         <value>0xcfd9</value>
         <object_component_ref idref="oc-3ee"/>
      </symbol>
      <symbol id="sm-799">
         <name>__aeabi_idivmod</name>
         <value>0xcfd9</value>
         <object_component_ref idref="oc-3ee"/>
      </symbol>
      <symbol id="sm-79f">
         <name>__aeabi_uidiv</name>
         <value>0xd4c9</value>
         <object_component_ref idref="oc-155"/>
      </symbol>
      <symbol id="sm-7a0">
         <name>__aeabi_uidivmod</name>
         <value>0xd4c9</value>
         <object_component_ref idref="oc-155"/>
      </symbol>
      <symbol id="sm-7a6">
         <name>__aeabi_uldivmod</name>
         <value>0xdb49</value>
         <object_component_ref idref="oc-427"/>
      </symbol>
      <symbol id="sm-7ac">
         <name>__aeabi_memcpy</name>
         <value>0xdd21</value>
         <object_component_ref idref="oc-48"/>
      </symbol>
      <symbol id="sm-7ad">
         <name>__aeabi_memcpy4</name>
         <value>0xdd21</value>
         <object_component_ref idref="oc-48"/>
      </symbol>
      <symbol id="sm-7ae">
         <name>__aeabi_memcpy8</name>
         <value>0xdd21</value>
         <object_component_ref idref="oc-48"/>
      </symbol>
      <symbol id="sm-7b4">
         <name>__aeabi_memset</name>
         <value>0xda51</value>
         <object_component_ref idref="oc-82"/>
      </symbol>
      <symbol id="sm-7b5">
         <name>__aeabi_memset4</name>
         <value>0xda51</value>
         <object_component_ref idref="oc-82"/>
      </symbol>
      <symbol id="sm-7b6">
         <name>__aeabi_memset8</name>
         <value>0xda51</value>
         <object_component_ref idref="oc-82"/>
      </symbol>
      <symbol id="sm-7b7">
         <name>__aeabi_memclr</name>
         <value>0xda5f</value>
         <object_component_ref idref="oc-82"/>
      </symbol>
      <symbol id="sm-7b8">
         <name>__aeabi_memclr4</name>
         <value>0xda5f</value>
         <object_component_ref idref="oc-82"/>
      </symbol>
      <symbol id="sm-7b9">
         <name>__aeabi_memclr8</name>
         <value>0xda5f</value>
         <object_component_ref idref="oc-82"/>
      </symbol>
      <symbol id="sm-7bf">
         <name>__eqsf2</name>
         <value>0xc189</value>
         <object_component_ref idref="oc-324"/>
      </symbol>
      <symbol id="sm-7c0">
         <name>__lesf2</name>
         <value>0xc189</value>
         <object_component_ref idref="oc-324"/>
      </symbol>
      <symbol id="sm-7c1">
         <name>__ltsf2</name>
         <value>0xc189</value>
         <object_component_ref idref="oc-324"/>
      </symbol>
      <symbol id="sm-7c2">
         <name>__nesf2</name>
         <value>0xc189</value>
         <object_component_ref idref="oc-324"/>
      </symbol>
      <symbol id="sm-7c3">
         <name>__cmpsf2</name>
         <value>0xc189</value>
         <object_component_ref idref="oc-324"/>
      </symbol>
      <symbol id="sm-7c4">
         <name>__gtsf2</name>
         <value>0xc1c3</value>
         <object_component_ref idref="oc-324"/>
      </symbol>
      <symbol id="sm-7c5">
         <name>__gesf2</name>
         <value>0xc1c3</value>
         <object_component_ref idref="oc-324"/>
      </symbol>
      <symbol id="sm-7c6">
         <name>__unordsf2</name>
         <value>0xc1ff</value>
         <object_component_ref idref="oc-324"/>
      </symbol>
      <symbol id="sm-7c7">
         <name>__aeabi_fcmpun</name>
         <value>0xc1ff</value>
         <object_component_ref idref="oc-324"/>
      </symbol>
      <symbol id="sm-7cd">
         <name>__udivmoddi4</name>
         <value>0xbae9</value>
         <object_component_ref idref="oc-463"/>
      </symbol>
      <symbol id="sm-7d3">
         <name>__muldsi3</name>
         <value>0xd5c1</value>
         <object_component_ref idref="oc-329"/>
      </symbol>
      <symbol id="sm-7d9">
         <name>__aeabi_llsl</name>
         <value>0xd989</value>
         <object_component_ref idref="oc-485"/>
      </symbol>
      <symbol id="sm-7da">
         <name>__ashldi3</name>
         <value>0xd989</value>
         <object_component_ref idref="oc-485"/>
      </symbol>
      <symbol id="sm-7e6">
         <name>__aeabi_idiv0</name>
         <value>0xbb8b</value>
         <object_component_ref idref="oc-2c6"/>
      </symbol>
      <symbol id="sm-7e7">
         <name>__aeabi_ldiv0</name>
         <value>0xbfd3</value>
         <object_component_ref idref="oc-484"/>
      </symbol>
      <symbol id="sm-7f1">
         <name>__divdf3_fast</name>
         <value>0x7931</value>
         <object_component_ref idref="oc-490"/>
      </symbol>
      <symbol id="sm-7fb">
         <name>__muldf3_fast</name>
         <value>0x8bfd</value>
         <object_component_ref idref="oc-447"/>
      </symbol>
      <symbol id="sm-815">
         <name>memcpy</name>
         <value>0xbf39</value>
         <object_component_ref idref="oc-b5"/>
      </symbol>
      <symbol id="sm-824">
         <name>memset</name>
         <value>0xce05</value>
         <object_component_ref idref="oc-12a"/>
      </symbol>
      <symbol id="sm-825">
         <name>__TI_static_base__</name>
         <value>0x0</value>
      </symbol>
      <symbol id="sm-829">
         <name>__mpu_init</name>
         <value>0x0</value>
      </symbol>
      <symbol id="sm-82a">
         <name>_system_post_cinit</name>
         <value>0x0</value>
      </symbol>
   </symbol_table>
   <title>Link successful</title>
</link_info>
