******************************************************************************
            TI ARM Clang Linker PC v5.1.1                      
******************************************************************************
>> Linked Wed Jul  1 12:13:30 2026

OUTPUT FILE NAME:   <gpio_toggle_output.out>
ENTRY POINT SYMBOL: "_c_int00_noargs"  address: 0000599d


MEMORY CONFIGURATION

         name            origin    length      used     unused   attr    fill
----------------------  --------  ---------  --------  --------  ----  --------
  FLASH                 00000000   00020000  00006310  00019cf0  R  X
  SRAM                  20200000   00008000  00000d06  000072fa  RW X
  BCR_CONFIG            41c00000   000000ff  00000000  000000ff  R   
  BSL_CONFIG            41c00100   00000080  00000000  00000080  R   


SEGMENT ALLOCATION MAP

run origin  load origin   length   init length attrs members
----------  ----------- ---------- ----------- ----- -------
00000000    00000000    00006310   00006310    r-x
  00000000    00000000    000000c0   000000c0    r-- .intvecs
  000000c0    000000c0    00005c90   00005c90    r-x .text
  00005d50    00005d50    00000590   00000590    r-- .rodata
  000062e0    000062e0    00000030   00000030    r-- .cinit
20200000    20200000    00000b08   00000000    rw-
  20200000    20200000    00000b02   00000000    rw- .bss
  20200b04    20200b04    00000004   00000000    rw- .data
20207e00    20207e00    00000200   00000000    rw-
  20207e00    20207e00    00000200   00000000    rw- .stack


SECTION ALLOCATION MAP

 output                                  attributes/
section   page    origin      length       input sections
--------  ----  ----------  ----------   ----------------
.intvecs   0    00000000    000000c0     
                  00000000    000000c0     startup_mspm0g350x_ticlang.o (.intvecs)

.text      0    000000c0    00005c90     
                  000000c0    00000c88     libc.a : _scanfi.c.obj (.text.__TI_scanfi)
                  00000d48    000008dc            : _printfi.c.obj (.text:__TI_printfi_nofloat)
                  00001624    0000062c     app_car_control.o (.text.app_car_control_process_command)
                  00001c50    00000544     app_car_control.o (.text.app_car_control_update)
                  00002194    000003b0     libc.a : strtod.c.obj (.text.strtod)
                  00002544    00000350     app_motion_control.o (.text.motion_control_parse_command)
                  00002894    00000350     libc.a : strtof.c.obj (.text.strtof)
                  00002be4    000002dc            : divdf3_fast.c.obj (.text.__divdf3_fast)
                  00002ec0    00000268     app_car_control.o (.text.app_car_control_send_telemetry)
                  00003128    000001dc     libc.a : strtoll.c.obj (.text.strtoll)
                  00003304    000001d8            : muldf3_fast.c.obj (.text.__muldf3_fast)
                  000034dc    000001c8     app_car_control.o (.text.send_status)
                  000036a4    00000192     libclang_rt.builtins.a : adddf3.S.obj (.text)
                  00003836    00000002     startup_mspm0g350x_ticlang.o (.text.Default_Handler)
                  00003838    00000168     libc.a : strtoull.c.obj (.text.strtoull)
                  000039a0    00000144            : strtol.c.obj (.text.strtol)
                  00003ae4    00000140     app_motion_control.o (.text.motion_control_update)
                  00003c24    00000130     main.o (.text.main)
                  00003d54    0000012c     libc.a : strtoul.c.obj (.text.strtoul)
                  00003e80    00000114     hw_uart.o (.text.uart_debug_read_line)
                  00003f94    00000108     app_car_control.o (.text.set_motor_duty)
                  0000409c    00000104     driverlib.a : dl_timer.o (.text.DL_Timer_initFourCCPWMMode)
                  000041a0    000000dc     libc.a : s_scalbn.c.obj (.text.scalbn)
                  0000427c    000000d8     libclang_rt.builtins.a : addsf3.S.obj (.text)
                  00004354    000000bc     libc.a : s_scalbnf.c.obj (.text.scalbnf)
                  00004410    000000b0     ti_msp_dl_config.o (.text.SYSCFG_DL_GPIO_init)
                  000044c0    000000a4     mid_pid.o (.text.pid_calc)
                  00004564    000000a4     hw_openmv_uart.o (.text.uart_openmv_read_line)
                  00004608    000000a2     libclang_rt.builtins.a : udivmoddi4.S.obj (.text)
                  000046aa    00000002                            : aeabi_div0.c.obj (.text.__aeabi_idiv0)
                  000046ac    0000009c     app_line_follow.o (.text.line_follow_parse_command)
                  00004748    0000009a     libc.a : memcpy16.S.obj (.text:memcpy)
                  000047e2    00000002     libclang_rt.builtins.a : aeabi_div0.c.obj (.text.__aeabi_ldiv0)
                  000047e4    00000094     ti_msp_dl_config.o (.text.SYSCFG_DL_PWM_MOTORS_init)
                  00004878    00000094     main.o (.text.SysTick_Handler)
                  0000490c    00000094     hw_encoder.o (.text.encoder_handle_gpio_irq)
                  000049a0    00000090     app_car_control.o (.text.send_motor_ack)
                  00004a30    0000008c     libclang_rt.builtins.a : comparesf2.S.obj (.text)
                  00004abc    0000008c                            : mulsf3.S.obj (.text)
                  00004b48    00000008     main.o (.text.GROUP1_IRQHandler)
                  00004b50    00000088     libc.a : strcmp-armv6m.S.obj (.text:strcmp)
                  00004bd8    00000082     libclang_rt.builtins.a : divsf3.S.obj (.text)
                  00004c5a    00000002     --HOLE-- [fill = 0]
                  00004c5c    0000007c     ti_msp_dl_config.o (.text.SYSCFG_DL_UART_DEBUG_init)
                  00004cd8    0000007c     ti_msp_dl_config.o (.text.SYSCFG_DL_UART_OPENMV_init)
                  00004d54    0000007c     libc.a : copy_decompress_lzss.c.obj (.text:decompress:lzss)
                  00004dd0    00000074     libclang_rt.builtins.a : comparedf2.c.obj (.text.__gedf2)
                  00004e44    00000074     libc.a : sscanf.c.obj (.text._chkmbc)
                  00004eb8    00000074     app_line_follow.o (.text.line_follow_get_turn_adjust)
                  00004f2c    00000004     libsysbm.a : hostexit.c.obj (.text.HOSTexit)
                  00004f30    00000074     libclang_rt.builtins.a : truncdfsf2.S.obj (.text)
                  00004fa4    00000070     hw_uart.o (.text.uart_debug_handle_irq)
                  00005014    00000070     hw_openmv_uart.o (.text.uart_openmv_handle_irq)
                  00005084    0000006c     app_car_control.o (.text.app_car_control_init)
                  000050f0    00000068     libclang_rt.builtins.a : comparedf2.c.obj (.text.__ledf2)
                  00005158    00000062     libc.a : memset16.S.obj (.text:memset)
                  000051ba    00000002     --HOLE-- [fill = 0]
                  000051bc    00000060     bsp_tb6612.o (.text.BO_Control)
                  0000521c    0000005a     libclang_rt.builtins.a : aeabi_dcmp.S.obj (.text)
                  00005276    00000002     --HOLE-- [fill = 0]
                  00005278    0000005a                            : aeabi_fcmp.S.obj (.text)
                  000052d2    00000002     --HOLE-- [fill = 0]
                  000052d4    00000058     bsp_tb6612.o (.text.AO_Control)
                  0000532c    00000054     bsp_tb6612.o (.text.TB6612_Init)
                  00005380    00000054     app_car_control.o (.text.send_pulse_ack)
                  000053d4    0000004c     hw_uart.o (.text.uart_debug_service_tx)
                  00005420    0000004c     hw_uart.o (.text.uart_debug_write_string)
                  0000546c    00000048     driverlib.a : dl_uart.o (.text.DL_UART_init)
                  000054b4    00000048     ti_msp_dl_config.o (.text.SYSCFG_DL_initPower)
                  000054fc    00000048     bsp_tb6612.o (.text.TB6612_Motor_Stop)
                  00005544    00000048     hw_encoder.o (.text.encoder_init)
                  0000558c    00000048     libc.a : snprintf.c.obj (.text.snprintf)
                  000055d4    00000044     app_car_control.o (.text.app_car_control_send_heartbeat)
                  00005618    00000044     libc.a : atoi.c.obj (.text.atoi)
                  0000565c    00000040     ti_msp_dl_config.o (.text.SYSCFG_DL_SYSCTL_init)
                  0000569c    00000040     libclang_rt.builtins.a : aeabi_uidivmod.S.obj (.text)
                  000056dc    0000003c     app_motion_control.o (.text.motion_control_init)
                  00005718    0000003c     libc.a : autoinit.c.obj (.text:__TI_auto_init_nobinit_nopinit)
                  00005754    0000003c     libclang_rt.builtins.a : floatsisf.S.obj (.text)
                  00005790    0000003a                            : muldsi3.S.obj (.text)
                  000057ca    00000002     --HOLE-- [fill = 0]
                  000057cc    00000038                            : fixsfsi.S.obj (.text)
                  00005804    00000032     libc.a : snprintf.c.obj (.text._outs)
                  00005836    00000002     --HOLE-- [fill = 0]
                  00005838    00000032     libclang_rt.builtins.a : fixunssfsi.S.obj (.text)
                  0000586a    00000002     --HOLE-- [fill = 0]
                  0000586c    00000030     app_line_follow.o (.text.line_follow_is_valid)
                  0000589c    00000030     app_car_control.o (.text.send_unknown_command)
                  000058cc    00000030     libc.a : sscanf.c.obj (.text.sscanf)
                  000058fc    00000028     ti_msp_dl_config.o (.text.SYSCFG_DL_init)
                  00005924    00000028     app_line_follow.o (.text.line_follow_is_active)
                  0000594c    00000028     hw_uart.o (.text.uart_debug_init)
                  00005974    00000028     hw_openmv_uart.o (.text.uart_openmv_init)
                  0000599c    00000028     libc.a : boot_cortex_m.c.obj (.text:_c_int00_noargs)
                  000059c4    00000028     libclang_rt.builtins.a : floatunsisf.S.obj (.text)
                  000059ec    00000024     app_line_follow.o (.text.line_follow_init)
                  00005a10    00000024     libclang_rt.builtins.a : muldi3.S.obj (.text)
                  00005a34    00000022     libc.a : memccpy.c.obj (.text.memccpy)
                  00005a56    00000022     app_car_control.o (.text.strlen)
                  00005a78    0000001e     libclang_rt.builtins.a : ashldi3.S.obj (.text)
                  00005a96    00000002     --HOLE-- [fill = 0]
                  00005a98    0000001c     driverlib.a : dl_timer.o (.text.DL_Timer_setCaptCompUpdateMethod)
                  00005ab4    0000001c                 : dl_timer.o (.text.DL_Timer_setClockConfig)
                  00005ad0    0000001c                 : dl_uart.o (.text.DL_UART_receiveDataCheck)
                  00005aec    0000001c                 : dl_uart.o (.text.DL_UART_transmitDataCheck)
                  00005b08    0000001a     libclang_rt.builtins.a : aeabi_memset.S.obj (.text)
                  00005b22    00000002     --HOLE-- [fill = 0]
                  00005b24    00000018     driverlib.a : dl_timer.o (.text.DL_Timer_setCaptureCompareOutCtl)
                  00005b3c    00000018     libc.a : snprintf.c.obj (.text._outc)
                  00005b54    00000018     hw_encoder.o (.text.encoder_get_counts)
                  00005b6c    00000018     hw_encoder.o (.text.encoder_reset)
                  00005b84    00000018     mid_pid.o (.text.pid_init)
                  00005b9c    00000014     libc.a : sscanf.c.obj (.text._inpchar)
                  00005bb0    00000014     libclang_rt.builtins.a : aeabi_uldivmod.S.obj (.text)
                  00005bc4    00000012     driverlib.a : dl_uart.o (.text.DL_UART_setClockConfig)
                  00005bd6    00000012     libc.a : copy_decompress_none.c.obj (.text:decompress:none)
                  00005be8    00000010     driverlib.a : dl_timer.o (.text.DL_Timer_setCaptureCompareValue)
                  00005bf8    00000010     app_car_control.o (.text.app_car_control_toggle_status_led)
                  00005c08    00000010     app_motion_control.o (.text.motion_control_get_target_deg_s)
                  00005c18    00000010     app_motion_control.o (.text.motion_control_get_target_mm_s)
                  00005c28    00000010     app_motion_control.o (.text.motion_control_is_active)
                  00005c38    00000010     libc.a : wcslen.c.obj (.text.wcslen)
                  00005c48    00000010            : copy_zero_init.c.obj (.text:decompress:ZI)
                  00005c58    0000000e            : _printfi.c.obj (.text.strlen)
                  00005c66    00000002     --HOLE-- [fill = 0]
                  00005c68    0000000c     app_line_follow.o (.text.line_follow_get_error)
                  00005c74    0000000c     app_motion_control.o (.text.motion_control_get_mode)
                  00005c80    0000000c     app_motion_control.o (.text.motion_control_is_busy)
                  00005c8c    0000000c     mid_pid.o (.text.pid_reset)
                  00005c98    0000000c     hw_uart.o (.text.uart_debug_get_rx_dropped_bytes)
                  00005ca4    0000000c     hw_uart.o (.text.uart_debug_get_tx_dropped_bytes)
                  00005cb0    0000000a     driverlib.a : dl_common.o (.text.DL_Common_delayCycles)
                  00005cba    0000000a     libc.a : _scanfi.c.obj (.text.OUTLINED_FUNCTION_0)
                  00005cc4    00000008            : strtod.c.obj (.text.OUTLINED_FUNCTION_0)
                  00005ccc    00000008            : strtof.c.obj (.text.OUTLINED_FUNCTION_0)
                  00005cd4    00000008            : _scanfi.c.obj (.text.OUTLINED_FUNCTION_1)
                  00005cdc    00000008            : strtod.c.obj (.text.OUTLINED_FUNCTION_1)
                  00005ce4    00000010     libclang_rt.builtins.a : aeabi_dcmp.S.obj (.tramp.__aeabi_dcmpeq.1)
                  00005cf4    00000008     libc.a : _scanfi.c.obj (.text.OUTLINED_FUNCTION_2)
                  00005cfc    00000008     main.o (.text.UART0_IRQHandler)
                  00005d04    00000008     main.o (.text.UART2_IRQHandler)
                  00005d0c    00000008     libclang_rt.builtins.a : aeabi_ddiv.c.obj (.text.__aeabi_ddiv_fast)
                  00005d14    00000008                            : aeabi_dmul.c.obj (.text.__aeabi_dmul_fast)
                  00005d1c    00000008     libc.a : aeabi_portable.c.obj (.text.__aeabi_errno_addr)
                  00005d24    00000008            : sscanf.c.obj (.text._uninpchar)
                  00005d2c    00000008     libclang_rt.builtins.a : aeabi_memcpy.S.obj (.text)
                  00005d34    00000006     libc.a : _scanfi.c.obj (.text.OUTLINED_FUNCTION_3)
                  00005d3a    00000006            : _scanfi.c.obj (.text.OUTLINED_FUNCTION_4)
                  00005d40    00000006            : exit.c.obj (.text:abort)
                  00005d46    00000004     startup_mspm0g350x_ticlang.o (.text.Reset_Handler)
                  00005d4a    00000004     libc.a : pre_init.c.obj (.text._system_pre_init)
                  00005d4e    00000002     --HOLE-- [fill = 0]

.cinit     0    000062e0    00000030     
                  000062e0    0000000c     (__TI_handler_table)
                  000062ec    00000008     (.cinit..bss.load) [load image, compression = zero_init]
                  000062f4    00000007     (.cinit..data.load) [load image, compression = lzss]
                  000062fb    00000001     --HOLE-- [fill = 0]
                  000062fc    00000010     (__TI_cinit_table)
                  0000630c    00000004     --HOLE-- [fill = 0]

.rodata    0    00005d50    00000590     
                  00005d50    00000101     libc.a : aeabi_ctype.S.obj (.rodata:__aeabi_ctype_table_)
                  00005e51    00000090     app_car_control.o (.rodata.str1.5259596890075649042.1)
                  00005ee1    00000007     libc.a : _scanfi.c.obj (.rodata._sproc_int.flit)
                  00005ee8    00000080            : strtod.c.obj (.rodata.digits)
                  00005f68    00000077     app_car_control.o (.rodata.str1.18415326926820213635.1)
                  00005fdf    0000004f     app_car_control.o (.rodata.str1.5964142759088803818.1)
                  0000602e    00000002     ti_msp_dl_config.o (.rodata.gUART_DEBUGClockConfig)
                  00006030    00000048     libc.a : strtod.c.obj (.rodata.powerof10)
                  00006078    00000042     app_car_control.o (.rodata.str1.11820653816532915241.1)
                  000060ba    00000002     ti_msp_dl_config.o (.rodata.gUART_OPENMVClockConfig)
                  000060bc    00000040     libc.a : strtof.c.obj (.rodata.digits)
                  000060fc    0000001b     app_car_control.o (.rodata.str1.14175076128169481003.1)
                  00006117    0000001b     app_car_control.o (.rodata.str1.1822894261428252022.1)
                  00006132    00000002     --HOLE-- [fill = 0]
                  00006134    00000018     libc.a : strtof.c.obj (.rodata.powerof10)
                  0000614c    00000017     app_car_control.o (.rodata.str1.10785656375763943663.1)
                  00006163    00000016     app_car_control.o (.rodata.str1.11441606736553431316.1)
                  00006179    00000014     app_car_control.o (.rodata.str1.26950527303777515.1)
                  0000618d    00000012     app_car_control.o (.rodata.str1.14718060586108094866.1)
                  0000619f    00000012     hw_uart.o (.rodata.str1.2093199925178161188.1)
                  000061b1    00000011     libc.a : _printfi.c.obj (.rodata.str1.10348868589481759720.1)
                  000061c2    00000011            : _printfi.c.obj (.rodata.str1.15363888844622738466.1)
                  000061d3    0000000d     app_car_control.o (.rodata.str1.11272716704398869594.1)
                  000061e0    0000000d     app_car_control.o (.rodata.str1.4874208870431229975.1)
                  000061ed    0000000d     app_car_control.o (.rodata.str1.7569317419661685027.1)
                  000061fa    0000000c     app_car_control.o (.rodata.str1.10416396766295915984.1)
                  00006206    0000000c     app_car_control.o (.rodata.str1.10986280395233754576.1)
                  00006212    0000000c     app_car_control.o (.rodata.str1.16566837512891204500.1)
                  0000621e    0000000c     app_car_control.o (.rodata.str1.2882403439750828858.1)
                  0000622a    0000000c     app_car_control.o (.rodata.str1.6493979626155181994.1)
                  00006236    0000000a     ti_msp_dl_config.o (.rodata.gUART_DEBUGConfig)
                  00006240    0000000a     ti_msp_dl_config.o (.rodata.gUART_OPENMVConfig)
                  0000624a    0000000a     app_car_control.o (.rodata.str1.12484813675258476528.1)
                  00006254    0000000a     app_car_control.o (.rodata.str1.2972993705525450585.1)
                  0000625e    0000000a     app_car_control.o (.rodata.str1.6044509230432320655.1)
                  00006268    0000000a     app_car_control.o (.rodata.str1.9822639397776744045.1)
                  00006272    00000009     libc.a : _scanfi.c.obj (.rodata.str1.12964984209033246150.1)
                  0000627b    00000009     app_car_control.o (.rodata.str1.8898464879457977813.1)
                  00006284    00000009     app_car_control.o (.rodata.str1.9984945524575007645.1)
                  0000628d    00000003     ti_msp_dl_config.o (.rodata.gPWM_MOTORSClockConfig)
                  00006290    00000008     ti_msp_dl_config.o (.rodata.gPWM_MOTORSConfig)
                  00006298    00000008     app_car_control.o (.rodata.str1.12234416300867838885.1)
                  000062a0    00000007     app_car_control.o (.rodata.str1.13032410439314695910.1)
                  000062a7    00000006     libc.a : _scanfi.c.obj (.rodata._sproc_int.barr)
                  000062ad    00000006     app_car_control.o (.rodata.str1.10099187617512664200.1)
                  000062b3    00000006     app_line_follow.o (.rodata.str1.13577393985823711167.1)
                  000062b9    00000006     app_motion_control.o (.rodata.str1.15845094093975241062.1)
                  000062bf    00000006     app_motion_control.o (.rodata.str1.4383496431151190140.1)
                  000062c5    00000005     app_car_control.o (.rodata.str1.14187085924937509073.1)
                  000062ca    00000005     app_car_control.o (.rodata.str1.14880763104044842744.1)
                  000062cf    00000004     app_car_control.o (.rodata.str1.15872741239078135150.1)
                  000062d3    00000004     app_car_control.o (.rodata.str1.1972896047161163948.1)
                  000062d7    00000004     libc.a : _scanfi.c.obj (.rodata.str1.3403580589742030990.1)
                  000062db    00000003     app_motion_control.o (.rodata.str1.825203759767528237.1)
                  000062de    00000002     --HOLE-- [fill = 0]

.init_array 
*          0    00000000    00000000     UNINITIALIZED

.binit     0    00000000    00000000     

.bss       0    20200000    00000b02     UNINITIALIZED
                  20200000    00000800     hw_uart.o (.bss.gUartTxBuffer)
                  20200800    000000bc     (.common:gPWM_MOTORSBackup)
                  202008bc    00000080     hw_openmv_uart.o (.bss.gOpenmvRxBuffer)
                  2020093c    00000080     hw_uart.o (.bss.gUartRxBuffer)
                  202009bc    00000040     hw_uart.o (.bss.uart_debug_read_line.rxLine)
                  202009fc    00000024     app_car_control.o (.bss.gLeftSpeedPid)
                  20200a20    00000024     app_car_control.o (.bss.gRightSpeedPid)
                  20200a44    00000020     hw_openmv_uart.o (.bss.uart_openmv_read_line.rxLine)
                  20200a64    00000004     app_motion_control.o (.bss.gAngularSpeedDegS)
                  20200a68    00000004     app_car_control.o (.bss.gFilteredLeftSpeed)
                  20200a6c    00000004     app_car_control.o (.bss.gFilteredRightSpeed)
                  20200a70    00000004     app_car_control.o (.bss.gLastLeftDelta)
                  20200a74    00000004     app_car_control.o (.bss.gLastLeftOutput)
                  20200a78    00000004     app_car_control.o (.bss.gLastLeftTargetSpeed)
                  20200a7c    00000004     app_line_follow.o (.bss.gLastLineMs)
                  20200a80    00000004     app_car_control.o (.bss.gLastPidError)
                  20200a84    00000004     app_car_control.o (.bss.gLastRightDelta)
                  20200a88    00000004     app_car_control.o (.bss.gLastRightOutput)
                  20200a8c    00000004     app_car_control.o (.bss.gLastRightTargetSpeed)
                  20200a90    00000004     app_car_control.o (.bss.gLastUpdateMs)
                  20200a94    00000004     hw_encoder.o (.bss.gLeftEncoderCount)
                  20200a98    00000004     app_line_follow.o (.bss.gLineError)
                  20200a9c    00000004     app_motion_control.o (.bss.gLinearSpeedMmS)
                  20200aa0    00000004     app_car_control.o (.bss.gManualLeftDutyPercent)
                  20200aa4    00000004     app_car_control.o (.bss.gManualPulseStopMs)
                  20200aa8    00000004     app_car_control.o (.bss.gManualRightDutyPercent)
                  20200aac    00000004     hw_openmv_uart.o (.bss.gOpenmvRxDroppedBytes)
                  20200ab0    00000004     app_car_control.o (.bss.gPreviousLeftCount)
                  20200ab4    00000004     app_car_control.o (.bss.gPreviousRightCount)
                  20200ab8    00000004     hw_encoder.o (.bss.gRightEncoderCount)
                  20200abc    00000004     app_car_control.o (.bss.gSpeedTargetCounts)
                  20200ac0    00000004     app_motion_control.o (.bss.gStartLeftCount)
                  20200ac4    00000004     app_motion_control.o (.bss.gStartRightCount)
                  20200ac8    00000004     main.o (.bss.gSysTickMs)
                  20200acc    00000004     app_motion_control.o (.bss.gTargetCounts)
                  20200ad0    00000004     app_car_control.o (.bss.gTargetManualLeftDutyPercent)
                  20200ad4    00000004     app_car_control.o (.bss.gTargetManualRightDutyPercent)
                  20200ad8    00000004     app_car_control.o (.bss.gTargetSpeedCounts)
                  20200adc    00000004     hw_uart.o (.bss.gUartRxDroppedBytes)
                  20200ae0    00000004     hw_uart.o (.bss.gUartTxDroppedBytes)
                  20200ae4    00000004     hw_uart.o (.bss.uart_debug_read_line.rxIndex)
                  20200ae8    00000004     hw_openmv_uart.o (.bss.uart_openmv_read_line.rxIndex)
                  20200aec    00000002     hw_openmv_uart.o (.bss.gOpenmvRxHead)
                  20200aee    00000002     hw_openmv_uart.o (.bss.gOpenmvRxTail)
                  20200af0    00000002     hw_uart.o (.bss.gUartRxHead)
                  20200af2    00000002     hw_uart.o (.bss.gUartRxTail)
                  20200af4    00000002     hw_uart.o (.bss.gUartTxHead)
                  20200af6    00000002     hw_uart.o (.bss.gUartTxTail)
                  20200af8    00000001     app_motion_control.o (.bss.gBusy)
                  20200af9    00000001     main.o (.bss.gControlUpdatePending)
                  20200afa    00000001     main.o (.bss.gHeartbeatUpdatePending)
                  20200afb    00000001     app_line_follow.o (.bss.gLineEnabled)
                  20200afc    00000001     app_line_follow.o (.bss.gLineValid)
                  20200afd    00000001     app_car_control.o (.bss.gManualMotorMode)
                  20200afe    00000001     app_motion_control.o (.bss.gMode)
                  20200aff    00000001     main.o (.bss.gStatusLedUpdatePending)
                  20200b00    00000001     app_car_control.o (.bss.gTelemetryEnabled)
                  20200b01    00000001     main.o (.bss.gTelemetryUpdatePending)

.data      0    20200b04    00000004     UNINITIALIZED
                  20200b04    00000004     libc.a : aeabi_portable.c.obj (.data.__aeabi_errno)

.stack     0    20207e00    00000200     UNINITIALIZED
                  20207e00    00000004     libc.a : boot_cortex_m.c.obj (.stack)
                  20207e04    000001fc     --HOLE--

__llvm_prf_cnts 
*          0    20200000    00000000     UNINITIALIZED

__llvm_prf_bits 
*          0    20200000    00000000     UNINITIALIZED

MODULE SUMMARY

       Module                         code    ro data   rw data
       ------                         ----    -------   -------
    .\
       ti_msp_dl_config.o             748     35        188    
       main.o                         476     0         8      
       startup_mspm0g350x_ticlang.o   6       192       0      
    +--+------------------------------+-------+---------+---------+
       Total:                         1230    227       196    
                                                               
    .\app\
       app_car_control.o              4766    741       150    
       app_motion_control.o           1300    15        22     
       app_line_follow.o              408     6         10     
    +--+------------------------------+-------+---------+---------+
       Total:                         6474    762       182    
                                                               
    .\bsp\
       bsp_tb6612.o                   340     0         0      
    +--+------------------------------+-------+---------+---------+
       Total:                         340     0         0      
                                                               
    .\hw\
       hw_uart.o                      604     18        2260   
       hw_openmv_uart.o               316     0         172    
       hw_encoder.o                   268     0         8      
    +--+------------------------------+-------+---------+---------+
       Total:                         1188    18        2440   
                                                               
    .\mid\
       mid_pid.o                      200     0         0      
    +--+------------------------------+-------+---------+---------+
       Total:                         200     0         0      
                                                               
    C:/TI/mspm0_sdk_2_10_00_04/source/ti/driverlib/lib/ticlang/m0p/mspm0g1x0x_g3x0x/driverlib.a
       dl_timer.o                     356     0         0      
       dl_uart.o                      146     0         0      
       dl_common.o                    10      0         0      
    +--+------------------------------+-------+---------+---------+
       Total:                         512     0         0      
                                                               
    F:\yingyong\ccs\ccs\tools\compiler\ti-cgt-armllvm_5.1.1.LTS\lib\armv6m-ti-none-eabi/c/libc.a
       _scanfi.c.obj                  3246    26        0      
       _printfi.c.obj                 2282    34        0      
       strtod.c.obj                   960     200       0      
       strtof.c.obj                   856     88        0      
       divdf3_fast.c.obj              732     0         0      
       strtoll.c.obj                  476     0         0      
       muldf3_fast.c.obj              472     0         0      
       strtoull.c.obj                 360     0         0      
       strtol.c.obj                   324     0         0      
       strtoul.c.obj                  300     0         0      
       aeabi_ctype.S.obj              0       257       0      
       s_scalbn.c.obj                 220     0         0      
       sscanf.c.obj                   192     0         0      
       s_scalbnf.c.obj                188     0         0      
       memcpy16.S.obj                 154     0         0      
       snprintf.c.obj                 146     0         0      
       strcmp-armv6m.S.obj            136     0         0      
       copy_decompress_lzss.c.obj     124     0         0      
       memset16.S.obj                 98      0         0      
       atoi.c.obj                     68      0         0      
       autoinit.c.obj                 60      0         0      
       boot_cortex_m.c.obj            40      0         0      
       memccpy.c.obj                  34      0         0      
       copy_decompress_none.c.obj     18      0         0      
       copy_zero_init.c.obj           16      0         0      
       wcslen.c.obj                   16      0         0      
       aeabi_portable.c.obj           8       0         4      
       exit.c.obj                     6       0         0      
       pre_init.c.obj                 4       0         0      
    +--+------------------------------+-------+---------+---------+
       Total:                         11536   605       4      
                                                               
    F:\yingyong\ccs\ccs\tools\compiler\ti-cgt-armllvm_5.1.1.LTS\lib\armv6m-ti-none-eabi/c/libsysbm.a
       hostexit.c.obj                 4       0         0      
    +--+------------------------------+-------+---------+---------+
       Total:                         4       0         0      
                                                               
    F:\yingyong\ccs\ccs\tools\compiler\ti-cgt-armllvm_5.1.1.LTS\lib\armv6m-ti-none-eabi/libclang_rt.builtins.a
       adddf3.S.obj                   402     0         0      
       comparedf2.c.obj               220     0         0      
       addsf3.S.obj                   216     0         0      
       udivmoddi4.S.obj               162     0         0      
       comparesf2.S.obj               140     0         0      
       mulsf3.S.obj                   140     0         0      
       divsf3.S.obj                   130     0         0      
       truncdfsf2.S.obj               116     0         0      
       aeabi_dcmp.S.obj               106     0         0      
       aeabi_fcmp.S.obj               90      0         0      
       aeabi_uidivmod.S.obj           64      0         0      
       floatsisf.S.obj                60      0         0      
       muldsi3.S.obj                  58      0         0      
       fixsfsi.S.obj                  56      0         0      
       fixunssfsi.S.obj               50      0         0      
       floatunsisf.S.obj              40      0         0      
       muldi3.S.obj                   36      0         0      
       ashldi3.S.obj                  30      0         0      
       aeabi_memset.S.obj             26      0         0      
       aeabi_uldivmod.S.obj           20      0         0      
       aeabi_ddiv.c.obj               8       0         0      
       aeabi_dmul.c.obj               8       0         0      
       aeabi_memcpy.S.obj             8       0         0      
       aeabi_div0.c.obj               4       0         0      
    +--+------------------------------+-------+---------+---------+
       Total:                         2190    0         0      
                                                               
       Stack:                         0       0         512    
       Linker Generated:              0       43        0      
    +--+------------------------------+-------+---------+---------+
       Grand Total:                   23674   1655      3334   


LINKER GENERATED COPY TABLES

__TI_cinit_table @ 000062fc records: 2, size/record: 8, table size: 16
	.bss: load addr=000062ec, load size=00000008 bytes, run addr=20200000, run size=00000b02 bytes, compression=zero_init
	.data: load addr=000062f4, load size=00000007 bytes, run addr=20200b04, run size=00000004 bytes, compression=lzss


LINKER GENERATED HANDLER TABLE

__TI_handler_table @ 000062e0 records: 3, size/record: 4, table size: 12
	index: 0, handler: __TI_decompress_lzss
	index: 1, handler: __TI_decompress_none
	index: 2, handler: __TI_zero_init


FAR CALL TRAMPOLINES

callee name               trampoline name
   callee addr  tramp addr   call addr  call info
--------------  -----------  ---------  ----------------
__aeabi_dcmpeq            $Tramp$TT$L$PI$$__aeabi_dcmpeq
   0000521d     00005ce4     00005ce2   libc.a : strtod.c.obj (.text.OUTLINED_FUNCTION_1)

[1 trampolines]
[1 trampoline calls]


GLOBAL SYMBOLS: SORTED ALPHABETICALLY BY Name 

address   name                             
-------   ----                             
00003837  ADC0_IRQHandler                  
00003837  ADC1_IRQHandler                  
00003837  AES_IRQHandler                   
000052d5  AO_Control                       
000051bd  BO_Control                       
00004f2c  C$$EXIT                          
00003837  CANFD0_IRQHandler                
00003837  DAC0_IRQHandler                  
00005cb1  DL_Common_delayCycles            
0000409d  DL_Timer_initFourCCPWMMode       
00005a99  DL_Timer_setCaptCompUpdateMethod 
00005b25  DL_Timer_setCaptureCompareOutCtl 
00005be9  DL_Timer_setCaptureCompareValue  
00005ab5  DL_Timer_setClockConfig          
0000546d  DL_UART_init                     
00005ad1  DL_UART_receiveDataCheck         
00005bc5  DL_UART_setClockConfig           
00005aed  DL_UART_transmitDataCheck        
00003837  DMA_IRQHandler                   
00003837  Default_Handler                  
00003837  GROUP0_IRQHandler                
00004b49  GROUP1_IRQHandler                
00004f2d  HOSTexit                         
00003837  HardFault_Handler                
00003837  I2C0_IRQHandler                  
00003837  I2C1_IRQHandler                  
00003837  NMI_Handler                      
00003837  PendSV_Handler                   
00003837  RTC_IRQHandler                   
00005d47  Reset_Handler                    
00003837  SPI0_IRQHandler                  
00003837  SPI1_IRQHandler                  
00003837  SVC_Handler                      
00004411  SYSCFG_DL_GPIO_init              
000047e5  SYSCFG_DL_PWM_MOTORS_init        
0000565d  SYSCFG_DL_SYSCTL_init            
00004c5d  SYSCFG_DL_UART_DEBUG_init        
00004cd9  SYSCFG_DL_UART_OPENMV_init       
000058fd  SYSCFG_DL_init                   
000054b5  SYSCFG_DL_initPower              
00004879  SysTick_Handler                  
0000532d  TB6612_Init                      
000054fd  TB6612_Motor_Stop                
00003837  TIMA0_IRQHandler                 
00003837  TIMA1_IRQHandler                 
00003837  TIMG0_IRQHandler                 
00003837  TIMG12_IRQHandler                
00003837  TIMG6_IRQHandler                 
00003837  TIMG7_IRQHandler                 
00003837  TIMG8_IRQHandler                 
00005cfd  UART0_IRQHandler                 
00003837  UART1_IRQHandler                 
00005d05  UART2_IRQHandler                 
00003837  UART3_IRQHandler                 
20208000  __STACK_END                      
00000200  __STACK_SIZE                     
00000000  __TI_ATRegion0_region_sz         
00000000  __TI_ATRegion0_src_addr          
00000000  __TI_ATRegion0_trg_addr          
00000000  __TI_ATRegion1_region_sz         
00000000  __TI_ATRegion1_src_addr          
00000000  __TI_ATRegion1_trg_addr          
00000000  __TI_ATRegion2_region_sz         
00000000  __TI_ATRegion2_src_addr          
00000000  __TI_ATRegion2_trg_addr          
000062fc  __TI_CINIT_Base                  
0000630c  __TI_CINIT_Limit                 
0000630c  __TI_CINIT_Warm                  
000062e0  __TI_Handler_Table_Base          
000062ec  __TI_Handler_Table_Limit         
00005719  __TI_auto_init_nobinit_nopinit   
00004d55  __TI_decompress_lzss             
00005bd7  __TI_decompress_none             
ffffffff  __TI_pprof_out_hndl              
00000d49  __TI_printfi_nofloat             
ffffffff  __TI_prof_data_size              
ffffffff  __TI_prof_data_start             
000000c1  __TI_scanfi                      
00000000  __TI_static_base__               
00005c49  __TI_zero_init                   
000036af  __adddf3                         
00004287  __addsf3                         
00005d50  __aeabi_ctype_table_             
00005d50  __aeabi_ctype_table_C            
00004f31  __aeabi_d2f                      
000036af  __aeabi_dadd                     
0000521d  __aeabi_dcmpeq                   
00005253  __aeabi_dcmpge                   
00005265  __aeabi_dcmpgt                   
00005241  __aeabi_dcmple                   
0000522f  __aeabi_dcmplt                   
00005d0d  __aeabi_ddiv_fast                
00005d15  __aeabi_dmul_fast                
000036a5  __aeabi_dsub                     
20200b04  __aeabi_errno                    
00005d1d  __aeabi_errno_addr               
000057cd  __aeabi_f2iz                     
00005839  __aeabi_f2uiz                    
00004287  __aeabi_fadd                     
00005279  __aeabi_fcmpeq                   
000052af  __aeabi_fcmpge                   
000052c1  __aeabi_fcmpgt                   
0000529d  __aeabi_fcmple                   
0000528b  __aeabi_fcmplt                   
00004aa7  __aeabi_fcmpun                   
00004bd9  __aeabi_fdiv                     
00004abd  __aeabi_fmul                     
0000427d  __aeabi_fsub                     
00005755  __aeabi_i2f                      
000046ab  __aeabi_idiv0                    
000047e3  __aeabi_ldiv0                    
00005a79  __aeabi_llsl                     
00005a11  __aeabi_lmul                     
00005b17  __aeabi_memclr                   
00005b17  __aeabi_memclr4                  
00005b17  __aeabi_memclr8                  
00005d2d  __aeabi_memcpy                   
00005d2d  __aeabi_memcpy4                  
00005d2d  __aeabi_memcpy8                  
00005b09  __aeabi_memset                   
00005b09  __aeabi_memset4                  
00005b09  __aeabi_memset8                  
000059c5  __aeabi_ui2f                     
0000569d  __aeabi_uidiv                    
0000569d  __aeabi_uidivmod                 
00005bb1  __aeabi_uldivmod                 
00005a79  __ashldi3                        
ffffffff  __binit__                        
000050f1  __cmpdf2                         
00004a31  __cmpsf2                         
00002be5  __divdf3_fast                    
00004bd9  __divsf3                         
000050f1  __eqdf2                          
00004a31  __eqsf2                          
000057cd  __fixsfsi                        
00005839  __fixunssfsi                     
00005755  __floatsisf                      
000059c5  __floatunsisf                    
00004dd1  __gedf2                          
00004a6b  __gesf2                          
00004dd1  __gtdf2                          
00004a6b  __gtsf2                          
000050f1  __ledf2                          
00004a31  __lesf2                          
000050f1  __ltdf2                          
00004a31  __ltsf2                          
UNDEFED   __mpu_init                       
00003305  __muldf3_fast                    
00005a11  __muldi3                         
00005791  __muldsi3                        
00004abd  __mulsf3                         
000050f1  __nedf2                          
00004a31  __nesf2                          
20207e00  __stack                          
20200000  __start___llvm_prf_bits          
20200000  __start___llvm_prf_cnts          
20200000  __stop___llvm_prf_bits           
20200000  __stop___llvm_prf_cnts           
000036a5  __subdf3                         
0000427d  __subsf3                         
00004f31  __truncdfsf2                     
00004609  __udivmoddi4                     
00004aa7  __unordsf2                       
0000599d  _c_int00_noargs                  
UNDEFED   _system_post_cinit               
00005d4b  _system_pre_init                 
00005d41  abort                            
00005085  app_car_control_init             
00001625  app_car_control_process_command  
000055d5  app_car_control_send_heartbeat   
00002ec1  app_car_control_send_telemetry   
00005bf9  app_car_control_toggle_status_led
00001c51  app_car_control_update           
00005619  atoi                             
ffffffff  binit                            
00005b55  encoder_get_counts               
0000490d  encoder_handle_gpio_irq          
00005545  encoder_init                     
00005b6d  encoder_reset                    
20200800  gPWM_MOTORSBackup                
00000000  interruptVectors                 
000041a1  ldexp                            
00004355  ldexpf                           
000041a1  ldexpl                           
00005c69  line_follow_get_error            
00004eb9  line_follow_get_turn_adjust      
000059ed  line_follow_init                 
00005925  line_follow_is_active            
0000586d  line_follow_is_valid             
000046ad  line_follow_parse_command        
00003c25  main                             
00005a35  memccpy                          
00004749  memcpy                           
00005159  memset                           
00005c75  motion_control_get_mode          
00005c09  motion_control_get_target_deg_s  
00005c19  motion_control_get_target_mm_s   
000056dd  motion_control_init              
00005c29  motion_control_is_active         
00005c81  motion_control_is_busy           
00002545  motion_control_parse_command     
00003ae5  motion_control_update            
000044c1  pid_calc                         
00005b85  pid_init                         
00005c8d  pid_reset                        
000041a1  scalbn                           
00004355  scalbnf                          
000041a1  scalbnl                          
0000558d  snprintf                         
000058cd  sscanf                           
00004b51  strcmp                           
00002195  strtod                           
00002895  strtof                           
000039a1  strtol                           
00002195  strtold                          
00003129  strtoll                          
00003d55  strtoul                          
00003839  strtoull                         
00005c99  uart_debug_get_rx_dropped_bytes  
00005ca5  uart_debug_get_tx_dropped_bytes  
00004fa5  uart_debug_handle_irq            
0000594d  uart_debug_init                  
00003e81  uart_debug_read_line             
000053d5  uart_debug_service_tx            
00005421  uart_debug_write_string          
00005015  uart_openmv_handle_irq           
00005975  uart_openmv_init                 
00004565  uart_openmv_read_line            
00005c39  wcslen                           


GLOBAL SYMBOLS: SORTED BY Symbol Address 

address   name                             
-------   ----                             
00000000  __TI_ATRegion0_region_sz         
00000000  __TI_ATRegion0_src_addr          
00000000  __TI_ATRegion0_trg_addr          
00000000  __TI_ATRegion1_region_sz         
00000000  __TI_ATRegion1_src_addr          
00000000  __TI_ATRegion1_trg_addr          
00000000  __TI_ATRegion2_region_sz         
00000000  __TI_ATRegion2_src_addr          
00000000  __TI_ATRegion2_trg_addr          
00000000  __TI_static_base__               
00000000  interruptVectors                 
000000c1  __TI_scanfi                      
00000200  __STACK_SIZE                     
00000d49  __TI_printfi_nofloat             
00001625  app_car_control_process_command  
00001c51  app_car_control_update           
00002195  strtod                           
00002195  strtold                          
00002545  motion_control_parse_command     
00002895  strtof                           
00002be5  __divdf3_fast                    
00002ec1  app_car_control_send_telemetry   
00003129  strtoll                          
00003305  __muldf3_fast                    
000036a5  __aeabi_dsub                     
000036a5  __subdf3                         
000036af  __adddf3                         
000036af  __aeabi_dadd                     
00003837  ADC0_IRQHandler                  
00003837  ADC1_IRQHandler                  
00003837  AES_IRQHandler                   
00003837  CANFD0_IRQHandler                
00003837  DAC0_IRQHandler                  
00003837  DMA_IRQHandler                   
00003837  Default_Handler                  
00003837  GROUP0_IRQHandler                
00003837  HardFault_Handler                
00003837  I2C0_IRQHandler                  
00003837  I2C1_IRQHandler                  
00003837  NMI_Handler                      
00003837  PendSV_Handler                   
00003837  RTC_IRQHandler                   
00003837  SPI0_IRQHandler                  
00003837  SPI1_IRQHandler                  
00003837  SVC_Handler                      
00003837  TIMA0_IRQHandler                 
00003837  TIMA1_IRQHandler                 
00003837  TIMG0_IRQHandler                 
00003837  TIMG12_IRQHandler                
00003837  TIMG6_IRQHandler                 
00003837  TIMG7_IRQHandler                 
00003837  TIMG8_IRQHandler                 
00003837  UART1_IRQHandler                 
00003837  UART3_IRQHandler                 
00003839  strtoull                         
000039a1  strtol                           
00003ae5  motion_control_update            
00003c25  main                             
00003d55  strtoul                          
00003e81  uart_debug_read_line             
0000409d  DL_Timer_initFourCCPWMMode       
000041a1  ldexp                            
000041a1  ldexpl                           
000041a1  scalbn                           
000041a1  scalbnl                          
0000427d  __aeabi_fsub                     
0000427d  __subsf3                         
00004287  __addsf3                         
00004287  __aeabi_fadd                     
00004355  ldexpf                           
00004355  scalbnf                          
00004411  SYSCFG_DL_GPIO_init              
000044c1  pid_calc                         
00004565  uart_openmv_read_line            
00004609  __udivmoddi4                     
000046ab  __aeabi_idiv0                    
000046ad  line_follow_parse_command        
00004749  memcpy                           
000047e3  __aeabi_ldiv0                    
000047e5  SYSCFG_DL_PWM_MOTORS_init        
00004879  SysTick_Handler                  
0000490d  encoder_handle_gpio_irq          
00004a31  __cmpsf2                         
00004a31  __eqsf2                          
00004a31  __lesf2                          
00004a31  __ltsf2                          
00004a31  __nesf2                          
00004a6b  __gesf2                          
00004a6b  __gtsf2                          
00004aa7  __aeabi_fcmpun                   
00004aa7  __unordsf2                       
00004abd  __aeabi_fmul                     
00004abd  __mulsf3                         
00004b49  GROUP1_IRQHandler                
00004b51  strcmp                           
00004bd9  __aeabi_fdiv                     
00004bd9  __divsf3                         
00004c5d  SYSCFG_DL_UART_DEBUG_init        
00004cd9  SYSCFG_DL_UART_OPENMV_init       
00004d55  __TI_decompress_lzss             
00004dd1  __gedf2                          
00004dd1  __gtdf2                          
00004eb9  line_follow_get_turn_adjust      
00004f2c  C$$EXIT                          
00004f2d  HOSTexit                         
00004f31  __aeabi_d2f                      
00004f31  __truncdfsf2                     
00004fa5  uart_debug_handle_irq            
00005015  uart_openmv_handle_irq           
00005085  app_car_control_init             
000050f1  __cmpdf2                         
000050f1  __eqdf2                          
000050f1  __ledf2                          
000050f1  __ltdf2                          
000050f1  __nedf2                          
00005159  memset                           
000051bd  BO_Control                       
0000521d  __aeabi_dcmpeq                   
0000522f  __aeabi_dcmplt                   
00005241  __aeabi_dcmple                   
00005253  __aeabi_dcmpge                   
00005265  __aeabi_dcmpgt                   
00005279  __aeabi_fcmpeq                   
0000528b  __aeabi_fcmplt                   
0000529d  __aeabi_fcmple                   
000052af  __aeabi_fcmpge                   
000052c1  __aeabi_fcmpgt                   
000052d5  AO_Control                       
0000532d  TB6612_Init                      
000053d5  uart_debug_service_tx            
00005421  uart_debug_write_string          
0000546d  DL_UART_init                     
000054b5  SYSCFG_DL_initPower              
000054fd  TB6612_Motor_Stop                
00005545  encoder_init                     
0000558d  snprintf                         
000055d5  app_car_control_send_heartbeat   
00005619  atoi                             
0000565d  SYSCFG_DL_SYSCTL_init            
0000569d  __aeabi_uidiv                    
0000569d  __aeabi_uidivmod                 
000056dd  motion_control_init              
00005719  __TI_auto_init_nobinit_nopinit   
00005755  __aeabi_i2f                      
00005755  __floatsisf                      
00005791  __muldsi3                        
000057cd  __aeabi_f2iz                     
000057cd  __fixsfsi                        
00005839  __aeabi_f2uiz                    
00005839  __fixunssfsi                     
0000586d  line_follow_is_valid             
000058cd  sscanf                           
000058fd  SYSCFG_DL_init                   
00005925  line_follow_is_active            
0000594d  uart_debug_init                  
00005975  uart_openmv_init                 
0000599d  _c_int00_noargs                  
000059c5  __aeabi_ui2f                     
000059c5  __floatunsisf                    
000059ed  line_follow_init                 
00005a11  __aeabi_lmul                     
00005a11  __muldi3                         
00005a35  memccpy                          
00005a79  __aeabi_llsl                     
00005a79  __ashldi3                        
00005a99  DL_Timer_setCaptCompUpdateMethod 
00005ab5  DL_Timer_setClockConfig          
00005ad1  DL_UART_receiveDataCheck         
00005aed  DL_UART_transmitDataCheck        
00005b09  __aeabi_memset                   
00005b09  __aeabi_memset4                  
00005b09  __aeabi_memset8                  
00005b17  __aeabi_memclr                   
00005b17  __aeabi_memclr4                  
00005b17  __aeabi_memclr8                  
00005b25  DL_Timer_setCaptureCompareOutCtl 
00005b55  encoder_get_counts               
00005b6d  encoder_reset                    
00005b85  pid_init                         
00005bb1  __aeabi_uldivmod                 
00005bc5  DL_UART_setClockConfig           
00005bd7  __TI_decompress_none             
00005be9  DL_Timer_setCaptureCompareValue  
00005bf9  app_car_control_toggle_status_led
00005c09  motion_control_get_target_deg_s  
00005c19  motion_control_get_target_mm_s   
00005c29  motion_control_is_active         
00005c39  wcslen                           
00005c49  __TI_zero_init                   
00005c69  line_follow_get_error            
00005c75  motion_control_get_mode          
00005c81  motion_control_is_busy           
00005c8d  pid_reset                        
00005c99  uart_debug_get_rx_dropped_bytes  
00005ca5  uart_debug_get_tx_dropped_bytes  
00005cb1  DL_Common_delayCycles            
00005cfd  UART0_IRQHandler                 
00005d05  UART2_IRQHandler                 
00005d0d  __aeabi_ddiv_fast                
00005d15  __aeabi_dmul_fast                
00005d1d  __aeabi_errno_addr               
00005d2d  __aeabi_memcpy                   
00005d2d  __aeabi_memcpy4                  
00005d2d  __aeabi_memcpy8                  
00005d41  abort                            
00005d47  Reset_Handler                    
00005d4b  _system_pre_init                 
00005d50  __aeabi_ctype_table_             
00005d50  __aeabi_ctype_table_C            
000062e0  __TI_Handler_Table_Base          
000062ec  __TI_Handler_Table_Limit         
000062fc  __TI_CINIT_Base                  
0000630c  __TI_CINIT_Limit                 
0000630c  __TI_CINIT_Warm                  
20200000  __start___llvm_prf_bits          
20200000  __start___llvm_prf_cnts          
20200000  __stop___llvm_prf_bits           
20200000  __stop___llvm_prf_cnts           
20200800  gPWM_MOTORSBackup                
20200b04  __aeabi_errno                    
20207e00  __stack                          
20208000  __STACK_END                      
ffffffff  __TI_pprof_out_hndl              
ffffffff  __TI_prof_data_size              
ffffffff  __TI_prof_data_start             
ffffffff  __binit__                        
ffffffff  binit                            
UNDEFED   __mpu_init                       
UNDEFED   _system_post_cinit               

[229 symbols]
