******************************************************************************
            TI ARM Clang Linker PC v5.1.1                      
******************************************************************************
>> Linked Tue Jun 30 23:45:38 2026

OUTPUT FILE NAME:   <gpio_toggle_output.out>
ENTRY POINT SYMBOL: "_c_int00_noargs"  address: 0000591d


MEMORY CONFIGURATION

         name            origin    length      used     unused   attr    fill
----------------------  --------  ---------  --------  --------  ----  --------
  FLASH                 00000000   00020000  000062c0  00019d40  R  X
  SRAM                  20200000   00008000  00000706  000078fa  RW X
  BCR_CONFIG            41c00000   000000ff  00000000  000000ff  R   
  BSL_CONFIG            41c00100   00000080  00000000  00000080  R   


SEGMENT ALLOCATION MAP

run origin  load origin   length   init length attrs members
----------  ----------- ---------- ----------- ----- -------
00000000    00000000    000062c0   000062c0    r-x
  00000000    00000000    000000c0   000000c0    r-- .intvecs
  000000c0    000000c0    00005c40   00005c40    r-x .text
  00005d00    00005d00    00000590   00000590    r-- .rodata
  00006290    00006290    00000030   00000030    r-- .cinit
20200000    20200000    00000508   00000000    rw-
  20200000    20200000    00000502   00000000    rw- .bss
  20200504    20200504    00000004   00000000    rw- .data
20207e00    20207e00    00000200   00000000    rw-
  20207e00    20207e00    00000200   00000000    rw- .stack


SECTION ALLOCATION MAP

 output                                  attributes/
section   page    origin      length       input sections
--------  ----  ----------  ----------   ----------------
.intvecs   0    00000000    000000c0     
                  00000000    000000c0     startup_mspm0g350x_ticlang.o (.intvecs)

.text      0    000000c0    00005c40     
                  000000c0    00000c88     libc.a : _scanfi.c.obj (.text.__TI_scanfi)
                  00000d48    000008dc            : _printfi.c.obj (.text:__TI_printfi_nofloat)
                  00001624    0000062c     app_car_control.o (.text.app_car_control_process_command)
                  00001c50    00000500     app_car_control.o (.text.app_car_control_update)
                  00002150    000003b0     libc.a : strtod.c.obj (.text.strtod)
                  00002500    00000350     app_motion_control.o (.text.motion_control_parse_command)
                  00002850    00000350     libc.a : strtof.c.obj (.text.strtof)
                  00002ba0    000002dc            : divdf3_fast.c.obj (.text.__divdf3_fast)
                  00002e7c    00000268     app_car_control.o (.text.app_car_control_send_telemetry)
                  000030e4    000001dc     libc.a : strtoll.c.obj (.text.strtoll)
                  000032c0    000001d8            : muldf3_fast.c.obj (.text.__muldf3_fast)
                  00003498    000001c8     app_car_control.o (.text.send_status)
                  00003660    00000192     libclang_rt.builtins.a : adddf3.S.obj (.text)
                  000037f2    00000002     startup_mspm0g350x_ticlang.o (.text.Default_Handler)
                  000037f4    00000168     libc.a : strtoull.c.obj (.text.strtoull)
                  0000395c    00000144            : strtol.c.obj (.text.strtol)
                  00003aa0    00000140     app_motion_control.o (.text.motion_control_update)
                  00003be0    00000130     main.o (.text.main)
                  00003d10    0000012c     libc.a : strtoul.c.obj (.text.strtoul)
                  00003e3c    00000114     hw_uart.o (.text.uart_debug_read_line)
                  00003f50    00000108     app_car_control.o (.text.set_motor_duty)
                  00004058    00000104     driverlib.a : dl_timer.o (.text.DL_Timer_initFourCCPWMMode)
                  0000415c    000000dc     libc.a : s_scalbn.c.obj (.text.scalbn)
                  00004238    000000d8     libclang_rt.builtins.a : addsf3.S.obj (.text)
                  00004310    000000bc     libc.a : s_scalbnf.c.obj (.text.scalbnf)
                  000043cc    000000b0     ti_msp_dl_config.o (.text.SYSCFG_DL_GPIO_init)
                  0000447c    000000a4     mid_pid.o (.text.pid_calc)
                  00004520    000000a4     hw_openmv_uart.o (.text.uart_openmv_read_line)
                  000045c4    000000a2     libclang_rt.builtins.a : udivmoddi4.S.obj (.text)
                  00004666    00000002                            : aeabi_div0.c.obj (.text.__aeabi_idiv0)
                  00004668    0000009c     app_line_follow.o (.text.line_follow_parse_command)
                  00004704    0000009a     libc.a : memcpy16.S.obj (.text:memcpy)
                  0000479e    00000002     libclang_rt.builtins.a : aeabi_div0.c.obj (.text.__aeabi_ldiv0)
                  000047a0    00000094     ti_msp_dl_config.o (.text.SYSCFG_DL_PWM_MOTORS_init)
                  00004834    00000094     hw_encoder.o (.text.encoder_handle_gpio_irq)
                  000048c8    00000090     app_car_control.o (.text.send_motor_ack)
                  00004958    0000008c     main.o (.text.SysTick_Handler)
                  000049e4    0000008c     libclang_rt.builtins.a : comparesf2.S.obj (.text)
                  00004a70    0000008c                            : mulsf3.S.obj (.text)
                  00004afc    00000004     libsysbm.a : hostexit.c.obj (.text.HOSTexit)
                  00004b00    00000088     libc.a : strcmp-armv6m.S.obj (.text:strcmp)
                  00004b88    00000082     libclang_rt.builtins.a : divsf3.S.obj (.text)
                  00004c0a    00000002     --HOLE-- [fill = 0]
                  00004c0c    0000007c     ti_msp_dl_config.o (.text.SYSCFG_DL_UART_DEBUG_init)
                  00004c88    0000007c     ti_msp_dl_config.o (.text.SYSCFG_DL_UART_OPENMV_init)
                  00004d04    0000007c     libc.a : copy_decompress_lzss.c.obj (.text:decompress:lzss)
                  00004d80    00000074     libclang_rt.builtins.a : comparedf2.c.obj (.text.__gedf2)
                  00004df4    00000074     libc.a : sscanf.c.obj (.text._chkmbc)
                  00004e68    00000008     main.o (.text.GROUP1_IRQHandler)
                  00004e70    00000074     libclang_rt.builtins.a : truncdfsf2.S.obj (.text)
                  00004ee4    00000070     app_line_follow.o (.text.line_follow_get_turn_adjust)
                  00004f54    00000070     hw_uart.o (.text.uart_debug_handle_irq)
                  00004fc4    00000070     hw_openmv_uart.o (.text.uart_openmv_handle_irq)
                  00005034    00000068     libclang_rt.builtins.a : comparedf2.c.obj (.text.__ledf2)
                  0000509c    00000068     app_car_control.o (.text.app_car_control_init)
                  00005104    00000062     libc.a : memset16.S.obj (.text:memset)
                  00005166    00000002     --HOLE-- [fill = 0]
                  00005168    00000060     bsp_tb6612.o (.text.BO_Control)
                  000051c8    0000005a     libclang_rt.builtins.a : aeabi_dcmp.S.obj (.text)
                  00005222    00000002     --HOLE-- [fill = 0]
                  00005224    0000005a                            : aeabi_fcmp.S.obj (.text)
                  0000527e    00000002     --HOLE-- [fill = 0]
                  00005280    00000058     bsp_tb6612.o (.text.AO_Control)
                  000052d8    00000054     bsp_tb6612.o (.text.TB6612_Init)
                  0000532c    00000054     app_car_control.o (.text.send_pulse_ack)
                  00005380    0000004c     hw_uart.o (.text.uart_debug_service_tx)
                  000053cc    0000004c     hw_uart.o (.text.uart_debug_write_string)
                  00005418    00000048     driverlib.a : dl_uart.o (.text.DL_UART_init)
                  00005460    00000048     ti_msp_dl_config.o (.text.SYSCFG_DL_initPower)
                  000054a8    00000048     bsp_tb6612.o (.text.TB6612_Motor_Stop)
                  000054f0    00000048     hw_encoder.o (.text.encoder_init)
                  00005538    00000048     libc.a : snprintf.c.obj (.text.snprintf)
                  00005580    00000044     app_car_control.o (.text.app_car_control_send_heartbeat)
                  000055c4    00000044     libc.a : atoi.c.obj (.text.atoi)
                  00005608    00000040     ti_msp_dl_config.o (.text.SYSCFG_DL_SYSCTL_init)
                  00005648    00000040     libclang_rt.builtins.a : aeabi_uidivmod.S.obj (.text)
                  00005688    0000003c     app_motion_control.o (.text.motion_control_init)
                  000056c4    0000003c     libc.a : autoinit.c.obj (.text:__TI_auto_init_nobinit_nopinit)
                  00005700    0000003c     libclang_rt.builtins.a : floatsisf.S.obj (.text)
                  0000573c    0000003a                            : muldsi3.S.obj (.text)
                  00005776    00000002     --HOLE-- [fill = 0]
                  00005778    00000038                            : fixsfsi.S.obj (.text)
                  000057b0    00000032     libc.a : snprintf.c.obj (.text._outs)
                  000057e2    00000002     --HOLE-- [fill = 0]
                  000057e4    00000032     libclang_rt.builtins.a : fixunssfsi.S.obj (.text)
                  00005816    00000002     --HOLE-- [fill = 0]
                  00005818    00000030     app_car_control.o (.text.send_unknown_command)
                  00005848    00000030     libc.a : sscanf.c.obj (.text.sscanf)
                  00005878    0000002c     app_line_follow.o (.text.line_follow_is_valid)
                  000058a4    00000028     ti_msp_dl_config.o (.text.SYSCFG_DL_init)
                  000058cc    00000028     hw_uart.o (.text.uart_debug_init)
                  000058f4    00000028     hw_openmv_uart.o (.text.uart_openmv_init)
                  0000591c    00000028     libc.a : boot_cortex_m.c.obj (.text:_c_int00_noargs)
                  00005944    00000028     libclang_rt.builtins.a : floatunsisf.S.obj (.text)
                  0000596c    00000024     app_line_follow.o (.text.line_follow_init)
                  00005990    00000024     app_line_follow.o (.text.line_follow_is_active)
                  000059b4    00000024     libclang_rt.builtins.a : muldi3.S.obj (.text)
                  000059d8    00000022     libc.a : memccpy.c.obj (.text.memccpy)
                  000059fa    00000022     app_car_control.o (.text.strlen)
                  00005a1c    0000001e     libclang_rt.builtins.a : ashldi3.S.obj (.text)
                  00005a3a    00000002     --HOLE-- [fill = 0]
                  00005a3c    0000001c     driverlib.a : dl_timer.o (.text.DL_Timer_setCaptCompUpdateMethod)
                  00005a58    0000001c                 : dl_timer.o (.text.DL_Timer_setClockConfig)
                  00005a74    0000001c                 : dl_uart.o (.text.DL_UART_receiveDataCheck)
                  00005a90    0000001c                 : dl_uart.o (.text.DL_UART_transmitDataCheck)
                  00005aac    0000001a     libclang_rt.builtins.a : aeabi_memset.S.obj (.text)
                  00005ac6    00000002     --HOLE-- [fill = 0]
                  00005ac8    00000018     driverlib.a : dl_timer.o (.text.DL_Timer_setCaptureCompareOutCtl)
                  00005ae0    00000018     libc.a : snprintf.c.obj (.text._outc)
                  00005af8    00000018     hw_encoder.o (.text.encoder_get_counts)
                  00005b10    00000018     hw_encoder.o (.text.encoder_reset)
                  00005b28    00000018     mid_pid.o (.text.pid_init)
                  00005b40    00000014     libc.a : sscanf.c.obj (.text._inpchar)
                  00005b54    00000014     libclang_rt.builtins.a : aeabi_uldivmod.S.obj (.text)
                  00005b68    00000012     driverlib.a : dl_uart.o (.text.DL_UART_setClockConfig)
                  00005b7a    00000012     libc.a : copy_decompress_none.c.obj (.text:decompress:none)
                  00005b8c    00000010     driverlib.a : dl_timer.o (.text.DL_Timer_setCaptureCompareValue)
                  00005b9c    00000010     app_car_control.o (.text.app_car_control_toggle_status_led)
                  00005bac    00000010     app_motion_control.o (.text.motion_control_get_target_deg_s)
                  00005bbc    00000010     app_motion_control.o (.text.motion_control_get_target_mm_s)
                  00005bcc    00000010     app_motion_control.o (.text.motion_control_is_active)
                  00005bdc    00000010     libc.a : wcslen.c.obj (.text.wcslen)
                  00005bec    00000010            : copy_zero_init.c.obj (.text:decompress:ZI)
                  00005bfc    0000000e            : _printfi.c.obj (.text.strlen)
                  00005c0a    00000002     --HOLE-- [fill = 0]
                  00005c0c    0000000c     app_line_follow.o (.text.line_follow_get_error)
                  00005c18    0000000c     app_motion_control.o (.text.motion_control_get_mode)
                  00005c24    0000000c     app_motion_control.o (.text.motion_control_is_busy)
                  00005c30    0000000c     mid_pid.o (.text.pid_reset)
                  00005c3c    0000000c     hw_uart.o (.text.uart_debug_get_rx_dropped_bytes)
                  00005c48    0000000c     hw_uart.o (.text.uart_debug_get_tx_dropped_bytes)
                  00005c54    0000000a     driverlib.a : dl_common.o (.text.DL_Common_delayCycles)
                  00005c5e    0000000a     libc.a : _scanfi.c.obj (.text.OUTLINED_FUNCTION_0)
                  00005c68    00000008            : strtod.c.obj (.text.OUTLINED_FUNCTION_0)
                  00005c70    00000008            : strtof.c.obj (.text.OUTLINED_FUNCTION_0)
                  00005c78    00000008            : _scanfi.c.obj (.text.OUTLINED_FUNCTION_1)
                  00005c80    00000008            : strtod.c.obj (.text.OUTLINED_FUNCTION_1)
                  00005c88    00000010     libclang_rt.builtins.a : aeabi_dcmp.S.obj (.tramp.__aeabi_dcmpeq.1)
                  00005c98    00000008     libc.a : _scanfi.c.obj (.text.OUTLINED_FUNCTION_2)
                  00005ca0    00000008     main.o (.text.UART0_IRQHandler)
                  00005ca8    00000008     main.o (.text.UART2_IRQHandler)
                  00005cb0    00000008     libclang_rt.builtins.a : aeabi_ddiv.c.obj (.text.__aeabi_ddiv_fast)
                  00005cb8    00000008                            : aeabi_dmul.c.obj (.text.__aeabi_dmul_fast)
                  00005cc0    00000008     libc.a : aeabi_portable.c.obj (.text.__aeabi_errno_addr)
                  00005cc8    00000008            : sscanf.c.obj (.text._uninpchar)
                  00005cd0    00000008     libclang_rt.builtins.a : aeabi_memcpy.S.obj (.text)
                  00005cd8    00000006     libc.a : _scanfi.c.obj (.text.OUTLINED_FUNCTION_3)
                  00005cde    00000006            : _scanfi.c.obj (.text.OUTLINED_FUNCTION_4)
                  00005ce4    00000006            : exit.c.obj (.text:abort)
                  00005cea    00000004     startup_mspm0g350x_ticlang.o (.text.Reset_Handler)
                  00005cee    00000004     libc.a : pre_init.c.obj (.text._system_pre_init)
                  00005cf2    0000000e     --HOLE-- [fill = 0]

.cinit     0    00006290    00000030     
                  00006290    0000000c     (__TI_handler_table)
                  0000629c    00000008     (.cinit..bss.load) [load image, compression = zero_init]
                  000062a4    00000007     (.cinit..data.load) [load image, compression = lzss]
                  000062ab    00000001     --HOLE-- [fill = 0]
                  000062ac    00000010     (__TI_cinit_table)
                  000062bc    00000004     --HOLE-- [fill = 0]

.rodata    0    00005d00    00000590     
                  00005d00    00000101     libc.a : aeabi_ctype.S.obj (.rodata:__aeabi_ctype_table_)
                  00005e01    00000090     app_car_control.o (.rodata.str1.5259596890075649042.1)
                  00005e91    00000007     libc.a : _scanfi.c.obj (.rodata._sproc_int.flit)
                  00005e98    00000080            : strtod.c.obj (.rodata.digits)
                  00005f18    00000077     app_car_control.o (.rodata.str1.18415326926820213635.1)
                  00005f8f    0000004f     app_car_control.o (.rodata.str1.5964142759088803818.1)
                  00005fde    00000002     ti_msp_dl_config.o (.rodata.gUART_DEBUGClockConfig)
                  00005fe0    00000048     libc.a : strtod.c.obj (.rodata.powerof10)
                  00006028    00000042     app_car_control.o (.rodata.str1.11820653816532915241.1)
                  0000606a    00000002     ti_msp_dl_config.o (.rodata.gUART_OPENMVClockConfig)
                  0000606c    00000040     libc.a : strtof.c.obj (.rodata.digits)
                  000060ac    0000001b     app_car_control.o (.rodata.str1.14175076128169481003.1)
                  000060c7    0000001b     app_car_control.o (.rodata.str1.1822894261428252022.1)
                  000060e2    00000002     --HOLE-- [fill = 0]
                  000060e4    00000018     libc.a : strtof.c.obj (.rodata.powerof10)
                  000060fc    00000017     app_car_control.o (.rodata.str1.10785656375763943663.1)
                  00006113    00000016     app_car_control.o (.rodata.str1.11441606736553431316.1)
                  00006129    00000014     app_car_control.o (.rodata.str1.26950527303777515.1)
                  0000613d    00000012     app_car_control.o (.rodata.str1.14718060586108094866.1)
                  0000614f    00000012     hw_uart.o (.rodata.str1.2093199925178161188.1)
                  00006161    00000011     libc.a : _printfi.c.obj (.rodata.str1.10348868589481759720.1)
                  00006172    00000011            : _printfi.c.obj (.rodata.str1.15363888844622738466.1)
                  00006183    0000000d     app_car_control.o (.rodata.str1.11272716704398869594.1)
                  00006190    0000000d     app_car_control.o (.rodata.str1.4874208870431229975.1)
                  0000619d    0000000d     app_car_control.o (.rodata.str1.7569317419661685027.1)
                  000061aa    0000000c     app_car_control.o (.rodata.str1.10416396766295915984.1)
                  000061b6    0000000c     app_car_control.o (.rodata.str1.10986280395233754576.1)
                  000061c2    0000000c     app_car_control.o (.rodata.str1.16566837512891204500.1)
                  000061ce    0000000c     app_car_control.o (.rodata.str1.2882403439750828858.1)
                  000061da    0000000c     app_car_control.o (.rodata.str1.6493979626155181994.1)
                  000061e6    0000000a     ti_msp_dl_config.o (.rodata.gUART_DEBUGConfig)
                  000061f0    0000000a     ti_msp_dl_config.o (.rodata.gUART_OPENMVConfig)
                  000061fa    0000000a     app_car_control.o (.rodata.str1.12484813675258476528.1)
                  00006204    0000000a     app_car_control.o (.rodata.str1.2972993705525450585.1)
                  0000620e    0000000a     app_car_control.o (.rodata.str1.6044509230432320655.1)
                  00006218    0000000a     app_car_control.o (.rodata.str1.9822639397776744045.1)
                  00006222    00000009     libc.a : _scanfi.c.obj (.rodata.str1.12964984209033246150.1)
                  0000622b    00000009     app_car_control.o (.rodata.str1.8898464879457977813.1)
                  00006234    00000009     app_car_control.o (.rodata.str1.9984945524575007645.1)
                  0000623d    00000003     ti_msp_dl_config.o (.rodata.gPWM_MOTORSClockConfig)
                  00006240    00000008     ti_msp_dl_config.o (.rodata.gPWM_MOTORSConfig)
                  00006248    00000008     app_car_control.o (.rodata.str1.12234416300867838885.1)
                  00006250    00000007     app_car_control.o (.rodata.str1.13032410439314695910.1)
                  00006257    00000006     libc.a : _scanfi.c.obj (.rodata._sproc_int.barr)
                  0000625d    00000006     app_car_control.o (.rodata.str1.10099187617512664200.1)
                  00006263    00000006     app_line_follow.o (.rodata.str1.13577393985823711167.1)
                  00006269    00000006     app_motion_control.o (.rodata.str1.15845094093975241062.1)
                  0000626f    00000006     app_motion_control.o (.rodata.str1.4383496431151190140.1)
                  00006275    00000005     app_car_control.o (.rodata.str1.14187085924937509073.1)
                  0000627a    00000005     app_car_control.o (.rodata.str1.14880763104044842744.1)
                  0000627f    00000004     app_car_control.o (.rodata.str1.15872741239078135150.1)
                  00006283    00000004     app_car_control.o (.rodata.str1.1972896047161163948.1)
                  00006287    00000004     libc.a : _scanfi.c.obj (.rodata.str1.3403580589742030990.1)
                  0000628b    00000003     app_motion_control.o (.rodata.str1.825203759767528237.1)
                  0000628e    00000002     --HOLE-- [fill = 0]

.init_array 
*          0    00000000    00000000     UNINITIALIZED

.binit     0    00000000    00000000     

.bss       0    20200000    00000502     UNINITIALIZED
                  20200000    00000200     hw_uart.o (.bss.gUartTxBuffer)
                  20200200    000000bc     (.common:gPWM_MOTORSBackup)
                  202002bc    00000080     hw_openmv_uart.o (.bss.gOpenmvRxBuffer)
                  2020033c    00000080     hw_uart.o (.bss.gUartRxBuffer)
                  202003bc    00000040     hw_uart.o (.bss.uart_debug_read_line.rxLine)
                  202003fc    00000024     app_car_control.o (.bss.gLeftSpeedPid)
                  20200420    00000024     app_car_control.o (.bss.gRightSpeedPid)
                  20200444    00000020     hw_openmv_uart.o (.bss.uart_openmv_read_line.rxLine)
                  20200464    00000004     app_motion_control.o (.bss.gAngularSpeedDegS)
                  20200468    00000004     app_car_control.o (.bss.gFilteredLeftSpeed)
                  2020046c    00000004     app_car_control.o (.bss.gFilteredRightSpeed)
                  20200470    00000004     app_car_control.o (.bss.gLastLeftDelta)
                  20200474    00000004     app_car_control.o (.bss.gLastLeftOutput)
                  20200478    00000004     app_car_control.o (.bss.gLastLeftTargetSpeed)
                  2020047c    00000004     app_line_follow.o (.bss.gLastLineMs)
                  20200480    00000004     app_car_control.o (.bss.gLastPidError)
                  20200484    00000004     app_car_control.o (.bss.gLastRightDelta)
                  20200488    00000004     app_car_control.o (.bss.gLastRightOutput)
                  2020048c    00000004     app_car_control.o (.bss.gLastRightTargetSpeed)
                  20200490    00000004     app_car_control.o (.bss.gLastUpdateMs)
                  20200494    00000004     hw_encoder.o (.bss.gLeftEncoderCount)
                  20200498    00000004     app_line_follow.o (.bss.gLineError)
                  2020049c    00000004     app_motion_control.o (.bss.gLinearSpeedMmS)
                  202004a0    00000004     app_car_control.o (.bss.gManualLeftDutyPercent)
                  202004a4    00000004     app_car_control.o (.bss.gManualPulseStopMs)
                  202004a8    00000004     app_car_control.o (.bss.gManualRightDutyPercent)
                  202004ac    00000004     hw_openmv_uart.o (.bss.gOpenmvRxDroppedBytes)
                  202004b0    00000004     app_car_control.o (.bss.gPreviousLeftCount)
                  202004b4    00000004     app_car_control.o (.bss.gPreviousRightCount)
                  202004b8    00000004     hw_encoder.o (.bss.gRightEncoderCount)
                  202004bc    00000004     app_car_control.o (.bss.gSpeedTargetCounts)
                  202004c0    00000004     app_motion_control.o (.bss.gStartLeftCount)
                  202004c4    00000004     app_motion_control.o (.bss.gStartRightCount)
                  202004c8    00000004     main.o (.bss.gSysTickMs)
                  202004cc    00000004     app_motion_control.o (.bss.gTargetCounts)
                  202004d0    00000004     app_car_control.o (.bss.gTargetManualLeftDutyPercent)
                  202004d4    00000004     app_car_control.o (.bss.gTargetManualRightDutyPercent)
                  202004d8    00000004     app_car_control.o (.bss.gTargetSpeedCounts)
                  202004dc    00000004     hw_uart.o (.bss.gUartRxDroppedBytes)
                  202004e0    00000004     hw_uart.o (.bss.gUartTxDroppedBytes)
                  202004e4    00000004     hw_uart.o (.bss.uart_debug_read_line.rxIndex)
                  202004e8    00000004     hw_openmv_uart.o (.bss.uart_openmv_read_line.rxIndex)
                  202004ec    00000002     hw_openmv_uart.o (.bss.gOpenmvRxHead)
                  202004ee    00000002     hw_openmv_uart.o (.bss.gOpenmvRxTail)
                  202004f0    00000002     hw_uart.o (.bss.gUartRxHead)
                  202004f2    00000002     hw_uart.o (.bss.gUartRxTail)
                  202004f4    00000002     hw_uart.o (.bss.gUartTxHead)
                  202004f6    00000002     hw_uart.o (.bss.gUartTxTail)
                  202004f8    00000001     app_motion_control.o (.bss.gBusy)
                  202004f9    00000001     main.o (.bss.gControlUpdatePending)
                  202004fa    00000001     main.o (.bss.gHeartbeatUpdatePending)
                  202004fb    00000001     app_line_follow.o (.bss.gLineEnabled)
                  202004fc    00000001     app_line_follow.o (.bss.gLineValid)
                  202004fd    00000001     app_car_control.o (.bss.gManualMotorMode)
                  202004fe    00000001     app_motion_control.o (.bss.gMode)
                  202004ff    00000001     main.o (.bss.gStatusLedUpdatePending)
                  20200500    00000001     app_car_control.o (.bss.gTelemetryEnabled)
                  20200501    00000001     main.o (.bss.gTelemetryUpdatePending)

.data      0    20200504    00000004     UNINITIALIZED
                  20200504    00000004     libc.a : aeabi_portable.c.obj (.data.__aeabi_errno)

.stack     0    20207e00    00000200     UNINITIALIZED
                  20207e00    00000004     libc.a : boot_cortex_m.c.obj (.stack)
                  20207e04    000001fc     --HOLE--

__llvm_prf_cnts 
*          0    20200000    00000000     UNINITIALIZED

__llvm_prf_bits 
*          0    20200000    00000000     UNINITIALIZED

MODULE SUMMARY

       Module                         code    ro data   rw data
       ------                         ----    -------   -------
    .\
       ti_msp_dl_config.o             748     35        188    
       main.o                         468     0         8      
       startup_mspm0g350x_ticlang.o   6       192       0      
    +--+------------------------------+-------+---------+---------+
       Total:                         1222    227       196    
                                                               
    .\app\
       app_car_control.o              4694    741       150    
       app_motion_control.o           1300    15        22     
       app_line_follow.o              396     6         10     
    +--+------------------------------+-------+---------+---------+
       Total:                         6390    762       182    
                                                               
    .\bsp\
       bsp_tb6612.o                   340     0         0      
    +--+------------------------------+-------+---------+---------+
       Total:                         340     0         0      
                                                               
    .\hw\
       hw_uart.o                      604     18        724    
       hw_openmv_uart.o               316     0         172    
       hw_encoder.o                   268     0         8      
    +--+------------------------------+-------+---------+---------+
       Total:                         1188    18        904    
                                                               
    .\mid\
       mid_pid.o                      200     0         0      
    +--+------------------------------+-------+---------+---------+
       Total:                         200     0         0      
                                                               
    C:/TI/mspm0_sdk_2_10_00_04/source/ti/driverlib/lib/ticlang/m0p/mspm0g1x0x_g3x0x/driverlib.a
       dl_timer.o                     356     0         0      
       dl_uart.o                      146     0         0      
       dl_common.o                    10      0         0      
    +--+------------------------------+-------+---------+---------+
       Total:                         512     0         0      
                                                               
    F:\yingyong\ccs\ccs\tools\compiler\ti-cgt-armllvm_5.1.1.LTS\lib\armv6m-ti-none-eabi/c/libc.a
       _scanfi.c.obj                  3246    26        0      
       _printfi.c.obj                 2282    34        0      
       strtod.c.obj                   960     200       0      
       strtof.c.obj                   856     88        0      
       divdf3_fast.c.obj              732     0         0      
       strtoll.c.obj                  476     0         0      
       muldf3_fast.c.obj              472     0         0      
       strtoull.c.obj                 360     0         0      
       strtol.c.obj                   324     0         0      
       strtoul.c.obj                  300     0         0      
       aeabi_ctype.S.obj              0       257       0      
       s_scalbn.c.obj                 220     0         0      
       sscanf.c.obj                   192     0         0      
       s_scalbnf.c.obj                188     0         0      
       memcpy16.S.obj                 154     0         0      
       snprintf.c.obj                 146     0         0      
       strcmp-armv6m.S.obj            136     0         0      
       copy_decompress_lzss.c.obj     124     0         0      
       memset16.S.obj                 98      0         0      
       atoi.c.obj                     68      0         0      
       autoinit.c.obj                 60      0         0      
       boot_cortex_m.c.obj            40      0         0      
       memccpy.c.obj                  34      0         0      
       copy_decompress_none.c.obj     18      0         0      
       copy_zero_init.c.obj           16      0         0      
       wcslen.c.obj                   16      0         0      
       aeabi_portable.c.obj           8       0         4      
       exit.c.obj                     6       0         0      
       pre_init.c.obj                 4       0         0      
    +--+------------------------------+-------+---------+---------+
       Total:                         11536   605       4      
                                                               
    F:\yingyong\ccs\ccs\tools\compiler\ti-cgt-armllvm_5.1.1.LTS\lib\armv6m-ti-none-eabi/c/libsysbm.a
       hostexit.c.obj                 4       0         0      
    +--+------------------------------+-------+---------+---------+
       Total:                         4       0         0      
                                                               
    F:\yingyong\ccs\ccs\tools\compiler\ti-cgt-armllvm_5.1.1.LTS\lib\armv6m-ti-none-eabi/libclang_rt.builtins.a
       adddf3.S.obj                   402     0         0      
       comparedf2.c.obj               220     0         0      
       addsf3.S.obj                   216     0         0      
       udivmoddi4.S.obj               162     0         0      
       comparesf2.S.obj               140     0         0      
       mulsf3.S.obj                   140     0         0      
       divsf3.S.obj                   130     0         0      
       truncdfsf2.S.obj               116     0         0      
       aeabi_dcmp.S.obj               106     0         0      
       aeabi_fcmp.S.obj               90      0         0      
       aeabi_uidivmod.S.obj           64      0         0      
       floatsisf.S.obj                60      0         0      
       muldsi3.S.obj                  58      0         0      
       fixsfsi.S.obj                  56      0         0      
       fixunssfsi.S.obj               50      0         0      
       floatunsisf.S.obj              40      0         0      
       muldi3.S.obj                   36      0         0      
       ashldi3.S.obj                  30      0         0      
       aeabi_memset.S.obj             26      0         0      
       aeabi_uldivmod.S.obj           20      0         0      
       aeabi_ddiv.c.obj               8       0         0      
       aeabi_dmul.c.obj               8       0         0      
       aeabi_memcpy.S.obj             8       0         0      
       aeabi_div0.c.obj               4       0         0      
    +--+------------------------------+-------+---------+---------+
       Total:                         2190    0         0      
                                                               
       Stack:                         0       0         512    
       Linker Generated:              0       43        0      
    +--+------------------------------+-------+---------+---------+
       Grand Total:                   23582   1655      1798   


LINKER GENERATED COPY TABLES

__TI_cinit_table @ 000062ac records: 2, size/record: 8, table size: 16
	.bss: load addr=0000629c, load size=00000008 bytes, run addr=20200000, run size=00000502 bytes, compression=zero_init
	.data: load addr=000062a4, load size=00000007 bytes, run addr=20200504, run size=00000004 bytes, compression=lzss


LINKER GENERATED HANDLER TABLE

__TI_handler_table @ 00006290 records: 3, size/record: 4, table size: 12
	index: 0, handler: __TI_decompress_lzss
	index: 1, handler: __TI_decompress_none
	index: 2, handler: __TI_zero_init


FAR CALL TRAMPOLINES

callee name               trampoline name
   callee addr  tramp addr   call addr  call info
--------------  -----------  ---------  ----------------
__aeabi_dcmpeq            $Tramp$TT$L$PI$$__aeabi_dcmpeq
   000051c9     00005c88     00005c86   libc.a : strtod.c.obj (.text.OUTLINED_FUNCTION_1)

[1 trampolines]
[1 trampoline calls]


GLOBAL SYMBOLS: SORTED ALPHABETICALLY BY Name 

address   name                             
-------   ----                             
000037f3  ADC0_IRQHandler                  
000037f3  ADC1_IRQHandler                  
000037f3  AES_IRQHandler                   
00005281  AO_Control                       
00005169  BO_Control                       
00004afc  C$$EXIT                          
000037f3  CANFD0_IRQHandler                
000037f3  DAC0_IRQHandler                  
00005c55  DL_Common_delayCycles            
00004059  DL_Timer_initFourCCPWMMode       
00005a3d  DL_Timer_setCaptCompUpdateMethod 
00005ac9  DL_Timer_setCaptureCompareOutCtl 
00005b8d  DL_Timer_setCaptureCompareValue  
00005a59  DL_Timer_setClockConfig          
00005419  DL_UART_init                     
00005a75  DL_UART_receiveDataCheck         
00005b69  DL_UART_setClockConfig           
00005a91  DL_UART_transmitDataCheck        
000037f3  DMA_IRQHandler                   
000037f3  Default_Handler                  
000037f3  GROUP0_IRQHandler                
00004e69  GROUP1_IRQHandler                
00004afd  HOSTexit                         
000037f3  HardFault_Handler                
000037f3  I2C0_IRQHandler                  
000037f3  I2C1_IRQHandler                  
000037f3  NMI_Handler                      
000037f3  PendSV_Handler                   
000037f3  RTC_IRQHandler                   
00005ceb  Reset_Handler                    
000037f3  SPI0_IRQHandler                  
000037f3  SPI1_IRQHandler                  
000037f3  SVC_Handler                      
000043cd  SYSCFG_DL_GPIO_init              
000047a1  SYSCFG_DL_PWM_MOTORS_init        
00005609  SYSCFG_DL_SYSCTL_init            
00004c0d  SYSCFG_DL_UART_DEBUG_init        
00004c89  SYSCFG_DL_UART_OPENMV_init       
000058a5  SYSCFG_DL_init                   
00005461  SYSCFG_DL_initPower              
00004959  SysTick_Handler                  
000052d9  TB6612_Init                      
000054a9  TB6612_Motor_Stop                
000037f3  TIMA0_IRQHandler                 
000037f3  TIMA1_IRQHandler                 
000037f3  TIMG0_IRQHandler                 
000037f3  TIMG12_IRQHandler                
000037f3  TIMG6_IRQHandler                 
000037f3  TIMG7_IRQHandler                 
000037f3  TIMG8_IRQHandler                 
00005ca1  UART0_IRQHandler                 
000037f3  UART1_IRQHandler                 
00005ca9  UART2_IRQHandler                 
000037f3  UART3_IRQHandler                 
20208000  __STACK_END                      
00000200  __STACK_SIZE                     
00000000  __TI_ATRegion0_region_sz         
00000000  __TI_ATRegion0_src_addr          
00000000  __TI_ATRegion0_trg_addr          
00000000  __TI_ATRegion1_region_sz         
00000000  __TI_ATRegion1_src_addr          
00000000  __TI_ATRegion1_trg_addr          
00000000  __TI_ATRegion2_region_sz         
00000000  __TI_ATRegion2_src_addr          
00000000  __TI_ATRegion2_trg_addr          
000062ac  __TI_CINIT_Base                  
000062bc  __TI_CINIT_Limit                 
000062bc  __TI_CINIT_Warm                  
00006290  __TI_Handler_Table_Base          
0000629c  __TI_Handler_Table_Limit         
000056c5  __TI_auto_init_nobinit_nopinit   
00004d05  __TI_decompress_lzss             
00005b7b  __TI_decompress_none             
ffffffff  __TI_pprof_out_hndl              
00000d49  __TI_printfi_nofloat             
ffffffff  __TI_prof_data_size              
ffffffff  __TI_prof_data_start             
000000c1  __TI_scanfi                      
00000000  __TI_static_base__               
00005bed  __TI_zero_init                   
0000366b  __adddf3                         
00004243  __addsf3                         
00005d00  __aeabi_ctype_table_             
00005d00  __aeabi_ctype_table_C            
00004e71  __aeabi_d2f                      
0000366b  __aeabi_dadd                     
000051c9  __aeabi_dcmpeq                   
000051ff  __aeabi_dcmpge                   
00005211  __aeabi_dcmpgt                   
000051ed  __aeabi_dcmple                   
000051db  __aeabi_dcmplt                   
00005cb1  __aeabi_ddiv_fast                
00005cb9  __aeabi_dmul_fast                
00003661  __aeabi_dsub                     
20200504  __aeabi_errno                    
00005cc1  __aeabi_errno_addr               
00005779  __aeabi_f2iz                     
000057e5  __aeabi_f2uiz                    
00004243  __aeabi_fadd                     
00005225  __aeabi_fcmpeq                   
0000525b  __aeabi_fcmpge                   
0000526d  __aeabi_fcmpgt                   
00005249  __aeabi_fcmple                   
00005237  __aeabi_fcmplt                   
00004a5b  __aeabi_fcmpun                   
00004b89  __aeabi_fdiv                     
00004a71  __aeabi_fmul                     
00004239  __aeabi_fsub                     
00005701  __aeabi_i2f                      
00004667  __aeabi_idiv0                    
0000479f  __aeabi_ldiv0                    
00005a1d  __aeabi_llsl                     
000059b5  __aeabi_lmul                     
00005abb  __aeabi_memclr                   
00005abb  __aeabi_memclr4                  
00005abb  __aeabi_memclr8                  
00005cd1  __aeabi_memcpy                   
00005cd1  __aeabi_memcpy4                  
00005cd1  __aeabi_memcpy8                  
00005aad  __aeabi_memset                   
00005aad  __aeabi_memset4                  
00005aad  __aeabi_memset8                  
00005945  __aeabi_ui2f                     
00005649  __aeabi_uidiv                    
00005649  __aeabi_uidivmod                 
00005b55  __aeabi_uldivmod                 
00005a1d  __ashldi3                        
ffffffff  __binit__                        
00005035  __cmpdf2                         
000049e5  __cmpsf2                         
00002ba1  __divdf3_fast                    
00004b89  __divsf3                         
00005035  __eqdf2                          
000049e5  __eqsf2                          
00005779  __fixsfsi                        
000057e5  __fixunssfsi                     
00005701  __floatsisf                      
00005945  __floatunsisf                    
00004d81  __gedf2                          
00004a1f  __gesf2                          
00004d81  __gtdf2                          
00004a1f  __gtsf2                          
00005035  __ledf2                          
000049e5  __lesf2                          
00005035  __ltdf2                          
000049e5  __ltsf2                          
UNDEFED   __mpu_init                       
000032c1  __muldf3_fast                    
000059b5  __muldi3                         
0000573d  __muldsi3                        
00004a71  __mulsf3                         
00005035  __nedf2                          
000049e5  __nesf2                          
20207e00  __stack                          
20200000  __start___llvm_prf_bits          
20200000  __start___llvm_prf_cnts          
20200000  __stop___llvm_prf_bits           
20200000  __stop___llvm_prf_cnts           
00003661  __subdf3                         
00004239  __subsf3                         
00004e71  __truncdfsf2                     
000045c5  __udivmoddi4                     
00004a5b  __unordsf2                       
0000591d  _c_int00_noargs                  
UNDEFED   _system_post_cinit               
00005cef  _system_pre_init                 
00005ce5  abort                            
0000509d  app_car_control_init             
00001625  app_car_control_process_command  
00005581  app_car_control_send_heartbeat   
00002e7d  app_car_control_send_telemetry   
00005b9d  app_car_control_toggle_status_led
00001c51  app_car_control_update           
000055c5  atoi                             
ffffffff  binit                            
00005af9  encoder_get_counts               
00004835  encoder_handle_gpio_irq          
000054f1  encoder_init                     
00005b11  encoder_reset                    
20200200  gPWM_MOTORSBackup                
00000000  interruptVectors                 
0000415d  ldexp                            
00004311  ldexpf                           
0000415d  ldexpl                           
00005c0d  line_follow_get_error            
00004ee5  line_follow_get_turn_adjust      
0000596d  line_follow_init                 
00005991  line_follow_is_active            
00005879  line_follow_is_valid             
00004669  line_follow_parse_command        
00003be1  main                             
000059d9  memccpy                          
00004705  memcpy                           
00005105  memset                           
00005c19  motion_control_get_mode          
00005bad  motion_control_get_target_deg_s  
00005bbd  motion_control_get_target_mm_s   
00005689  motion_control_init              
00005bcd  motion_control_is_active         
00005c25  motion_control_is_busy           
00002501  motion_control_parse_command     
00003aa1  motion_control_update            
0000447d  pid_calc                         
00005b29  pid_init                         
00005c31  pid_reset                        
0000415d  scalbn                           
00004311  scalbnf                          
0000415d  scalbnl                          
00005539  snprintf                         
00005849  sscanf                           
00004b01  strcmp                           
00002151  strtod                           
00002851  strtof                           
0000395d  strtol                           
00002151  strtold                          
000030e5  strtoll                          
00003d11  strtoul                          
000037f5  strtoull                         
00005c3d  uart_debug_get_rx_dropped_bytes  
00005c49  uart_debug_get_tx_dropped_bytes  
00004f55  uart_debug_handle_irq            
000058cd  uart_debug_init                  
00003e3d  uart_debug_read_line             
00005381  uart_debug_service_tx            
000053cd  uart_debug_write_string          
00004fc5  uart_openmv_handle_irq           
000058f5  uart_openmv_init                 
00004521  uart_openmv_read_line            
00005bdd  wcslen                           


GLOBAL SYMBOLS: SORTED BY Symbol Address 

address   name                             
-------   ----                             
00000000  __TI_ATRegion0_region_sz         
00000000  __TI_ATRegion0_src_addr          
00000000  __TI_ATRegion0_trg_addr          
00000000  __TI_ATRegion1_region_sz         
00000000  __TI_ATRegion1_src_addr          
00000000  __TI_ATRegion1_trg_addr          
00000000  __TI_ATRegion2_region_sz         
00000000  __TI_ATRegion2_src_addr          
00000000  __TI_ATRegion2_trg_addr          
00000000  __TI_static_base__               
00000000  interruptVectors                 
000000c1  __TI_scanfi                      
00000200  __STACK_SIZE                     
00000d49  __TI_printfi_nofloat             
00001625  app_car_control_process_command  
00001c51  app_car_control_update           
00002151  strtod                           
00002151  strtold                          
00002501  motion_control_parse_command     
00002851  strtof                           
00002ba1  __divdf3_fast                    
00002e7d  app_car_control_send_telemetry   
000030e5  strtoll                          
000032c1  __muldf3_fast                    
00003661  __aeabi_dsub                     
00003661  __subdf3                         
0000366b  __adddf3                         
0000366b  __aeabi_dadd                     
000037f3  ADC0_IRQHandler                  
000037f3  ADC1_IRQHandler                  
000037f3  AES_IRQHandler                   
000037f3  CANFD0_IRQHandler                
000037f3  DAC0_IRQHandler                  
000037f3  DMA_IRQHandler                   
000037f3  Default_Handler                  
000037f3  GROUP0_IRQHandler                
000037f3  HardFault_Handler                
000037f3  I2C0_IRQHandler                  
000037f3  I2C1_IRQHandler                  
000037f3  NMI_Handler                      
000037f3  PendSV_Handler                   
000037f3  RTC_IRQHandler                   
000037f3  SPI0_IRQHandler                  
000037f3  SPI1_IRQHandler                  
000037f3  SVC_Handler                      
000037f3  TIMA0_IRQHandler                 
000037f3  TIMA1_IRQHandler                 
000037f3  TIMG0_IRQHandler                 
000037f3  TIMG12_IRQHandler                
000037f3  TIMG6_IRQHandler                 
000037f3  TIMG7_IRQHandler                 
000037f3  TIMG8_IRQHandler                 
000037f3  UART1_IRQHandler                 
000037f3  UART3_IRQHandler                 
000037f5  strtoull                         
0000395d  strtol                           
00003aa1  motion_control_update            
00003be1  main                             
00003d11  strtoul                          
00003e3d  uart_debug_read_line             
00004059  DL_Timer_initFourCCPWMMode       
0000415d  ldexp                            
0000415d  ldexpl                           
0000415d  scalbn                           
0000415d  scalbnl                          
00004239  __aeabi_fsub                     
00004239  __subsf3                         
00004243  __addsf3                         
00004243  __aeabi_fadd                     
00004311  ldexpf                           
00004311  scalbnf                          
000043cd  SYSCFG_DL_GPIO_init              
0000447d  pid_calc                         
00004521  uart_openmv_read_line            
000045c5  __udivmoddi4                     
00004667  __aeabi_idiv0                    
00004669  line_follow_parse_command        
00004705  memcpy                           
0000479f  __aeabi_ldiv0                    
000047a1  SYSCFG_DL_PWM_MOTORS_init        
00004835  encoder_handle_gpio_irq          
00004959  SysTick_Handler                  
000049e5  __cmpsf2                         
000049e5  __eqsf2                          
000049e5  __lesf2                          
000049e5  __ltsf2                          
000049e5  __nesf2                          
00004a1f  __gesf2                          
00004a1f  __gtsf2                          
00004a5b  __aeabi_fcmpun                   
00004a5b  __unordsf2                       
00004a71  __aeabi_fmul                     
00004a71  __mulsf3                         
00004afc  C$$EXIT                          
00004afd  HOSTexit                         
00004b01  strcmp                           
00004b89  __aeabi_fdiv                     
00004b89  __divsf3                         
00004c0d  SYSCFG_DL_UART_DEBUG_init        
00004c89  SYSCFG_DL_UART_OPENMV_init       
00004d05  __TI_decompress_lzss             
00004d81  __gedf2                          
00004d81  __gtdf2                          
00004e69  GROUP1_IRQHandler                
00004e71  __aeabi_d2f                      
00004e71  __truncdfsf2                     
00004ee5  line_follow_get_turn_adjust      
00004f55  uart_debug_handle_irq            
00004fc5  uart_openmv_handle_irq           
00005035  __cmpdf2                         
00005035  __eqdf2                          
00005035  __ledf2                          
00005035  __ltdf2                          
00005035  __nedf2                          
0000509d  app_car_control_init             
00005105  memset                           
00005169  BO_Control                       
000051c9  __aeabi_dcmpeq                   
000051db  __aeabi_dcmplt                   
000051ed  __aeabi_dcmple                   
000051ff  __aeabi_dcmpge                   
00005211  __aeabi_dcmpgt                   
00005225  __aeabi_fcmpeq                   
00005237  __aeabi_fcmplt                   
00005249  __aeabi_fcmple                   
0000525b  __aeabi_fcmpge                   
0000526d  __aeabi_fcmpgt                   
00005281  AO_Control                       
000052d9  TB6612_Init                      
00005381  uart_debug_service_tx            
000053cd  uart_debug_write_string          
00005419  DL_UART_init                     
00005461  SYSCFG_DL_initPower              
000054a9  TB6612_Motor_Stop                
000054f1  encoder_init                     
00005539  snprintf                         
00005581  app_car_control_send_heartbeat   
000055c5  atoi                             
00005609  SYSCFG_DL_SYSCTL_init            
00005649  __aeabi_uidiv                    
00005649  __aeabi_uidivmod                 
00005689  motion_control_init              
000056c5  __TI_auto_init_nobinit_nopinit   
00005701  __aeabi_i2f                      
00005701  __floatsisf                      
0000573d  __muldsi3                        
00005779  __aeabi_f2iz                     
00005779  __fixsfsi                        
000057e5  __aeabi_f2uiz                    
000057e5  __fixunssfsi                     
00005849  sscanf                           
00005879  line_follow_is_valid             
000058a5  SYSCFG_DL_init                   
000058cd  uart_debug_init                  
000058f5  uart_openmv_init                 
0000591d  _c_int00_noargs                  
00005945  __aeabi_ui2f                     
00005945  __floatunsisf                    
0000596d  line_follow_init                 
00005991  line_follow_is_active            
000059b5  __aeabi_lmul                     
000059b5  __muldi3                         
000059d9  memccpy                          
00005a1d  __aeabi_llsl                     
00005a1d  __ashldi3                        
00005a3d  DL_Timer_setCaptCompUpdateMethod 
00005a59  DL_Timer_setClockConfig          
00005a75  DL_UART_receiveDataCheck         
00005a91  DL_UART_transmitDataCheck        
00005aad  __aeabi_memset                   
00005aad  __aeabi_memset4                  
00005aad  __aeabi_memset8                  
00005abb  __aeabi_memclr                   
00005abb  __aeabi_memclr4                  
00005abb  __aeabi_memclr8                  
00005ac9  DL_Timer_setCaptureCompareOutCtl 
00005af9  encoder_get_counts               
00005b11  encoder_reset                    
00005b29  pid_init                         
00005b55  __aeabi_uldivmod                 
00005b69  DL_UART_setClockConfig           
00005b7b  __TI_decompress_none             
00005b8d  DL_Timer_setCaptureCompareValue  
00005b9d  app_car_control_toggle_status_led
00005bad  motion_control_get_target_deg_s  
00005bbd  motion_control_get_target_mm_s   
00005bcd  motion_control_is_active         
00005bdd  wcslen                           
00005bed  __TI_zero_init                   
00005c0d  line_follow_get_error            
00005c19  motion_control_get_mode          
00005c25  motion_control_is_busy           
00005c31  pid_reset                        
00005c3d  uart_debug_get_rx_dropped_bytes  
00005c49  uart_debug_get_tx_dropped_bytes  
00005c55  DL_Common_delayCycles            
00005ca1  UART0_IRQHandler                 
00005ca9  UART2_IRQHandler                 
00005cb1  __aeabi_ddiv_fast                
00005cb9  __aeabi_dmul_fast                
00005cc1  __aeabi_errno_addr               
00005cd1  __aeabi_memcpy                   
00005cd1  __aeabi_memcpy4                  
00005cd1  __aeabi_memcpy8                  
00005ce5  abort                            
00005ceb  Reset_Handler                    
00005cef  _system_pre_init                 
00005d00  __aeabi_ctype_table_             
00005d00  __aeabi_ctype_table_C            
00006290  __TI_Handler_Table_Base          
0000629c  __TI_Handler_Table_Limit         
000062ac  __TI_CINIT_Base                  
000062bc  __TI_CINIT_Limit                 
000062bc  __TI_CINIT_Warm                  
20200000  __start___llvm_prf_bits          
20200000  __start___llvm_prf_cnts          
20200000  __stop___llvm_prf_bits           
20200000  __stop___llvm_prf_cnts           
20200200  gPWM_MOTORSBackup                
20200504  __aeabi_errno                    
20207e00  __stack                          
20208000  __STACK_END                      
ffffffff  __TI_pprof_out_hndl              
ffffffff  __TI_prof_data_size              
ffffffff  __TI_prof_data_start             
ffffffff  __binit__                        
ffffffff  binit                            
UNDEFED   __mpu_init                       
UNDEFED   _system_post_cinit               

[229 symbols]
