<?xml version="1.0" encoding="ISO-8859-1" ?>
<link_info>
   <banner>TI ARM Clang Linker PC v5.1.1.LTS</banner>
   <copyright>Copyright (c) 1996-2018 Texas Instruments Incorporated</copyright>
   <command_line>F:\yingyong\ccs\ccs\tools\compiler\ti-cgt-armllvm_5.1.1.LTS\bin\tiarmlnk -IF:\yingyong\ccs\ccs\tools\compiler\ti-cgt-armllvm_5.1.1.LTS\lib -o gpio_toggle_output.out --cg_opt_level=2 -mgpio_toggle_output.map -iC:/TI/mspm0_sdk_2_10_00_04/source -iC:/Users/14166/workspace_ccstheia/gpio_toggle_output -iC:/Users/14166/workspace_ccstheia/gpio_toggle_output/Debug/syscfg -iF:/yingyong/ccs/ccs/tools/compiler/ti-cgt-armllvm_5.1.1.LTS/lib --diag_wrap=off --display_error_number --warn_sections --xml_link_info=gpio_toggle_output_linkInfo.xml --rom_model ./ti_msp_dl_config.o ./startup_mspm0g350x_ticlang.o ./main.o ./app/app_attitude.o ./app/app_car_control.o ./app/app_gray_track.o ./app/app_image_store.o ./app/app_line_follow.o ./app/app_menu.o ./app/app_motion_control.o ./bsp/bsp_tb6612.o ./bsp/jy61/bsp_jy61.o ./hw/hw_encoder.o ./hw/hw_lcd.o ./hw/hw_openmv_uart.o ./hw/hw_spi.o ./hw/hw_uart.o ./hw/hw_w25q64.o ./mid/mid_pid.o -l./device_linker.cmd -ldevice.cmd.genlibs -llibc.a --start-group -llibc++.a -llibc++abi.a -llibc.a -llibsys.a -llibsysbm.a -llibclang_rt.builtins.a -llibclang_rt.profile.a --end-group</command_line>
   <link_time>0x6a5de5ca</link_time>
   <link_errors>0x0</link_errors>
   <output_file>C:\Users\14166\workspace_ccstheia\gpio_toggle_output\Debug\gpio_toggle_output.out</output_file>
   <entry_point>
      <name>_c_int00_noargs</name>
      <address>0xe105</address>
   </entry_point>
   <input_file_list>
      <input_file id="fl-1">
         <path>C:\Users\14166\workspace_ccstheia\gpio_toggle_output\Debug\.\</path>
         <kind>object</kind>
         <file>ti_msp_dl_config.o</file>
         <name>ti_msp_dl_config.o</name>
      </input_file>
      <input_file id="fl-2">
         <path>C:\Users\14166\workspace_ccstheia\gpio_toggle_output\Debug\.\</path>
         <kind>object</kind>
         <file>startup_mspm0g350x_ticlang.o</file>
         <name>startup_mspm0g350x_ticlang.o</name>
      </input_file>
      <input_file id="fl-3">
         <path>C:\Users\14166\workspace_ccstheia\gpio_toggle_output\Debug\.\</path>
         <kind>object</kind>
         <file>main.o</file>
         <name>main.o</name>
      </input_file>
      <input_file id="fl-4">
         <path>C:\Users\14166\workspace_ccstheia\gpio_toggle_output\Debug\.\app\</path>
         <kind>object</kind>
         <file>app_attitude.o</file>
         <name>app_attitude.o</name>
      </input_file>
      <input_file id="fl-5">
         <path>C:\Users\14166\workspace_ccstheia\gpio_toggle_output\Debug\.\app\</path>
         <kind>object</kind>
         <file>app_car_control.o</file>
         <name>app_car_control.o</name>
      </input_file>
      <input_file id="fl-6">
         <path>C:\Users\14166\workspace_ccstheia\gpio_toggle_output\Debug\.\app\</path>
         <kind>object</kind>
         <file>app_gray_track.o</file>
         <name>app_gray_track.o</name>
      </input_file>
      <input_file id="fl-7">
         <path>C:\Users\14166\workspace_ccstheia\gpio_toggle_output\Debug\.\app\</path>
         <kind>object</kind>
         <file>app_image_store.o</file>
         <name>app_image_store.o</name>
      </input_file>
      <input_file id="fl-8">
         <path>C:\Users\14166\workspace_ccstheia\gpio_toggle_output\Debug\.\app\</path>
         <kind>object</kind>
         <file>app_line_follow.o</file>
         <name>app_line_follow.o</name>
      </input_file>
      <input_file id="fl-9">
         <path>C:\Users\14166\workspace_ccstheia\gpio_toggle_output\Debug\.\app\</path>
         <kind>object</kind>
         <file>app_menu.o</file>
         <name>app_menu.o</name>
      </input_file>
      <input_file id="fl-a">
         <path>C:\Users\14166\workspace_ccstheia\gpio_toggle_output\Debug\.\app\</path>
         <kind>object</kind>
         <file>app_motion_control.o</file>
         <name>app_motion_control.o</name>
      </input_file>
      <input_file id="fl-b">
         <path>C:\Users\14166\workspace_ccstheia\gpio_toggle_output\Debug\.\bsp\</path>
         <kind>object</kind>
         <file>bsp_tb6612.o</file>
         <name>bsp_tb6612.o</name>
      </input_file>
      <input_file id="fl-c">
         <path>C:\Users\14166\workspace_ccstheia\gpio_toggle_output\Debug\.\bsp\jy61\</path>
         <kind>object</kind>
         <file>bsp_jy61.o</file>
         <name>bsp_jy61.o</name>
      </input_file>
      <input_file id="fl-d">
         <path>C:\Users\14166\workspace_ccstheia\gpio_toggle_output\Debug\.\hw\</path>
         <kind>object</kind>
         <file>hw_encoder.o</file>
         <name>hw_encoder.o</name>
      </input_file>
      <input_file id="fl-e">
         <path>C:\Users\14166\workspace_ccstheia\gpio_toggle_output\Debug\.\hw\</path>
         <kind>object</kind>
         <file>hw_lcd.o</file>
         <name>hw_lcd.o</name>
      </input_file>
      <input_file id="fl-f">
         <path>C:\Users\14166\workspace_ccstheia\gpio_toggle_output\Debug\.\hw\</path>
         <kind>object</kind>
         <file>hw_openmv_uart.o</file>
         <name>hw_openmv_uart.o</name>
      </input_file>
      <input_file id="fl-10">
         <path>C:\Users\14166\workspace_ccstheia\gpio_toggle_output\Debug\.\hw\</path>
         <kind>object</kind>
         <file>hw_spi.o</file>
         <name>hw_spi.o</name>
      </input_file>
      <input_file id="fl-11">
         <path>C:\Users\14166\workspace_ccstheia\gpio_toggle_output\Debug\.\hw\</path>
         <kind>object</kind>
         <file>hw_uart.o</file>
         <name>hw_uart.o</name>
      </input_file>
      <input_file id="fl-12">
         <path>C:\Users\14166\workspace_ccstheia\gpio_toggle_output\Debug\.\hw\</path>
         <kind>object</kind>
         <file>hw_w25q64.o</file>
         <name>hw_w25q64.o</name>
      </input_file>
      <input_file id="fl-13">
         <path>C:\Users\14166\workspace_ccstheia\gpio_toggle_output\Debug\.\mid\</path>
         <kind>object</kind>
         <file>mid_pid.o</file>
         <name>mid_pid.o</name>
      </input_file>
      <input_file id="fl-20">
         <path>C:\Users\14166\workspace_ccstheia\gpio_toggle_output\Debug\</path>
         <kind>object</kind>
         <file>&lt;internal&gt;</file>
         <name>&lt;internal&gt;</name>
      </input_file>
      <input_file id="fl-21">
         <path>C:\TI\mspm0_sdk_2_10_00_04\source\ti\driverlib\lib\ticlang\m0p\mspm0g1x0x_g3x0x\</path>
         <kind>archive</kind>
         <file>driverlib.a</file>
         <name>dl_common.o</name>
      </input_file>
      <input_file id="fl-22">
         <path>C:\TI\mspm0_sdk_2_10_00_04\source\ti\driverlib\lib\ticlang\m0p\mspm0g1x0x_g3x0x\</path>
         <kind>archive</kind>
         <file>driverlib.a</file>
         <name>dl_spi.o</name>
      </input_file>
      <input_file id="fl-23">
         <path>C:\TI\mspm0_sdk_2_10_00_04\source\ti\driverlib\lib\ticlang\m0p\mspm0g1x0x_g3x0x\</path>
         <kind>archive</kind>
         <file>driverlib.a</file>
         <name>dl_timer.o</name>
      </input_file>
      <input_file id="fl-24">
         <path>C:\TI\mspm0_sdk_2_10_00_04\source\ti\driverlib\lib\ticlang\m0p\mspm0g1x0x_g3x0x\</path>
         <kind>archive</kind>
         <file>driverlib.a</file>
         <name>dl_uart.o</name>
      </input_file>
      <input_file id="fl-41">
         <path>F:\yingyong\ccs\ccs\tools\compiler\ti-cgt-armllvm_5.1.1.LTS\lib\armv6m-ti-none-eabi\c\</path>
         <kind>archive</kind>
         <file>libc.a</file>
         <name>e_asinf.c.obj</name>
      </input_file>
      <input_file id="fl-42">
         <path>F:\yingyong\ccs\ccs\tools\compiler\ti-cgt-armllvm_5.1.1.LTS\lib\armv6m-ti-none-eabi\c\</path>
         <kind>archive</kind>
         <file>libc.a</file>
         <name>e_atan2f.c.obj</name>
      </input_file>
      <input_file id="fl-43">
         <path>F:\yingyong\ccs\ccs\tools\compiler\ti-cgt-armllvm_5.1.1.LTS\lib\armv6m-ti-none-eabi\c\</path>
         <kind>archive</kind>
         <file>libc.a</file>
         <name>s_atanf.c.obj</name>
      </input_file>
      <input_file id="fl-44">
         <path>F:\yingyong\ccs\ccs\tools\compiler\ti-cgt-armllvm_5.1.1.LTS\lib\armv6m-ti-none-eabi\c\</path>
         <kind>archive</kind>
         <file>libc.a</file>
         <name>s_cosf.c.obj</name>
      </input_file>
      <input_file id="fl-45">
         <path>F:\yingyong\ccs\ccs\tools\compiler\ti-cgt-armllvm_5.1.1.LTS\lib\armv6m-ti-none-eabi\c\</path>
         <kind>archive</kind>
         <file>libc.a</file>
         <name>s_sinf.c.obj</name>
      </input_file>
      <input_file id="fl-46">
         <path>F:\yingyong\ccs\ccs\tools\compiler\ti-cgt-armllvm_5.1.1.LTS\lib\armv6m-ti-none-eabi\c\</path>
         <kind>archive</kind>
         <file>libc.a</file>
         <name>e_sqrt.c.obj</name>
      </input_file>
      <input_file id="fl-47">
         <path>F:\yingyong\ccs\ccs\tools\compiler\ti-cgt-armllvm_5.1.1.LTS\lib\armv6m-ti-none-eabi\c\</path>
         <kind>archive</kind>
         <file>libc.a</file>
         <name>snprintf.c.obj</name>
      </input_file>
      <input_file id="fl-48">
         <path>F:\yingyong\ccs\ccs\tools\compiler\ti-cgt-armllvm_5.1.1.LTS\lib\armv6m-ti-none-eabi\c\</path>
         <kind>archive</kind>
         <file>libc.a</file>
         <name>sscanf.c.obj</name>
      </input_file>
      <input_file id="fl-49">
         <path>F:\yingyong\ccs\ccs\tools\compiler\ti-cgt-armllvm_5.1.1.LTS\lib\armv6m-ti-none-eabi\c\</path>
         <kind>archive</kind>
         <file>libc.a</file>
         <name>aeabi_ctype.S.obj</name>
      </input_file>
      <input_file id="fl-4a">
         <path>F:\yingyong\ccs\ccs\tools\compiler\ti-cgt-armllvm_5.1.1.LTS\lib\armv6m-ti-none-eabi\c\</path>
         <kind>archive</kind>
         <file>libc.a</file>
         <name>strcmp-armv6m.S.obj</name>
      </input_file>
      <input_file id="fl-4b">
         <path>F:\yingyong\ccs\ccs\tools\compiler\ti-cgt-armllvm_5.1.1.LTS\lib\armv6m-ti-none-eabi\c\</path>
         <kind>archive</kind>
         <file>libc.a</file>
         <name>aeabi_portable.c.obj</name>
      </input_file>
      <input_file id="fl-4c">
         <path>F:\yingyong\ccs\ccs\tools\compiler\ti-cgt-armllvm_5.1.1.LTS\lib\armv6m-ti-none-eabi\c\</path>
         <kind>archive</kind>
         <file>libc.a</file>
         <name>k_rem_pio2.c.obj</name>
      </input_file>
      <input_file id="fl-4d">
         <path>F:\yingyong\ccs\ccs\tools\compiler\ti-cgt-armllvm_5.1.1.LTS\lib\armv6m-ti-none-eabi\c\</path>
         <kind>archive</kind>
         <file>libc.a</file>
         <name>assert.c.obj</name>
      </input_file>
      <input_file id="fl-4e">
         <path>F:\yingyong\ccs\ccs\tools\compiler\ti-cgt-armllvm_5.1.1.LTS\lib\armv6m-ti-none-eabi\c\</path>
         <kind>archive</kind>
         <file>libc.a</file>
         <name>defs.c.obj</name>
      </input_file>
      <input_file id="fl-4f">
         <path>F:\yingyong\ccs\ccs\tools\compiler\ti-cgt-armllvm_5.1.1.LTS\lib\armv6m-ti-none-eabi\c\</path>
         <kind>archive</kind>
         <file>libc.a</file>
         <name>memory.c.obj</name>
      </input_file>
      <input_file id="fl-50">
         <path>F:\yingyong\ccs\ccs\tools\compiler\ti-cgt-armllvm_5.1.1.LTS\lib\armv6m-ti-none-eabi\c\</path>
         <kind>archive</kind>
         <file>libc.a</file>
         <name>strtof.c.obj</name>
      </input_file>
      <input_file id="fl-51">
         <path>F:\yingyong\ccs\ccs\tools\compiler\ti-cgt-armllvm_5.1.1.LTS\lib\armv6m-ti-none-eabi\c\</path>
         <kind>archive</kind>
         <file>libc.a</file>
         <name>strtol.c.obj</name>
      </input_file>
      <input_file id="fl-52">
         <path>F:\yingyong\ccs\ccs\tools\compiler\ti-cgt-armllvm_5.1.1.LTS\lib\armv6m-ti-none-eabi\c\</path>
         <kind>archive</kind>
         <file>libc.a</file>
         <name>strtoul.c.obj</name>
      </input_file>
      <input_file id="fl-53">
         <path>F:\yingyong\ccs\ccs\tools\compiler\ti-cgt-armllvm_5.1.1.LTS\lib\armv6m-ti-none-eabi\c\</path>
         <kind>archive</kind>
         <file>libc.a</file>
         <name>boot_cortex_m.c.obj</name>
      </input_file>
      <input_file id="fl-54">
         <path>F:\yingyong\ccs\ccs\tools\compiler\ti-cgt-armllvm_5.1.1.LTS\lib\armv6m-ti-none-eabi\c\</path>
         <kind>archive</kind>
         <file>libc.a</file>
         <name>mathacl_init.c.obj</name>
      </input_file>
      <input_file id="fl-55">
         <path>F:\yingyong\ccs\ccs\tools\compiler\ti-cgt-armllvm_5.1.1.LTS\lib\armv6m-ti-none-eabi\c\</path>
         <kind>archive</kind>
         <file>libc.a</file>
         <name>autoinit.c.obj</name>
      </input_file>
      <input_file id="fl-56">
         <path>F:\yingyong\ccs\ccs\tools\compiler\ti-cgt-armllvm_5.1.1.LTS\lib\armv6m-ti-none-eabi\c\</path>
         <kind>archive</kind>
         <file>libc.a</file>
         <name>pre_init.c.obj</name>
      </input_file>
      <input_file id="fl-57">
         <path>F:\yingyong\ccs\ccs\tools\compiler\ti-cgt-armllvm_5.1.1.LTS\lib\armv6m-ti-none-eabi\c\</path>
         <kind>archive</kind>
         <file>libc.a</file>
         <name>cpy_tbl.c.obj</name>
      </input_file>
      <input_file id="fl-58">
         <path>F:\yingyong\ccs\ccs\tools\compiler\ti-cgt-armllvm_5.1.1.LTS\lib\armv6m-ti-none-eabi\c\</path>
         <kind>archive</kind>
         <file>libc.a</file>
         <name>copy_zero_init.c.obj</name>
      </input_file>
      <input_file id="fl-59">
         <path>F:\yingyong\ccs\ccs\tools\compiler\ti-cgt-armllvm_5.1.1.LTS\lib\armv6m-ti-none-eabi\c\</path>
         <kind>archive</kind>
         <file>libc.a</file>
         <name>copy_decompress_none.c.obj</name>
      </input_file>
      <input_file id="fl-5a">
         <path>F:\yingyong\ccs\ccs\tools\compiler\ti-cgt-armllvm_5.1.1.LTS\lib\armv6m-ti-none-eabi\c\</path>
         <kind>archive</kind>
         <file>libc.a</file>
         <name>copy_decompress_lzss.c.obj</name>
      </input_file>
      <input_file id="fl-5b">
         <path>F:\yingyong\ccs\ccs\tools\compiler\ti-cgt-armllvm_5.1.1.LTS\lib\armv6m-ti-none-eabi\c\</path>
         <kind>archive</kind>
         <file>libc.a</file>
         <name>s_scalbnf.c.obj</name>
      </input_file>
      <input_file id="fl-5c">
         <path>F:\yingyong\ccs\ccs\tools\compiler\ti-cgt-armllvm_5.1.1.LTS\lib\armv6m-ti-none-eabi\c\</path>
         <kind>archive</kind>
         <file>libc.a</file>
         <name>s_floor.c.obj</name>
      </input_file>
      <input_file id="fl-5d">
         <path>F:\yingyong\ccs\ccs\tools\compiler\ti-cgt-armllvm_5.1.1.LTS\lib\armv6m-ti-none-eabi\c\</path>
         <kind>archive</kind>
         <file>libc.a</file>
         <name>s_scalbn.c.obj</name>
      </input_file>
      <input_file id="fl-5e">
         <path>F:\yingyong\ccs\ccs\tools\compiler\ti-cgt-armllvm_5.1.1.LTS\lib\armv6m-ti-none-eabi\c\</path>
         <kind>archive</kind>
         <file>libc.a</file>
         <name>_printfi.c.obj</name>
      </input_file>
      <input_file id="fl-5f">
         <path>F:\yingyong\ccs\ccs\tools\compiler\ti-cgt-armllvm_5.1.1.LTS\lib\armv6m-ti-none-eabi\c\</path>
         <kind>archive</kind>
         <file>libc.a</file>
         <name>sprintf.c.obj</name>
      </input_file>
      <input_file id="fl-60">
         <path>F:\yingyong\ccs\ccs\tools\compiler\ti-cgt-armllvm_5.1.1.LTS\lib\armv6m-ti-none-eabi\c\</path>
         <kind>archive</kind>
         <file>libc.a</file>
         <name>_scanfi.c.obj</name>
      </input_file>
      <input_file id="fl-61">
         <path>F:\yingyong\ccs\ccs\tools\compiler\ti-cgt-armllvm_5.1.1.LTS\lib\armv6m-ti-none-eabi\c\</path>
         <kind>archive</kind>
         <file>libc.a</file>
         <name>fflush.c.obj</name>
      </input_file>
      <input_file id="fl-62">
         <path>F:\yingyong\ccs\ccs\tools\compiler\ti-cgt-armllvm_5.1.1.LTS\lib\armv6m-ti-none-eabi\c\</path>
         <kind>archive</kind>
         <file>libc.a</file>
         <name>fputs.c.obj</name>
      </input_file>
      <input_file id="fl-63">
         <path>F:\yingyong\ccs\ccs\tools\compiler\ti-cgt-armllvm_5.1.1.LTS\lib\armv6m-ti-none-eabi\c\</path>
         <kind>archive</kind>
         <file>libc.a</file>
         <name>_io_perm.c.obj</name>
      </input_file>
      <input_file id="fl-64">
         <path>F:\yingyong\ccs\ccs\tools\compiler\ti-cgt-armllvm_5.1.1.LTS\lib\armv6m-ti-none-eabi\c\</path>
         <kind>archive</kind>
         <file>libc.a</file>
         <name>setvbuf.c.obj</name>
      </input_file>
      <input_file id="fl-65">
         <path>F:\yingyong\ccs\ccs\tools\compiler\ti-cgt-armllvm_5.1.1.LTS\lib\armv6m-ti-none-eabi\c\</path>
         <kind>archive</kind>
         <file>libc.a</file>
         <name>exit.c.obj</name>
      </input_file>
      <input_file id="fl-66">
         <path>F:\yingyong\ccs\ccs\tools\compiler\ti-cgt-armllvm_5.1.1.LTS\lib\armv6m-ti-none-eabi\c\</path>
         <kind>archive</kind>
         <file>libc.a</file>
         <name>_lock.c.obj</name>
      </input_file>
      <input_file id="fl-67">
         <path>F:\yingyong\ccs\ccs\tools\compiler\ti-cgt-armllvm_5.1.1.LTS\lib\armv6m-ti-none-eabi\c\</path>
         <kind>archive</kind>
         <file>libc.a</file>
         <name>_ltoa.c.obj</name>
      </input_file>
      <input_file id="fl-68">
         <path>F:\yingyong\ccs\ccs\tools\compiler\ti-cgt-armllvm_5.1.1.LTS\lib\armv6m-ti-none-eabi\c\</path>
         <kind>archive</kind>
         <file>libc.a</file>
         <name>args_main.c.obj</name>
      </input_file>
      <input_file id="fl-69">
         <path>F:\yingyong\ccs\ccs\tools\compiler\ti-cgt-armllvm_5.1.1.LTS\lib\armv6m-ti-none-eabi\c\</path>
         <kind>archive</kind>
         <file>libc.a</file>
         <name>atoi.c.obj</name>
      </input_file>
      <input_file id="fl-6a">
         <path>F:\yingyong\ccs\ccs\tools\compiler\ti-cgt-armllvm_5.1.1.LTS\lib\armv6m-ti-none-eabi\c\</path>
         <kind>archive</kind>
         <file>libc.a</file>
         <name>memccpy.c.obj</name>
      </input_file>
      <input_file id="fl-6b">
         <path>F:\yingyong\ccs\ccs\tools\compiler\ti-cgt-armllvm_5.1.1.LTS\lib\armv6m-ti-none-eabi\c\</path>
         <kind>archive</kind>
         <file>libc.a</file>
         <name>strtod.c.obj</name>
      </input_file>
      <input_file id="fl-6c">
         <path>F:\yingyong\ccs\ccs\tools\compiler\ti-cgt-armllvm_5.1.1.LTS\lib\armv6m-ti-none-eabi\c\</path>
         <kind>archive</kind>
         <file>libc.a</file>
         <name>strtoll.c.obj</name>
      </input_file>
      <input_file id="fl-6d">
         <path>F:\yingyong\ccs\ccs\tools\compiler\ti-cgt-armllvm_5.1.1.LTS\lib\armv6m-ti-none-eabi\c\</path>
         <kind>archive</kind>
         <file>libc.a</file>
         <name>strtoull.c.obj</name>
      </input_file>
      <input_file id="fl-6e">
         <path>F:\yingyong\ccs\ccs\tools\compiler\ti-cgt-armllvm_5.1.1.LTS\lib\armv6m-ti-none-eabi\c\</path>
         <kind>archive</kind>
         <file>libc.a</file>
         <name>s_frexp.c.obj</name>
      </input_file>
      <input_file id="fl-6f">
         <path>F:\yingyong\ccs\ccs\tools\compiler\ti-cgt-armllvm_5.1.1.LTS\lib\armv6m-ti-none-eabi\c\</path>
         <kind>archive</kind>
         <file>libc.a</file>
         <name>wcslen.c.obj</name>
      </input_file>
      <input_file id="fl-70">
         <path>F:\yingyong\ccs\ccs\tools\compiler\ti-cgt-armllvm_5.1.1.LTS\lib\armv6m-ti-none-eabi\c\</path>
         <kind>archive</kind>
         <file>libc.a</file>
         <name>fopen.c.obj</name>
      </input_file>
      <input_file id="fl-71">
         <path>F:\yingyong\ccs\ccs\tools\compiler\ti-cgt-armllvm_5.1.1.LTS\lib\armv6m-ti-none-eabi\c\</path>
         <kind>archive</kind>
         <file>libc.a</file>
         <name>fseek.c.obj</name>
      </input_file>
      <input_file id="fl-72">
         <path>F:\yingyong\ccs\ccs\tools\compiler\ti-cgt-armllvm_5.1.1.LTS\lib\armv6m-ti-none-eabi\c\</path>
         <kind>archive</kind>
         <file>libc.a</file>
         <name>fclose.c.obj</name>
      </input_file>
      <input_file id="fl-166">
         <path>F:\yingyong\ccs\ccs\tools\compiler\ti-cgt-armllvm_5.1.1.LTS\lib\armv6m-ti-none-eabi\c\</path>
         <kind>archive</kind>
         <file>libsysbm.a</file>
         <name>hostexit.c.obj</name>
      </input_file>
      <input_file id="fl-167">
         <path>F:\yingyong\ccs\ccs\tools\compiler\ti-cgt-armllvm_5.1.1.LTS\lib\armv6m-ti-none-eabi\c\</path>
         <kind>archive</kind>
         <file>libsysbm.a</file>
         <name>write.c.obj</name>
      </input_file>
      <input_file id="fl-168">
         <path>F:\yingyong\ccs\ccs\tools\compiler\ti-cgt-armllvm_5.1.1.LTS\lib\armv6m-ti-none-eabi\c\</path>
         <kind>archive</kind>
         <file>libsysbm.a</file>
         <name>host_device.c.obj</name>
      </input_file>
      <input_file id="fl-169">
         <path>F:\yingyong\ccs\ccs\tools\compiler\ti-cgt-armllvm_5.1.1.LTS\lib\armv6m-ti-none-eabi\c\</path>
         <kind>archive</kind>
         <file>libsysbm.a</file>
         <name>remove.c.obj</name>
      </input_file>
      <input_file id="fl-16a">
         <path>F:\yingyong\ccs\ccs\tools\compiler\ti-cgt-armllvm_5.1.1.LTS\lib\armv6m-ti-none-eabi\c\</path>
         <kind>archive</kind>
         <file>libsysbm.a</file>
         <name>open.c.obj</name>
      </input_file>
      <input_file id="fl-16b">
         <path>F:\yingyong\ccs\ccs\tools\compiler\ti-cgt-armllvm_5.1.1.LTS\lib\armv6m-ti-none-eabi\c\</path>
         <kind>archive</kind>
         <file>libsysbm.a</file>
         <name>lseek.c.obj</name>
      </input_file>
      <input_file id="fl-16c">
         <path>F:\yingyong\ccs\ccs\tools\compiler\ti-cgt-armllvm_5.1.1.LTS\lib\armv6m-ti-none-eabi\c\</path>
         <kind>archive</kind>
         <file>libsysbm.a</file>
         <name>close.c.obj</name>
      </input_file>
      <input_file id="fl-16d">
         <path>F:\yingyong\ccs\ccs\tools\compiler\ti-cgt-armllvm_5.1.1.LTS\lib\armv6m-ti-none-eabi\c\</path>
         <kind>archive</kind>
         <file>libsysbm.a</file>
         <name>unlink.c.obj</name>
      </input_file>
      <input_file id="fl-16e">
         <path>F:\yingyong\ccs\ccs\tools\compiler\ti-cgt-armllvm_5.1.1.LTS\lib\armv6m-ti-none-eabi\c\</path>
         <kind>archive</kind>
         <file>libsysbm.a</file>
         <name>hostclose.c.obj</name>
      </input_file>
      <input_file id="fl-16f">
         <path>F:\yingyong\ccs\ccs\tools\compiler\ti-cgt-armllvm_5.1.1.LTS\lib\armv6m-ti-none-eabi\c\</path>
         <kind>archive</kind>
         <file>libsysbm.a</file>
         <name>hostlseek.c.obj</name>
      </input_file>
      <input_file id="fl-170">
         <path>F:\yingyong\ccs\ccs\tools\compiler\ti-cgt-armllvm_5.1.1.LTS\lib\armv6m-ti-none-eabi\c\</path>
         <kind>archive</kind>
         <file>libsysbm.a</file>
         <name>hostopen.c.obj</name>
      </input_file>
      <input_file id="fl-171">
         <path>F:\yingyong\ccs\ccs\tools\compiler\ti-cgt-armllvm_5.1.1.LTS\lib\armv6m-ti-none-eabi\c\</path>
         <kind>archive</kind>
         <file>libsysbm.a</file>
         <name>hostread.c.obj</name>
      </input_file>
      <input_file id="fl-172">
         <path>F:\yingyong\ccs\ccs\tools\compiler\ti-cgt-armllvm_5.1.1.LTS\lib\armv6m-ti-none-eabi\c\</path>
         <kind>archive</kind>
         <file>libsysbm.a</file>
         <name>hostrename.c.obj</name>
      </input_file>
      <input_file id="fl-173">
         <path>F:\yingyong\ccs\ccs\tools\compiler\ti-cgt-armllvm_5.1.1.LTS\lib\armv6m-ti-none-eabi\c\</path>
         <kind>archive</kind>
         <file>libsysbm.a</file>
         <name>hostunlink.c.obj</name>
      </input_file>
      <input_file id="fl-174">
         <path>F:\yingyong\ccs\ccs\tools\compiler\ti-cgt-armllvm_5.1.1.LTS\lib\armv6m-ti-none-eabi\c\</path>
         <kind>archive</kind>
         <file>libsysbm.a</file>
         <name>hostwrite.c.obj</name>
      </input_file>
      <input_file id="fl-175">
         <path>F:\yingyong\ccs\ccs\tools\compiler\ti-cgt-armllvm_5.1.1.LTS\lib\armv6m-ti-none-eabi\c\</path>
         <kind>archive</kind>
         <file>libsysbm.a</file>
         <name>trgmsg.c.obj</name>
      </input_file>
      <input_file id="fl-176">
         <path>F:\yingyong\ccs\ccs\tools\compiler\ti-cgt-armllvm_5.1.1.LTS\lib\armv6m-ti-none-eabi\</path>
         <kind>archive</kind>
         <file>libclang_rt.builtins.a</file>
         <name>addsf3.S.obj</name>
      </input_file>
      <input_file id="fl-177">
         <path>F:\yingyong\ccs\ccs\tools\compiler\ti-cgt-armllvm_5.1.1.LTS\lib\armv6m-ti-none-eabi\</path>
         <kind>archive</kind>
         <file>libclang_rt.builtins.a</file>
         <name>adddf3.S.obj</name>
      </input_file>
      <input_file id="fl-178">
         <path>F:\yingyong\ccs\ccs\tools\compiler\ti-cgt-armllvm_5.1.1.LTS\lib\armv6m-ti-none-eabi\</path>
         <kind>archive</kind>
         <file>libclang_rt.builtins.a</file>
         <name>mulsf3.S.obj</name>
      </input_file>
      <input_file id="fl-179">
         <path>F:\yingyong\ccs\ccs\tools\compiler\ti-cgt-armllvm_5.1.1.LTS\lib\armv6m-ti-none-eabi\</path>
         <kind>archive</kind>
         <file>libclang_rt.builtins.a</file>
         <name>divsf3.S.obj</name>
      </input_file>
      <input_file id="fl-17a">
         <path>F:\yingyong\ccs\ccs\tools\compiler\ti-cgt-armllvm_5.1.1.LTS\lib\armv6m-ti-none-eabi\</path>
         <kind>archive</kind>
         <file>libclang_rt.builtins.a</file>
         <name>extendsfdf2.S.obj</name>
      </input_file>
      <input_file id="fl-17b">
         <path>F:\yingyong\ccs\ccs\tools\compiler\ti-cgt-armllvm_5.1.1.LTS\lib\armv6m-ti-none-eabi\</path>
         <kind>archive</kind>
         <file>libclang_rt.builtins.a</file>
         <name>fixdfsi.S.obj</name>
      </input_file>
      <input_file id="fl-17c">
         <path>F:\yingyong\ccs\ccs\tools\compiler\ti-cgt-armllvm_5.1.1.LTS\lib\armv6m-ti-none-eabi\</path>
         <kind>archive</kind>
         <file>libclang_rt.builtins.a</file>
         <name>fixsfsi.S.obj</name>
      </input_file>
      <input_file id="fl-17d">
         <path>F:\yingyong\ccs\ccs\tools\compiler\ti-cgt-armllvm_5.1.1.LTS\lib\armv6m-ti-none-eabi\</path>
         <kind>archive</kind>
         <file>libclang_rt.builtins.a</file>
         <name>fixunssfsi.S.obj</name>
      </input_file>
      <input_file id="fl-17e">
         <path>F:\yingyong\ccs\ccs\tools\compiler\ti-cgt-armllvm_5.1.1.LTS\lib\armv6m-ti-none-eabi\</path>
         <kind>archive</kind>
         <file>libclang_rt.builtins.a</file>
         <name>floatsidf.S.obj</name>
      </input_file>
      <input_file id="fl-17f">
         <path>F:\yingyong\ccs\ccs\tools\compiler\ti-cgt-armllvm_5.1.1.LTS\lib\armv6m-ti-none-eabi\</path>
         <kind>archive</kind>
         <file>libclang_rt.builtins.a</file>
         <name>floatsisf.S.obj</name>
      </input_file>
      <input_file id="fl-180">
         <path>F:\yingyong\ccs\ccs\tools\compiler\ti-cgt-armllvm_5.1.1.LTS\lib\armv6m-ti-none-eabi\</path>
         <kind>archive</kind>
         <file>libclang_rt.builtins.a</file>
         <name>floatunsisf.S.obj</name>
      </input_file>
      <input_file id="fl-181">
         <path>F:\yingyong\ccs\ccs\tools\compiler\ti-cgt-armllvm_5.1.1.LTS\lib\armv6m-ti-none-eabi\</path>
         <kind>archive</kind>
         <file>libclang_rt.builtins.a</file>
         <name>muldi3.S.obj</name>
      </input_file>
      <input_file id="fl-182">
         <path>F:\yingyong\ccs\ccs\tools\compiler\ti-cgt-armllvm_5.1.1.LTS\lib\armv6m-ti-none-eabi\</path>
         <kind>archive</kind>
         <file>libclang_rt.builtins.a</file>
         <name>truncdfsf2.S.obj</name>
      </input_file>
      <input_file id="fl-183">
         <path>F:\yingyong\ccs\ccs\tools\compiler\ti-cgt-armllvm_5.1.1.LTS\lib\armv6m-ti-none-eabi\</path>
         <kind>archive</kind>
         <file>libclang_rt.builtins.a</file>
         <name>comparedf2.c.obj</name>
      </input_file>
      <input_file id="fl-184">
         <path>F:\yingyong\ccs\ccs\tools\compiler\ti-cgt-armllvm_5.1.1.LTS\lib\armv6m-ti-none-eabi\</path>
         <kind>archive</kind>
         <file>libclang_rt.builtins.a</file>
         <name>aeabi_dcmp.S.obj</name>
      </input_file>
      <input_file id="fl-185">
         <path>F:\yingyong\ccs\ccs\tools\compiler\ti-cgt-armllvm_5.1.1.LTS\lib\armv6m-ti-none-eabi\</path>
         <kind>archive</kind>
         <file>libclang_rt.builtins.a</file>
         <name>aeabi_ddiv.c.obj</name>
      </input_file>
      <input_file id="fl-186">
         <path>F:\yingyong\ccs\ccs\tools\compiler\ti-cgt-armllvm_5.1.1.LTS\lib\armv6m-ti-none-eabi\</path>
         <kind>archive</kind>
         <file>libclang_rt.builtins.a</file>
         <name>aeabi_dmul.c.obj</name>
      </input_file>
      <input_file id="fl-187">
         <path>F:\yingyong\ccs\ccs\tools\compiler\ti-cgt-armllvm_5.1.1.LTS\lib\armv6m-ti-none-eabi\</path>
         <kind>archive</kind>
         <file>libclang_rt.builtins.a</file>
         <name>aeabi_fcmp.S.obj</name>
      </input_file>
      <input_file id="fl-188">
         <path>F:\yingyong\ccs\ccs\tools\compiler\ti-cgt-armllvm_5.1.1.LTS\lib\armv6m-ti-none-eabi\</path>
         <kind>archive</kind>
         <file>libclang_rt.builtins.a</file>
         <name>aeabi_idivmod.S.obj</name>
      </input_file>
      <input_file id="fl-189">
         <path>F:\yingyong\ccs\ccs\tools\compiler\ti-cgt-armllvm_5.1.1.LTS\lib\armv6m-ti-none-eabi\</path>
         <kind>archive</kind>
         <file>libclang_rt.builtins.a</file>
         <name>aeabi_uidivmod.S.obj</name>
      </input_file>
      <input_file id="fl-18a">
         <path>F:\yingyong\ccs\ccs\tools\compiler\ti-cgt-armllvm_5.1.1.LTS\lib\armv6m-ti-none-eabi\</path>
         <kind>archive</kind>
         <file>libclang_rt.builtins.a</file>
         <name>aeabi_uldivmod.S.obj</name>
      </input_file>
      <input_file id="fl-18b">
         <path>F:\yingyong\ccs\ccs\tools\compiler\ti-cgt-armllvm_5.1.1.LTS\lib\armv6m-ti-none-eabi\</path>
         <kind>archive</kind>
         <file>libclang_rt.builtins.a</file>
         <name>aeabi_memcpy.S.obj</name>
      </input_file>
      <input_file id="fl-18c">
         <path>F:\yingyong\ccs\ccs\tools\compiler\ti-cgt-armllvm_5.1.1.LTS\lib\armv6m-ti-none-eabi\</path>
         <kind>archive</kind>
         <file>libclang_rt.builtins.a</file>
         <name>aeabi_memset.S.obj</name>
      </input_file>
      <input_file id="fl-18d">
         <path>F:\yingyong\ccs\ccs\tools\compiler\ti-cgt-armllvm_5.1.1.LTS\lib\armv6m-ti-none-eabi\</path>
         <kind>archive</kind>
         <file>libclang_rt.builtins.a</file>
         <name>comparesf2.S.obj</name>
      </input_file>
      <input_file id="fl-18e">
         <path>F:\yingyong\ccs\ccs\tools\compiler\ti-cgt-armllvm_5.1.1.LTS\lib\armv6m-ti-none-eabi\</path>
         <kind>archive</kind>
         <file>libclang_rt.builtins.a</file>
         <name>udivmoddi4.S.obj</name>
      </input_file>
      <input_file id="fl-18f">
         <path>F:\yingyong\ccs\ccs\tools\compiler\ti-cgt-armllvm_5.1.1.LTS\lib\armv6m-ti-none-eabi\</path>
         <kind>archive</kind>
         <file>libclang_rt.builtins.a</file>
         <name>muldf3.S.obj</name>
      </input_file>
      <input_file id="fl-190">
         <path>F:\yingyong\ccs\ccs\tools\compiler\ti-cgt-armllvm_5.1.1.LTS\lib\armv6m-ti-none-eabi\</path>
         <kind>archive</kind>
         <file>libclang_rt.builtins.a</file>
         <name>muldsi3.S.obj</name>
      </input_file>
      <input_file id="fl-191">
         <path>F:\yingyong\ccs\ccs\tools\compiler\ti-cgt-armllvm_5.1.1.LTS\lib\armv6m-ti-none-eabi\</path>
         <kind>archive</kind>
         <file>libclang_rt.builtins.a</file>
         <name>ashldi3.S.obj</name>
      </input_file>
      <input_file id="fl-192">
         <path>F:\yingyong\ccs\ccs\tools\compiler\ti-cgt-armllvm_5.1.1.LTS\lib\armv6m-ti-none-eabi\</path>
         <kind>archive</kind>
         <file>libclang_rt.builtins.a</file>
         <name>divdf3.S.obj</name>
      </input_file>
      <input_file id="fl-193">
         <path>F:\yingyong\ccs\ccs\tools\compiler\ti-cgt-armllvm_5.1.1.LTS\lib\armv6m-ti-none-eabi\</path>
         <kind>archive</kind>
         <file>libclang_rt.builtins.a</file>
         <name>aeabi_div0.c.obj</name>
      </input_file>
      <input_file id="fl-194">
         <path>F:\yingyong\ccs\ccs\tools\compiler\ti-cgt-armllvm_5.1.1.LTS\lib\armv6m-ti-none-eabi\c\</path>
         <kind>archive</kind>
         <file>libc.a</file>
         <name>divdf3_fast.c.obj</name>
      </input_file>
      <input_file id="fl-195">
         <path>F:\yingyong\ccs\ccs\tools\compiler\ti-cgt-armllvm_5.1.1.LTS\lib\armv6m-ti-none-eabi\c\</path>
         <kind>archive</kind>
         <file>libc.a</file>
         <name>muldf3_fast.c.obj</name>
      </input_file>
      <input_file id="fl-196">
         <path>F:\yingyong\ccs\ccs\tools\compiler\ti-cgt-armllvm_5.1.1.LTS\lib\armv6m-ti-none-eabi\c\</path>
         <kind>archive</kind>
         <file>libc.a</file>
         <name>getdevice.c.obj</name>
      </input_file>
      <input_file id="fl-197">
         <path>F:\yingyong\ccs\ccs\tools\compiler\ti-cgt-armllvm_5.1.1.LTS\lib\armv6m-ti-none-eabi\c\</path>
         <kind>archive</kind>
         <file>libc.a</file>
         <name>memcpy16.S.obj</name>
      </input_file>
      <input_file id="fl-198">
         <path>F:\yingyong\ccs\ccs\tools\compiler\ti-cgt-armllvm_5.1.1.LTS\lib\armv6m-ti-none-eabi\c\</path>
         <kind>archive</kind>
         <file>libc.a</file>
         <name>memset16.S.obj</name>
      </input_file>
   </input_file_list>
   <object_component_list>
      <object_component id="oc-18">
         <name>.intvecs</name>
         <load_address>0x0</load_address>
         <readonly>true</readonly>
         <run_address>0x0</run_address>
         <size>0xc0</size>
         <alignment>0x4</alignment>
         <input_file_ref idref="fl-2"/>
      </object_component>
      <object_component id="oc-323">
         <name>.text.__TI_scanfi</name>
         <load_address>0xc0</load_address>
         <readonly>true</readonly>
         <executable>true</executable>
         <run_address>0xc0</run_address>
         <size>0xc88</size>
         <alignment>0x4</alignment>
         <input_file_ref idref="fl-60"/>
      </object_component>
      <object_component id="oc-eb">
         <name>.text.app_image_store_process_command</name>
         <load_address>0xd48</load_address>
         <readonly>true</readonly>
         <executable>true</executable>
         <run_address>0xd48</run_address>
         <size>0xc40</size>
         <alignment>0x4</alignment>
         <input_file_ref idref="fl-7"/>
      </object_component>
      <object_component id="oc-f3">
         <name>.text.app_attitude_send</name>
         <load_address>0x1988</load_address>
         <readonly>true</readonly>
         <executable>true</executable>
         <run_address>0x1988</run_address>
         <size>0xb04</size>
         <alignment>0x4</alignment>
         <input_file_ref idref="fl-4"/>
      </object_component>
      <object_component id="oc-3e8">
         <name>.text:__TI_printfi_nofloat</name>
         <load_address>0x248c</load_address>
         <readonly>true</readonly>
         <executable>true</executable>
         <run_address>0x248c</run_address>
         <size>0x8dc</size>
         <alignment>0x4</alignment>
         <input_file_ref idref="fl-5e"/>
      </object_component>
      <object_component id="oc-ee">
         <name>.text.app_car_control_process_command</name>
         <load_address>0x2d68</load_address>
         <readonly>true</readonly>
         <executable>true</executable>
         <run_address>0x2d68</run_address>
         <size>0x718</size>
         <alignment>0x4</alignment>
         <input_file_ref idref="fl-5"/>
      </object_component>
      <object_component id="oc-399">
         <name>.text.__kernel_rem_pio2</name>
         <load_address>0x3480</load_address>
         <readonly>true</readonly>
         <executable>true</executable>
         <run_address>0x3480</run_address>
         <size>0x678</size>
         <alignment>0x4</alignment>
         <input_file_ref idref="fl-4c"/>
      </object_component>
      <object_component id="oc-f2">
         <name>.text.app_car_control_update</name>
         <load_address>0x3af8</load_address>
         <readonly>true</readonly>
         <executable>true</executable>
         <run_address>0x3af8</run_address>
         <size>0x66c</size>
         <alignment>0x4</alignment>
         <input_file_ref idref="fl-5"/>
      </object_component>
      <object_component id="oc-1e9">
         <name>.text.start_image_write</name>
         <load_address>0x4164</load_address>
         <readonly>true</readonly>
         <executable>true</executable>
         <run_address>0x4164</run_address>
         <size>0x61c</size>
         <alignment>0x4</alignment>
         <input_file_ref idref="fl-7"/>
      </object_component>
      <object_component id="oc-e5">
         <name>.text.app_image_store_service</name>
         <load_address>0x4780</load_address>
         <readonly>true</readonly>
         <executable>true</executable>
         <run_address>0x4780</run_address>
         <size>0x610</size>
         <alignment>0x4</alignment>
         <input_file_ref idref="fl-7"/>
      </object_component>
      <object_component id="oc-17a">
         <name>.text.render_menu</name>
         <load_address>0x4d90</load_address>
         <readonly>true</readonly>
         <executable>true</executable>
         <run_address>0x4d90</run_address>
         <size>0x43c</size>
         <alignment>0x4</alignment>
         <input_file_ref idref="fl-9"/>
      </object_component>
      <object_component id="oc-1d1">
         <name>.text.w25q64_read_jedec_id</name>
         <load_address>0x51cc</load_address>
         <readonly>true</readonly>
         <executable>true</executable>
         <run_address>0x51cc</run_address>
         <size>0x438</size>
         <alignment>0x4</alignment>
         <input_file_ref idref="fl-12"/>
      </object_component>
      <object_component id="oc-f8">
         <name>.text.app_menu_update</name>
         <load_address>0x5604</load_address>
         <readonly>true</readonly>
         <executable>true</executable>
         <run_address>0x5604</run_address>
         <size>0x424</size>
         <alignment>0x4</alignment>
         <input_file_ref idref="fl-9"/>
      </object_component>
      <object_component id="oc-22b">
         <name>.text.motion_control_parse_command</name>
         <load_address>0x5a28</load_address>
         <readonly>true</readonly>
         <executable>true</executable>
         <run_address>0x5a28</run_address>
         <size>0x400</size>
         <alignment>0x4</alignment>
         <input_file_ref idref="fl-a"/>
      </object_component>
      <object_component id="oc-3f6">
         <name>.text.strtod</name>
         <load_address>0x5e28</load_address>
         <readonly>true</readonly>
         <executable>true</executable>
         <run_address>0x5e28</run_address>
         <size>0x3b0</size>
         <alignment>0x4</alignment>
         <input_file_ref idref="fl-6b"/>
      </object_component>
      <object_component id="oc-d4">
         <name>.text.LCD_ShowString</name>
         <load_address>0x61d8</load_address>
         <readonly>true</readonly>
         <executable>true</executable>
         <run_address>0x61d8</run_address>
         <size>0x380</size>
         <alignment>0x4</alignment>
         <input_file_ref idref="fl-e"/>
      </object_component>
      <object_component id="oc-19f">
         <name>.text.w25q64_write</name>
         <load_address>0x6558</load_address>
         <readonly>true</readonly>
         <executable>true</executable>
         <run_address>0x6558</run_address>
         <size>0x35c</size>
         <alignment>0x4</alignment>
         <input_file_ref idref="fl-12"/>
      </object_component>
      <object_component id="oc-31a">
         <name>.text.w25q64_send_address</name>
         <load_address>0x68b4</load_address>
         <readonly>true</readonly>
         <executable>true</executable>
         <run_address>0x68b4</run_address>
         <size>0x354</size>
         <alignment>0x4</alignment>
         <input_file_ref idref="fl-12"/>
      </object_component>
      <object_component id="oc-22d">
         <name>.text.strtof</name>
         <load_address>0x6c08</load_address>
         <readonly>true</readonly>
         <executable>true</executable>
         <run_address>0x6c08</run_address>
         <size>0x350</size>
         <alignment>0x4</alignment>
         <input_file_ref idref="fl-50"/>
      </object_component>
      <object_component id="oc-cd">
         <name>.text.lcd_init</name>
         <load_address>0x6f58</load_address>
         <readonly>true</readonly>
         <executable>true</executable>
         <run_address>0x6f58</run_address>
         <size>0x328</size>
         <alignment>0x4</alignment>
         <input_file_ref idref="fl-e"/>
      </object_component>
      <object_component id="oc-ec">
         <name>.text.app_attitude_process_command</name>
         <load_address>0x7280</load_address>
         <readonly>true</readonly>
         <executable>true</executable>
         <run_address>0x7280</run_address>
         <size>0x31c</size>
         <alignment>0x4</alignment>
         <input_file_ref idref="fl-4"/>
      </object_component>
      <object_component id="oc-274">
         <name>.text.motion_control_update</name>
         <load_address>0x759c</load_address>
         <readonly>true</readonly>
         <executable>true</executable>
         <run_address>0x759c</run_address>
         <size>0x300</size>
         <alignment>0x4</alignment>
         <input_file_ref idref="fl-a"/>
      </object_component>
      <object_component id="oc-4c4">
         <name>.text.__divdf3_fast</name>
         <load_address>0x789c</load_address>
         <readonly>true</readonly>
         <executable>true</executable>
         <run_address>0x789c</run_address>
         <size>0x2dc</size>
         <alignment>0x4</alignment>
         <input_file_ref idref="fl-194"/>
      </object_component>
      <object_component id="oc-34f">
         <name>.text.jy61_probe_baudrate</name>
         <load_address>0x7b78</load_address>
         <readonly>true</readonly>
         <executable>true</executable>
         <run_address>0x7b78</run_address>
         <size>0x2ac</size>
         <alignment>0x4</alignment>
         <input_file_ref idref="fl-c"/>
      </object_component>
      <object_component id="oc-e7">
         <name>.text.lcd_service</name>
         <load_address>0x7e24</load_address>
         <readonly>true</readonly>
         <executable>true</executable>
         <run_address>0x7e24</run_address>
         <size>0x2ac</size>
         <alignment>0x4</alignment>
         <input_file_ref idref="fl-e"/>
      </object_component>
      <object_component id="oc-f4">
         <name>.text.app_car_control_send_telemetry</name>
         <load_address>0x80d0</load_address>
         <readonly>true</readonly>
         <executable>true</executable>
         <run_address>0x80d0</run_address>
         <size>0x274</size>
         <alignment>0x4</alignment>
         <input_file_ref idref="fl-5"/>
      </object_component>
      <object_component id="oc-1a7">
         <name>.text.w25q64_read</name>
         <load_address>0x8344</load_address>
         <readonly>true</readonly>
         <executable>true</executable>
         <run_address>0x8344</run_address>
         <size>0x240</size>
         <alignment>0x4</alignment>
         <input_file_ref idref="fl-12"/>
      </object_component>
      <object_component id="oc-273">
         <name>.text.update_lturn</name>
         <load_address>0x8584</load_address>
         <readonly>true</readonly>
         <executable>true</executable>
         <run_address>0x8584</run_address>
         <size>0x228</size>
         <alignment>0x4</alignment>
         <input_file_ref idref="fl-5"/>
      </object_component>
      <object_component id="oc-319">
         <name>.text.w25q64_wait_ready</name>
         <load_address>0x87ac</load_address>
         <readonly>true</readonly>
         <executable>true</executable>
         <run_address>0x87ac</run_address>
         <size>0x208</size>
         <alignment>0x4</alignment>
         <input_file_ref idref="fl-12"/>
      </object_component>
      <object_component id="oc-8b">
         <name>.text.main</name>
         <load_address>0x89b4</load_address>
         <readonly>true</readonly>
         <executable>true</executable>
         <run_address>0x89b4</run_address>
         <size>0x1f4</size>
         <alignment>0x4</alignment>
         <input_file_ref idref="fl-3"/>
      </object_component>
      <object_component id="oc-1a8">
         <name>.text.rewrite_index_entries</name>
         <load_address>0x8ba8</load_address>
         <readonly>true</readonly>
         <executable>true</executable>
         <run_address>0x8ba8</run_address>
         <size>0x1e0</size>
         <alignment>0x4</alignment>
         <input_file_ref idref="fl-7"/>
      </object_component>
      <object_component id="oc-400">
         <name>.text.strtoll</name>
         <load_address>0x8d88</load_address>
         <readonly>true</readonly>
         <executable>true</executable>
         <run_address>0x8d88</run_address>
         <size>0x1dc</size>
         <alignment>0x4</alignment>
         <input_file_ref idref="fl-6c"/>
      </object_component>
      <object_component id="oc-47c">
         <name>.text.__muldf3_fast</name>
         <load_address>0x8f64</load_address>
         <readonly>true</readonly>
         <executable>true</executable>
         <run_address>0x8f64</run_address>
         <size>0x1d8</size>
         <alignment>0x4</alignment>
         <input_file_ref idref="fl-195"/>
      </object_component>
      <object_component id="oc-285">
         <name>.text.cosf</name>
         <load_address>0x913c</load_address>
         <readonly>true</readonly>
         <executable>true</executable>
         <run_address>0x913c</run_address>
         <size>0x1d8</size>
         <alignment>0x4</alignment>
         <input_file_ref idref="fl-44"/>
      </object_component>
      <object_component id="oc-1f3">
         <name>.text.w25q64_erase_sector</name>
         <load_address>0x9314</load_address>
         <readonly>true</readonly>
         <executable>true</executable>
         <run_address>0x9314</run_address>
         <size>0x1d0</size>
         <alignment>0x4</alignment>
         <input_file_ref idref="fl-12"/>
      </object_component>
      <object_component id="oc-28b">
         <name>.text.sinf</name>
         <load_address>0x94e4</load_address>
         <readonly>true</readonly>
         <executable>true</executable>
         <run_address>0x94e4</run_address>
         <size>0x1cc</size>
         <alignment>0x4</alignment>
         <input_file_ref idref="fl-45"/>
      </object_component>
      <object_component id="oc-3b4">
         <name>.text.atanf</name>
         <load_address>0x96b0</load_address>
         <readonly>true</readonly>
         <executable>true</executable>
         <run_address>0x96b0</run_address>
         <size>0x1c8</size>
         <alignment>0x4</alignment>
         <input_file_ref idref="fl-43"/>
      </object_component>
      <object_component id="oc-24a">
         <name>.text.send_status</name>
         <load_address>0x9878</load_address>
         <readonly>true</readonly>
         <executable>true</executable>
         <run_address>0x9878</run_address>
         <size>0x1c8</size>
         <alignment>0x4</alignment>
         <input_file_ref idref="fl-5"/>
      </object_component>
      <object_component id="oc-2aa">
         <name>.text.app_image_store_get_file_count</name>
         <load_address>0x9a40</load_address>
         <readonly>true</readonly>
         <executable>true</executable>
         <run_address>0x9a40</run_address>
         <size>0x1b0</size>
         <alignment>0x4</alignment>
         <input_file_ref idref="fl-7"/>
      </object_component>
      <object_component id="oc-26b">
         <name>.text.gray_track_update</name>
         <load_address>0x9bf0</load_address>
         <readonly>true</readonly>
         <executable>true</executable>
         <run_address>0x9bf0</run_address>
         <size>0x194</size>
         <alignment>0x4</alignment>
         <input_file_ref idref="fl-6"/>
      </object_component>
      <object_component id="oc-38b">
         <name>.text</name>
         <load_address>0x9d84</load_address>
         <readonly>true</readonly>
         <executable>true</executable>
         <run_address>0x9d84</run_address>
         <size>0x192</size>
         <alignment>0x4</alignment>
         <input_file_ref idref="fl-177"/>
      </object_component>
      <object_component id="oc-33">
         <name>.text.Default_Handler</name>
         <load_address>0x9f16</load_address>
         <readonly>true</readonly>
         <executable>true</executable>
         <run_address>0x9f16</run_address>
         <size>0x2</size>
         <alignment>0x2</alignment>
         <input_file_ref idref="fl-2"/>
      </object_component>
      <object_component id="oc-1d3">
         <name>.text.ensure_index</name>
         <load_address>0x9f18</load_address>
         <readonly>true</readonly>
         <executable>true</executable>
         <run_address>0x9f18</run_address>
         <size>0x17c</size>
         <alignment>0x4</alignment>
         <input_file_ref idref="fl-7"/>
      </object_component>
      <object_component id="oc-3ae">
         <name>.text.sqrt</name>
         <load_address>0xa094</load_address>
         <readonly>true</readonly>
         <executable>true</executable>
         <run_address>0xa094</run_address>
         <size>0x174</size>
         <alignment>0x4</alignment>
         <input_file_ref idref="fl-46"/>
      </object_component>
      <object_component id="oc-3fc">
         <name>.text.strtoull</name>
         <load_address>0xa208</load_address>
         <readonly>true</readonly>
         <executable>true</executable>
         <run_address>0xa208</run_address>
         <size>0x168</size>
         <alignment>0x4</alignment>
         <input_file_ref idref="fl-6d"/>
      </object_component>
      <object_component id="oc-1da">
         <name>.text.delete_image_id</name>
         <load_address>0xa370</load_address>
         <readonly>true</readonly>
         <executable>true</executable>
         <run_address>0xa370</run_address>
         <size>0x164</size>
         <alignment>0x4</alignment>
         <input_file_ref idref="fl-7"/>
      </object_component>
      <object_component id="oc-291">
         <name>.text.asinf</name>
         <load_address>0xa4d4</load_address>
         <readonly>true</readonly>
         <executable>true</executable>
         <run_address>0xa4d4</run_address>
         <size>0x160</size>
         <alignment>0x4</alignment>
         <input_file_ref idref="fl-41"/>
      </object_component>
      <object_component id="oc-a0">
         <name>.text.process_byte</name>
         <load_address>0xa634</load_address>
         <readonly>true</readonly>
         <executable>true</executable>
         <run_address>0xa634</run_address>
         <size>0x15c</size>
         <alignment>0x4</alignment>
         <input_file_ref idref="fl-c"/>
      </object_component>
      <object_component id="oc-42f">
         <name>.text.floor</name>
         <load_address>0xa790</load_address>
         <readonly>true</readonly>
         <executable>true</executable>
         <run_address>0xa790</run_address>
         <size>0x148</size>
         <alignment>0x4</alignment>
         <input_file_ref idref="fl-5c"/>
      </object_component>
      <object_component id="oc-1fd">
         <name>.text.send_jy61_status</name>
         <load_address>0xa8d8</load_address>
         <readonly>true</readonly>
         <executable>true</executable>
         <run_address>0xa8d8</run_address>
         <size>0x144</size>
         <alignment>0x4</alignment>
         <input_file_ref idref="fl-4"/>
      </object_component>
      <object_component id="oc-245">
         <name>.text.strtol</name>
         <load_address>0xaa1c</load_address>
         <readonly>true</readonly>
         <executable>true</executable>
         <run_address>0xaa1c</run_address>
         <size>0x144</size>
         <alignment>0x4</alignment>
         <input_file_ref idref="fl-51"/>
      </object_component>
      <object_component id="oc-33e">
         <name>.text.jy61_set_baudrate</name>
         <load_address>0xab60</load_address>
         <readonly>true</readonly>
         <executable>true</executable>
         <run_address>0xab60</run_address>
         <size>0x138</size>
         <alignment>0x4</alignment>
         <input_file_ref idref="fl-c"/>
      </object_component>
      <object_component id="oc-ea">
         <name>.text.uart_debug_read_line</name>
         <load_address>0xac98</load_address>
         <readonly>true</readonly>
         <executable>true</executable>
         <run_address>0xac98</run_address>
         <size>0x134</size>
         <alignment>0x4</alignment>
         <input_file_ref idref="fl-11"/>
      </object_component>
      <object_component id="oc-33a">
         <name>.text.strtoul</name>
         <load_address>0xadcc</load_address>
         <readonly>true</readonly>
         <executable>true</executable>
         <run_address>0xadcc</run_address>
         <size>0x12c</size>
         <alignment>0x4</alignment>
         <input_file_ref idref="fl-52"/>
      </object_component>
      <object_component id="oc-331">
         <name>.text.display_image</name>
         <load_address>0xaef8</load_address>
         <readonly>true</readonly>
         <executable>true</executable>
         <run_address>0xaef8</run_address>
         <size>0x120</size>
         <alignment>0x4</alignment>
         <input_file_ref idref="fl-7"/>
      </object_component>
      <object_component id="oc-130">
         <name>.text.SYSCFG_DL_GPIO_init</name>
         <load_address>0xb018</load_address>
         <readonly>true</readonly>
         <executable>true</executable>
         <run_address>0xb018</run_address>
         <size>0x118</size>
         <alignment>0x4</alignment>
         <input_file_ref idref="fl-1"/>
      </object_component>
      <object_component id="oc-297">
         <name>.text.atan2f</name>
         <load_address>0xb130</load_address>
         <readonly>true</readonly>
         <executable>true</executable>
         <run_address>0xb130</run_address>
         <size>0x118</size>
         <alignment>0x4</alignment>
         <input_file_ref idref="fl-42"/>
      </object_component>
      <object_component id="oc-278">
         <name>.text.set_motor_duty</name>
         <load_address>0xb248</load_address>
         <readonly>true</readonly>
         <executable>true</executable>
         <run_address>0xb248</run_address>
         <size>0x108</size>
         <alignment>0x4</alignment>
         <input_file_ref idref="fl-5"/>
      </object_component>
      <object_component id="oc-2c3">
         <name>.text.DL_Timer_initFourCCPWMMode</name>
         <load_address>0xb350</load_address>
         <readonly>true</readonly>
         <executable>true</executable>
         <run_address>0xb350</run_address>
         <size>0x104</size>
         <alignment>0x4</alignment>
         <input_file_ref idref="fl-23"/>
      </object_component>
      <object_component id="oc-18c">
         <name>.text.jy61_configure_output</name>
         <load_address>0xb454</load_address>
         <readonly>true</readonly>
         <executable>true</executable>
         <run_address>0xb454</run_address>
         <size>0x100</size>
         <alignment>0x4</alignment>
         <input_file_ref idref="fl-c"/>
      </object_component>
      <object_component id="oc-2ab">
         <name>.text.app_image_store_get_file_by_index</name>
         <load_address>0xb554</load_address>
         <readonly>true</readonly>
         <executable>true</executable>
         <run_address>0xb554</run_address>
         <size>0xe4</size>
         <alignment>0x4</alignment>
         <input_file_ref idref="fl-7"/>
      </object_component>
      <object_component id="oc-42b">
         <name>.text.scalbn</name>
         <load_address>0xb638</load_address>
         <readonly>true</readonly>
         <executable>true</executable>
         <run_address>0xb638</run_address>
         <size>0xdc</size>
         <alignment>0x4</alignment>
         <input_file_ref idref="fl-5d"/>
      </object_component>
      <object_component id="oc-2a5">
         <name>.text.uart_openmv_write_string</name>
         <load_address>0xb714</load_address>
         <readonly>true</readonly>
         <executable>true</executable>
         <run_address>0xb714</run_address>
         <size>0xd8</size>
         <alignment>0x4</alignment>
         <input_file_ref idref="fl-f"/>
      </object_component>
      <object_component id="oc-207">
         <name>.text</name>
         <load_address>0xb7ec</load_address>
         <readonly>true</readonly>
         <executable>true</executable>
         <run_address>0xb7ec</run_address>
         <size>0xd8</size>
         <alignment>0x4</alignment>
         <input_file_ref idref="fl-176"/>
      </object_component>
      <object_component id="oc-34">
         <name>.text.SysTick_Handler</name>
         <load_address>0xb8c4</load_address>
         <readonly>true</readonly>
         <executable>true</executable>
         <run_address>0xb8c4</run_address>
         <size>0xd4</size>
         <alignment>0x4</alignment>
         <input_file_ref idref="fl-3"/>
      </object_component>
      <object_component id="oc-227">
         <name>.text.start_lturn</name>
         <load_address>0xb998</load_address>
         <readonly>true</readonly>
         <executable>true</executable>
         <run_address>0xb998</run_address>
         <size>0xd4</size>
         <alignment>0x4</alignment>
         <input_file_ref idref="fl-5"/>
      </object_component>
      <object_component id="oc-20f">
         <name>.text.jy61_read_debug</name>
         <load_address>0xba6c</load_address>
         <readonly>true</readonly>
         <executable>true</executable>
         <run_address>0xba6c</run_address>
         <size>0xc4</size>
         <alignment>0x4</alignment>
         <input_file_ref idref="fl-c"/>
      </object_component>
      <object_component id="oc-366">
         <name>.text.scalbnf</name>
         <load_address>0xbb30</load_address>
         <readonly>true</readonly>
         <executable>true</executable>
         <run_address>0xbb30</run_address>
         <size>0xbc</size>
         <alignment>0x4</alignment>
         <input_file_ref idref="fl-5b"/>
      </object_component>
      <object_component id="oc-18b">
         <name>.text.jy61_init</name>
         <load_address>0xbbec</load_address>
         <readonly>true</readonly>
         <executable>true</executable>
         <run_address>0xbbec</run_address>
         <size>0xb0</size>
         <alignment>0x4</alignment>
         <input_file_ref idref="fl-c"/>
      </object_component>
      <object_component id="oc-3a0">
         <name>.text.__kernel_sindf</name>
         <load_address>0xbc9c</load_address>
         <readonly>true</readonly>
         <executable>true</executable>
         <run_address>0xbc9c</run_address>
         <size>0xac</size>
         <alignment>0x4</alignment>
         <input_file_ref idref="fl-44"/>
      </object_component>
      <object_component id="oc-3a6">
         <name>.text.__kernel_sindf</name>
         <load_address>0xbd48</load_address>
         <readonly>true</readonly>
         <executable>true</executable>
         <run_address>0xbd48</run_address>
         <size>0xac</size>
         <alignment>0x4</alignment>
         <input_file_ref idref="fl-45"/>
      </object_component>
      <object_component id="oc-1c0">
         <name>.text.lcd_address_set_sync</name>
         <load_address>0xbdf4</load_address>
         <readonly>true</readonly>
         <executable>true</executable>
         <run_address>0xbdf4</run_address>
         <size>0xac</size>
         <alignment>0x4</alignment>
         <input_file_ref idref="fl-e"/>
      </object_component>
      <object_component id="oc-1e7">
         <name>.text.show_image_id</name>
         <load_address>0xbea0</load_address>
         <readonly>true</readonly>
         <executable>true</executable>
         <run_address>0xbea0</run_address>
         <size>0xa8</size>
         <alignment>0x4</alignment>
         <input_file_ref idref="fl-7"/>
      </object_component>
      <object_component id="oc-282">
         <name>.text.pid_calc</name>
         <load_address>0xbf48</load_address>
         <readonly>true</readonly>
         <executable>true</executable>
         <run_address>0xbf48</run_address>
         <size>0xa4</size>
         <alignment>0x2</alignment>
         <input_file_ref idref="fl-13"/>
      </object_component>
      <object_component id="oc-f0">
         <name>.text.uart_openmv_read_line</name>
         <load_address>0xbfec</load_address>
         <readonly>true</readonly>
         <executable>true</executable>
         <run_address>0xbfec</run_address>
         <size>0xa4</size>
         <alignment>0x4</alignment>
         <input_file_ref idref="fl-f"/>
      </object_component>
      <object_component id="oc-497">
         <name>.text</name>
         <load_address>0xc090</load_address>
         <readonly>true</readonly>
         <executable>true</executable>
         <run_address>0xc090</run_address>
         <size>0xa2</size>
         <alignment>0x4</alignment>
         <input_file_ref idref="fl-18e"/>
      </object_component>
      <object_component id="oc-2e6">
         <name>.text.__aeabi_idiv0</name>
         <load_address>0xc132</load_address>
         <readonly>true</readonly>
         <executable>true</executable>
         <run_address>0xc132</run_address>
         <size>0x2</size>
         <alignment>0x2</alignment>
         <input_file_ref idref="fl-193"/>
      </object_component>
      <object_component id="oc-212">
         <name>.text.jy61_zero_yaw</name>
         <load_address>0xc134</load_address>
         <readonly>true</readonly>
         <executable>true</executable>
         <run_address>0xc134</run_address>
         <size>0xa0</size>
         <alignment>0x4</alignment>
         <input_file_ref idref="fl-c"/>
      </object_component>
      <object_component id="oc-228">
         <name>.text.line_follow_parse_command</name>
         <load_address>0xc1d4</load_address>
         <readonly>true</readonly>
         <executable>true</executable>
         <run_address>0xc1d4</run_address>
         <size>0xa0</size>
         <alignment>0x4</alignment>
         <input_file_ref idref="fl-8"/>
      </object_component>
      <object_component id="oc-39f">
         <name>.text.__kernel_cosdf</name>
         <load_address>0xc274</load_address>
         <readonly>true</readonly>
         <executable>true</executable>
         <run_address>0xc274</run_address>
         <size>0x9c</size>
         <alignment>0x4</alignment>
         <input_file_ref idref="fl-44"/>
      </object_component>
      <object_component id="oc-3a5">
         <name>.text.__kernel_cosdf</name>
         <load_address>0xc310</load_address>
         <readonly>true</readonly>
         <executable>true</executable>
         <run_address>0xc310</run_address>
         <size>0x9c</size>
         <alignment>0x4</alignment>
         <input_file_ref idref="fl-45"/>
      </object_component>
      <object_component id="oc-1fc">
         <name>.text.process_jy61_baud_command</name>
         <load_address>0xc3ac</load_address>
         <readonly>true</readonly>
         <executable>true</executable>
         <run_address>0xc3ac</run_address>
         <size>0x9c</size>
         <alignment>0x4</alignment>
         <input_file_ref idref="fl-4"/>
      </object_component>
      <object_component id="oc-211">
         <name>.text.scan_jy61_baudrate</name>
         <load_address>0xc448</load_address>
         <readonly>true</readonly>
         <executable>true</executable>
         <run_address>0xc448</run_address>
         <size>0x9c</size>
         <alignment>0x4</alignment>
         <input_file_ref idref="fl-4"/>
      </object_component>
      <object_component id="oc-b6">
         <name>.text:memcpy</name>
         <load_address>0xc4e4</load_address>
         <readonly>true</readonly>
         <executable>true</executable>
         <run_address>0xc4e4</run_address>
         <size>0x9a</size>
         <alignment>0x1</alignment>
         <input_file_ref idref="fl-197"/>
      </object_component>
      <object_component id="oc-4b8">
         <name>.text.__aeabi_ldiv0</name>
         <load_address>0xc57e</load_address>
         <readonly>true</readonly>
         <executable>true</executable>
         <run_address>0xc57e</run_address>
         <size>0x2</size>
         <alignment>0x2</alignment>
         <input_file_ref idref="fl-193"/>
      </object_component>
      <object_component id="oc-e0">
         <name>.text.app_attitude_init</name>
         <load_address>0xc580</load_address>
         <readonly>true</readonly>
         <executable>true</executable>
         <run_address>0xc580</run_address>
         <size>0x98</size>
         <alignment>0x4</alignment>
         <input_file_ref idref="fl-4"/>
      </object_component>
      <object_component id="oc-69">
         <name>.text.encoder_handle_gpio_irq</name>
         <load_address>0xc618</load_address>
         <readonly>true</readonly>
         <executable>true</executable>
         <run_address>0xc618</run_address>
         <size>0x94</size>
         <alignment>0x4</alignment>
         <input_file_ref idref="fl-d"/>
      </object_component>
      <object_component id="oc-226">
         <name>.text.motion_control_set_wheel_targets</name>
         <load_address>0xc6ac</load_address>
         <readonly>true</readonly>
         <executable>true</executable>
         <run_address>0xc6ac</run_address>
         <size>0x94</size>
         <alignment>0x4</alignment>
         <input_file_ref idref="fl-a"/>
      </object_component>
      <object_component id="oc-224">
         <name>.text.motion_control_set_velocity</name>
         <load_address>0xc740</load_address>
         <readonly>true</readonly>
         <executable>true</executable>
         <run_address>0xc740</run_address>
         <size>0x90</size>
         <alignment>0x4</alignment>
         <input_file_ref idref="fl-a"/>
      </object_component>
      <object_component id="oc-235">
         <name>.text.send_motor_ack</name>
         <load_address>0xc7d0</load_address>
         <readonly>true</readonly>
         <executable>true</executable>
         <run_address>0xc7d0</run_address>
         <size>0x90</size>
         <alignment>0x4</alignment>
         <input_file_ref idref="fl-5"/>
      </object_component>
      <object_component id="oc-342">
         <name>.text</name>
         <load_address>0xc860</load_address>
         <readonly>true</readonly>
         <executable>true</executable>
         <run_address>0xc860</run_address>
         <size>0x8c</size>
         <alignment>0x4</alignment>
         <input_file_ref idref="fl-18d"/>
      </object_component>
      <object_component id="oc-203">
         <name>.text</name>
         <load_address>0xc8ec</load_address>
         <readonly>true</readonly>
         <executable>true</executable>
         <run_address>0xc8ec</run_address>
         <size>0x8c</size>
         <alignment>0x4</alignment>
         <input_file_ref idref="fl-178"/>
      </object_component>
      <object_component id="oc-2ac">
         <name>.text.app_image_store_show_image</name>
         <load_address>0xc978</load_address>
         <readonly>true</readonly>
         <executable>true</executable>
         <run_address>0xc978</run_address>
         <size>0x88</size>
         <alignment>0x4</alignment>
         <input_file_ref idref="fl-7"/>
      </object_component>
      <object_component id="oc-234">
         <name>.text.send_command_ack</name>
         <load_address>0xca00</load_address>
         <readonly>true</readonly>
         <executable>true</executable>
         <run_address>0xca00</run_address>
         <size>0x88</size>
         <alignment>0x4</alignment>
         <input_file_ref idref="fl-5"/>
      </object_component>
      <object_component id="oc-39">
         <name>.text.GROUP1_IRQHandler</name>
         <load_address>0xca88</load_address>
         <readonly>true</readonly>
         <executable>true</executable>
         <run_address>0xca88</run_address>
         <size>0x8</size>
         <alignment>0x2</alignment>
         <input_file_ref idref="fl-3"/>
      </object_component>
      <object_component id="oc-1cd">
         <name>.text:strcmp</name>
         <load_address>0xca90</load_address>
         <readonly>true</readonly>
         <executable>true</executable>
         <run_address>0xca90</run_address>
         <size>0x88</size>
         <alignment>0x10</alignment>
         <input_file_ref idref="fl-4a"/>
      </object_component>
      <object_component id="oc-359">
         <name>.text</name>
         <load_address>0xcb18</load_address>
         <readonly>true</readonly>
         <executable>true</executable>
         <run_address>0xcb18</run_address>
         <size>0x82</size>
         <alignment>0x4</alignment>
         <input_file_ref idref="fl-179"/>
      </object_component>
      <object_component id="oc-134">
         <name>.text.SYSCFG_DL_UART_DEBUG_init</name>
         <load_address>0xcb9c</load_address>
         <readonly>true</readonly>
         <executable>true</executable>
         <run_address>0xcb9c</run_address>
         <size>0x7c</size>
         <alignment>0x4</alignment>
         <input_file_ref idref="fl-1"/>
      </object_component>
      <object_component id="oc-136">
         <name>.text.SYSCFG_DL_UART_JY61P_init</name>
         <load_address>0xcc18</load_address>
         <readonly>true</readonly>
         <executable>true</executable>
         <run_address>0xcc18</run_address>
         <size>0x7c</size>
         <alignment>0x4</alignment>
         <input_file_ref idref="fl-1"/>
      </object_component>
      <object_component id="oc-135">
         <name>.text.SYSCFG_DL_UART_OPENMV_init</name>
         <load_address>0xcc94</load_address>
         <readonly>true</readonly>
         <executable>true</executable>
         <run_address>0xcc94</run_address>
         <size>0x7c</size>
         <alignment>0x4</alignment>
         <input_file_ref idref="fl-1"/>
      </object_component>
      <object_component id="oc-da">
         <name>.text.app_menu_init</name>
         <load_address>0xcd10</load_address>
         <readonly>true</readonly>
         <executable>true</executable>
         <run_address>0xcd10</run_address>
         <size>0x7c</size>
         <alignment>0x4</alignment>
         <input_file_ref idref="fl-9"/>
      </object_component>
      <object_component id="oc-284">
         <name>.text.jy61_read_angles</name>
         <load_address>0xcd8c</load_address>
         <readonly>true</readonly>
         <executable>true</executable>
         <run_address>0xcd8c</run_address>
         <size>0x7c</size>
         <alignment>0x4</alignment>
         <input_file_ref idref="fl-c"/>
      </object_component>
      <object_component id="oc-1c">
         <name>.text:decompress:lzss</name>
         <load_address>0xce08</load_address>
         <readonly>true</readonly>
         <executable>true</executable>
         <run_address>0xce08</run_address>
         <size>0x7c</size>
         <alignment>0x4</alignment>
         <input_file_ref idref="fl-5a"/>
      </object_component>
      <object_component id="oc-272">
         <name>.text.line_follow_get_turn_adjust</name>
         <load_address>0xce84</load_address>
         <readonly>true</readonly>
         <executable>true</executable>
         <run_address>0xce84</run_address>
         <size>0x78</size>
         <alignment>0x4</alignment>
         <input_file_ref idref="fl-8"/>
      </object_component>
      <object_component id="oc-335">
         <name>.text.sanitize_name</name>
         <load_address>0xcefc</load_address>
         <readonly>true</readonly>
         <executable>true</executable>
         <run_address>0xcefc</run_address>
         <size>0x78</size>
         <alignment>0x2</alignment>
         <input_file_ref idref="fl-7"/>
      </object_component>
      <object_component id="oc-48e">
         <name>.text.__gedf2</name>
         <load_address>0xcf74</load_address>
         <readonly>true</readonly>
         <executable>true</executable>
         <run_address>0xcf74</run_address>
         <size>0x74</size>
         <alignment>0x4</alignment>
         <input_file_ref idref="fl-183"/>
      </object_component>
      <object_component id="oc-32b">
         <name>.text._chkmbc</name>
         <load_address>0xcfe8</load_address>
         <readonly>true</readonly>
         <executable>true</executable>
         <run_address>0xcfe8</run_address>
         <size>0x74</size>
         <alignment>0x4</alignment>
         <input_file_ref idref="fl-48"/>
      </object_component>
      <object_component id="oc-2b1">
         <name>.text.HOSTexit</name>
         <load_address>0xd05c</load_address>
         <readonly>true</readonly>
         <executable>true</executable>
         <run_address>0xd05c</run_address>
         <size>0x4</size>
         <alignment>0x2</alignment>
         <input_file_ref idref="fl-166"/>
      </object_component>
      <object_component id="oc-3a9">
         <name>.text</name>
         <load_address>0xd060</load_address>
         <readonly>true</readonly>
         <executable>true</executable>
         <run_address>0xd060</run_address>
         <size>0x74</size>
         <alignment>0x10</alignment>
         <input_file_ref idref="fl-182"/>
      </object_component>
      <object_component id="oc-12e">
         <name>.text.SYSCFG_DL_initPower</name>
         <load_address>0xd0d4</load_address>
         <readonly>true</readonly>
         <executable>true</executable>
         <run_address>0xd0d4</run_address>
         <size>0x70</size>
         <alignment>0x4</alignment>
         <input_file_ref idref="fl-1"/>
      </object_component>
      <object_component id="oc-d5">
         <name>.text.app_car_control_init</name>
         <load_address>0xd144</load_address>
         <readonly>true</readonly>
         <executable>true</executable>
         <run_address>0xd144</run_address>
         <size>0x70</size>
         <alignment>0x4</alignment>
         <input_file_ref idref="fl-5"/>
      </object_component>
      <object_component id="oc-26a">
         <name>.text.jy61_poll</name>
         <load_address>0xd1b4</load_address>
         <readonly>true</readonly>
         <executable>true</executable>
         <run_address>0xd1b4</run_address>
         <size>0x70</size>
         <alignment>0x4</alignment>
         <input_file_ref idref="fl-c"/>
      </object_component>
      <object_component id="oc-79">
         <name>.text.uart_debug_handle_irq</name>
         <load_address>0xd224</load_address>
         <readonly>true</readonly>
         <executable>true</executable>
         <run_address>0xd224</run_address>
         <size>0x70</size>
         <alignment>0x4</alignment>
         <input_file_ref idref="fl-11"/>
      </object_component>
      <object_component id="oc-73">
         <name>.text.uart_openmv_handle_irq</name>
         <load_address>0xd294</load_address>
         <readonly>true</readonly>
         <executable>true</executable>
         <run_address>0xd294</run_address>
         <size>0x70</size>
         <alignment>0x4</alignment>
         <input_file_ref idref="fl-f"/>
      </object_component>
      <object_component id="oc-d3">
         <name>.text.LCD_Fill</name>
         <load_address>0xd304</load_address>
         <readonly>true</readonly>
         <executable>true</executable>
         <run_address>0xd304</run_address>
         <size>0x6c</size>
         <alignment>0x4</alignment>
         <input_file_ref idref="fl-e"/>
      </object_component>
      <object_component id="oc-132">
         <name>.text.SYSCFG_DL_PWM_LEFT_init</name>
         <load_address>0xd370</load_address>
         <readonly>true</readonly>
         <executable>true</executable>
         <run_address>0xd370</run_address>
         <size>0x6c</size>
         <alignment>0x4</alignment>
         <input_file_ref idref="fl-1"/>
      </object_component>
      <object_component id="oc-133">
         <name>.text.SYSCFG_DL_PWM_RIGHT_init</name>
         <load_address>0xd3dc</load_address>
         <readonly>true</readonly>
         <executable>true</executable>
         <run_address>0xd3dc</run_address>
         <size>0x6c</size>
         <alignment>0x4</alignment>
         <input_file_ref idref="fl-1"/>
      </object_component>
      <object_component id="oc-6e">
         <name>.text.jy61_handle_irq</name>
         <load_address>0xd448</load_address>
         <readonly>true</readonly>
         <executable>true</executable>
         <run_address>0xd448</run_address>
         <size>0x6c</size>
         <alignment>0x4</alignment>
         <input_file_ref idref="fl-c"/>
      </object_component>
      <object_component id="oc-48d">
         <name>.text.__ledf2</name>
         <load_address>0xd4b4</load_address>
         <readonly>true</readonly>
         <executable>true</executable>
         <run_address>0xd4b4</run_address>
         <size>0x68</size>
         <alignment>0x4</alignment>
         <input_file_ref idref="fl-183"/>
      </object_component>
      <object_component id="oc-1fe">
         <name>.text.jy61_read_quaternion</name>
         <load_address>0xd51c</load_address>
         <readonly>true</readonly>
         <executable>true</executable>
         <run_address>0xd51c</run_address>
         <size>0x68</size>
         <alignment>0x4</alignment>
         <input_file_ref idref="fl-c"/>
      </object_component>
      <object_component id="oc-c8">
         <name>.text.TB6612_Init</name>
         <load_address>0xd584</load_address>
         <readonly>true</readonly>
         <executable>true</executable>
         <run_address>0xd584</run_address>
         <size>0x64</size>
         <alignment>0x4</alignment>
         <input_file_ref idref="fl-b"/>
      </object_component>
      <object_component id="oc-16f">
         <name>.text.motion_control_init</name>
         <load_address>0xd5e8</load_address>
         <readonly>true</readonly>
         <executable>true</executable>
         <run_address>0xd5e8</run_address>
         <size>0x64</size>
         <alignment>0x4</alignment>
         <input_file_ref idref="fl-a"/>
      </object_component>
      <object_component id="oc-12d">
         <name>.text:memset</name>
         <load_address>0xd64c</load_address>
         <readonly>true</readonly>
         <executable>true</executable>
         <run_address>0xd64c</run_address>
         <size>0x62</size>
         <alignment>0x1</alignment>
         <input_file_ref idref="fl-198"/>
      </object_component>
      <object_component id="oc-389">
         <name>.text.BO_Control</name>
         <load_address>0xd6b0</load_address>
         <readonly>true</readonly>
         <executable>true</executable>
         <run_address>0xd6b0</run_address>
         <size>0x60</size>
         <alignment>0x4</alignment>
         <input_file_ref idref="fl-b"/>
      </object_component>
      <object_component id="oc-433">
         <name>.text</name>
[...]
         <name>atan2f</name>
         <value>0xb131</value>
         <object_component_ref idref="oc-297"/>
      </symbol>
      <symbol id="sm-55c">
         <name>atanf</name>
         <value>0x96b1</value>
         <object_component_ref idref="oc-3b4"/>
      </symbol>
      <symbol id="sm-57d">
         <name>cosf</name>
         <value>0x913d</value>
         <object_component_ref idref="oc-285"/>
      </symbol>
      <symbol id="sm-59e">
         <name>sinf</name>
         <value>0x94e5</value>
         <object_component_ref idref="oc-28b"/>
      </symbol>
      <symbol id="sm-5a8">
         <name>sqrt</name>
         <value>0xa095</value>
         <object_component_ref idref="oc-3ae"/>
      </symbol>
      <symbol id="sm-5a9">
         <name>sqrtl</name>
         <value>0xa095</value>
         <object_component_ref idref="oc-3ae"/>
      </symbol>
      <symbol id="sm-5ba">
         <name>snprintf</name>
         <value>0xdb65</value>
         <object_component_ref idref="oc-1a1"/>
      </symbol>
      <symbol id="sm-5cf">
         <name>sscanf</name>
         <value>0xe005</value>
         <object_component_ref idref="oc-1d4"/>
      </symbol>
      <symbol id="sm-5d0">
         <name>__aeabi_ctype_table_</name>
         <value>0x11f70</value>
         <object_component_ref idref="oc-36a"/>
      </symbol>
      <symbol id="sm-5d1">
         <name>__aeabi_ctype_table_C</name>
         <value>0x11f70</value>
         <object_component_ref idref="oc-36a"/>
      </symbol>
      <symbol id="sm-5d9">
         <name>strcmp</name>
         <value>0xca91</value>
         <object_component_ref idref="oc-1cd"/>
      </symbol>
      <symbol id="sm-5e4">
         <name>__aeabi_errno_addr</name>
         <value>0xe5b1</value>
         <object_component_ref idref="oc-361"/>
      </symbol>
      <symbol id="sm-5e5">
         <name>__aeabi_errno</name>
         <value>0x202033c8</value>
         <object_component_ref idref="oc-413"/>
      </symbol>
      <symbol id="sm-5fe">
         <name>__kernel_rem_pio2</name>
         <value>0x3481</value>
         <object_component_ref idref="oc-399"/>
      </symbol>
      <symbol id="sm-613">
         <name>strtof</name>
         <value>0x6c09</value>
         <object_component_ref idref="oc-22d"/>
      </symbol>
      <symbol id="sm-61e">
         <name>strtol</name>
         <value>0xaa1d</value>
         <object_component_ref idref="oc-245"/>
      </symbol>
      <symbol id="sm-629">
         <name>strtoul</name>
         <value>0xadcd</value>
         <object_component_ref idref="oc-33a"/>
      </symbol>
      <symbol id="sm-634">
         <name>_c_int00_noargs</name>
         <value>0xe105</value>
         <object_component_ref idref="oc-58"/>
      </symbol>
      <symbol id="sm-635">
         <name>__stack</name>
         <value>0x20207e00</value>
         <object_component_ref idref="oc-1a"/>
      </symbol>
      <symbol id="sm-641">
         <name>__TI_auto_init_nobinit_nopinit</name>
         <value>0xdd79</value>
         <object_component_ref idref="oc-103"/>
      </symbol>
      <symbol id="sm-649">
         <name>_system_pre_init</name>
         <value>0xe65d</value>
         <object_component_ref idref="oc-87"/>
      </symbol>
      <symbol id="sm-654">
         <name>__TI_zero_init</name>
         <value>0xe495</value>
         <object_component_ref idref="oc-55"/>
      </symbol>
      <symbol id="sm-65d">
         <name>__TI_decompress_none</name>
         <value>0xe421</value>
         <object_component_ref idref="oc-20"/>
      </symbol>
      <symbol id="sm-668">
         <name>__TI_decompress_lzss</name>
         <value>0xce09</value>
         <object_component_ref idref="oc-1c"/>
      </symbol>
      <symbol id="sm-672">
         <name>scalbnf</name>
         <value>0xbb31</value>
         <object_component_ref idref="oc-366"/>
      </symbol>
      <symbol id="sm-673">
         <name>ldexpf</name>
         <value>0xbb31</value>
         <object_component_ref idref="oc-366"/>
      </symbol>
      <symbol id="sm-67d">
         <name>floor</name>
         <value>0xa791</value>
         <object_component_ref idref="oc-42f"/>
      </symbol>
      <symbol id="sm-67e">
         <name>floorl</name>
         <value>0xa791</value>
         <object_component_ref idref="oc-42f"/>
      </symbol>
      <symbol id="sm-688">
         <name>scalbn</name>
         <value>0xb639</value>
         <object_component_ref idref="oc-42b"/>
      </symbol>
      <symbol id="sm-689">
         <name>ldexp</name>
         <value>0xb639</value>
         <object_component_ref idref="oc-42b"/>
      </symbol>
      <symbol id="sm-68a">
         <name>scalbnl</name>
         <value>0xb639</value>
         <object_component_ref idref="oc-42b"/>
      </symbol>
      <symbol id="sm-68b">
         <name>ldexpl</name>
         <value>0xb639</value>
         <object_component_ref idref="oc-42b"/>
      </symbol>
      <symbol id="sm-6b1">
         <name>__TI_printfi_nofloat</name>
         <value>0x248d</value>
         <object_component_ref idref="oc-3e8"/>
      </symbol>
      <symbol id="sm-6e2">
         <name>__TI_scanfi</name>
         <value>0xc1</value>
         <object_component_ref idref="oc-323"/>
      </symbol>
      <symbol id="sm-6f0">
         <name>abort</name>
         <value>0xe625</value>
         <object_component_ref idref="oc-fc"/>
      </symbol>
      <symbol id="sm-6fd">
         <name>atoi</name>
         <value>0xdc35</value>
         <object_component_ref idref="oc-3ed"/>
      </symbol>
      <symbol id="sm-706">
         <name>memccpy</name>
         <value>0xe1e5</value>
         <object_component_ref idref="oc-44c"/>
      </symbol>
      <symbol id="sm-71b">
         <name>strtod</name>
         <value>0x5e29</value>
         <object_component_ref idref="oc-3f6"/>
      </symbol>
      <symbol id="sm-71c">
         <name>strtold</name>
         <value>0x5e29</value>
         <object_component_ref idref="oc-3f6"/>
      </symbol>
      <symbol id="sm-727">
         <name>strtoll</name>
         <value>0x8d89</value>
         <object_component_ref idref="oc-400"/>
      </symbol>
      <symbol id="sm-732">
         <name>strtoull</name>
         <value>0xa209</value>
         <object_component_ref idref="oc-3fc"/>
      </symbol>
      <symbol id="sm-73c">
         <name>wcslen</name>
         <value>0xe485</value>
         <object_component_ref idref="oc-453"/>
      </symbol>
      <symbol id="sm-747">
         <name>HOSTexit</name>
         <value>0xd05d</value>
         <object_component_ref idref="oc-2b1"/>
      </symbol>
      <symbol id="sm-748">
         <name>C$$EXIT</name>
         <value>0xd05c</value>
         <object_component_ref idref="oc-2b1"/>
      </symbol>
      <symbol id="sm-75d">
         <name>__aeabi_fadd</name>
         <value>0xb7f7</value>
         <object_component_ref idref="oc-207"/>
      </symbol>
      <symbol id="sm-75e">
         <name>__addsf3</name>
         <value>0xb7f7</value>
         <object_component_ref idref="oc-207"/>
      </symbol>
      <symbol id="sm-75f">
         <name>__aeabi_fsub</name>
         <value>0xb7ed</value>
         <object_component_ref idref="oc-207"/>
      </symbol>
      <symbol id="sm-760">
         <name>__subsf3</name>
         <value>0xb7ed</value>
         <object_component_ref idref="oc-207"/>
      </symbol>
      <symbol id="sm-769">
         <name>__aeabi_dadd</name>
         <value>0x9d8f</value>
         <object_component_ref idref="oc-38b"/>
      </symbol>
      <symbol id="sm-76a">
         <name>__adddf3</name>
         <value>0x9d8f</value>
         <object_component_ref idref="oc-38b"/>
      </symbol>
      <symbol id="sm-76b">
         <name>__aeabi_dsub</name>
         <value>0x9d85</value>
         <object_component_ref idref="oc-38b"/>
      </symbol>
      <symbol id="sm-76c">
         <name>__subdf3</name>
         <value>0x9d85</value>
         <object_component_ref idref="oc-38b"/>
      </symbol>
      <symbol id="sm-775">
         <name>__aeabi_fmul</name>
         <value>0xc8ed</value>
         <object_component_ref idref="oc-203"/>
      </symbol>
      <symbol id="sm-776">
         <name>__mulsf3</name>
         <value>0xc8ed</value>
         <object_component_ref idref="oc-203"/>
      </symbol>
      <symbol id="sm-77f">
         <name>__aeabi_fdiv</name>
         <value>0xcb19</value>
         <object_component_ref idref="oc-359"/>
      </symbol>
      <symbol id="sm-780">
         <name>__divsf3</name>
         <value>0xcb19</value>
         <object_component_ref idref="oc-359"/>
      </symbol>
      <symbol id="sm-789">
         <name>__aeabi_f2d</name>
         <value>0xdd39</value>
         <object_component_ref idref="oc-395"/>
      </symbol>
      <symbol id="sm-78a">
         <name>__extendsfdf2</name>
         <value>0xdd39</value>
         <object_component_ref idref="oc-395"/>
      </symbol>
      <symbol id="sm-793">
         <name>__aeabi_d2iz</name>
         <value>0xd9b1</value>
         <object_component_ref idref="oc-390"/>
      </symbol>
      <symbol id="sm-794">
         <name>__fixdfsi</name>
         <value>0xd9b1</value>
         <object_component_ref idref="oc-390"/>
      </symbol>
      <symbol id="sm-79a">
         <name>__aeabi_f2iz</name>
         <value>0xded5</value>
         <object_component_ref idref="oc-20b"/>
      </symbol>
      <symbol id="sm-79b">
         <name>__fixsfsi</name>
         <value>0xded5</value>
         <object_component_ref idref="oc-20b"/>
      </symbol>
      <symbol id="sm-7a1">
         <name>__aeabi_f2uiz</name>
         <value>0xdf41</value>
         <object_component_ref idref="oc-384"/>
      </symbol>
      <symbol id="sm-7a2">
         <name>__fixunssfsi</name>
         <value>0xdf41</value>
         <object_component_ref idref="oc-384"/>
      </symbol>
      <symbol id="sm-7a8">
         <name>__aeabi_i2d</name>
         <value>0xe061</value>
         <object_component_ref idref="oc-427"/>
      </symbol>
      <symbol id="sm-7a9">
         <name>__floatsidf</name>
         <value>0xe061</value>
         <object_component_ref idref="oc-427"/>
      </symbol>
      <symbol id="sm-7af">
         <name>__aeabi_i2f</name>
         <value>0xddb5</value>
         <object_component_ref idref="oc-26e"/>
      </symbol>
      <symbol id="sm-7b0">
         <name>__floatsisf</name>
         <value>0xddb5</value>
         <object_component_ref idref="oc-26e"/>
      </symbol>
      <symbol id="sm-7b6">
         <name>__aeabi_ui2f</name>
         <value>0xe12d</value>
         <object_component_ref idref="oc-380"/>
      </symbol>
      <symbol id="sm-7b7">
         <name>__floatunsisf</name>
         <value>0xe12d</value>
         <object_component_ref idref="oc-380"/>
      </symbol>
      <symbol id="sm-7bd">
         <name>__aeabi_lmul</name>
         <value>0xe1c1</value>
         <object_component_ref idref="oc-457"/>
      </symbol>
      <symbol id="sm-7be">
         <name>__muldi3</name>
         <value>0xe1c1</value>
         <object_component_ref idref="oc-457"/>
      </symbol>
      <symbol id="sm-7c5">
         <name>__aeabi_d2f</name>
         <value>0xd061</value>
         <object_component_ref idref="oc-3a9"/>
      </symbol>
      <symbol id="sm-7c6">
         <name>__truncdfsf2</name>
         <value>0xd061</value>
         <object_component_ref idref="oc-3a9"/>
      </symbol>
      <symbol id="sm-7d4">
         <name>__ledf2</name>
         <value>0xd4b5</value>
         <object_component_ref idref="oc-48d"/>
      </symbol>
      <symbol id="sm-7d5">
         <name>__gedf2</name>
         <value>0xcf75</value>
         <object_component_ref idref="oc-48e"/>
      </symbol>
      <symbol id="sm-7d6">
         <name>__cmpdf2</name>
         <value>0xd4b5</value>
         <object_component_ref idref="oc-48d"/>
      </symbol>
      <symbol id="sm-7d7">
         <name>__eqdf2</name>
         <value>0xd4b5</value>
         <object_component_ref idref="oc-48d"/>
      </symbol>
      <symbol id="sm-7d8">
         <name>__ltdf2</name>
         <value>0xd4b5</value>
         <object_component_ref idref="oc-48d"/>
      </symbol>
      <symbol id="sm-7d9">
         <name>__nedf2</name>
         <value>0xd4b5</value>
         <object_component_ref idref="oc-48d"/>
      </symbol>
      <symbol id="sm-7da">
         <name>__gtdf2</name>
         <value>0xcf75</value>
         <object_component_ref idref="oc-48e"/>
      </symbol>
      <symbol id="sm-7e0">
         <name>__aeabi_dcmpeq</name>
         <value>0xd711</value>
         <object_component_ref idref="oc-433"/>
      </symbol>
      <symbol id="sm-7e1">
         <name>__aeabi_dcmplt</name>
         <value>0xd723</value>
         <object_component_ref idref="oc-433"/>
      </symbol>
      <symbol id="sm-7e2">
         <name>__aeabi_dcmple</name>
         <value>0xd735</value>
         <object_component_ref idref="oc-433"/>
      </symbol>
      <symbol id="sm-7e3">
         <name>__aeabi_dcmpge</name>
         <value>0xd747</value>
         <object_component_ref idref="oc-433"/>
      </symbol>
      <symbol id="sm-7e4">
         <name>__aeabi_dcmpgt</name>
         <value>0xd759</value>
         <object_component_ref idref="oc-433"/>
      </symbol>
      <symbol id="sm-7f1">
         <name>__aeabi_ddiv_fast</name>
         <value>0xe5a1</value>
         <object_component_ref idref="oc-4ad"/>
      </symbol>
      <symbol id="sm-7fb">
         <name>__aeabi_dmul_fast</name>
         <value>0xe5a9</value>
         <object_component_ref idref="oc-41e"/>
      </symbol>
      <symbol id="sm-801">
         <name>__aeabi_fcmpeq</name>
         <value>0xd76d</value>
         <object_component_ref idref="oc-1ff"/>
      </symbol>
      <symbol id="sm-802">
         <name>__aeabi_fcmplt</name>
         <value>0xd77f</value>
         <object_component_ref idref="oc-1ff"/>
      </symbol>
      <symbol id="sm-803">
         <name>__aeabi_fcmple</name>
         <value>0xd791</value>
         <object_component_ref idref="oc-1ff"/>
      </symbol>
      <symbol id="sm-804">
         <name>__aeabi_fcmpge</name>
         <value>0xd7a3</value>
         <object_component_ref idref="oc-1ff"/>
      </symbol>
      <symbol id="sm-805">
         <name>__aeabi_fcmpgt</name>
         <value>0xd7b5</value>
         <object_component_ref idref="oc-1ff"/>
      </symbol>
      <symbol id="sm-80b">
         <name>__aeabi_idiv</name>
         <value>0xd821</value>
         <object_component_ref idref="oc-37b"/>
      </symbol>
      <symbol id="sm-80c">
         <name>__aeabi_idivmod</name>
         <value>0xd821</value>
         <object_component_ref idref="oc-37b"/>
      </symbol>
      <symbol id="sm-812">
         <name>__aeabi_uidiv</name>
         <value>0xdcf9</value>
         <object_component_ref idref="oc-15a"/>
      </symbol>
      <symbol id="sm-813">
         <name>__aeabi_uidivmod</name>
         <value>0xdcf9</value>
         <object_component_ref idref="oc-15a"/>
      </symbol>
      <symbol id="sm-819">
         <name>__aeabi_uldivmod</name>
         <value>0xe3e9</value>
         <object_component_ref idref="oc-45c"/>
      </symbol>
      <symbol id="sm-81f">
         <name>__aeabi_memcpy</name>
         <value>0xe5c9</value>
         <object_component_ref idref="oc-48"/>
      </symbol>
      <symbol id="sm-820">
         <name>__aeabi_memcpy4</name>
         <value>0xe5c9</value>
         <object_component_ref idref="oc-48"/>
      </symbol>
      <symbol id="sm-821">
         <name>__aeabi_memcpy8</name>
         <value>0xe5c9</value>
         <object_component_ref idref="oc-48"/>
      </symbol>
      <symbol id="sm-827">
         <name>__aeabi_memset</name>
         <value>0xe2f1</value>
         <object_component_ref idref="oc-83"/>
      </symbol>
      <symbol id="sm-828">
         <name>__aeabi_memset4</name>
         <value>0xe2f1</value>
         <object_component_ref idref="oc-83"/>
      </symbol>
      <symbol id="sm-829">
         <name>__aeabi_memset8</name>
         <value>0xe2f1</value>
         <object_component_ref idref="oc-83"/>
      </symbol>
      <symbol id="sm-82a">
         <name>__aeabi_memclr</name>
         <value>0xe2ff</value>
         <object_component_ref idref="oc-83"/>
      </symbol>
      <symbol id="sm-82b">
         <name>__aeabi_memclr4</name>
         <value>0xe2ff</value>
         <object_component_ref idref="oc-83"/>
      </symbol>
      <symbol id="sm-82c">
         <name>__aeabi_memclr8</name>
         <value>0xe2ff</value>
         <object_component_ref idref="oc-83"/>
      </symbol>
      <symbol id="sm-832">
         <name>__eqsf2</name>
         <value>0xc861</value>
         <object_component_ref idref="oc-342"/>
      </symbol>
      <symbol id="sm-833">
         <name>__lesf2</name>
         <value>0xc861</value>
         <object_component_ref idref="oc-342"/>
      </symbol>
      <symbol id="sm-834">
         <name>__ltsf2</name>
         <value>0xc861</value>
         <object_component_ref idref="oc-342"/>
      </symbol>
      <symbol id="sm-835">
         <name>__nesf2</name>
         <value>0xc861</value>
         <object_component_ref idref="oc-342"/>
      </symbol>
      <symbol id="sm-836">
         <name>__cmpsf2</name>
         <value>0xc861</value>
         <object_component_ref idref="oc-342"/>
      </symbol>
      <symbol id="sm-837">
         <name>__gtsf2</name>
         <value>0xc89b</value>
         <object_component_ref idref="oc-342"/>
      </symbol>
      <symbol id="sm-838">
         <name>__gesf2</name>
         <value>0xc89b</value>
         <object_component_ref idref="oc-342"/>
      </symbol>
      <symbol id="sm-839">
         <name>__unordsf2</name>
         <value>0xc8d7</value>
         <object_component_ref idref="oc-342"/>
      </symbol>
      <symbol id="sm-83a">
         <name>__aeabi_fcmpun</name>
         <value>0xc8d7</value>
         <object_component_ref idref="oc-342"/>
      </symbol>
      <symbol id="sm-840">
         <name>__udivmoddi4</name>
         <value>0xc091</value>
         <object_component_ref idref="oc-497"/>
      </symbol>
      <symbol id="sm-846">
         <name>__muldsi3</name>
         <value>0xddf1</value>
         <object_component_ref idref="oc-347"/>
      </symbol>
      <symbol id="sm-84c">
         <name>__aeabi_llsl</name>
         <value>0xe229</value>
         <object_component_ref idref="oc-4b9"/>
      </symbol>
      <symbol id="sm-84d">
         <name>__ashldi3</name>
         <value>0xe229</value>
         <object_component_ref idref="oc-4b9"/>
      </symbol>
      <symbol id="sm-859">
         <name>__aeabi_idiv0</name>
         <value>0xc133</value>
         <object_component_ref idref="oc-2e6"/>
      </symbol>
      <symbol id="sm-85a">
         <name>__aeabi_ldiv0</name>
         <value>0xc57f</value>
         <object_component_ref idref="oc-4b8"/>
      </symbol>
      <symbol id="sm-864">
         <name>__divdf3_fast</name>
         <value>0x789d</value>
         <object_component_ref idref="oc-4c4"/>
      </symbol>
      <symbol id="sm-86e">
         <name>__muldf3_fast</name>
         <value>0x8f65</value>
         <object_component_ref idref="oc-47c"/>
      </symbol>
      <symbol id="sm-888">
         <name>memcpy</name>
         <value>0xc4e5</value>
         <object_component_ref idref="oc-b6"/>
      </symbol>
      <symbol id="sm-897">
         <name>memset</name>
         <value>0xd64d</value>
         <object_component_ref idref="oc-12d"/>
      </symbol>
      <symbol id="sm-898">
         <name>__TI_static_base__</name>
         <value>0x0</value>
      </symbol>
      <symbol id="sm-89c">
         <name>__mpu_init</name>
         <value>0x0</value>
      </symbol>
      <symbol id="sm-89d">
         <name>_system_post_cinit</name>
         <value>0x0</value>
      </symbol>
   </symbol_table>
   <title>Link successful</title>
</link_info>
