******************************************************************************
            TI ARM Clang Linker PC v5.1.1                      
******************************************************************************
>> Linked Fri Jul  3 14:42:20 2026

OUTPUT FILE NAME:   <gpio_toggle_output.out>
ENTRY POINT SYMBOL: "_c_int00_noargs"  address: 00005c7d


MEMORY CONFIGURATION

         name            origin    length      used     unused   attr    fill
----------------------  --------  ---------  --------  --------  ----  --------
  FLASH                 00000000   00020000  00006620  000199e0  R  X
  SRAM                  20200000   00008000  00000d1b  000072e5  RW X
  BCR_CONFIG            41c00000   000000ff  00000000  000000ff  R   
  BSL_CONFIG            41c00100   00000080  00000000  00000080  R   


SEGMENT ALLOCATION MAP

run origin  load origin   length   init length attrs members
----------  ----------- ---------- ----------- ----- -------
00000000    00000000    00006620   00006620    r-x
  00000000    00000000    000000c0   000000c0    r-- .intvecs
  000000c0    000000c0    00005f80   00005f80    r-x .text
  00006040    00006040    000005b0   000005b0    r-- .rodata
  000065f0    000065f0    00000030   00000030    r-- .cinit
20200000    20200000    00000b1c   00000000    rw-
  20200000    20200000    00000b17   00000000    rw- .bss
  20200b18    20200b18    00000004   00000000    rw- .data
20207e00    20207e00    00000200   00000000    rw-
  20207e00    20207e00    00000200   00000000    rw- .stack


SECTION ALLOCATION MAP

 output                                  attributes/
section   page    origin      length       input sections
--------  ----  ----------  ----------   ----------------
.intvecs   0    00000000    000000c0     
                  00000000    000000c0     startup_mspm0g350x_ticlang.o (.intvecs)

.text      0    000000c0    00005f80     
                  000000c0    00000c88     libc.a : _scanfi.c.obj (.text.__TI_scanfi)
                  00000d48    000008dc            : _printfi.c.obj (.text:__TI_printfi_nofloat)
                  00001624    00000708     app_car_control.o (.text.app_car_control_process_command)
                  00001d2c    000005f8     app_car_control.o (.text.app_car_control_update)
                  00002324    000003b0     app_motion_control.o (.text.motion_control_parse_command)
                  000026d4    000003b0     libc.a : strtod.c.obj (.text.strtod)
                  00002a84    00000350            : strtof.c.obj (.text.strtof)
                  00002dd4    000002dc            : divdf3_fast.c.obj (.text.__divdf3_fast)
                  000030b0    00000268     app_car_control.o (.text.app_car_control_send_telemetry)
                  00003318    000001dc     libc.a : strtoll.c.obj (.text.strtoll)
                  000034f4    000001d8            : muldf3_fast.c.obj (.text.__muldf3_fast)
                  000036cc    000001c8     app_car_control.o (.text.send_status)
                  00003894    00000192     libclang_rt.builtins.a : adddf3.S.obj (.text)
                  00003a26    00000002     startup_mspm0g350x_ticlang.o (.text.Default_Handler)
                  00003a28    00000168     libc.a : strtoull.c.obj (.text.strtoull)
                  00003b90    00000144            : strtol.c.obj (.text.strtol)
                  00003cd4    00000140     app_motion_control.o (.text.motion_control_update)
                  00003e14    00000130     main.o (.text.main)
                  00003f44    0000012c     libc.a : strtoul.c.obj (.text.strtoul)
                  00004070    00000114     hw_uart.o (.text.uart_debug_read_line)
                  00004184    00000108     app_car_control.o (.text.set_motor_duty)
                  0000428c    00000104     driverlib.a : dl_timer.o (.text.DL_Timer_initFourCCPWMMode)
                  00004390    000000f4     app_car_control.o (.text.update_lturn)
                  00004484    000000dc     libc.a : s_scalbn.c.obj (.text.scalbn)
                  00004560    000000d8     libclang_rt.builtins.a : addsf3.S.obj (.text)
                  00004638    000000bc     libc.a : s_scalbnf.c.obj (.text.scalbnf)
                  000046f4    000000b0     ti_msp_dl_config.o (.text.SYSCFG_DL_GPIO_init)
                  000047a4    000000a4     mid_pid.o (.text.pid_calc)
                  00004848    000000a4     hw_openmv_uart.o (.text.uart_openmv_read_line)
                  000048ec    000000a2     libclang_rt.builtins.a : udivmoddi4.S.obj (.text)
                  0000498e    00000002                            : aeabi_div0.c.obj (.text.__aeabi_idiv0)
                  00004990    0000009c     app_line_follow.o (.text.line_follow_parse_command)
                  00004a2c    0000009a     libc.a : memcpy16.S.obj (.text:memcpy)
                  00004ac6    00000002     libclang_rt.builtins.a : aeabi_div0.c.obj (.text.__aeabi_ldiv0)
                  00004ac8    00000094     ti_msp_dl_config.o (.text.SYSCFG_DL_PWM_MOTORS_init)
                  00004b5c    00000094     main.o (.text.SysTick_Handler)
                  00004bf0    00000094     hw_encoder.o (.text.encoder_handle_gpio_irq)
                  00004c84    00000090     app_car_control.o (.text.send_motor_ack)
                  00004d14    0000008c     libclang_rt.builtins.a : comparesf2.S.obj (.text)
                  00004da0    0000008c                            : mulsf3.S.obj (.text)
                  00004e2c    00000004     libsysbm.a : hostexit.c.obj (.text.HOSTexit)
                  00004e30    00000088     libc.a : strcmp-armv6m.S.obj (.text:strcmp)
                  00004eb8    00000082     libclang_rt.builtins.a : divsf3.S.obj (.text)
                  00004f3a    00000002     --HOLE-- [fill = 0]
                  00004f3c    0000007c     ti_msp_dl_config.o (.text.SYSCFG_DL_UART_DEBUG_init)
                  00004fb8    0000007c     ti_msp_dl_config.o (.text.SYSCFG_DL_UART_OPENMV_init)
                  00005034    0000007c     libc.a : copy_decompress_lzss.c.obj (.text:decompress:lzss)
                  000050b0    00000074     libclang_rt.builtins.a : comparedf2.c.obj (.text.__gedf2)
                  00005124    00000074     libc.a : sscanf.c.obj (.text._chkmbc)
                  00005198    00000074     app_line_follow.o (.text.line_follow_get_turn_adjust)
                  0000520c    00000004     libc.a : pre_init.c.obj (.text._system_pre_init)
                  00005210    00000074     libclang_rt.builtins.a : truncdfsf2.S.obj (.text)
                  00005284    00000070     hw_uart.o (.text.uart_debug_handle_irq)
                  000052f4    00000070     hw_openmv_uart.o (.text.uart_openmv_handle_irq)
                  00005364    0000006c     app_car_control.o (.text.app_car_control_init)
                  000053d0    00000068     libclang_rt.builtins.a : comparedf2.c.obj (.text.__ledf2)
                  00005438    00000062     libc.a : memset16.S.obj (.text:memset)
                  0000549a    00000002     --HOLE-- [fill = 0]
                  0000549c    00000060     bsp_tb6612.o (.text.BO_Control)
                  000054fc    0000005a     libclang_rt.builtins.a : aeabi_dcmp.S.obj (.text)
                  00005556    00000002     --HOLE-- [fill = 0]
                  00005558    0000005a                            : aeabi_fcmp.S.obj (.text)
                  000055b2    00000002     --HOLE-- [fill = 0]
                  000055b4    00000058     bsp_tb6612.o (.text.AO_Control)
                  0000560c    00000054     bsp_tb6612.o (.text.TB6612_Init)
                  00005660    00000054     app_car_control.o (.text.send_pulse_ack)
                  000056b4    0000004c     hw_uart.o (.text.uart_debug_service_tx)
                  00005700    0000004c     hw_uart.o (.text.uart_debug_write_string)
                  0000574c    00000048     driverlib.a : dl_uart.o (.text.DL_UART_init)
                  00005794    00000048     ti_msp_dl_config.o (.text.SYSCFG_DL_initPower)
                  000057dc    00000048     bsp_tb6612.o (.text.TB6612_Motor_Stop)
                  00005824    00000048     hw_encoder.o (.text.encoder_init)
                  0000586c    00000048     libc.a : snprintf.c.obj (.text.snprintf)
                  000058b4    00000044     app_car_control.o (.text.app_car_control_send_heartbeat)
                  000058f8    00000044     libc.a : atoi.c.obj (.text.atoi)
                  0000593c    00000040     ti_msp_dl_config.o (.text.SYSCFG_DL_SYSCTL_init)
                  0000597c    00000040     libclang_rt.builtins.a : aeabi_uidivmod.S.obj (.text)
                  000059bc    0000003c     app_motion_control.o (.text.motion_control_init)
                  000059f8    0000003c     libc.a : autoinit.c.obj (.text:__TI_auto_init_nobinit_nopinit)
                  00005a34    0000003c     libclang_rt.builtins.a : floatsisf.S.obj (.text)
                  00005a70    0000003a                            : muldsi3.S.obj (.text)
                  00005aaa    00000002     --HOLE-- [fill = 0]
                  00005aac    00000038                            : fixsfsi.S.obj (.text)
                  00005ae4    00000032     libc.a : snprintf.c.obj (.text._outs)
                  00005b16    00000002     --HOLE-- [fill = 0]
                  00005b18    00000032     libclang_rt.builtins.a : fixunssfsi.S.obj (.text)
                  00005b4a    00000002     --HOLE-- [fill = 0]
                  00005b4c    00000030     app_line_follow.o (.text.line_follow_is_valid)
                  00005b7c    00000030     app_car_control.o (.text.send_unknown_command)
                  00005bac    00000030     libc.a : sscanf.c.obj (.text.sscanf)
                  00005bdc    00000028     ti_msp_dl_config.o (.text.SYSCFG_DL_init)
                  00005c04    00000028     app_line_follow.o (.text.line_follow_is_active)
                  00005c2c    00000028     hw_uart.o (.text.uart_debug_init)
                  00005c54    00000028     hw_openmv_uart.o (.text.uart_openmv_init)
                  00005c7c    00000028     libc.a : boot_cortex_m.c.obj (.text:_c_int00_noargs)
                  00005ca4    00000028     libclang_rt.builtins.a : floatunsisf.S.obj (.text)
                  00005ccc    00000024     app_line_follow.o (.text.line_follow_init)
                  00005cf0    00000024     libclang_rt.builtins.a : muldi3.S.obj (.text)
                  00005d14    00000022     libc.a : memccpy.c.obj (.text.memccpy)
                  00005d36    00000022     app_car_control.o (.text.strlen)
                  00005d58    0000001e     libclang_rt.builtins.a : ashldi3.S.obj (.text)
                  00005d76    00000002     --HOLE-- [fill = 0]
                  00005d78    0000001c     driverlib.a : dl_timer.o (.text.DL_Timer_setCaptCompUpdateMethod)
                  00005d94    0000001c                 : dl_timer.o (.text.DL_Timer_setClockConfig)
                  00005db0    0000001c                 : dl_uart.o (.text.DL_UART_receiveDataCheck)
                  00005dcc    0000001c                 : dl_uart.o (.text.DL_UART_transmitDataCheck)
                  00005de8    0000001a     libclang_rt.builtins.a : aeabi_memset.S.obj (.text)
                  00005e02    00000002     --HOLE-- [fill = 0]
                  00005e04    00000018     driverlib.a : dl_timer.o (.text.DL_Timer_setCaptureCompareOutCtl)
                  00005e1c    00000018     libc.a : snprintf.c.obj (.text._outc)
                  00005e34    00000018     hw_encoder.o (.text.encoder_get_counts)
                  00005e4c    00000018     hw_encoder.o (.text.encoder_reset)
                  00005e64    00000018     mid_pid.o (.text.pid_init)
                  00005e7c    00000014     libc.a : sscanf.c.obj (.text._inpchar)
                  00005e90    00000014     libclang_rt.builtins.a : aeabi_uldivmod.S.obj (.text)
                  00005ea4    00000012     driverlib.a : dl_uart.o (.text.DL_UART_setClockConfig)
                  00005eb6    00000012     libc.a : copy_decompress_none.c.obj (.text:decompress:none)
                  00005ec8    00000010     driverlib.a : dl_timer.o (.text.DL_Timer_setCaptureCompareValue)
                  00005ed8    00000010     app_car_control.o (.text.app_car_control_toggle_status_led)
                  00005ee8    00000010     app_motion_control.o (.text.motion_control_get_target_deg_s)
                  00005ef8    00000010     app_motion_control.o (.text.motion_control_get_target_mm_s)
                  00005f08    00000010     app_motion_control.o (.text.motion_control_is_active)
                  00005f18    00000010     libc.a : wcslen.c.obj (.text.wcslen)
                  00005f28    00000010            : copy_zero_init.c.obj (.text:decompress:ZI)
                  00005f38    0000000e            : _printfi.c.obj (.text.strlen)
                  00005f46    00000002     --HOLE-- [fill = 0]
                  00005f48    0000000c     app_line_follow.o (.text.line_follow_get_error)
                  00005f54    0000000c     app_motion_control.o (.text.motion_control_get_mode)
                  00005f60    0000000c     app_motion_control.o (.text.motion_control_is_busy)
                  00005f6c    0000000c     mid_pid.o (.text.pid_reset)
                  00005f78    0000000c     hw_uart.o (.text.uart_debug_get_rx_dropped_bytes)
                  00005f84    0000000c     hw_uart.o (.text.uart_debug_get_tx_dropped_bytes)
                  00005f90    0000000a     driverlib.a : dl_common.o (.text.DL_Common_delayCycles)
                  00005f9a    0000000a     libc.a : _scanfi.c.obj (.text.OUTLINED_FUNCTION_0)
                  00005fa4    00000008     main.o (.text.GROUP1_IRQHandler)
                  00005fac    00000008     libc.a : strtod.c.obj (.text.OUTLINED_FUNCTION_0)
                  00005fb4    00000008            : strtof.c.obj (.text.OUTLINED_FUNCTION_0)
                  00005fbc    00000008            : _scanfi.c.obj (.text.OUTLINED_FUNCTION_1)
                  00005fc4    00000008            : strtod.c.obj (.text.OUTLINED_FUNCTION_1)
                  00005fcc    00000010     libclang_rt.builtins.a : aeabi_dcmp.S.obj (.tramp.__aeabi_dcmpeq.1)
                  00005fdc    00000008     libc.a : _scanfi.c.obj (.text.OUTLINED_FUNCTION_2)
                  00005fe4    00000008     main.o (.text.UART0_IRQHandler)
                  00005fec    00000008     main.o (.text.UART2_IRQHandler)
                  00005ff4    00000008     libclang_rt.builtins.a : aeabi_ddiv.c.obj (.text.__aeabi_ddiv_fast)
                  00005ffc    00000008                            : aeabi_dmul.c.obj (.text.__aeabi_dmul_fast)
                  00006004    00000008     libc.a : aeabi_portable.c.obj (.text.__aeabi_errno_addr)
                  0000600c    00000008            : sscanf.c.obj (.text._uninpchar)
                  00006014    00000008     libclang_rt.builtins.a : aeabi_memcpy.S.obj (.text)
                  0000601c    00000006     libc.a : _scanfi.c.obj (.text.OUTLINED_FUNCTION_3)
                  00006022    00000006            : _scanfi.c.obj (.text.OUTLINED_FUNCTION_4)
                  00006028    00000006            : exit.c.obj (.text:abort)
                  0000602e    00000004     startup_mspm0g350x_ticlang.o (.text.Reset_Handler)
                  00006032    0000000e     --HOLE-- [fill = 0]

.cinit     0    000065f0    00000030     
                  000065f0    0000000c     (__TI_handler_table)
                  000065fc    00000008     (.cinit..bss.load) [load image, compression = zero_init]
                  00006604    00000007     (.cinit..data.load) [load image, compression = lzss]
                  0000660b    00000001     --HOLE-- [fill = 0]
                  0000660c    00000010     (__TI_cinit_table)
                  0000661c    00000004     --HOLE-- [fill = 0]

.rodata    0    00006040    000005b0     
                  00006040    00000101     libc.a : aeabi_ctype.S.obj (.rodata:__aeabi_ctype_table_)
                  00006141    00000090     app_car_control.o (.rodata.str1.5259596890075649042.1)
                  000061d1    00000007     libc.a : _scanfi.c.obj (.rodata._sproc_int.flit)
                  000061d8    00000080            : strtod.c.obj (.rodata.digits)
                  00006258    00000077     app_car_control.o (.rodata.str1.14175076128169481003.1)
                  000062cf    0000004f     app_car_control.o (.rodata.str1.5964142759088803818.1)
                  0000631e    00000002     ti_msp_dl_config.o (.rodata.gUART_DEBUGClockConfig)
                  00006320    00000048     libc.a : strtod.c.obj (.rodata.powerof10)
                  00006368    00000042     app_car_control.o (.rodata.str1.11820653816532915241.1)
                  000063aa    00000002     ti_msp_dl_config.o (.rodata.gUART_OPENMVClockConfig)
                  000063ac    00000040     libc.a : strtof.c.obj (.rodata.digits)
                  000063ec    0000001b     app_car_control.o (.rodata.str1.11767702346173402250.1)
                  00006407    0000001b     app_car_control.o (.rodata.str1.7412545083657853309.1)
                  00006422    00000002     --HOLE-- [fill = 0]
                  00006424    00000018     libc.a : strtof.c.obj (.rodata.powerof10)
                  0000643c    00000017     app_car_control.o (.rodata.str1.14718060586108094866.1)
                  00006453    00000016     app_car_control.o (.rodata.str1.5648599197474771290.1)
                  00006469    00000014     app_car_control.o (.rodata.str1.11441606736553431316.1)
                  0000647d    00000012     hw_uart.o (.rodata.str1.2093199925178161188.1)
                  0000648f    00000012     app_car_control.o (.rodata.str1.3663651136879122161.1)
                  000064a1    00000011     libc.a : _printfi.c.obj (.rodata.str1.10348868589481759720.1)
                  000064b2    00000011            : _printfi.c.obj (.rodata.str1.15363888844622738466.1)
                  000064c3    0000000d     app_car_control.o (.rodata.str1.11272716704398869594.1)
                  000064d0    0000000d     app_car_control.o (.rodata.str1.4874208870431229975.1)
                  000064dd    0000000d     app_car_control.o (.rodata.str1.7569317419661685027.1)
                  000064ea    0000000c     app_car_control.o (.rodata.str1.10416396766295915984.1)
                  000064f6    0000000c     app_car_control.o (.rodata.str1.10986280395233754576.1)
                  00006502    0000000c     app_car_control.o (.rodata.str1.16566837512891204500.1)
                  0000650e    0000000c     app_car_control.o (.rodata.str1.26950527303777515.1)
                  0000651a    0000000c     app_car_control.o (.rodata.str1.2882403439750828858.1)
                  00006526    0000000c     app_car_control.o (.rodata.str1.6493979626155181994.1)
                  00006532    0000000b     app_car_control.o (.rodata.str1.1822894261428252022.1)
                  0000653d    00000001     --HOLE-- [fill = 0]
                  0000653e    0000000a     ti_msp_dl_config.o (.rodata.gUART_DEBUGConfig)
                  00006548    0000000a     ti_msp_dl_config.o (.rodata.gUART_OPENMVConfig)
                  00006552    0000000a     app_car_control.o (.rodata.str1.12484813675258476528.1)
                  0000655c    0000000a     app_car_control.o (.rodata.str1.2972993705525450585.1)
                  00006566    0000000a     app_car_control.o (.rodata.str1.6044509230432320655.1)
                  00006570    0000000a     app_car_control.o (.rodata.str1.9822639397776744045.1)
                  0000657a    00000009     libc.a : _scanfi.c.obj (.rodata.str1.12964984209033246150.1)
                  00006583    00000009     app_car_control.o (.rodata.str1.8898464879457977813.1)
                  0000658c    00000009     app_car_control.o (.rodata.str1.9984945524575007645.1)
                  00006595    00000003     ti_msp_dl_config.o (.rodata.gPWM_MOTORSClockConfig)
                  00006598    00000008     ti_msp_dl_config.o (.rodata.gPWM_MOTORSConfig)
                  000065a0    00000008     app_car_control.o (.rodata.str1.12234416300867838885.1)
                  000065a8    00000007     app_car_control.o (.rodata.str1.13032410439314695910.1)
                  000065af    00000006     libc.a : _scanfi.c.obj (.rodata._sproc_int.barr)
                  000065b5    00000006     app_car_control.o (.rodata.str1.10099187617512664200.1)
                  000065bb    00000006     app_line_follow.o (.rodata.str1.13577393985823711167.1)
                  000065c1    00000006     app_motion_control.o (.rodata.str1.15845094093975241062.1)
                  000065c7    00000006     app_motion_control.o (.rodata.str1.4383496431151190140.1)
                  000065cd    00000005     app_car_control.o (.rodata.str1.14187085924937509073.1)
                  000065d2    00000005     app_car_control.o (.rodata.str1.14880763104044842744.1)
                  000065d7    00000004     app_car_control.o (.rodata.str1.15872741239078135150.1)
                  000065db    00000004     app_car_control.o (.rodata.str1.1972896047161163948.1)
                  000065df    00000004     libc.a : _scanfi.c.obj (.rodata.str1.3403580589742030990.1)
                  000065e3    00000003     app_car_control.o (.rodata.str1.10785656375763943663.1)
                  000065e6    00000003     app_motion_control.o (.rodata.str1.825203759767528237.1)
                  000065e9    00000007     --HOLE-- [fill = 0]

.init_array 
*          0    00000000    00000000     UNINITIALIZED

.binit     0    00000000    00000000     

.bss       0    20200000    00000b17     UNINITIALIZED
                  20200000    00000800     hw_uart.o (.bss.gUartTxBuffer)
                  20200800    000000bc     (.common:gPWM_MOTORSBackup)
                  202008bc    00000080     hw_openmv_uart.o (.bss.gOpenmvRxBuffer)
                  2020093c    00000080     hw_uart.o (.bss.gUartRxBuffer)
                  202009bc    00000040     hw_uart.o (.bss.uart_debug_read_line.rxLine)
                  202009fc    00000024     app_car_control.o (.bss.gLeftSpeedPid)
                  20200a20    00000024     app_car_control.o (.bss.gRightSpeedPid)
                  20200a44    00000020     hw_openmv_uart.o (.bss.uart_openmv_read_line.rxLine)
                  20200a64    00000004     app_motion_control.o (.bss.gAngularSpeedDegS)
                  20200a68    00000004     app_car_control.o (.bss.gFilteredLeftSpeed)
                  20200a6c    00000004     app_car_control.o (.bss.gFilteredRightSpeed)
                  20200a70    00000004     app_car_control.o (.bss.gLTurnDirection)
                  20200a74    00000004     app_car_control.o (.bss.gLTurnStartLeftCount)
                  20200a78    00000004     app_car_control.o (.bss.gLTurnStartRightCount)
                  20200a7c    00000004     app_car_control.o (.bss.gLTurnTargetCounts)
                  20200a80    00000004     app_car_control.o (.bss.gLastLeftDelta)
                  20200a84    00000004     app_car_control.o (.bss.gLastLeftOutput)
                  20200a88    00000004     app_car_control.o (.bss.gLastLeftTargetSpeed)
                  20200a8c    00000004     app_line_follow.o (.bss.gLastLineMs)
                  20200a90    00000004     app_car_control.o (.bss.gLastPidError)
                  20200a94    00000004     app_car_control.o (.bss.gLastRightDelta)
                  20200a98    00000004     app_car_control.o (.bss.gLastRightOutput)
                  20200a9c    00000004     app_car_control.o (.bss.gLastRightTargetSpeed)
                  20200aa0    00000004     app_car_control.o (.bss.gLastUpdateMs)
                  20200aa4    00000004     hw_encoder.o (.bss.gLeftEncoderCount)
                  20200aa8    00000004     app_line_follow.o (.bss.gLineError)
                  20200aac    00000004     app_car_control.o (.bss.gLineFollowResumeMs)
                  20200ab0    00000004     app_motion_control.o (.bss.gLinearSpeedMmS)
                  20200ab4    00000004     app_car_control.o (.bss.gManualLeftDutyPercent)
                  20200ab8    00000004     app_car_control.o (.bss.gManualPulseStopMs)
                  20200abc    00000004     app_car_control.o (.bss.gManualRightDutyPercent)
                  20200ac0    00000004     hw_openmv_uart.o (.bss.gOpenmvRxDroppedBytes)
                  20200ac4    00000004     app_car_control.o (.bss.gPreviousLeftCount)
                  20200ac8    00000004     app_car_control.o (.bss.gPreviousRightCount)
                  20200acc    00000004     hw_encoder.o (.bss.gRightEncoderCount)
                  20200ad0    00000004     app_car_control.o (.bss.gSpeedTargetCounts)
                  20200ad4    00000004     app_motion_control.o (.bss.gStartLeftCount)
                  20200ad8    00000004     app_motion_control.o (.bss.gStartRightCount)
                  20200adc    00000004     main.o (.bss.gSysTickMs)
                  20200ae0    00000004     app_motion_control.o (.bss.gTargetCounts)
                  20200ae4    00000004     app_car_control.o (.bss.gTargetManualLeftDutyPercent)
                  20200ae8    00000004     app_car_control.o (.bss.gTargetManualRightDutyPercent)
                  20200aec    00000004     app_car_control.o (.bss.gTargetSpeedCounts)
                  20200af0    00000004     hw_uart.o (.bss.gUartRxDroppedBytes)
                  20200af4    00000004     hw_uart.o (.bss.gUartTxDroppedBytes)
                  20200af8    00000004     hw_uart.o (.bss.uart_debug_read_line.rxIndex)
                  20200afc    00000004     hw_openmv_uart.o (.bss.uart_openmv_read_line.rxIndex)
                  20200b00    00000002     hw_openmv_uart.o (.bss.gOpenmvRxHead)
                  20200b02    00000002     hw_openmv_uart.o (.bss.gOpenmvRxTail)
                  20200b04    00000002     hw_uart.o (.bss.gUartRxHead)
                  20200b06    00000002     hw_uart.o (.bss.gUartRxTail)
                  20200b08    00000002     hw_uart.o (.bss.gUartTxHead)
                  20200b0a    00000002     hw_uart.o (.bss.gUartTxTail)
                  20200b0c    00000001     app_motion_control.o (.bss.gBusy)
                  20200b0d    00000001     main.o (.bss.gControlUpdatePending)
                  20200b0e    00000001     main.o (.bss.gHeartbeatUpdatePending)
                  20200b0f    00000001     app_car_control.o (.bss.gLTurnActive)
                  20200b10    00000001     app_line_follow.o (.bss.gLineEnabled)
                  20200b11    00000001     app_line_follow.o (.bss.gLineValid)
                  20200b12    00000001     app_car_control.o (.bss.gManualMotorMode)
                  20200b13    00000001     app_motion_control.o (.bss.gMode)
                  20200b14    00000001     main.o (.bss.gStatusLedUpdatePending)
                  20200b15    00000001     app_car_control.o (.bss.gTelemetryEnabled)
                  20200b16    00000001     main.o (.bss.gTelemetryUpdatePending)

.data      0    20200b18    00000004     UNINITIALIZED
                  20200b18    00000004     libc.a : aeabi_portable.c.obj (.data.__aeabi_errno)

.stack     0    20207e00    00000200     UNINITIALIZED
                  20207e00    00000004     libc.a : boot_cortex_m.c.obj (.stack)
                  20207e04    000001fc     --HOLE--

__llvm_prf_cnts 
*          0    20200000    00000000     UNINITIALIZED

__llvm_prf_bits 
*          0    20200000    00000000     UNINITIALIZED

MODULE SUMMARY

       Module                         code    ro data   rw data
       ------                         ----    -------   -------
    .\
       ti_msp_dl_config.o             748     35        188    
       main.o                         476     0         8      
       startup_mspm0g350x_ticlang.o   6       192       0      
    +--+------------------------------+-------+---------+---------+
       Total:                         1230    227       196    
                                                               
    .\app\
       app_car_control.o              5410    767       171    
       app_motion_control.o           1396    15        22     
       app_line_follow.o              408     6         10     
    +--+------------------------------+-------+---------+---------+
       Total:                         7214    788       203    
                                                               
    .\bsp\
       bsp_tb6612.o                   340     0         0      
    +--+------------------------------+-------+---------+---------+
       Total:                         340     0         0      
                                                               
    .\hw\
       hw_uart.o                      604     18        2260   
       hw_openmv_uart.o               316     0         172    
       hw_encoder.o                   268     0         8      
    +--+------------------------------+-------+---------+---------+
       Total:                         1188    18        2440   
                                                               
    .\mid\
       mid_pid.o                      200     0         0      
    +--+------------------------------+-------+---------+---------+
       Total:                         200     0         0      
                                                               
    C:/TI/mspm0_sdk_2_10_00_04/source/ti/driverlib/lib/ticlang/m0p/mspm0g1x0x_g3x0x/driverlib.a
       dl_timer.o                     356     0         0      
       dl_uart.o                      146     0         0      
       dl_common.o                    10      0         0      
    +--+------------------------------+-------+---------+---------+
       Total:                         512     0         0      
                                                               
    F:\yingyong\ccs\ccs\tools\compiler\ti-cgt-armllvm_5.1.1.LTS\lib\armv6m-ti-none-eabi/c/libc.a
       _scanfi.c.obj                  3246    26        0      
       _printfi.c.obj                 2282    34        0      
       strtod.c.obj                   960     200       0      
       strtof.c.obj                   856     88        0      
       divdf3_fast.c.obj              732     0         0      
       strtoll.c.obj                  476     0         0      
       muldf3_fast.c.obj              472     0         0      
       strtoull.c.obj                 360     0         0      
       strtol.c.obj                   324     0         0      
       strtoul.c.obj                  300     0         0      
       aeabi_ctype.S.obj              0       257       0      
       s_scalbn.c.obj                 220     0         0      
       sscanf.c.obj                   192     0         0      
       s_scalbnf.c.obj                188     0         0      
       memcpy16.S.obj                 154     0         0      
       snprintf.c.obj                 146     0         0      
       strcmp-armv6m.S.obj            136     0         0      
       copy_decompress_lzss.c.obj     124     0         0      
       memset16.S.obj                 98      0         0      
       atoi.c.obj                     68      0         0      
       autoinit.c.obj                 60      0         0      
       boot_cortex_m.c.obj            40      0         0      
       memccpy.c.obj                  34      0         0      
       copy_decompress_none.c.obj     18      0         0      
       copy_zero_init.c.obj           16      0         0      
       wcslen.c.obj                   16      0         0      
       aeabi_portable.c.obj           8       0         4      
       exit.c.obj                     6       0         0      
       pre_init.c.obj                 4       0         0      
    +--+------------------------------+-------+---------+---------+
       Total:                         11536   605       4      
                                                               
    F:\yingyong\ccs\ccs\tools\compiler\ti-cgt-armllvm_5.1.1.LTS\lib\armv6m-ti-none-eabi/c/libsysbm.a
       hostexit.c.obj                 4       0         0      
    +--+------------------------------+-------+---------+---------+
       Total:                         4       0         0      
                                                               
    F:\yingyong\ccs\ccs\tools\compiler\ti-cgt-armllvm_5.1.1.LTS\lib\armv6m-ti-none-eabi/libclang_rt.builtins.a
       adddf3.S.obj                   402     0         0      
       comparedf2.c.obj               220     0         0      
       addsf3.S.obj                   216     0         0      
       udivmoddi4.S.obj               162     0         0      
       comparesf2.S.obj               140     0         0      
       mulsf3.S.obj                   140     0         0      
       divsf3.S.obj                   130     0         0      
       truncdfsf2.S.obj               116     0         0      
       aeabi_dcmp.S.obj               106     0         0      
       aeabi_fcmp.S.obj               90      0         0      
       aeabi_uidivmod.S.obj           64      0         0      
       floatsisf.S.obj                60      0         0      
       muldsi3.S.obj                  58      0         0      
       fixsfsi.S.obj                  56      0         0      
       fixunssfsi.S.obj               50      0         0      
       floatunsisf.S.obj              40      0         0      
       muldi3.S.obj                   36      0         0      
       ashldi3.S.obj                  30      0         0      
       aeabi_memset.S.obj             26      0         0      
       aeabi_uldivmod.S.obj           20      0         0      
       aeabi_ddiv.c.obj               8       0         0      
       aeabi_dmul.c.obj               8       0         0      
       aeabi_memcpy.S.obj             8       0         0      
       aeabi_div0.c.obj               4       0         0      
    +--+------------------------------+-------+---------+---------+
       Total:                         2190    0         0      
                                                               
       Stack:                         0       0         512    
       Linker Generated:              0       43        0      
    +--+------------------------------+-------+---------+---------+
       Grand Total:                   24414   1681      3355   


LINKER GENERATED COPY TABLES

__TI_cinit_table @ 0000660c records: 2, size/record: 8, table size: 16
	.bss: load addr=000065fc, load size=00000008 bytes, run addr=20200000, run size=00000b17 bytes, compression=zero_init
	.data: load addr=00006604, load size=00000007 bytes, run addr=20200b18, run size=00000004 bytes, compression=lzss


LINKER GENERATED HANDLER TABLE

__TI_handler_table @ 000065f0 records: 3, size/record: 4, table size: 12
	index: 0, handler: __TI_decompress_lzss
	index: 1, handler: __TI_decompress_none
	index: 2, handler: __TI_zero_init


FAR CALL TRAMPOLINES

callee name               trampoline name
   callee addr  tramp addr   call addr  call info
--------------  -----------  ---------  ----------------
__aeabi_dcmpeq            $Tramp$TT$L$PI$$__aeabi_dcmpeq
   000054fd     00005fcc     00005fca   libc.a : strtod.c.obj (.text.OUTLINED_FUNCTION_1)

[1 trampolines]
[1 trampoline calls]


GLOBAL SYMBOLS: SORTED ALPHABETICALLY BY Name 

address   name                             
-------   ----                             
00003a27  ADC0_IRQHandler                  
00003a27  ADC1_IRQHandler                  
00003a27  AES_IRQHandler                   
000055b5  AO_Control                       
0000549d  BO_Control                       
00004e2c  C$$EXIT                          
00003a27  CANFD0_IRQHandler                
00003a27  DAC0_IRQHandler                  
00005f91  DL_Common_delayCycles            
0000428d  DL_Timer_initFourCCPWMMode       
00005d79  DL_Timer_setCaptCompUpdateMethod 
00005e05  DL_Timer_setCaptureCompareOutCtl 
00005ec9  DL_Timer_setCaptureCompareValue  
00005d95  DL_Timer_setClockConfig          
0000574d  DL_UART_init                     
00005db1  DL_UART_receiveDataCheck         
00005ea5  DL_UART_setClockConfig           
00005dcd  DL_UART_transmitDataCheck        
00003a27  DMA_IRQHandler                   
00003a27  Default_Handler                  
00003a27  GROUP0_IRQHandler                
00005fa5  GROUP1_IRQHandler                
00004e2d  HOSTexit                         
00003a27  HardFault_Handler                
00003a27  I2C0_IRQHandler                  
00003a27  I2C1_IRQHandler                  
00003a27  NMI_Handler                      
00003a27  PendSV_Handler                   
00003a27  RTC_IRQHandler                   
0000602f  Reset_Handler                    
00003a27  SPI0_IRQHandler                  
00003a27  SPI1_IRQHandler                  
00003a27  SVC_Handler                      
000046f5  SYSCFG_DL_GPIO_init              
00004ac9  SYSCFG_DL_PWM_MOTORS_init        
0000593d  SYSCFG_DL_SYSCTL_init            
00004f3d  SYSCFG_DL_UART_DEBUG_init        
00004fb9  SYSCFG_DL_UART_OPENMV_init       
00005bdd  SYSCFG_DL_init                   
00005795  SYSCFG_DL_initPower              
00004b5d  SysTick_Handler                  
0000560d  TB6612_Init                      
000057dd  TB6612_Motor_Stop                
00003a27  TIMA0_IRQHandler                 
00003a27  TIMA1_IRQHandler                 
00003a27  TIMG0_IRQHandler                 
00003a27  TIMG12_IRQHandler                
00003a27  TIMG6_IRQHandler                 
00003a27  TIMG7_IRQHandler                 
00003a27  TIMG8_IRQHandler                 
00005fe5  UART0_IRQHandler                 
00003a27  UART1_IRQHandler                 
00005fed  UART2_IRQHandler                 
00003a27  UART3_IRQHandler                 
20208000  __STACK_END                      
00000200  __STACK_SIZE                     
00000000  __TI_ATRegion0_region_sz         
00000000  __TI_ATRegion0_src_addr          
00000000  __TI_ATRegion0_trg_addr          
00000000  __TI_ATRegion1_region_sz         
00000000  __TI_ATRegion1_src_addr          
00000000  __TI_ATRegion1_trg_addr          
00000000  __TI_ATRegion2_region_sz         
00000000  __TI_ATRegion2_src_addr          
00000000  __TI_ATRegion2_trg_addr          
0000660c  __TI_CINIT_Base                  
0000661c  __TI_CINIT_Limit                 
0000661c  __TI_CINIT_Warm                  
000065f0  __TI_Handler_Table_Base          
000065fc  __TI_Handler_Table_Limit         
000059f9  __TI_auto_init_nobinit_nopinit   
00005035  __TI_decompress_lzss             
00005eb7  __TI_decompress_none             
ffffffff  __TI_pprof_out_hndl              
00000d49  __TI_printfi_nofloat             
ffffffff  __TI_prof_data_size              
ffffffff  __TI_prof_data_start             
000000c1  __TI_scanfi                      
00000000  __TI_static_base__               
00005f29  __TI_zero_init                   
0000389f  __adddf3                         
0000456b  __addsf3                         
00006040  __aeabi_ctype_table_             
00006040  __aeabi_ctype_table_C            
00005211  __aeabi_d2f                      
0000389f  __aeabi_dadd                     
000054fd  __aeabi_dcmpeq                   
00005533  __aeabi_dcmpge                   
00005545  __aeabi_dcmpgt                   
00005521  __aeabi_dcmple                   
0000550f  __aeabi_dcmplt                   
00005ff5  __aeabi_ddiv_fast                
00005ffd  __aeabi_dmul_fast                
00003895  __aeabi_dsub                     
20200b18  __aeabi_errno                    
00006005  __aeabi_errno_addr               
00005aad  __aeabi_f2iz                     
00005b19  __aeabi_f2uiz                    
0000456b  __aeabi_fadd                     
00005559  __aeabi_fcmpeq                   
0000558f  __aeabi_fcmpge                   
000055a1  __aeabi_fcmpgt                   
0000557d  __aeabi_fcmple                   
0000556b  __aeabi_fcmplt                   
00004d8b  __aeabi_fcmpun                   
00004eb9  __aeabi_fdiv                     
00004da1  __aeabi_fmul                     
00004561  __aeabi_fsub                     
00005a35  __aeabi_i2f                      
0000498f  __aeabi_idiv0                    
00004ac7  __aeabi_ldiv0                    
00005d59  __aeabi_llsl                     
00005cf1  __aeabi_lmul                     
00005df7  __aeabi_memclr                   
00005df7  __aeabi_memclr4                  
00005df7  __aeabi_memclr8                  
00006015  __aeabi_memcpy                   
00006015  __aeabi_memcpy4                  
00006015  __aeabi_memcpy8                  
00005de9  __aeabi_memset                   
00005de9  __aeabi_memset4                  
00005de9  __aeabi_memset8                  
00005ca5  __aeabi_ui2f                     
0000597d  __aeabi_uidiv                    
0000597d  __aeabi_uidivmod                 
00005e91  __aeabi_uldivmod                 
00005d59  __ashldi3                        
ffffffff  __binit__                        
000053d1  __cmpdf2                         
00004d15  __cmpsf2                         
00002dd5  __divdf3_fast                    
00004eb9  __divsf3                         
000053d1  __eqdf2                          
00004d15  __eqsf2                          
00005aad  __fixsfsi                        
00005b19  __fixunssfsi                     
00005a35  __floatsisf                      
00005ca5  __floatunsisf                    
000050b1  __gedf2                          
00004d4f  __gesf2                          
000050b1  __gtdf2                          
00004d4f  __gtsf2                          
000053d1  __ledf2                          
00004d15  __lesf2                          
000053d1  __ltdf2                          
00004d15  __ltsf2                          
UNDEFED   __mpu_init                       
000034f5  __muldf3_fast                    
00005cf1  __muldi3                         
00005a71  __muldsi3                        
00004da1  __mulsf3                         
000053d1  __nedf2                          
00004d15  __nesf2                          
20207e00  __stack                          
20200000  __start___llvm_prf_bits          
20200000  __start___llvm_prf_cnts          
20200000  __stop___llvm_prf_bits           
20200000  __stop___llvm_prf_cnts           
00003895  __subdf3                         
00004561  __subsf3                         
00005211  __truncdfsf2                     
000048ed  __udivmoddi4                     
00004d8b  __unordsf2                       
00005c7d  _c_int00_noargs                  
UNDEFED   _system_post_cinit               
0000520d  _system_pre_init                 
00006029  abort                            
00005365  app_car_control_init             
00001625  app_car_control_process_command  
000058b5  app_car_control_send_heartbeat   
000030b1  app_car_control_send_telemetry   
00005ed9  app_car_control_toggle_status_led
00001d2d  app_car_control_update           
000058f9  atoi                             
ffffffff  binit                            
00005e35  encoder_get_counts               
00004bf1  encoder_handle_gpio_irq          
00005825  encoder_init                     
00005e4d  encoder_reset                    
20200800  gPWM_MOTORSBackup                
00000000  interruptVectors                 
00004485  ldexp                            
00004639  ldexpf                           
00004485  ldexpl                           
00005f49  line_follow_get_error            
00005199  line_follow_get_turn_adjust      
00005ccd  line_follow_init                 
00005c05  line_follow_is_active            
00005b4d  line_follow_is_valid             
00004991  line_follow_parse_command        
00003e15  main                             
00005d15  memccpy                          
00004a2d  memcpy                           
00005439  memset                           
00005f55  motion_control_get_mode          
00005ee9  motion_control_get_target_deg_s  
00005ef9  motion_control_get_target_mm_s   
000059bd  motion_control_init              
00005f09  motion_control_is_active         
00005f61  motion_control_is_busy           
00002325  motion_control_parse_command     
00003cd5  motion_control_update            
000047a5  pid_calc                         
00005e65  pid_init                         
00005f6d  pid_reset                        
00004485  scalbn                           
00004639  scalbnf                          
00004485  scalbnl                          
0000586d  snprintf                         
00005bad  sscanf                           
00004e31  strcmp                           
000026d5  strtod                           
00002a85  strtof                           
00003b91  strtol                           
000026d5  strtold                          
00003319  strtoll                          
00003f45  strtoul                          
00003a29  strtoull                         
00005f79  uart_debug_get_rx_dropped_bytes  
00005f85  uart_debug_get_tx_dropped_bytes  
00005285  uart_debug_handle_irq            
00005c2d  uart_debug_init                  
00004071  uart_debug_read_line             
000056b5  uart_debug_service_tx            
00005701  uart_debug_write_string          
000052f5  uart_openmv_handle_irq           
00005c55  uart_openmv_init                 
00004849  uart_openmv_read_line            
00005f19  wcslen                           


GLOBAL SYMBOLS: SORTED BY Symbol Address 

address   name                             
-------   ----                             
00000000  __TI_ATRegion0_region_sz         
00000000  __TI_ATRegion0_src_addr          
00000000  __TI_ATRegion0_trg_addr          
00000000  __TI_ATRegion1_region_sz         
00000000  __TI_ATRegion1_src_addr          
00000000  __TI_ATRegion1_trg_addr          
00000000  __TI_ATRegion2_region_sz         
00000000  __TI_ATRegion2_src_addr          
00000000  __TI_ATRegion2_trg_addr          
00000000  __TI_static_base__               
00000000  interruptVectors                 
000000c1  __TI_scanfi                      
00000200  __STACK_SIZE                     
00000d49  __TI_printfi_nofloat             
00001625  app_car_control_process_command  
00001d2d  app_car_control_update           
00002325  motion_control_parse_command     
000026d5  strtod                           
000026d5  strtold                          
00002a85  strtof                           
00002dd5  __divdf3_fast                    
000030b1  app_car_control_send_telemetry   
00003319  strtoll                          
000034f5  __muldf3_fast                    
00003895  __aeabi_dsub                     
00003895  __subdf3                         
0000389f  __adddf3                         
0000389f  __aeabi_dadd                     
00003a27  ADC0_IRQHandler                  
00003a27  ADC1_IRQHandler                  
00003a27  AES_IRQHandler                   
00003a27  CANFD0_IRQHandler                
00003a27  DAC0_IRQHandler                  
00003a27  DMA_IRQHandler                   
00003a27  Default_Handler                  
00003a27  GROUP0_IRQHandler                
00003a27  HardFault_Handler                
00003a27  I2C0_IRQHandler                  
00003a27  I2C1_IRQHandler                  
00003a27  NMI_Handler                      
00003a27  PendSV_Handler                   
00003a27  RTC_IRQHandler                   
00003a27  SPI0_IRQHandler                  
00003a27  SPI1_IRQHandler                  
00003a27  SVC_Handler                      
00003a27  TIMA0_IRQHandler                 
00003a27  TIMA1_IRQHandler                 
00003a27  TIMG0_IRQHandler                 
00003a27  TIMG12_IRQHandler                
00003a27  TIMG6_IRQHandler                 
00003a27  TIMG7_IRQHandler                 
00003a27  TIMG8_IRQHandler                 
00003a27  UART1_IRQHandler                 
00003a27  UART3_IRQHandler                 
00003a29  strtoull                         
00003b91  strtol                           
00003cd5  motion_control_update            
00003e15  main                             
00003f45  strtoul                          
00004071  uart_debug_read_line             
0000428d  DL_Timer_initFourCCPWMMode       
00004485  ldexp                            
00004485  ldexpl                           
00004485  scalbn                           
00004485  scalbnl                          
00004561  __aeabi_fsub                     
00004561  __subsf3                         
0000456b  __addsf3                         
0000456b  __aeabi_fadd                     
00004639  ldexpf                           
00004639  scalbnf                          
000046f5  SYSCFG_DL_GPIO_init              
000047a5  pid_calc                         
00004849  uart_openmv_read_line            
000048ed  __udivmoddi4                     
0000498f  __aeabi_idiv0                    
00004991  line_follow_parse_command        
00004a2d  memcpy                           
00004ac7  __aeabi_ldiv0                    
00004ac9  SYSCFG_DL_PWM_MOTORS_init        
00004b5d  SysTick_Handler                  
00004bf1  encoder_handle_gpio_irq          
00004d15  __cmpsf2                         
00004d15  __eqsf2                          
00004d15  __lesf2                          
00004d15  __ltsf2                          
00004d15  __nesf2                          
00004d4f  __gesf2                          
00004d4f  __gtsf2                          
00004d8b  __aeabi_fcmpun                   
00004d8b  __unordsf2                       
00004da1  __aeabi_fmul                     
00004da1  __mulsf3                         
00004e2c  C$$EXIT                          
00004e2d  HOSTexit                         
00004e31  strcmp                           
00004eb9  __aeabi_fdiv                     
00004eb9  __divsf3                         
00004f3d  SYSCFG_DL_UART_DEBUG_init        
00004fb9  SYSCFG_DL_UART_OPENMV_init       
00005035  __TI_decompress_lzss             
000050b1  __gedf2                          
000050b1  __gtdf2                          
00005199  line_follow_get_turn_adjust      
0000520d  _system_pre_init                 
00005211  __aeabi_d2f                      
00005211  __truncdfsf2                     
00005285  uart_debug_handle_irq            
000052f5  uart_openmv_handle_irq           
00005365  app_car_control_init             
000053d1  __cmpdf2                         
000053d1  __eqdf2                          
000053d1  __ledf2                          
000053d1  __ltdf2                          
000053d1  __nedf2                          
00005439  memset                           
0000549d  BO_Control                       
000054fd  __aeabi_dcmpeq                   
0000550f  __aeabi_dcmplt                   
00005521  __aeabi_dcmple                   
00005533  __aeabi_dcmpge                   
00005545  __aeabi_dcmpgt                   
00005559  __aeabi_fcmpeq                   
0000556b  __aeabi_fcmplt                   
0000557d  __aeabi_fcmple                   
0000558f  __aeabi_fcmpge                   
000055a1  __aeabi_fcmpgt                   
000055b5  AO_Control                       
0000560d  TB6612_Init                      
000056b5  uart_debug_service_tx            
00005701  uart_debug_write_string          
0000574d  DL_UART_init                     
00005795  SYSCFG_DL_initPower              
000057dd  TB6612_Motor_Stop                
00005825  encoder_init                     
0000586d  snprintf                         
000058b5  app_car_control_send_heartbeat   
000058f9  atoi                             
0000593d  SYSCFG_DL_SYSCTL_init            
0000597d  __aeabi_uidiv                    
0000597d  __aeabi_uidivmod                 
000059bd  motion_control_init              
000059f9  __TI_auto_init_nobinit_nopinit   
00005a35  __aeabi_i2f                      
00005a35  __floatsisf                      
00005a71  __muldsi3                        
00005aad  __aeabi_f2iz                     
00005aad  __fixsfsi                        
00005b19  __aeabi_f2uiz                    
00005b19  __fixunssfsi                     
00005b4d  line_follow_is_valid             
00005bad  sscanf                           
00005bdd  SYSCFG_DL_init                   
00005c05  line_follow_is_active            
00005c2d  uart_debug_init                  
00005c55  uart_openmv_init                 
00005c7d  _c_int00_noargs                  
00005ca5  __aeabi_ui2f                     
00005ca5  __floatunsisf                    
00005ccd  line_follow_init                 
00005cf1  __aeabi_lmul                     
00005cf1  __muldi3                         
00005d15  memccpy                          
00005d59  __aeabi_llsl                     
00005d59  __ashldi3                        
00005d79  DL_Timer_setCaptCompUpdateMethod 
00005d95  DL_Timer_setClockConfig          
00005db1  DL_UART_receiveDataCheck         
00005dcd  DL_UART_transmitDataCheck        
00005de9  __aeabi_memset                   
00005de9  __aeabi_memset4                  
00005de9  __aeabi_memset8                  
00005df7  __aeabi_memclr                   
00005df7  __aeabi_memclr4                  
00005df7  __aeabi_memclr8                  
00005e05  DL_Timer_setCaptureCompareOutCtl 
00005e35  encoder_get_counts               
00005e4d  encoder_reset                    
00005e65  pid_init                         
00005e91  __aeabi_uldivmod                 
00005ea5  DL_UART_setClockConfig           
00005eb7  __TI_decompress_none             
00005ec9  DL_Timer_setCaptureCompareValue  
00005ed9  app_car_control_toggle_status_led
00005ee9  motion_control_get_target_deg_s  
00005ef9  motion_control_get_target_mm_s   
00005f09  motion_control_is_active         
00005f19  wcslen                           
00005f29  __TI_zero_init                   
00005f49  line_follow_get_error            
00005f55  motion_control_get_mode          
00005f61  motion_control_is_busy           
00005f6d  pid_reset                        
00005f79  uart_debug_get_rx_dropped_bytes  
00005f85  uart_debug_get_tx_dropped_bytes  
00005f91  DL_Common_delayCycles            
00005fa5  GROUP1_IRQHandler                
00005fe5  UART0_IRQHandler                 
00005fed  UART2_IRQHandler                 
00005ff5  __aeabi_ddiv_fast                
00005ffd  __aeabi_dmul_fast                
00006005  __aeabi_errno_addr               
00006015  __aeabi_memcpy                   
00006015  __aeabi_memcpy4                  
00006015  __aeabi_memcpy8                  
00006029  abort                            
0000602f  Reset_Handler                    
00006040  __aeabi_ctype_table_             
00006040  __aeabi_ctype_table_C            
000065f0  __TI_Handler_Table_Base          
000065fc  __TI_Handler_Table_Limit         
0000660c  __TI_CINIT_Base                  
0000661c  __TI_CINIT_Limit                 
0000661c  __TI_CINIT_Warm                  
20200000  __start___llvm_prf_bits          
20200000  __start___llvm_prf_cnts          
20200000  __stop___llvm_prf_bits           
20200000  __stop___llvm_prf_cnts           
20200800  gPWM_MOTORSBackup                
20200b18  __aeabi_errno                    
20207e00  __stack                          
20208000  __STACK_END                      
ffffffff  __TI_pprof_out_hndl              
ffffffff  __TI_prof_data_size              
ffffffff  __TI_prof_data_start             
ffffffff  __binit__                        
ffffffff  binit                            
UNDEFED   __mpu_init                       
UNDEFED   _system_post_cinit               

[229 symbols]
