******************************************************************************
            TI ARM Clang Linker PC v5.1.1                      
******************************************************************************
>> Linked Fri Jul 10 20:35:41 2026

OUTPUT FILE NAME:   <gpio_toggle_output.out>
ENTRY POINT SYMBOL: "_c_int00_noargs"  address: 0000db29


MEMORY CONFIGURATION

         name            origin    length      used     unused   attr    fill
----------------------  --------  ---------  --------  --------  ----  --------
  FLASH                 00000000   00020000  00012858  0000d7a8  R  X
  SRAM                  20200000   00008000  000035bd  00004a43  RW X
  BCR_CONFIG            41c00000   000000ff  00000000  000000ff  R   
  BSL_CONFIG            41c00100   00000080  00000000  00000080  R   


SEGMENT ALLOCATION MAP

run origin  load origin   length   init length attrs members
----------  ----------- ---------- ----------- ----- -------
00000000    00000000    00012858   00012858    r-x
  00000000    00000000    000000c0   000000c0    r-- .intvecs
  000000c0    000000c0    0000dfd0   0000dfd0    r-x .text
  0000e090    0000e090    00004790   00004790    r-- .rodata
  00012820    00012820    00000038   00000038    r-- .cinit
20200000    20200000    000033c0   00000000    rw-
  20200000    20200000    000033b1   00000000    rw- .bss
  202033b4    202033b4    0000000c   00000000    rw- .data
20207e00    20207e00    00000200   00000000    rw-
  20207e00    20207e00    00000200   00000000    rw- .stack


SECTION ALLOCATION MAP

 output                                  attributes/
section   page    origin      length       input sections
--------  ----  ----------  ----------   ----------------
.intvecs   0    00000000    000000c0     
                  00000000    000000c0     startup_mspm0g350x_ticlang.o (.intvecs)

.text      0    000000c0    0000dfd0     
                  000000c0    00000c88     libc.a : _scanfi.c.obj (.text.__TI_scanfi)
                  00000d48    00000c40     app_image_store.o (.text.app_image_store_process_command)
                  00001988    00000b04     app_attitude.o (.text.app_attitude_send)
                  0000248c    000008dc     libc.a : _printfi.c.obj (.text:__TI_printfi_nofloat)
                  00002d68    00000704     app_car_control.o (.text.app_car_control_process_command)
                  0000346c    00000678     libc.a : k_rem_pio2.c.obj (.text.__kernel_rem_pio2)
                  00003ae4    0000061c     app_image_store.o (.text.start_image_write)
                  00004100    00000610     app_image_store.o (.text.app_image_store_service)
                  00004710    000005f4     app_car_control.o (.text.app_car_control_update)
                  00004d04    0000043c     app_menu.o (.text.render_menu)
                  00005140    00000438     hw_w25q64.o (.text.w25q64_read_jedec_id)
                  00005578    00000424     app_menu.o (.text.app_menu_update)
                  0000599c    000003f0     app_motion_control.o (.text.motion_control_parse_command)
                  00005d8c    000003b0     libc.a : strtod.c.obj (.text.strtod)
                  0000613c    00000380     hw_lcd.o (.text.LCD_ShowString)
                  000064bc    0000035c     hw_w25q64.o (.text.w25q64_write)
                  00006818    00000354     hw_w25q64.o (.text.w25q64_send_address)
                  00006b6c    00000350     libc.a : strtof.c.obj (.text.strtof)
                  00006ebc    00000328     hw_lcd.o (.text.lcd_init)
                  000071e4    0000031c     app_attitude.o (.text.app_attitude_process_command)
                  00007500    000002dc     libc.a : divdf3_fast.c.obj (.text.__divdf3_fast)
                  000077dc    000002cc     app_motion_control.o (.text.motion_control_update)
                  00007aa8    000002ac     bsp_jy61.o (.text.jy61_probe_baudrate)
                  00007d54    000002ac     hw_lcd.o (.text.lcd_service)
                  00008000    00000268     app_car_control.o (.text.app_car_control_send_telemetry)
                  00008268    00000240     hw_w25q64.o (.text.w25q64_read)
                  000084a8    00000228     app_car_control.o (.text.update_lturn)
                  000086d0    00000208     hw_w25q64.o (.text.w25q64_wait_ready)
                  000088d8    000001f4     main.o (.text.main)
                  00008acc    000001e0     app_image_store.o (.text.rewrite_index_entries)
                  00008cac    000001dc     libc.a : strtoll.c.obj (.text.strtoll)
                  00008e88    000001d8            : muldf3_fast.c.obj (.text.__muldf3_fast)
                  00009060    000001d8            : s_cosf.c.obj (.text.cosf)
                  00009238    000001d0     hw_w25q64.o (.text.w25q64_erase_sector)
                  00009408    000001cc     libc.a : s_sinf.c.obj (.text.sinf)
                  000095d4    000001c8            : s_atanf.c.obj (.text.atanf)
                  0000979c    000001c8     app_car_control.o (.text.send_status)
                  00009964    000001b0     app_image_store.o (.text.app_image_store_get_file_count)
                  00009b14    00000192     libclang_rt.builtins.a : adddf3.S.obj (.text)
                  00009ca6    00000002     startup_mspm0g350x_ticlang.o (.text.Default_Handler)
                  00009ca8    0000017c     app_image_store.o (.text.ensure_index)
                  00009e24    00000174     libc.a : e_sqrt.c.obj (.text.sqrt)
                  00009f98    00000168            : strtoull.c.obj (.text.strtoull)
                  0000a100    00000164     app_image_store.o (.text.delete_image_id)
                  0000a264    00000160     libc.a : e_asinf.c.obj (.text.asinf)
                  0000a3c4    0000015c     bsp_jy61.o (.text.process_byte)
                  0000a520    00000148     libc.a : s_floor.c.obj (.text.floor)
                  0000a668    00000144     app_attitude.o (.text.send_jy61_status)
                  0000a7ac    00000144     libc.a : strtol.c.obj (.text.strtol)
                  0000a8f0    00000138     bsp_jy61.o (.text.jy61_set_baudrate)
                  0000aa28    00000134     hw_uart.o (.text.uart_debug_read_line)
                  0000ab5c    0000012c     libc.a : strtoul.c.obj (.text.strtoul)
                  0000ac88    00000120     app_image_store.o (.text.display_image)
                  0000ada8    00000118     libc.a : e_atan2f.c.obj (.text.atan2f)
                  0000aec0    00000108     app_car_control.o (.text.set_motor_duty)
                  0000afc8    00000104     driverlib.a : dl_timer.o (.text.DL_Timer_initFourCCPWMMode)
                  0000b0cc    00000100     bsp_jy61.o (.text.jy61_configure_output)
                  0000b1cc    000000f8     ti_msp_dl_config.o (.text.SYSCFG_DL_GPIO_init)
                  0000b2c4    000000e4     app_image_store.o (.text.app_image_store_get_file_by_index)
                  0000b3a8    000000dc     libc.a : s_scalbn.c.obj (.text.scalbn)
                  0000b484    000000d8     main.o (.text.SysTick_Handler)
                  0000b55c    000000d8     hw_openmv_uart.o (.text.uart_openmv_write_string)
                  0000b634    000000d8     libclang_rt.builtins.a : addsf3.S.obj (.text)
                  0000b70c    000000c4     bsp_jy61.o (.text.jy61_read_debug)
                  0000b7d0    000000bc     libc.a : s_scalbnf.c.obj (.text.scalbnf)
                  0000b88c    000000b0     bsp_jy61.o (.text.jy61_init)
                  0000b93c    000000ac     libc.a : s_cosf.c.obj (.text.__kernel_sindf)
                  0000b9e8    000000ac            : s_sinf.c.obj (.text.__kernel_sindf)
                  0000ba94    000000ac     hw_lcd.o (.text.lcd_address_set_sync)
                  0000bb40    000000a8     app_image_store.o (.text.show_image_id)
                  0000bbe8    000000a4     mid_pid.o (.text.pid_calc)
                  0000bc8c    000000a4     hw_openmv_uart.o (.text.uart_openmv_read_line)
                  0000bd30    000000a2     libclang_rt.builtins.a : udivmoddi4.S.obj (.text)
                  0000bdd2    00000002                            : aeabi_div0.c.obj (.text.__aeabi_idiv0)
                  0000bdd4    000000a0     bsp_jy61.o (.text.jy61_zero_yaw)
                  0000be74    0000009c     libc.a : s_cosf.c.obj (.text.__kernel_cosdf)
                  0000bf10    0000009c            : s_sinf.c.obj (.text.__kernel_cosdf)
                  0000bfac    0000009c     app_line_follow.o (.text.line_follow_parse_command)
                  0000c048    0000009c     app_attitude.o (.text.process_jy61_baud_command)
                  0000c0e4    0000009c     app_attitude.o (.text.scan_jy61_baudrate)
                  0000c180    0000009a     libc.a : memcpy16.S.obj (.text:memcpy)
                  0000c21a    00000002     libclang_rt.builtins.a : aeabi_div0.c.obj (.text.__aeabi_ldiv0)
                  0000c21c    00000098     app_attitude.o (.text.app_attitude_init)
                  0000c2b4    00000094     hw_encoder.o (.text.encoder_handle_gpio_irq)
                  0000c348    00000090     app_car_control.o (.text.send_motor_ack)
                  0000c3d8    0000008c     libclang_rt.builtins.a : comparesf2.S.obj (.text)
                  0000c464    0000008c                            : mulsf3.S.obj (.text)
                  0000c4f0    00000088     app_image_store.o (.text.app_image_store_show_image)
                  0000c578    00000008     main.o (.text.GROUP1_IRQHandler)
                  0000c580    00000088     libc.a : strcmp-armv6m.S.obj (.text:strcmp)
                  0000c608    00000082     libclang_rt.builtins.a : divsf3.S.obj (.text)
                  0000c68a    00000002     --HOLE-- [fill = 0]
                  0000c68c    0000007c     ti_msp_dl_config.o (.text.SYSCFG_DL_UART_DEBUG_init)
                  0000c708    0000007c     ti_msp_dl_config.o (.text.SYSCFG_DL_UART_JY61P_init)
                  0000c784    0000007c     ti_msp_dl_config.o (.text.SYSCFG_DL_UART_OPENMV_init)
                  0000c800    0000007c     app_menu.o (.text.app_menu_init)
                  0000c87c    0000007c     bsp_jy61.o (.text.jy61_read_angles)
                  0000c8f8    0000007c     libc.a : copy_decompress_lzss.c.obj (.text:decompress:lzss)
                  0000c974    00000078     app_line_follow.o (.text.line_follow_get_turn_adjust)
                  0000c9ec    00000078     app_image_store.o (.text.sanitize_name)
                  0000ca64    00000074     libclang_rt.builtins.a : comparedf2.c.obj (.text.__gedf2)
                  0000cad8    00000074     libc.a : sscanf.c.obj (.text._chkmbc)
                  0000cb4c    00000004     libsysbm.a : hostexit.c.obj (.text.HOSTexit)
                  0000cb50    00000074     libclang_rt.builtins.a : truncdfsf2.S.obj (.text)
                  0000cbc4    00000070     ti_msp_dl_config.o (.text.SYSCFG_DL_initPower)
                  0000cc34    00000070     bsp_jy61.o (.text.jy61_poll)
                  0000cca4    00000070     hw_uart.o (.text.uart_debug_handle_irq)
                  0000cd14    00000070     hw_openmv_uart.o (.text.uart_openmv_handle_irq)
                  0000cd84    0000006c     hw_lcd.o (.text.LCD_Fill)
                  0000cdf0    0000006c     ti_msp_dl_config.o (.text.SYSCFG_DL_PWM_LEFT_init)
                  0000ce5c    0000006c     ti_msp_dl_config.o (.text.SYSCFG_DL_PWM_RIGHT_init)
                  0000cec8    0000006c     app_car_control.o (.text.app_car_control_init)
                  0000cf34    0000006c     bsp_jy61.o (.text.jy61_handle_irq)
                  0000cfa0    00000068     libclang_rt.builtins.a : comparedf2.c.obj (.text.__ledf2)
                  0000d008    00000068     bsp_jy61.o (.text.jy61_read_quaternion)
                  0000d070    00000064     bsp_tb6612.o (.text.TB6612_Init)
                  0000d0d4    00000062     libc.a : memset16.S.obj (.text:memset)
                  0000d136    00000002     --HOLE-- [fill = 0]
                  0000d138    00000060     bsp_tb6612.o (.text.BO_Control)
                  0000d198    0000005a     libclang_rt.builtins.a : aeabi_dcmp.S.obj (.text)
                  0000d1f2    00000002     --HOLE-- [fill = 0]
                  0000d1f4    0000005a                            : aeabi_fcmp.S.obj (.text)
                  0000d24e    00000002     --HOLE-- [fill = 0]
                  0000d250    00000058     bsp_tb6612.o (.text.AO_Control)
                  0000d2a8    00000056     libclang_rt.builtins.a : aeabi_idivmod.S.obj (.text)
                  0000d2fe    00000002     --HOLE-- [fill = 0]
                  0000d300    00000054     app_motion_control.o (.text.motion_control_init)
                  0000d354    00000054     app_car_control.o (.text.send_pulse_ack)
                  0000d3a8    0000004c     bsp_tb6612.o (.text.TB6612_Motor_Stop)
                  0000d3f4    0000004c     hw_uart.o (.text.uart_debug_service_tx)
                  0000d440    0000004c     hw_uart.o (.text.uart_debug_write_string)
                  0000d48c    0000004a     libclang_rt.builtins.a : fixdfsi.S.obj (.text)
                  0000d4d6    00000002     --HOLE-- [fill = 0]
                  0000d4d8    00000048     driverlib.a : dl_uart.o (.text.DL_UART_init)
                  0000d520    00000048     ti_msp_dl_config.o (.text.SYSCFG_DL_SPI_LCD_init)
                  0000d568    00000048     ti_msp_dl_config.o (.text.SYSCFG_DL_init)
                  0000d5b0    00000048     hw_encoder.o (.text.encoder_init)
                  0000d5f8    00000048     libc.a : snprintf.c.obj (.text.snprintf)
                  0000d640    00000044     driverlib.a : dl_spi.o (.text.DL_SPI_init)
                  0000d684    00000044     app_car_control.o (.text.app_car_control_send_heartbeat)
                  0000d6c8    00000044     libc.a : atoi.c.obj (.text.atoi)
                  0000d70c    00000040     ti_msp_dl_config.o (.text.SYSCFG_DL_SYSCTL_init)
                  0000d74c    00000040     app_car_control.o (.text.app_car_control_send_odometry)
                  0000d78c    00000040     libclang_rt.builtins.a : aeabi_uidivmod.S.obj (.text)
                  0000d7cc    00000040                            : extendsfdf2.S.obj (.text)
                  0000d80c    0000003c     libc.a : autoinit.c.obj (.text:__TI_auto_init_nobinit_nopinit)
                  0000d848    0000003c     libclang_rt.builtins.a : floatsisf.S.obj (.text)
                  0000d884    0000003a                            : muldsi3.S.obj (.text)
                  0000d8be    00000002     --HOLE-- [fill = 0]
                  0000d8c0    00000038     hw_uart.o (.text.uart_debug_read_byte)
                  0000d8f8    00000038     libclang_rt.builtins.a : fixsfsi.S.obj (.text)
                  0000d930    00000032     libc.a : snprintf.c.obj (.text._outs)
                  0000d962    00000002     --HOLE-- [fill = 0]
                  0000d964    00000032     libclang_rt.builtins.a : fixunssfsi.S.obj (.text)
                  0000d996    00000002     --HOLE-- [fill = 0]
                  0000d998    00000030     driverlib.a : dl_uart.o (.text.DL_UART_transmitDataBlocking)
                  0000d9c8    00000030     app_line_follow.o (.text.line_follow_is_valid)
                  0000d9f8    00000030     app_car_control.o (.text.send_unknown_command)
                  0000da28    00000030     libc.a : sscanf.c.obj (.text.sscanf)
                  0000da58    0000002c     app_image_store.o (.text.show_legacy_slot)
                  0000da84    0000002c     libclang_rt.builtins.a : floatsidf.S.obj (.text)
                  0000dab0    00000028     app_line_follow.o (.text.line_follow_is_active)
                  0000dad8    00000028     hw_uart.o (.text.uart_debug_init)
                  0000db00    00000028     hw_openmv_uart.o (.text.uart_openmv_init)
                  0000db28    00000028     libc.a : boot_cortex_m.c.obj (.text:_c_int00_noargs)
                  0000db50    00000028     libclang_rt.builtins.a : floatunsisf.S.obj (.text)
                  0000db78    00000024     app_attitude.o (.text.app_attitude_read_yaw)
                  0000db9c    00000024     app_line_follow.o (.text.line_follow_init)
                  0000dbc0    00000024     hw_w25q64.o (.text.w25q64_is_valid_jedec_id)
                  0000dbe4    00000024     libclang_rt.builtins.a : muldi3.S.obj (.text)
                  0000dc08    00000022     libc.a : memccpy.c.obj (.text.memccpy)
                  0000dc2a    00000022     app_car_control.o (.text.strlen)
                  0000dc4c    0000001e     libclang_rt.builtins.a : ashldi3.S.obj (.text)
                  0000dc6a    00000002     --HOLE-- [fill = 0]
                  0000dc6c    0000001c     driverlib.a : dl_timer.o (.text.DL_Timer_setCaptCompUpdateMethod)
                  0000dc88    0000001c                 : dl_timer.o (.text.DL_Timer_setClockConfig)
                  0000dca4    0000001c                 : dl_uart.o (.text.DL_UART_receiveDataCheck)
                  0000dcc0    0000001c                 : dl_uart.o (.text.DL_UART_transmitDataCheck)
                  0000dcdc    0000001c     hw_spi.o (.text.spi_write_bus)
                  0000dcf8    0000001c     hw_w25q64.o (.text.w25q64_init)
                  0000dd14    0000001a     libclang_rt.builtins.a : aeabi_memset.S.obj (.text)
                  0000dd2e    00000002     --HOLE-- [fill = 0]
                  0000dd30    00000018     driverlib.a : dl_timer.o (.text.DL_Timer_setCaptureCompareOutCtl)
                  0000dd48    00000018     hw_lcd.o (.text.LCD_WR_DATA8)
                  0000dd60    00000018     libc.a : snprintf.c.obj (.text._outc)
                  0000dd78    00000018     hw_encoder.o (.text.encoder_get_counts)
                  0000dd90    00000018     hw_encoder.o (.text.encoder_reset)
                  0000dda8    00000018     mid_pid.o (.text.pid_init)
                  0000ddc0    00000014     libc.a : k_rem_pio2.c.obj (.text.OUTLINED_FUNCTION_0)
                  0000ddd4    00000010     libclang_rt.builtins.a : adddf3.S.obj (.tramp.__aeabi_dadd.1)
                  0000dde4    00000014     libc.a : sscanf.c.obj (.text._inpchar)
                  0000ddf8    00000014     app_attitude.o (.text.app_attitude_poll)
                  0000de0c    00000014     libclang_rt.builtins.a : aeabi_uldivmod.S.obj (.text)
                  0000de20    00000012     driverlib.a : dl_spi.o (.text.DL_SPI_setClockConfig)
                  0000de32    00000012                 : dl_uart.o (.text.DL_UART_setClockConfig)
                  0000de44    00000012     libc.a : copy_decompress_none.c.obj (.text:decompress:none)
                  0000de56    00000002     --HOLE-- [fill = 0]
                  0000de58    00000010     driverlib.a : dl_timer.o (.text.DL_Timer_setCaptureCompareValue)
                  0000de68    00000010     app_car_control.o (.text.app_car_control_toggle_status_led)
                  0000de78    00000010     app_motion_control.o (.text.motion_control_get_target_deg_s)
                  0000de88    00000010     app_motion_control.o (.text.motion_control_get_target_mm_s)
                  0000de98    00000010     app_motion_control.o (.text.motion_control_is_active)
                  0000dea8    00000010     libc.a : wcslen.c.obj (.text.wcslen)
                  0000deb8    00000010            : copy_zero_init.c.obj (.text:decompress:ZI)
                  0000dec8    0000000e            : _printfi.c.obj (.text.strlen)
                  0000ded6    00000002     --HOLE-- [fill = 0]
                  0000ded8    0000000c     app_image_store.o (.text.app_image_store_is_receiving)
                  0000dee4    0000000c     bsp_jy61.o (.text.jy61_get_baudrate)
                  0000def0    0000000c     app_line_follow.o (.text.line_follow_get_error)
                  0000defc    0000000c     app_motion_control.o (.text.motion_control_get_mode)
                  0000df08    0000000c     app_motion_control.o (.text.motion_control_is_busy)
                  0000df14    0000000c     mid_pid.o (.text.pid_reset)
                  0000df20    0000000c     hw_uart.o (.text.uart_debug_get_rx_dropped_bytes)
                  0000df2c    0000000c     hw_uart.o (.text.uart_debug_get_tx_dropped_bytes)
                  0000df38    0000000a     driverlib.a : dl_common.o (.text.DL_Common_delayCycles)
                  0000df42    0000000a     libc.a : _scanfi.c.obj (.text.OUTLINED_FUNCTION_0)
                  0000df4c    0000000a            : k_rem_pio2.c.obj (.text.OUTLINED_FUNCTION_1)
                  0000df56    0000000a            : s_cosf.c.obj (.text.OUTLINED_FUNCTION_3)
                  0000df60    0000000a            : s_sinf.c.obj (.text.OUTLINED_FUNCTION_3)
                  0000df6a    00000008     hw_lcd.o (.text.LCD_Address_Set)
                  0000df72    00000008     libc.a : strtod.c.obj (.text.OUTLINED_FUNCTION_0)
                  0000df7a    00000008            : strtof.c.obj (.text.OUTLINED_FUNCTION_0)
                  0000df82    00000008            : _scanfi.c.obj (.text.OUTLINED_FUNCTION_1)
                  0000df8a    00000008            : strtod.c.obj (.text.OUTLINED_FUNCTION_1)
                  0000df92    00000002     --HOLE-- [fill = 0]
                  0000df94    00000010     libclang_rt.builtins.a : aeabi_dcmp.S.obj (.tramp.__aeabi_dcmpeq.1)
                  0000dfa4    00000008     libc.a : _scanfi.c.obj (.text.OUTLINED_FUNCTION_2)
                  0000dfac    00000008     main.o (.text.UART0_IRQHandler)
                  0000dfb4    00000008     main.o (.text.UART1_IRQHandler)
                  0000dfbc    00000008     main.o (.text.UART2_IRQHandler)
                  0000dfc4    00000008     libclang_rt.builtins.a : aeabi_ddiv.c.obj (.text.__aeabi_ddiv_fast)
                  0000dfcc    00000008                            : aeabi_dmul.c.obj (.text.__aeabi_dmul_fast)
                  0000dfd4    00000008     libc.a : aeabi_portable.c.obj (.text.__aeabi_errno_addr)
                  0000dfdc    00000008            : sscanf.c.obj (.text._uninpchar)
                  0000dfe4    00000008     app_image_store.o (.text.app_image_store_init)
                  0000dfec    00000008     libclang_rt.builtins.a : aeabi_memcpy.S.obj (.text)
                  0000dff4    00000006     libc.a : e_asinf.c.obj (.text.OUTLINED_FUNCTION_0)
                  0000dffa    00000002     --HOLE-- [fill = 0]
                  0000dffc    00000010     libclang_rt.builtins.a : mulsf3.S.obj (.tramp.__aeabi_fmul.1)
                  0000e00c    00000006     libc.a : s_atanf.c.obj (.text.OUTLINED_FUNCTION_0)
                  0000e012    00000002     --HOLE-- [fill = 0]
                  0000e014    00000010     libclang_rt.builtins.a : divsf3.S.obj (.tramp.__aeabi_fdiv.1)
                  0000e024    00000006     libc.a : s_cosf.c.obj (.text.OUTLINED_FUNCTION_0)
                  0000e02a    00000006            : s_sinf.c.obj (.text.OUTLINED_FUNCTION_0)
                  0000e030    00000006            : s_cosf.c.obj (.text.OUTLINED_FUNCTION_1)
                  0000e036    00000006            : s_sinf.c.obj (.text.OUTLINED_FUNCTION_1)
                  0000e03c    00000006            : _scanfi.c.obj (.text.OUTLINED_FUNCTION_3)
                  0000e042    00000006            : _scanfi.c.obj (.text.OUTLINED_FUNCTION_4)
                  0000e048    00000006            : exit.c.obj (.text:abort)
                  0000e04e    00000004            : s_atanf.c.obj (.text.OUTLINED_FUNCTION_1)
                  0000e052    00000002     --HOLE-- [fill = 0]
                  0000e054    00000010     libclang_rt.builtins.a : addsf3.S.obj (.tramp.__aeabi_fadd.1)
                  0000e064    00000004     libc.a : s_cosf.c.obj (.text.OUTLINED_FUNCTION_2)
                  0000e068    00000010     libclang_rt.builtins.a : extendsfdf2.S.obj (.tramp.__aeabi_f2d.1)
                  0000e078    00000004     libc.a : s_sinf.c.obj (.text.OUTLINED_FUNCTION_2)
                  0000e07c    00000004     startup_mspm0g350x_ticlang.o (.text.Reset_Handler)
                  0000e080    00000004     libc.a : pre_init.c.obj (.text._system_pre_init)
                  0000e084    0000000c     --HOLE-- [fill = 0]

.cinit     0    00012820    00000038     
                  00012820    0000000d     (.cinit..data.load) [load image, compression = lzss]
                  0001282d    00000003     --HOLE-- [fill = 0]
                  00012830    0000000c     (__TI_handler_table)
                  0001283c    00000008     (.cinit..bss.load) [load image, compression = zero_init]
                  00012844    00000010     (__TI_cinit_table)
                  00012854    00000004     --HOLE-- [fill = 0]

.rodata    0    0000e090    00004790     
                  0000e090    000017c0     hw_lcd.o (.rodata.ascii_3216)
                  0000f850    000011d0     hw_lcd.o (.rodata.ascii_2412)
                  00010a20    000005f0     hw_lcd.o (.rodata.ascii_1608)
                  00011010    00000474     hw_lcd.o (.rodata.ascii_1206)
                  00011484    0000000c     app_menu.o (.rodata..Lswitch.table.render_menu.34)
                  00011490    00000400     app_image_store.o (.rodata..L.crctable)
                  00011890    00000108     libc.a : k_rem_pio2.c.obj (.rodata.ipio2)
                  00011998    00000008     ti_msp_dl_config.o (.rodata.gPWM_LEFTConfig)
                  000119a0    00000101     libc.a : aeabi_ctype.S.obj (.rodata:__aeabi_ctype_table_)
                  00011aa1    000000aa     app_attitude.o (.rodata.str1.12678294702289295633.1)
                  00011b4b    00000090     app_car_control.o (.rodata.str1.5259596890075649042.1)
                  00011bdb    00000005     app_menu.o (.rodata.str1.12774373472051410650.1)
                  00011be0    00000080     libc.a : strtod.c.obj (.rodata.digits)
                  00011c60    00000077     app_car_control.o (.rodata.str1.14718060586108094866.1)
                  00011cd7    00000064     app_attitude.o (.rodata.str1.7524948951623268457.1)
                  00011d3b    0000004f     app_car_control.o (.rodata.str1.5964142759088803818.1)
                  00011d8a    00000049     app_attitude.o (.rodata.str1.8768218251077458445.1)
                  00011dd3    00000005     app_car_control.o (.rodata.str1.14187085924937509073.1)
                  00011dd8    00000048     libc.a : strtod.c.obj (.rodata.powerof10)
                  00011e20    00000041     app_image_store.o (.rodata.str1.10771746842938527832.1)
                  00011e61    00000007     libc.a : _scanfi.c.obj (.rodata._sproc_int.flit)
                  00011e68    00000040            : k_rem_pio2.c.obj (.rodata.PIo2)
                  00011ea8    00000040            : strtof.c.obj (.rodata.digits)
                  00011ee8    00000038     app_car_control.o (.rodata.str1.18415326926820213635.1)
                  00011f20    00000030     app_menu.o (.rodata.gControlActions)
                  00011f50    00000030     app_image_store.o (.rodata.str1.6236586835251264547.1)
                  00011f80    0000002d     app_attitude.o (.rodata.str1.6752101502054803375.1)
                  00011fad    0000002c     app_image_store.o (.rodata.str1.88736359541321483.1)
                  00011fd9    00000028     app_attitude.o (.rodata.str1.10552932612988208341.1)
                  00012001    00000027     app_image_store.o (.rodata.str1.7208172818732810984.1)
                  00012028    00000020     libc.a : s_atanf.c.obj (.rodata.cst16)
                  00012048    00000020     app_car_control.o (.rodata.str1.11820653816532915241.1)
                  00012068    0000001c     app_image_store.o (.rodata.str1.12518459513636896009.1)
                  00012084    0000001b     app_car_control.o (.rodata.str1.3663651136879122161.1)
                  0001209f    0000001b     app_car_control.o (.rodata.str1.7412545083657853309.1)
                  000120ba    00000019     app_attitude.o (.rodata.str1.13118626032209432180.1)
                  000120d3    00000019     app_image_store.o (.rodata.str1.4463156681709531536.1)
                  000120ec    00000018     libc.a : strtof.c.obj (.rodata.powerof10)
                  00012104    00000018     app_attitude.o (.rodata.str1.2432380418576062097.1)
                  0001211c    00000018     app_image_store.o (.rodata.str1.3943128210769034708.1)
                  00012134    00000017     app_car_control.o (.rodata.str1.11441606736553431316.1)
                  0001214b    00000017     app_image_store.o (.rodata.str1.14325169853327357086.1)
                  00012162    00000017     app_image_store.o (.rodata.str1.8001765060508804488.1)
                  00012179    00000016     app_image_store.o (.rodata.str1.13100746637483118525.1)
                  0001218f    00000016     app_car_control.o (.rodata.str1.13623210523040911423.1)
                  000121a5    00000016     app_image_store.o (.rodata.str1.15089797052171653355.1)
                  000121bb    00000016     app_image_store.o (.rodata.str1.2451013434895191930.1)
                  000121d1    00000016     app_image_store.o (.rodata.str1.7116285585965412896.1)
                  000121e7    00000016     app_image_store.o (.rodata.str1.7232703196782369634.1)
                  000121fd    00000016     app_image_store.o (.rodata.str1.966381243394337003.1)
                  00012213    00000015     app_image_store.o (.rodata.str1.3315526320607120612.1)
                  00012228    00000015     app_image_store.o (.rodata.str1.4953579345119954976.1)
                  0001223d    00000014     app_image_store.o (.rodata.str1.10239964167124003547.1)
                  00012251    00000014     app_car_control.o (.rodata.str1.11767702346173402250.1)
                  00012265    00000014     app_image_store.o (.rodata.str1.1278989015151488701.1)
                  00012279    00000014     app_image_store.o (.rodata.str1.17058307470283294006.1)
                  0001228d    00000013     app_image_store.o (.rodata.str1.10719668412084469107.1)
                  000122a0    00000013     app_menu.o (.rodata.str1.14599295487868770485.1)
                  000122b3    00000013     app_image_store.o (.rodata.str1.4896484217139496724.1)
                  000122c6    00000013     app_menu.o (.rodata.str1.8587423524971408815.1)
                  000122d9    00000013     app_attitude.o (.rodata.str1.8728343829806117875.1)
                  000122ec    00000012     app_image_store.o (.rodata.str1.17701700798736101906.1)
                  000122fe    00000012     hw_uart.o (.rodata.str1.2093199925178161188.1)
                  00012310    00000012     app_car_control.o (.rodata.str1.5648599197474771290.1)
                  00012322    00000011     libc.a : _printfi.c.obj (.rodata.str1.10348868589481759720.1)
                  00012333    00000011     app_menu.o (.rodata.str1.13291200952344795083.1)
                  00012344    00000011     app_image_store.o (.rodata.str1.13682038726605492326.1)
                  00012355    00000011     app_image_store.o (.rodata.str1.14140011708520654533.1)
                  00012366    00000011     libc.a : _printfi.c.obj (.rodata.str1.15363888844622738466.1)
                  00012377    00000011     app_image_store.o (.rodata.str1.1633866612525549658.1)
                  00012388    00000011     app_image_store.o (.rodata.str1.17518596821781156186.1)
                  00012399    00000011     app_image_store.o (.rodata.str1.18255799002341319570.1)
                  000123aa    00000011     app_menu.o (.rodata.str1.2502805813946034081.1)
                  000123bb    00000011     app_image_store.o (.rodata.str1.6620573711617949968.1)
                  000123cc    00000010     libc.a : k_rem_pio2.c.obj (.rodata.cst16)
                  000123dc    00000010     app_menu.o (.rodata.str1.10179918132242277246.1)
                  000123ec    00000010     app_image_store.o (.rodata.str1.1022218113181972255.1)
                  000123fc    00000010     app_menu.o (.rodata.str1.14126570398133045751.1)
                  0001240c    00000010     app_image_store.o (.rodata.str1.16276858914226573060.1)
                  0001241c    00000010     app_menu.o (.rodata.str1.17019962864983933259.1)
                  0001242c    00000010     app_attitude.o (.rodata.str1.17537195037462092868.1)
                  0001243c    00000010     app_menu.o (.rodata.str1.2963573859074234144.1)
                  0001244c    00000010     app_attitude.o (.rodata.str1.401295218559232509.1)
                  0001245c    00000010     app_attitude.o (.rodata.str1.6782492159512457147.1)
                  0001246c    00000010     app_image_store.o (.rodata.str1.922866183752400037.1)
                  0001247c    0000000f     app_image_store.o (.rodata.str1.10030303806669008466.1)
                  0001248b    0000000f     app_attitude.o (.rodata.str1.12375382654845902287.1)
                  0001249a    0000000f     app_image_store.o (.rodata.str1.15254584463968736402.1)
                  000124a9    0000000f     app_image_store.o (.rodata.str1.15302995582985116374.1)
                  000124b8    0000000f     app_attitude.o (.rodata.str1.15499469300449287954.1)
                  000124c7    0000000f     app_image_store.o (.rodata.str1.17298955117559882846.1)
                  000124d6    0000000f     app_image_store.o (.rodata.str1.192982350882974882.1)
                  000124e5    0000000f     app_image_store.o (.rodata.str1.453317182575259710.1)
                  000124f4    0000000f     app_menu.o (.rodata.str1.5646529578594857381.1)
                  00012503    0000000f     app_image_store.o (.rodata.str1.6896973632456159792.1)
                  00012512    0000000f     app_menu.o (.rodata.str1.7531628254874797983.1)
                  00012521    0000000f     app_attitude.o (.rodata.str1.8165882371521057139.1)
                  00012530    0000000e     app_menu.o (.rodata.str1.16205392958640528880.1)
                  0001253e    0000000e     app_image_store.o (.rodata.str1.3333276576617639139.1)
                  0001254c    0000000e     app_image_store.o (.rodata.str1.499212061291446025.1)
                  0001255a    0000000d     app_car_control.o (.rodata.str1.11272716704398869594.1)
                  00012567    0000000d     app_menu.o (.rodata.str1.11932593214074061278.1)
                  00012574    0000000d     app_menu.o (.rodata.str1.13024445473359218120.1)
                  00012581    0000000d     app_car_control.o (.rodata.str1.4874208870431229975.1)
                  0001258e    0000000d     app_car_control.o (.rodata.str1.7569317419661685027.1)
                  0001259b    0000000d     app_menu.o (.rodata.str1.8374456079885623809.1)
                  000125a8    0000000d     app_menu.o (.rodata.str1.888971180331502718.1)
                  000125b5    00000003     ti_msp_dl_config.o (.rodata.gPWM_LEFTClockConfig)
                  000125b8    0000000c     app_menu.o (.rodata..Lswitch.table.render_menu)
                  000125c4    0000000c     app_menu.o (.rodata.gRootItems)
                  000125d0    0000000c     app_car_control.o (.rodata.str1.10416396766295915984.1)
                  000125dc    0000000c     app_car_control.o (.rodata.str1.10986280395233754576.1)
                  000125e8    0000000c     app_car_control.o (.rodata.str1.16566837512891204500.1)
                  000125f4    0000000c     app_image_store.o (.rodata.str1.16994630871187842618.1)
                  00012600    0000000c     app_menu.o (.rodata.str1.17370931082652322430.1)
                  0001260c    0000000c     app_car_control.o (.rodata.str1.1822894261428252022.1)
                  00012618    0000000c     app_menu.o (.rodata.str1.236204657446602858.1)
                  00012624    0000000c     app_car_control.o (.rodata.str1.2882403439750828858.1)
                  00012630    0000000c     app_car_control.o (.rodata.str1.6493979626155181994.1)
                  0001263c    0000000b     app_image_store.o (.rodata.str1.12458800325358982136.1)
                  00012647    0000000b     app_car_control.o (.rodata.str1.14175076128169481003.1)
                  00012652    0000000b     app_image_store.o (.rodata.str1.14924896683467369587.1)
                  0001265d    0000000b     main.o (.rodata.str1.17100691992556644108.1)
                  00012668    0000000a     ti_msp_dl_config.o (.rodata.gSPI_LCD_config)
                  00012672    0000000a     ti_msp_dl_config.o (.rodata.gUART_DEBUGConfig)
                  0001267c    0000000a     ti_msp_dl_config.o (.rodata.gUART_JY61PConfig)
                  00012686    0000000a     ti_msp_dl_config.o (.rodata.gUART_OPENMVConfig)
                  00012690    0000000a     app_image_store.o (.rodata.str1.10509079851279419267.1)
                  0001269a    0000000a     app_car_control.o (.rodata.str1.12484813675258476528.1)
                  000126a4    0000000a     app_menu.o (.rodata.str1.14486978520946485314.1)
                  000126ae    0000000a     main.o (.rodata.str1.15159059442110792349.1)
                  000126b8    0000000a     app_menu.o (.rodata.str1.15264288196382591912.1)
                  000126c2    0000000a     app_car_control.o (.rodata.str1.2972993705525450585.1)
                  000126cc    0000000a     app_car_control.o (.rodata.str1.6044509230432320655.1)
                  000126d6    0000000a     app_image_store.o (.rodata.str1.675336549761521282.1)
                  000126e0    0000000a     app_menu.o (.rodata.str1.8365603212124221852.1)
                  000126ea    0000000a     app_car_control.o (.rodata.str1.9822639397776744045.1)
                  000126f4    00000009     app_image_store.o (.rodata.str1.12600685386380521834.1)
                  000126fd    00000009     libc.a : _scanfi.c.obj (.rodata.str1.12964984209033246150.1)
                  00012706    00000009     app_image_store.o (.rodata.str1.14597090408004562942.1)
                  0001270f    00000009     app_menu.o (.rodata.str1.7729255960333412300.1)
                  00012718    00000009     app_car_control.o (.rodata.str1.8898464879457977813.1)
                  00012721    00000009     app_car_control.o (.rodata.str1.9984945524575007645.1)
                  0001272a    00000002     ti_msp_dl_config.o (.rodata.gSPI_LCD_clockConfig)
                  0001272c    00000008     ti_msp_dl_config.o (.rodata.gPWM_RIGHTConfig)
                  00012734    00000008     app_car_control.o (.rodata.str1.12234416300867838885.1)
                  0001273c    00000008     app_attitude.o (.rodata.str1.17338460916662203045.1)
                  00012744    00000008     app_image_store.o (.rodata.str1.6032708027505727261.1)
                  0001274c    00000008     app_menu.o (.rodata.str1.7701684975333963447.1)
                  00012754    00000008     app_menu.o (.rodata.str1.9507348189867938020.1)
                  0001275c    00000008     app_attitude.o (.rodata.str1.9874728349693388622.1)
                  00012764    00000007     app_menu.o (.rodata.str1.1152731303948041579.1)
                  0001276b    00000007     app_car_control.o (.rodata.str1.13032410439314695910.1)
                  00012772    00000007     app_attitude.o (.rodata.str1.13831501240740541083.1)
                  00012779    00000007     app_menu.o (.rodata.str1.14706561077188554416.1)
                  00012780    00000007     app_menu.o (.rodata.str1.1551400316678538729.1)
                  00012787    00000007     app_attitude.o (.rodata.str1.16607386373136019299.1)
                  0001278e    00000007     app_attitude.o (.rodata.str1.3445491599604826322.1)
                  00012795    00000007     app_menu.o (.rodata.str1.5986042308352981742.1)
                  0001279c    00000007     app_attitude.o (.rodata.str1.7011054452338935499.1)
                  000127a3    00000007     app_image_store.o (.rodata.str1.7788371886631451480.1)
                  000127aa    00000007     app_menu.o (.rodata.str1.7877668351663821929.1)
                  000127b1    00000007     main.o (.rodata.str1.8154729771448623357.1)
                  000127b8    00000006     libc.a : _scanfi.c.obj (.rodata._sproc_int.barr)
                  000127be    00000006     app_car_control.o (.rodata.str1.10099187617512664200.1)
                  000127c4    00000006     app_line_follow.o (.rodata.str1.13577393985823711167.1)
                  000127ca    00000006     app_motion_control.o (.rodata.str1.15845094093975241062.1)
                  000127d0    00000006     app_menu.o (.rodata.str1.2227258521325309534.1)
                  000127d6    00000006     app_attitude.o (.rodata.str1.3919908913252114906.1)
                  000127dc    00000006     app_motion_control.o (.rodata.str1.4383496431151190140.1)
                  000127e2    00000006     app_attitude.o (.rodata.str1.8499773590557895145.1)
                  000127e8    00000006     app_menu.o (.rodata.str1.8778062457141544432.1)
                  000127ee    00000005     app_attitude.o (.rodata.str1.14362554010302191111.1)
                  000127f3    00000005     app_car_control.o (.rodata.str1.14880763104044842744.1)
                  000127f8    00000005     app_menu.o (.rodata.str1.5248584222339851319.1)
                  000127fd    00000004     app_car_control.o (.rodata.str1.15872741239078135150.1)
                  00012801    00000004     app_car_control.o (.rodata.str1.1972896047161163948.1)
                  00012805    00000004     libc.a : _scanfi.c.obj (.rodata.str1.3403580589742030990.1)
                  00012809    00000004     app_attitude.o (.rodata.str1.4164992248460084130.1)
                  0001280d    00000003     ti_msp_dl_config.o (.rodata.gPWM_RIGHTClockConfig)
                  00012810    00000003     app_image_store.o (.rodata.str1.18007641529385435886.1)
                  00012813    00000003     app_car_control.o (.rodata.str1.26950527303777515.1)
                  00012816    00000003     app_motion_control.o (.rodata.str1.825203759767528237.1)
                  00012819    00000002     ti_msp_dl_config.o (.rodata.gUART_DEBUGClockConfig)
                  0001281b    00000002     ti_msp_dl_config.o (.rodata.gUART_JY61PClockConfig)
                  0001281d    00000002     ti_msp_dl_config.o (.rodata.gUART_OPENMVClockConfig)
                  0001281f    00000001     --HOLE-- [fill = 0]

.init_array 
*          0    00000000    00000000     UNINITIALIZED

.binit     0    00000000    00000000     

.bss       0    20200000    000033b1     UNINITIALIZED
                  20200000    00001680     app_image_store.o (.bss.gIndexCompactEntries)
                  20201680    00000a80     hw_lcd.o (.bss.gQueue)
                  20202100    00000800     hw_uart.o (.bss.gUartTxBuffer)
                  20202900    00000400     hw_uart.o (.bss.gUartRxBuffer)
                  20202d00    00000100     app_image_store.o (.bss.gDisplayBuffer)
                  20202e00    00000100     app_image_store.o (.bss.gRxBuffer)
                  20202f00    000000bc     (.common:gPWM_LEFTBackup)
                  20202fbc    000000bc     (.common:gPWM_RIGHTBackup)
                  20203078    00000080     hw_openmv_uart.o (.bss.gOpenmvRxBuffer)
                  202030f8    00000050     hw_lcd.o (.bss.gDraw)
                  20203148    00000040     hw_uart.o (.bss.uart_debug_read_line.rxLine)
                  20203188    00000028     (.common:gSPI_LCDBackup)
                  202031b0    00000024     app_car_control.o (.bss.gLeftSpeedPid)
                  202031d4    00000024     app_car_control.o (.bss.gRightSpeedPid)
                  202031f8    00000020     app_menu.o (.bss.gMessage)
                  20203218    00000020     hw_openmv_uart.o (.bss.uart_openmv_read_line.rxLine)
                  20203238    00000010     app_image_store.o (.bss.gFileName)
                  20203248    0000000b     bsp_jy61.o (.bss.gLastFrame)
                  20203253    00000001     app_menu.o (.bss.app_menu_update.previousDownPressed)
                  20203254    00000009     bsp_jy61.o (.bss.gPayload)
                  2020325d    00000001     app_menu.o (.bss.app_menu_update.previousUpPressed)
                  2020325e    00000008     bsp_jy61.o (.bss.gQuatRaw)
                  20203266    00000002     app_image_store.o (.bss.gHeight)
                  20203268    00000004     bsp_jy61.o (.bss.gAngleFrameCount)
                  2020326c    00000004     app_motion_control.o (.bss.gAngularSpeedDegS)
                  20203270    00000004     app_attitude.o (.bss.gAttitudeZeroMatrix.0)
                  20203274    00000004     app_attitude.o (.bss.gAttitudeZeroMatrix.1)
                  20203278    00000004     app_attitude.o (.bss.gAttitudeZeroMatrix.2)
                  2020327c    00000004     app_attitude.o (.bss.gAttitudeZeroMatrix.3)
                  20203280    00000004     app_attitude.o (.bss.gAttitudeZeroMatrix.4)
                  20203284    00000004     app_attitude.o (.bss.gAttitudeZeroMatrix.5)
                  20203288    00000004     app_attitude.o (.bss.gAttitudeZeroMatrix.6)
                  2020328c    00000004     app_attitude.o (.bss.gAttitudeZeroMatrix.7)
                  20203290    00000004     app_attitude.o (.bss.gAttitudeZeroMatrix.8)
                  20203294    00000004     app_menu.o (.bss.gBackOkKey.2)
                  20203298    00000004     app_attitude.o (.bss.gBodyAngles.2)
                  2020329c    00000004     bsp_jy61.o (.bss.gByteCount)
                  202032a0    00000004     bsp_jy61.o (.bss.gChecksumFailCount)
                  202032a4    00000004     app_image_store.o (.bss.gDataAddress)
                  202032a8    00000004     app_image_store.o (.bss.gExpectedCrc)
                  202032ac    00000004     app_image_store.o (.bss.gExpectedSize)
                  202032b0    00000004     app_car_control.o (.bss.gFilteredLeftSpeed)
                  202032b4    00000004     app_car_control.o (.bss.gFilteredRightSpeed)
                  202032b8    00000004     app_attitude.o (.bss.gFilteredYawDeg)
                  202032bc    00000004     bsp_jy61.o (.bss.gIrqCount)
                  202032c0    00000004     app_car_control.o (.bss.gLTurnDirection)
                  202032c4    00000004     app_car_control.o (.bss.gLTurnStartLeftCount)
                  202032c8    00000004     app_car_control.o (.bss.gLTurnStartRightCount)
                  202032cc    00000004     app_car_control.o (.bss.gLTurnStartYawDeg)
                  202032d0    00000004     app_car_control.o (.bss.gLTurnTargetDeg)
                  202032d4    00000004     app_car_control.o (.bss.gLastLeftDelta)
                  202032d8    00000004     app_car_control.o (.bss.gLastLeftOutput)
                  202032dc    00000004     app_car_control.o (.bss.gLastLeftTargetSpeed)
                  202032e0    00000004     app_line_follow.o (.bss.gLastLineMs)
                  202032e4    00000004     app_car_control.o (.bss.gLastPidError)
                  202032e8    00000004     app_car_control.o (.bss.gLastRightDelta)
                  202032ec    00000004     app_car_control.o (.bss.gLastRightOutput)
                  202032f0    00000004     app_car_control.o (.bss.gLastRightTargetSpeed)
                  202032f4    00000004     app_menu.o (.bss.gLastStatusRefreshMs)
                  202032f8    00000004     app_car_control.o (.bss.gLastUpdateMs)
                  202032fc    00000004     hw_encoder.o (.bss.gLeftEncoderCount)
                  20203300    00000004     app_line_follow.o (.bss.gLineError)
                  20203304    00000004     app_car_control.o (.bss.gLineFollowResumeMs)
                  20203308    00000004     app_motion_control.o (.bss.gLinearSpeedMmS)
                  2020330c    00000004     app_car_control.o (.bss.gManualLeftDutyPercent)
                  20203310    00000004     app_car_control.o (.bss.gManualPulseStopMs)
                  20203314    00000004     app_car_control.o (.bss.gManualRightDutyPercent)
                  20203318    00000004     hw_openmv_uart.o (.bss.gOpenmvRxDroppedBytes)
                  2020331c    00000004     bsp_jy61.o (.bss.gPollCount)
                  20203320    00000004     app_car_control.o (.bss.gPreviousLeftCount)
                  20203324    00000004     app_car_control.o (.bss.gPreviousRightCount)
                  20203328    00000004     bsp_jy61.o (.bss.gQuatFrameCount)
                  2020332c    00000004     app_image_store.o (.bss.gReceivedSize)
                  20203330    00000004     hw_encoder.o (.bss.gRightEncoderCount)
                  20203334    00000004     app_image_store.o (.bss.gRunningCrc)
                  20203338    00000004     app_image_store.o (.bss.gRxLength)
                  2020333c    00000004     app_car_control.o (.bss.gSpeedTargetCounts)
                  20203340    00000004     app_motion_control.o (.bss.gStartLeftCount)
                  20203344    00000004     app_motion_control.o (.bss.gStartRightCount)
                  20203348    00000004     app_motion_control.o (.bss.gStartYawDeg)
                  2020334c    00000004     main.o (.bss.gSysTickMs)
                  20203350    00000004     app_motion_control.o (.bss.gTargetAngleDeg)
                  20203354    00000004     app_motion_control.o (.bss.gTargetCounts)
                  20203358    00000004     app_car_control.o (.bss.gTargetManualLeftDutyPercent)
                  2020335c    00000004     app_car_control.o (.bss.gTargetManualRightDutyPercent)
                  20203360    00000004     app_car_control.o (.bss.gTargetSpeedCounts)
                  20203364    00000004     hw_uart.o (.bss.gUartRxDroppedBytes)
                  20203368    00000004     hw_uart.o (.bss.gUartTxDroppedBytes)
                  2020336c    00000004     app_image_store.o (.bss.gWriteAddress)
                  20203370    00000004     hw_uart.o (.bss.uart_debug_read_line.rxIndex)
                  20203374    00000004     hw_openmv_uart.o (.bss.uart_openmv_read_line.rxIndex)
                  20203378    00000002     hw_openmv_uart.o (.bss.gOpenmvRxHead)
                  2020337a    00000002     hw_openmv_uart.o (.bss.gOpenmvRxTail)
                  2020337c    00000002     bsp_jy61.o (.bss.gPitchRaw)
                  2020337e    00000002     bsp_jy61.o (.bss.gRollRaw)
                  20203380    00000002     hw_uart.o (.bss.gUartRxHead)
                  20203382    00000002     hw_uart.o (.bss.gUartRxTail)
                  20203384    00000002     hw_uart.o (.bss.gUartTxHead)
                  20203386    00000002     hw_uart.o (.bss.gUartTxTail)
                  20203388    00000002     app_image_store.o (.bss.gWidth)
                  2020338a    00000002     bsp_jy61.o (.bss.gYawRaw)
                  2020338c    00000001     bsp_jy61.o (.bss.gAngleValid)
                  2020338d    00000001     main.o (.bss.gAttitudeUpdatePending)
                  2020338e    00000001     app_attitude.o (.bss.gAttitudeZeroValid)
                  2020338f    00000001     app_menu.o (.bss.gBackOkKey.1)
                  20203390    00000001     app_menu.o (.bss.gBackOkKey.0)
                  20203391    00000001     app_attitude.o (.bss.gBodyAnglesValid)
                  20203392    00000001     app_motion_control.o (.bss.gBusy)
                  20203393    00000001     app_menu.o (.bss.gControlSelected)
                  20203394    00000001     main.o (.bss.gControlUpdatePending)
                  20203395    00000001     app_image_store.o (.bss.gFileId)
                  20203396    00000001     app_menu.o (.bss.gFileSelected)
                  20203397    00000001     app_attitude.o (.bss.gFilteredYawValid)
                  20203398    00000001     bsp_jy61.o (.bss.gFrameType)
                  20203399    00000001     main.o (.bss.gHeartbeatUpdatePending)
                  2020339a    00000001     app_attitude.o (.bss.gJy61Ready)
                  2020339b    00000001     app_car_control.o (.bss.gLTurnActive)
                  2020339c    00000001     app_car_control.o (.bss.gLTurnYawValid)
                  2020339d    00000001     bsp_jy61.o (.bss.gLastFrameType)
                  2020339e    00000001     app_line_follow.o (.bss.gLineEnabled)
                  2020339f    00000001     app_line_follow.o (.bss.gLineValid)
                  202033a0    00000001     app_car_control.o (.bss.gManualMotorMode)
                  202033a1    00000001     main.o (.bss.gMenuUpdatePending)
                  202033a2    00000001     app_motion_control.o (.bss.gMode)
                  202033a3    00000001     main.o (.bss.gOdometryUpdatePending)
                  202033a4    00000001     bsp_jy61.o (.bss.gPayloadIndex)
                  202033a5    00000001     bsp_jy61.o (.bss.gQuatValid)
                  202033a6    00000001     hw_lcd.o (.bss.gQueueHead)
                  202033a7    00000001     hw_lcd.o (.bss.gQueueTail)
                  202033a8    00000001     app_image_store.o (.bss.gReceiving)
                  202033a9    00000001     app_menu.o (.bss.gRenderActive)
                  202033aa    00000001     app_menu.o (.bss.gRenderStep)
                  202033ab    00000001     app_menu.o (.bss.gRootSelected)
                  202033ac    00000001     bsp_jy61.o (.bss.gRxState)
                  202033ad    00000001     main.o (.bss.gStatusLedUpdatePending)
                  202033ae    00000001     app_car_control.o (.bss.gTelemetryEnabled)
                  202033af    00000001     main.o (.bss.gTelemetryUpdatePending)
                  202033b0    00000001     app_motion_control.o (.bss.gTurnYawValid)

.data      0    202033b4    0000000c     UNINITIALIZED
                  202033b4    00000004     libc.a : aeabi_portable.c.obj (.data.__aeabi_errno)
                  202033b8    00000004     bsp_jy61.o (.data.gBaudRate)
                  202033bc    00000001     app_menu.o (.data.gDirty)
                  202033bd    00000001     app_menu.o (.data.gPage)
                  202033be    00000001     app_menu.o (.data.gRenderPage)
                  202033bf    00000001     app_menu.o (.data.gReturnPage)

.stack     0    20207e00    00000200     UNINITIALIZED
                  20207e00    00000004     libc.a : boot_cortex_m.c.obj (.stack)
                  20207e04    000001fc     --HOLE--

__llvm_prf_cnts 
*          0    20200000    00000000     UNINITIALIZED

__llvm_prf_bits 
*          0    20200000    00000000     UNINITIALIZED

MODULE SUMMARY

       Module                         code    ro data   rw data
       ------                         ----    -------   -------
    .\
       ti_msp_dl_config.o             1156    70        416    
       main.o                         748     28        11     
       startup_mspm0g350x_ticlang.o   6       192       0      
    +--+------------------------------+-------+---------+---------+
       Total:                         1910    290       427    
                                                               
    .\app\
       app_image_store.o              8904    2006      6322   
       app_car_control.o              5774    789       176    
       app_attitude.o                 4460    654       48     
       app_menu.o                     2268    452       53     
       app_motion_control.o           1880    15        31     
       app_line_follow.o              412     6         10     
    +--+------------------------------+-------+---------+---------+
       Total:                         23698   3922      6640   
                                                               
    .\bsp\
       bsp_tb6612.o                   360     0         0      
    +--+------------------------------+-------+---------+---------+
       Total:                         360     0         0      
                                                               
    .\bsp\jy61\
       bsp_jy61.o                     2592    0         68     
    +--+------------------------------+-------+---------+---------+
       Total:                         2592    0         68     
                                                               
    .\hw\
       hw_lcd.o                       2700    13300     2770   
       hw_w25q64.o                    4416    0         0      
       hw_uart.o                      692     18        3156   
       hw_openmv_uart.o               532     0         172    
       hw_encoder.o                   268     0         8      
       hw_spi.o                       28      0         0      
    +--+------------------------------+-------+---------+---------+
       Total:                         8636    13318     6106   
                                                               
    .\mid\
       mid_pid.o                      200     0         0      
    +--+------------------------------+-------+---------+---------+
       Total:                         200     0         0      
                                                               
    C:/TI/mspm0_sdk_2_10_00_04/source/ti/driverlib/lib/ticlang/m0p/mspm0g1x0x_g3x0x/driverlib.a
       dl_timer.o                     356     0         0      
       dl_uart.o                      194     0         0      
       dl_spi.o                       86      0         0      
       dl_common.o                    10      0         0      
    +--+------------------------------+-------+---------+---------+
       Total:                         646     0         0      
                                                               
    F:\yingyong\ccs\ccs\tools\compiler\ti-cgt-armllvm_5.1.1.LTS\lib\armv6m-ti-none-eabi/c/libc.a
       _scanfi.c.obj                  3246    26        0      
       _printfi.c.obj                 2282    34        0      
       k_rem_pio2.c.obj               1686    344       0      
       strtod.c.obj                   960     200       0      
       strtof.c.obj                   856     88        0      
       s_cosf.c.obj                   826     0         0      
       s_sinf.c.obj                   814     0         0      
       divdf3_fast.c.obj              732     0         0      
       s_atanf.c.obj                  466     32        0      
       strtoll.c.obj                  476     0         0      
       muldf3_fast.c.obj              472     0         0      
       e_sqrt.c.obj                   372     0         0      
       strtoull.c.obj                 360     0         0      
       e_asinf.c.obj                  358     0         0      
       s_floor.c.obj                  328     0         0      
       strtol.c.obj                   324     0         0      
       strtoul.c.obj                  300     0         0      
       e_atan2f.c.obj                 280     0         0      
       aeabi_ctype.S.obj              0       257       0      
       s_scalbn.c.obj                 220     0         0      
       sscanf.c.obj                   192     0         0      
       s_scalbnf.c.obj                188     0         0      
       memcpy16.S.obj                 154     0         0      
       snprintf.c.obj                 146     0         0      
       strcmp-armv6m.S.obj            136     0         0      
       copy_decompress_lzss.c.obj     124     0         0      
       memset16.S.obj                 98      0         0      
       atoi.c.obj                     68      0         0      
       autoinit.c.obj                 60      0         0      
       boot_cortex_m.c.obj            40      0         0      
       memccpy.c.obj                  34      0         0      
       copy_decompress_none.c.obj     18      0         0      
       copy_zero_init.c.obj           16      0         0      
       wcslen.c.obj                   16      0         0      
       aeabi_portable.c.obj           8       0         4      
       exit.c.obj                     6       0         0      
       pre_init.c.obj                 4       0         0      
    +--+------------------------------+-------+---------+---------+
       Total:                         16666   981       4      
                                                               
    F:\yingyong\ccs\ccs\tools\compiler\ti-cgt-armllvm_5.1.1.LTS\lib\armv6m-ti-none-eabi/c/libsysbm.a
       hostexit.c.obj                 4       0         0      
    +--+------------------------------+-------+---------+---------+
       Total:                         4       0         0      
                                                               
    F:\yingyong\ccs\ccs\tools\compiler\ti-cgt-armllvm_5.1.1.LTS\lib\armv6m-ti-none-eabi/libclang_rt.builtins.a
       adddf3.S.obj                   418     0         0      
       addsf3.S.obj                   232     0         0      
       comparedf2.c.obj               220     0         0      
       udivmoddi4.S.obj               162     0         0      
       mulsf3.S.obj                   156     0         0      
       divsf3.S.obj                   146     0         0      
       comparesf2.S.obj               140     0         0      
       truncdfsf2.S.obj               116     0         0      
       aeabi_dcmp.S.obj               106     0         0      
       aeabi_fcmp.S.obj               90      0         0      
       aeabi_idivmod.S.obj            86      0         0      
       extendsfdf2.S.obj              80      0         0      
       fixdfsi.S.obj                  74      0         0      
       aeabi_uidivmod.S.obj           64      0         0      
       floatsisf.S.obj                60      0         0      
       muldsi3.S.obj                  58      0         0      
       fixsfsi.S.obj                  56      0         0      
       fixunssfsi.S.obj               50      0         0      
       floatsidf.S.obj                44      0         0      
       floatunsisf.S.obj              40      0         0      
       muldi3.S.obj                   36      0         0      
       ashldi3.S.obj                  30      0         0      
       aeabi_memset.S.obj             26      0         0      
       aeabi_uldivmod.S.obj           20      0         0      
       aeabi_ddiv.c.obj               8       0         0      
       aeabi_dmul.c.obj               8       0         0      
       aeabi_memcpy.S.obj             8       0         0      
       aeabi_div0.c.obj               4       0         0      
    +--+------------------------------+-------+---------+---------+
       Total:                         2538    0         0      
                                                               
       Stack:                         0       0         512    
       Linker Generated:              0       49        0      
    +--+------------------------------+-------+---------+---------+
       Grand Total:                   57250   18560     13757  


LINKER GENERATED COPY TABLES

__TI_cinit_table @ 00012844 records: 2, size/record: 8, table size: 16
	.data: load addr=00012820, load size=0000000d bytes, run addr=202033b4, run size=0000000c bytes, compression=lzss
	.bss: load addr=0001283c, load size=00000008 bytes, run addr=20200000, run size=000033b1 bytes, compression=zero_init


LINKER GENERATED HANDLER TABLE

__TI_handler_table @ 00012830 records: 3, size/record: 4, table size: 12
	index: 0, handler: __TI_decompress_lzss
	index: 1, handler: __TI_decompress_none
	index: 2, handler: __TI_zero_init


FAR CALL TRAMPOLINES

callee name               trampoline name
   callee addr  tramp addr   call addr  call info
--------------  -----------  ---------  ----------------
__aeabi_dadd              $Tramp$TT$L$PI$$__aeabi_dadd
   00009b1f     0000ddd4     0000ddd2   libc.a : k_rem_pio2.c.obj (.text.OUTLINED_FUNCTION_0)
                             0000df54          : k_rem_pio2.c.obj (.text.OUTLINED_FUNCTION_1)
                             0000df5e          : s_cosf.c.obj (.text.OUTLINED_FUNCTION_3)
                             0000df68          : s_sinf.c.obj (.text.OUTLINED_FUNCTION_3)
__aeabi_dcmpeq            $Tramp$TT$L$PI$$__aeabi_dcmpeq
   0000d199     0000df94     0000df90   libc.a : strtod.c.obj (.text.OUTLINED_FUNCTION_1)
__aeabi_fmul              $Tramp$TT$L$PI$$__aeabi_fmul
   0000c465     0000dffc     0000dff8   libc.a : e_asinf.c.obj (.text.OUTLINED_FUNCTION_0)
__aeabi_fdiv              $Tramp$TT$L$PI$$__aeabi_fdiv
   0000c609     0000e014     0000e010   libc.a : s_atanf.c.obj (.text.OUTLINED_FUNCTION_0)
__aeabi_fadd              $Tramp$TT$L$PI$$__aeabi_fadd
   0000b63f     0000e054     0000e050   libc.a : s_atanf.c.obj (.text.OUTLINED_FUNCTION_1)
__aeabi_f2d               $Tramp$TT$L$PI$$__aeabi_f2d
   0000d7cd     0000e068     0000e066   libc.a : s_cosf.c.obj (.text.OUTLINED_FUNCTION_2)
                             0000e07a          : s_sinf.c.obj (.text.OUTLINED_FUNCTION_2)

[6 trampolines]
[10 trampoline calls]


GLOBAL SYMBOLS: SORTED ALPHABETICALLY BY Name 

address   name                             
-------   ----                             
00009ca7  ADC0_IRQHandler                  
00009ca7  ADC1_IRQHandler                  
00009ca7  AES_IRQHandler                   
0000d251  AO_Control                       
0000d139  BO_Control                       
0000cb4c  C$$EXIT                          
00009ca7  CANFD0_IRQHandler                
00009ca7  DAC0_IRQHandler                  
0000df39  DL_Common_delayCycles            
0000d641  DL_SPI_init                      
0000de21  DL_SPI_setClockConfig            
0000afc9  DL_Timer_initFourCCPWMMode       
0000dc6d  DL_Timer_setCaptCompUpdateMethod 
0000dd31  DL_Timer_setCaptureCompareOutCtl 
0000de59  DL_Timer_setCaptureCompareValue  
0000dc89  DL_Timer_setClockConfig          
0000d4d9  DL_UART_init                     
0000dca5  DL_UART_receiveDataCheck         
0000de33  DL_UART_setClockConfig           
0000d999  DL_UART_transmitDataBlocking     
0000dcc1  DL_UART_transmitDataCheck        
00009ca7  DMA_IRQHandler                   
00009ca7  Default_Handler                  
00009ca7  GROUP0_IRQHandler                
0000c579  GROUP1_IRQHandler                
0000cb4d  HOSTexit                         
00009ca7  HardFault_Handler                
00009ca7  I2C0_IRQHandler                  
00009ca7  I2C1_IRQHandler                  
0000df6b  LCD_Address_Set                  
0000cd85  LCD_Fill                         
0000613d  LCD_ShowString                   
0000dd49  LCD_WR_DATA8                     
00009ca7  NMI_Handler                      
00009ca7  PendSV_Handler                   
00009ca7  RTC_IRQHandler                   
0000e07d  Reset_Handler                    
00009ca7  SPI0_IRQHandler                  
00009ca7  SPI1_IRQHandler                  
00009ca7  SVC_Handler                      
0000b1cd  SYSCFG_DL_GPIO_init              
0000cdf1  SYSCFG_DL_PWM_LEFT_init          
0000ce5d  SYSCFG_DL_PWM_RIGHT_init         
0000d521  SYSCFG_DL_SPI_LCD_init           
0000d70d  SYSCFG_DL_SYSCTL_init            
0000c68d  SYSCFG_DL_UART_DEBUG_init        
0000c709  SYSCFG_DL_UART_JY61P_init        
0000c785  SYSCFG_DL_UART_OPENMV_init       
0000d569  SYSCFG_DL_init                   
0000cbc5  SYSCFG_DL_initPower              
0000b485  SysTick_Handler                  
0000d071  TB6612_Init                      
0000d3a9  TB6612_Motor_Stop                
00009ca7  TIMA0_IRQHandler                 
00009ca7  TIMA1_IRQHandler                 
00009ca7  TIMG0_IRQHandler                 
00009ca7  TIMG12_IRQHandler                
00009ca7  TIMG6_IRQHandler                 
00009ca7  TIMG7_IRQHandler                 
00009ca7  TIMG8_IRQHandler                 
0000dfad  UART0_IRQHandler                 
0000dfb5  UART1_IRQHandler                 
0000dfbd  UART2_IRQHandler                 
00009ca7  UART3_IRQHandler                 
20208000  __STACK_END                      
00000200  __STACK_SIZE                     
00000000  __TI_ATRegion0_region_sz         
00000000  __TI_ATRegion0_src_addr          
00000000  __TI_ATRegion0_trg_addr          
00000000  __TI_ATRegion1_region_sz         
00000000  __TI_ATRegion1_src_addr          
00000000  __TI_ATRegion1_trg_addr          
00000000  __TI_ATRegion2_region_sz         
00000000  __TI_ATRegion2_src_addr          
00000000  __TI_ATRegion2_trg_addr          
00012844  __TI_CINIT_Base                  
00012854  __TI_CINIT_Limit                 
00012854  __TI_CINIT_Warm                  
00012830  __TI_Handler_Table_Base          
0001283c  __TI_Handler_Table_Limit         
0000d80d  __TI_auto_init_nobinit_nopinit   
0000c8f9  __TI_decompress_lzss             
0000de45  __TI_decompress_none             
ffffffff  __TI_pprof_out_hndl              
0000248d  __TI_printfi_nofloat             
ffffffff  __TI_prof_data_size              
ffffffff  __TI_prof_data_start             
000000c1  __TI_scanfi                      
00000000  __TI_static_base__               
0000deb9  __TI_zero_init                   
00009b1f  __adddf3                         
0000b63f  __addsf3                         
000119a0  __aeabi_ctype_table_             
000119a0  __aeabi_ctype_table_C            
0000cb51  __aeabi_d2f                      
0000d48d  __aeabi_d2iz                     
00009b1f  __aeabi_dadd                     
0000d199  __aeabi_dcmpeq                   
0000d1cf  __aeabi_dcmpge                   
0000d1e1  __aeabi_dcmpgt                   
0000d1bd  __aeabi_dcmple                   
0000d1ab  __aeabi_dcmplt                   
0000dfc5  __aeabi_ddiv_fast                
0000dfcd  __aeabi_dmul_fast                
00009b15  __aeabi_dsub                     
202033b4  __aeabi_errno                    
0000dfd5  __aeabi_errno_addr               
0000d7cd  __aeabi_f2d                      
0000d8f9  __aeabi_f2iz                     
0000d965  __aeabi_f2uiz                    
0000b63f  __aeabi_fadd                     
0000d1f5  __aeabi_fcmpeq                   
0000d22b  __aeabi_fcmpge                   
0000d23d  __aeabi_fcmpgt                   
0000d219  __aeabi_fcmple                   
0000d207  __aeabi_fcmplt                   
0000c44f  __aeabi_fcmpun                   
0000c609  __aeabi_fdiv                     
0000c465  __aeabi_fmul                     
0000b635  __aeabi_fsub                     
0000da85  __aeabi_i2d                      
0000d849  __aeabi_i2f                      
0000d2a9  __aeabi_idiv                     
0000bdd3  __aeabi_idiv0                    
0000d2a9  __aeabi_idivmod                  
0000c21b  __aeabi_ldiv0                    
0000dc4d  __aeabi_llsl                     
0000dbe5  __aeabi_lmul                     
0000dd23  __aeabi_memclr                   
0000dd23  __aeabi_memclr4                  
0000dd23  __aeabi_memclr8                  
0000dfed  __aeabi_memcpy                   
0000dfed  __aeabi_memcpy4                  
0000dfed  __aeabi_memcpy8                  
0000dd15  __aeabi_memset                   
0000dd15  __aeabi_memset4                  
0000dd15  __aeabi_memset8                  
0000db51  __aeabi_ui2f                     
0000d78d  __aeabi_uidiv                    
0000d78d  __aeabi_uidivmod                 
0000de0d  __aeabi_uldivmod                 
0000dc4d  __ashldi3                        
ffffffff  __binit__                        
0000cfa1  __cmpdf2                         
0000c3d9  __cmpsf2                         
00007501  __divdf3_fast                    
0000c609  __divsf3                         
0000cfa1  __eqdf2                          
0000c3d9  __eqsf2                          
0000d7cd  __extendsfdf2                    
0000d48d  __fixdfsi                        
0000d8f9  __fixsfsi                        
0000d965  __fixunssfsi                     
0000da85  __floatsidf                      
0000d849  __floatsisf                      
0000db51  __floatunsisf                    
0000ca65  __gedf2                          
0000c413  __gesf2                          
0000ca65  __gtdf2                          
0000c413  __gtsf2                          
0000346d  __kernel_rem_pio2                
0000cfa1  __ledf2                          
0000c3d9  __lesf2                          
0000cfa1  __ltdf2                          
0000c3d9  __ltsf2                          
UNDEFED   __mpu_init                       
00008e89  __muldf3_fast                    
0000dbe5  __muldi3                         
0000d885  __muldsi3                        
0000c465  __mulsf3                         
0000cfa1  __nedf2                          
0000c3d9  __nesf2                          
20207e00  __stack                          
20200000  __start___llvm_prf_bits          
20200000  __start___llvm_prf_cnts          
20200000  __stop___llvm_prf_bits           
20200000  __stop___llvm_prf_cnts           
00009b15  __subdf3                         
0000b635  __subsf3                         
0000cb51  __truncdfsf2                     
0000bd31  __udivmoddi4                     
0000c44f  __unordsf2                       
0000db29  _c_int00_noargs                  
UNDEFED   _system_post_cinit               
0000e081  _system_pre_init                 
0000e049  abort                            
0000c21d  app_attitude_init                
0000ddf9  app_attitude_poll                
000071e5  app_attitude_process_command     
0000db79  app_attitude_read_yaw            
00001989  app_attitude_send                
0000cec9  app_car_control_init             
00002d69  app_car_control_process_command  
0000d685  app_car_control_send_heartbeat   
0000d74d  app_car_control_send_odometry    
00008001  app_car_control_send_telemetry   
0000de69  app_car_control_toggle_status_led
00004711  app_car_control_update           
0000b2c5  app_image_store_get_file_by_index
00009965  app_image_store_get_file_count   
0000dfe5  app_image_store_init             
0000ded9  app_image_store_is_receiving     
00000d49  app_image_store_process_command  
00004101  app_image_store_service          
0000c4f1  app_image_store_show_image       
0000c801  app_menu_init                    
00005579  app_menu_update                  
00011010  ascii_1206                       
00010a20  ascii_1608                       
0000f850  ascii_2412                       
0000e090  ascii_3216                       
0000a265  asinf                            
0000ada9  atan2f                           
000095d5  atanf                            
0000d6c9  atoi                             
ffffffff  binit                            
00009061  cosf                             
0000dd79  encoder_get_counts               
0000c2b5  encoder_handle_gpio_irq          
0000d5b1  encoder_init                     
0000dd91  encoder_reset                    
0000a521  floor                            
0000a521  floorl                           
20202f00  gPWM_LEFTBackup                  
20202fbc  gPWM_RIGHTBackup                 
20203188  gSPI_LCDBackup                   
00000000  interruptVectors                 
0000b0cd  jy61_configure_output            
0000dee5  jy61_get_baudrate                
0000cf35  jy61_handle_irq                  
0000b88d  jy61_init                        
0000cc35  jy61_poll                        
00007aa9  jy61_probe_baudrate              
0000c87d  jy61_read_angles                 
0000b70d  jy61_read_debug                  
0000d009  jy61_read_quaternion             
0000a8f1  jy61_set_baudrate                
0000bdd5  jy61_zero_yaw                    
00006ebd  lcd_init                         
00007d55  lcd_service                      
0000b3a9  ldexp                            
0000b7d1  ldexpf                           
0000b3a9  ldexpl                           
0000def1  line_follow_get_error            
0000c975  line_follow_get_turn_adjust      
0000db9d  line_follow_init                 
0000dab1  line_follow_is_active            
0000d9c9  line_follow_is_valid             
0000bfad  line_follow_parse_command        
000088d9  main                             
0000dc09  memccpy                          
0000c181  memcpy                           
0000d0d5  memset                           
0000defd  motion_control_get_mode          
0000de79  motion_control_get_target_deg_s  
0000de89  motion_control_get_target_mm_s   
0000d301  motion_control_init              
0000de99  motion_control_is_active         
0000df09  motion_control_is_busy           
0000599d  motion_control_parse_command     
000077dd  motion_control_update            
0000bbe9  pid_calc                         
0000dda9  pid_init                         
0000df15  pid_reset                        
0000b3a9  scalbn                           
0000b7d1  scalbnf                          
0000b3a9  scalbnl                          
00009409  sinf                             
0000d5f9  snprintf                         
0000dcdd  spi_write_bus                    
00009e25  sqrt                             
00009e25  sqrtl                            
0000da29  sscanf                           
0000c581  strcmp                           
00005d8d  strtod                           
00006b6d  strtof                           
0000a7ad  strtol                           
00005d8d  strtold                          
00008cad  strtoll                          
0000ab5d  strtoul                          
00009f99  strtoull                         
0000df21  uart_debug_get_rx_dropped_bytes  
0000df2d  uart_debug_get_tx_dropped_bytes  
0000cca5  uart_debug_handle_irq            
0000dad9  uart_debug_init                  
0000d8c1  uart_debug_read_byte             
0000aa29  uart_debug_read_line             
0000d3f5  uart_debug_service_tx            
0000d441  uart_debug_write_string          
0000cd15  uart_openmv_handle_irq           
0000db01  uart_openmv_init                 
0000bc8d  uart_openmv_read_line            
0000b55d  uart_openmv_write_string         
00009239  w25q64_erase_sector              
0000dcf9  w25q64_init                      
0000dbc1  w25q64_is_valid_jedec_id         
00008269  w25q64_read                      
00005141  w25q64_read_jedec_id             
000064bd  w25q64_write                     
0000dea9  wcslen                           


GLOBAL SYMBOLS: SORTED BY Symbol Address 

address   name                             
-------   ----                             
00000000  __TI_ATRegion0_region_sz         
00000000  __TI_ATRegion0_src_addr          
00000000  __TI_ATRegion0_trg_addr          
00000000  __TI_ATRegion1_region_sz         
00000000  __TI_ATRegion1_src_addr          
00000000  __TI_ATRegion1_trg_addr          
00000000  __TI_ATRegion2_region_sz         
00000000  __TI_ATRegion2_src_addr          
00000000  __TI_ATRegion2_trg_addr          
00000000  __TI_static_base__               
00000000  interruptVectors                 
000000c1  __TI_scanfi                      
00000200  __STACK_SIZE                     
00000d49  app_image_store_process_command  
00001989  app_attitude_send                
0000248d  __TI_printfi_nofloat             
00002d69  app_car_control_process_command  
0000346d  __kernel_rem_pio2                
00004101  app_image_store_service          
00004711  app_car_control_update           
00005141  w25q64_read_jedec_id             
00005579  app_menu_update                  
0000599d  motion_control_parse_command     
00005d8d  strtod                           
00005d8d  strtold                          
0000613d  LCD_ShowString                   
000064bd  w25q64_write                     
00006b6d  strtof                           
00006ebd  lcd_init                         
000071e5  app_attitude_process_command     
00007501  __divdf3_fast                    
000077dd  motion_control_update            
00007aa9  jy61_probe_baudrate              
00007d55  lcd_service                      
00008001  app_car_control_send_telemetry   
00008269  w25q64_read                      
000088d9  main                             
00008cad  strtoll                          
00008e89  __muldf3_fast                    
00009061  cosf                             
00009239  w25q64_erase_sector              
00009409  sinf                             
000095d5  atanf                            
00009965  app_image_store_get_file_count   
00009b15  __aeabi_dsub                     
00009b15  __subdf3                         
00009b1f  __adddf3                         
00009b1f  __aeabi_dadd                     
00009ca7  ADC0_IRQHandler                  
00009ca7  ADC1_IRQHandler                  
00009ca7  AES_IRQHandler                   
00009ca7  CANFD0_IRQHandler                
00009ca7  DAC0_IRQHandler                  
00009ca7  DMA_IRQHandler                   
00009ca7  Default_Handler                  
00009ca7  GROUP0_IRQHandler                
00009ca7  HardFault_Handler                
00009ca7  I2C0_IRQHandler                  
00009ca7  I2C1_IRQHandler                  
00009ca7  NMI_Handler                      
00009ca7  PendSV_Handler                   
00009ca7  RTC_IRQHandler                   
00009ca7  SPI0_IRQHandler                  
00009ca7  SPI1_IRQHandler                  
00009ca7  SVC_Handler                      
00009ca7  TIMA0_IRQHandler                 
00009ca7  TIMA1_IRQHandler                 
00009ca7  TIMG0_IRQHandler                 
00009ca7  TIMG12_IRQHandler                
00009ca7  TIMG6_IRQHandler                 
00009ca7  TIMG7_IRQHandler                 
00009ca7  TIMG8_IRQHandler                 
00009ca7  UART3_IRQHandler                 
00009e25  sqrt                             
00009e25  sqrtl                            
00009f99  strtoull                         
0000a265  asinf                            
0000a521  floor                            
0000a521  floorl                           
0000a7ad  strtol                           
0000a8f1  jy61_set_baudrate                
0000aa29  uart_debug_read_line             
0000ab5d  strtoul                          
0000ada9  atan2f                           
0000afc9  DL_Timer_initFourCCPWMMode       
0000b0cd  jy61_configure_output            
0000b1cd  SYSCFG_DL_GPIO_init              
0000b2c5  app_image_store_get_file_by_index
0000b3a9  ldexp                            
0000b3a9  ldexpl                           
0000b3a9  scalbn                           
0000b3a9  scalbnl                          
0000b485  SysTick_Handler                  
0000b55d  uart_openmv_write_string         
0000b635  __aeabi_fsub                     
0000b635  __subsf3                         
0000b63f  __addsf3                         
0000b63f  __aeabi_fadd                     
0000b70d  jy61_read_debug                  
0000b7d1  ldexpf                           
0000b7d1  scalbnf                          
0000b88d  jy61_init                        
0000bbe9  pid_calc                         
0000bc8d  uart_openmv_read_line            
0000bd31  __udivmoddi4                     
0000bdd3  __aeabi_idiv0                    
0000bdd5  jy61_zero_yaw                    
0000bfad  line_follow_parse_command        
0000c181  memcpy                           
0000c21b  __aeabi_ldiv0                    
0000c21d  app_attitude_init                
0000c2b5  encoder_handle_gpio_irq          
0000c3d9  __cmpsf2                         
0000c3d9  __eqsf2                          
0000c3d9  __lesf2                          
0000c3d9  __ltsf2                          
0000c3d9  __nesf2                          
0000c413  __gesf2                          
0000c413  __gtsf2                          
0000c44f  __aeabi_fcmpun                   
0000c44f  __unordsf2                       
0000c465  __aeabi_fmul                     
0000c465  __mulsf3                         
0000c4f1  app_image_store_show_image       
0000c579  GROUP1_IRQHandler                
0000c581  strcmp                           
0000c609  __aeabi_fdiv                     
0000c609  __divsf3                         
0000c68d  SYSCFG_DL_UART_DEBUG_init        
0000c709  SYSCFG_DL_UART_JY61P_init        
0000c785  SYSCFG_DL_UART_OPENMV_init       
0000c801  app_menu_init                    
0000c87d  jy61_read_angles                 
0000c8f9  __TI_decompress_lzss             
0000c975  line_follow_get_turn_adjust      
0000ca65  __gedf2                          
0000ca65  __gtdf2                          
0000cb4c  C$$EXIT                          
0000cb4d  HOSTexit                         
0000cb51  __aeabi_d2f                      
0000cb51  __truncdfsf2                     
0000cbc5  SYSCFG_DL_initPower              
0000cc35  jy61_poll                        
0000cca5  uart_debug_handle_irq            
0000cd15  uart_openmv_handle_irq           
0000cd85  LCD_Fill                         
0000cdf1  SYSCFG_DL_PWM_LEFT_init          
0000ce5d  SYSCFG_DL_PWM_RIGHT_init         
0000cec9  app_car_control_init             
0000cf35  jy61_handle_irq                  
0000cfa1  __cmpdf2                         
0000cfa1  __eqdf2                          
0000cfa1  __ledf2                          
0000cfa1  __ltdf2                          
0000cfa1  __nedf2                          
0000d009  jy61_read_quaternion             
0000d071  TB6612_Init                      
0000d0d5  memset                           
0000d139  BO_Control                       
0000d199  __aeabi_dcmpeq                   
0000d1ab  __aeabi_dcmplt                   
0000d1bd  __aeabi_dcmple                   
0000d1cf  __aeabi_dcmpge                   
0000d1e1  __aeabi_dcmpgt                   
0000d1f5  __aeabi_fcmpeq                   
0000d207  __aeabi_fcmplt                   
0000d219  __aeabi_fcmple                   
0000d22b  __aeabi_fcmpge                   
0000d23d  __aeabi_fcmpgt                   
0000d251  AO_Control                       
0000d2a9  __aeabi_idiv                     
0000d2a9  __aeabi_idivmod                  
0000d301  motion_control_init              
0000d3a9  TB6612_Motor_Stop                
0000d3f5  uart_debug_service_tx            
0000d441  uart_debug_write_string          
0000d48d  __aeabi_d2iz                     
0000d48d  __fixdfsi                        
0000d4d9  DL_UART_init                     
0000d521  SYSCFG_DL_SPI_LCD_init           
0000d569  SYSCFG_DL_init                   
0000d5b1  encoder_init                     
0000d5f9  snprintf                         
0000d641  DL_SPI_init                      
0000d685  app_car_control_send_heartbeat   
0000d6c9  atoi                             
0000d70d  SYSCFG_DL_SYSCTL_init            
0000d74d  app_car_control_send_odometry    
0000d78d  __aeabi_uidiv                    
0000d78d  __aeabi_uidivmod                 
0000d7cd  __aeabi_f2d                      
0000d7cd  __extendsfdf2                    
0000d80d  __TI_auto_init_nobinit_nopinit   
0000d849  __aeabi_i2f                      
0000d849  __floatsisf                      
0000d885  __muldsi3                        
0000d8c1  uart_debug_read_byte             
0000d8f9  __aeabi_f2iz                     
0000d8f9  __fixsfsi                        
0000d965  __aeabi_f2uiz                    
0000d965  __fixunssfsi                     
0000d999  DL_UART_transmitDataBlocking     
0000d9c9  line_follow_is_valid             
0000da29  sscanf                           
0000da85  __aeabi_i2d                      
0000da85  __floatsidf                      
0000dab1  line_follow_is_active            
0000dad9  uart_debug_init                  
0000db01  uart_openmv_init                 
0000db29  _c_int00_noargs                  
0000db51  __aeabi_ui2f                     
0000db51  __floatunsisf                    
0000db79  app_attitude_read_yaw            
0000db9d  line_follow_init                 
0000dbc1  w25q64_is_valid_jedec_id         
0000dbe5  __aeabi_lmul                     
0000dbe5  __muldi3                         
0000dc09  memccpy                          
0000dc4d  __aeabi_llsl                     
0000dc4d  __ashldi3                        
0000dc6d  DL_Timer_setCaptCompUpdateMethod 
0000dc89  DL_Timer_setClockConfig          
0000dca5  DL_UART_receiveDataCheck         
0000dcc1  DL_UART_transmitDataCheck        
0000dcdd  spi_write_bus                    
0000dcf9  w25q64_init                      
0000dd15  __aeabi_memset                   
0000dd15  __aeabi_memset4                  
0000dd15  __aeabi_memset8                  
0000dd23  __aeabi_memclr                   
0000dd23  __aeabi_memclr4                  
0000dd23  __aeabi_memclr8                  
0000dd31  DL_Timer_setCaptureCompareOutCtl 
0000dd49  LCD_WR_DATA8                     
0000dd79  encoder_get_counts               
0000dd91  encoder_reset                    
0000dda9  pid_init                         
0000ddf9  app_attitude_poll                
0000de0d  __aeabi_uldivmod                 
0000de21  DL_SPI_setClockConfig            
0000de33  DL_UART_setClockConfig           
0000de45  __TI_decompress_none             
0000de59  DL_Timer_setCaptureCompareValue  
0000de69  app_car_control_toggle_status_led
0000de79  motion_control_get_target_deg_s  
0000de89  motion_control_get_target_mm_s   
0000de99  motion_control_is_active         
0000dea9  wcslen                           
0000deb9  __TI_zero_init                   
0000ded9  app_image_store_is_receiving     
0000dee5  jy61_get_baudrate                
0000def1  line_follow_get_error            
0000defd  motion_control_get_mode          
0000df09  motion_control_is_busy           
0000df15  pid_reset                        
0000df21  uart_debug_get_rx_dropped_bytes  
0000df2d  uart_debug_get_tx_dropped_bytes  
0000df39  DL_Common_delayCycles            
0000df6b  LCD_Address_Set                  
0000dfad  UART0_IRQHandler                 
0000dfb5  UART1_IRQHandler                 
0000dfbd  UART2_IRQHandler                 
0000dfc5  __aeabi_ddiv_fast                
0000dfcd  __aeabi_dmul_fast                
0000dfd5  __aeabi_errno_addr               
0000dfe5  app_image_store_init             
0000dfed  __aeabi_memcpy                   
0000dfed  __aeabi_memcpy4                  
0000dfed  __aeabi_memcpy8                  
0000e049  abort                            
0000e07d  Reset_Handler                    
0000e081  _system_pre_init                 
0000e090  ascii_3216                       
0000f850  ascii_2412                       
00010a20  ascii_1608                       
00011010  ascii_1206                       
000119a0  __aeabi_ctype_table_             
000119a0  __aeabi_ctype_table_C            
00012830  __TI_Handler_Table_Base          
0001283c  __TI_Handler_Table_Limit         
00012844  __TI_CINIT_Base                  
00012854  __TI_CINIT_Limit                 
00012854  __TI_CINIT_Warm                  
20200000  __start___llvm_prf_bits          
20200000  __start___llvm_prf_cnts          
20200000  __stop___llvm_prf_bits           
20200000  __stop___llvm_prf_cnts           
20202f00  gPWM_LEFTBackup                  
20202fbc  gPWM_RIGHTBackup                 
20203188  gSPI_LCDBackup                   
202033b4  __aeabi_errno                    
20207e00  __stack                          
20208000  __STACK_END                      
ffffffff  __TI_pprof_out_hndl              
ffffffff  __TI_prof_data_size              
ffffffff  __TI_prof_data_start             
ffffffff  __binit__                        
ffffffff  binit                            
UNDEFED   __mpu_init                       
UNDEFED   _system_post_cinit               

[300 symbols]
